137.184.144.15 - - [24/Mar/2023:00:54:44 +0000] "POST /wp-cron.php?doing_wp_cron=1679619284.7800109386444091796875 HTTP/1.0" 200 345 "https://bigbrotherjunkies.com/wp-cron.php?doing_wp_cron=1679619284.7800109386444091796875" "WordPress/6.1.1; https://bigbrotherjunkies.com"
17.241.227.70 - - [24/Mar/2023:00:54:43 +0000] "GET /big-brother-19-sunday-feed-updates-3 HTTP/1.1" 301 407 "-" "Mozilla/5.0 (Macintosh; Intel Mac OS X 10_15_5) AppleWebKit/605.1.15 (KHTML, like Gecko) Version/13.1.1 Safari/605.1.15 (Applebot/0.1; +http://www.apple.com/go/applebot)"
17.241.227.70 - - [24/Mar/2023:00:54:45 +0000] "GET /big-brother-19-sunday-feed-updates-3/ HTTP/1.1" 200 29286 "-" "Mozilla/5.0 (Macintosh; Intel Mac OS X 10_15_5) AppleWebKit/605.1.15 (KHTML, like Gecko) Version/13.1.1 Safari/605.1.15 (Applebot/0.1; +http://www.apple.com/go/applebot)"
66.249.79.92 - - [24/Mar/2023:00:54:46 +0000] "POST /wp-admin/admin-ajax.php HTTP/1.0" 200 5394 "https://bigbrotherjunkies.com/big-brother-20-wednesday-night-feeds/" "Mozilla/5.0 AppleWebKit/537.36 (KHTML, like Gecko; compatible; Googlebot/2.1; +http://www.google.com/bot.html) Safari/537.36"
66.249.79.92 - - [24/Mar/2023:00:54:47 +0000] "GET /big-brother-20-tylers-game/screenshot_2018-09-23-06-43-16-1/feed/ HTTP/1.0" 200 1829 "-" "Mozilla/5.0 (compatible; Googlebot/2.1; +http://www.google.com/bot.html)"
66.249.79.79 - - [24/Mar/2023:00:54:49 +0000] "GET /big-brother-15-power-veto-results/ HTTP/1.1" 301 350 "-" "Mozilla/5.0 (compatible; Googlebot/2.1; +http://www.google.com/bot.html)"
66.249.79.92 - - [24/Mar/2023:00:54:50 +0000] "GET /big-brother-15-power-veto-results/ HTTP/1.1" 200 27132 "-" "Mozilla/5.0 (compatible; Googlebot/2.1; +http://www.google.com/bot.html)"
17.241.227.166 - - [24/Mar/2023:00:54:55 +0000] "GET /log-in/?redirect_to=https%3A%2F%2Fbigbrotherjunkies.com%2Fbig-brother-19-monday-updates-pov-ceremony%2F HTTP/1.1" 301 419 "-" "Mozilla/5.0 (Macintosh; Intel Mac OS X 10_15_5) AppleWebKit/605.1.15 (KHTML, like Gecko) Version/13.1.1 Safari/605.1.15 (Applebot/0.1; +http://www.apple.com/go/applebot)"
137.184.144.15 - - [24/Mar/2023:00:55:05 +0000] "POST /wp-cron.php?doing_wp_cron=1679619305.2445619106292724609375 HTTP/1.0" 200 345 "https://bigbrotherjunkies.com/wp-cron.php?doing_wp_cron=1679619305.2445619106292724609375" "WordPress/6.1.1; https://bigbrotherjunkies.com"
152.228.220.143 - - [24/Mar/2023:00:55:04 +0000] "GET /big-brother-20-last-minute-scrambling/feed/ HTTP/1.0" 200 10468 "-" "Mozilla/5.0 (X11; Linux i686) AppleWebKit/537.36 (KHTML, like Gecko) Chrome/30.0.1599.66 Safari/537.36"
66.249.79.94 - - [24/Mar/2023:00:55:05 +0000] "POST /wp-admin/admin-ajax.php HTTP/1.0" 200 6135 "https://bigbrotherjunkies.com/big-brother-15-power-veto-results/" "Mozilla/5.0 AppleWebKit/537.36 (KHTML, like Gecko; compatible; Googlebot/2.1; +http://www.google.com/bot.html) Safari/537.36"
66.249.79.84 - - [24/Mar/2023:00:55:08 +0000] "GET /big-brother-14-pov-damage/ HTTP/1.1" 301 342 "-" "Mozilla/5.0 (compatible; Googlebot/2.1; +http://www.google.com/bot.html)"
66.249.79.94 - - [24/Mar/2023:00:55:09 +0000] "GET /big-brother-14-pov-damage/ HTTP/1.1" 200 27970 "-" "Mozilla/5.0 (compatible; Googlebot/2.1; +http://www.google.com/bot.html)"
137.184.144.15 - - [24/Mar/2023:00:55:20 +0000] "POST /wp-cron.php?doing_wp_cron=1679619320.7704939842224121093750 HTTP/1.0" 200 345 "https://bigbrotherjunkies.com/wp-cron.php?doing_wp_cron=1679619320.7704939842224121093750" "WordPress/6.1.1; https://bigbrotherjunkies.com"
66.249.79.92 - - [24/Mar/2023:00:55:20 +0000] "POST /wp-admin/admin-ajax.php HTTP/1.0" 200 6387 "https://bigbrotherjunkies.com/big-brother-14-pov-damage/" "Mozilla/5.0 AppleWebKit/537.36 (KHTML, like Gecko; compatible; Googlebot/2.1; +http://www.google.com/bot.html) Safari/537.36"
66.249.79.79 - - [24/Mar/2023:00:55:29 +0000] "GET /big-brother-20-danger-brett-robinson-danger/ HTTP/1.1" 301 360 "-" "Mozilla/5.0 (compatible; Googlebot/2.1; +http://www.google.com/bot.html)"
66.249.79.92 - - [24/Mar/2023:00:55:30 +0000] "GET /big-brother-20-danger-brett-robinson-danger/ HTTP/1.1" 200 27343 "-" "Mozilla/5.0 (compatible; Googlebot/2.1; +http://www.google.com/bot.html)"
66.249.79.79 - - [24/Mar/2023:00:55:47 +0000] "GET /bronte-reveals-major-secret-happenings/ HTTP/1.1" 301 355 "-" "Mozilla/5.0 (compatible; Googlebot/2.1; +http://www.google.com/bot.html)"
66.249.79.92 - - [24/Mar/2023:00:55:49 +0000] "GET /bronte-reveals-major-secret-happenings/ HTTP/1.1" 200 27904 "-" "Mozilla/5.0 (compatible; Googlebot/2.1; +http://www.google.com/bot.html)"
66.249.79.92 - - [24/Mar/2023:00:55:50 +0000] "POST /wp-admin/admin-ajax.php HTTP/1.0" 200 6286 "https://bigbrotherjunkies.com/big-brother-20-danger-brett-robinson-danger/" "Mozilla/5.0 AppleWebKit/537.36 (KHTML, like Gecko; compatible; Googlebot/2.1; +http://www.google.com/bot.html) Safari/537.36"
137.184.144.15 - - [24/Mar/2023:00:56:04 +0000] "POST /wp-cron.php?doing_wp_cron=1679619364.6436491012573242187500 HTTP/1.0" 200 345 "https://bigbrotherjunkies.com/wp-cron.php?doing_wp_cron=1679619364.6436491012573242187500" "WordPress/6.1.1; https://bigbrotherjunkies.com"
66.249.79.92 - - [24/Mar/2023:00:56:04 +0000] "POST /wp-admin/admin-ajax.php HTTP/1.0" 200 7551 "https://bigbrotherjunkies.com/bronte-reveals-major-secret-happenings/" "Mozilla/5.0 AppleWebKit/537.36 (KHTML, like Gecko; compatible; Googlebot/2.1; +http://www.google.com/bot.html) Safari/537.36"
66.249.79.79 - - [24/Mar/2023:00:56:07 +0000] "GET /ariadna-gutierrez-celebrity-big-brother-cast/ HTTP/1.1" 301 361 "-" "Mozilla/5.0 (compatible; Googlebot/2.1; +http://www.google.com/bot.html)"
66.249.79.92 - - [24/Mar/2023:00:56:08 +0000] "GET /ariadna-gutierrez-celebrity-big-brother-cast/ HTTP/1.1" 200 26770 "-" "Mozilla/5.0 (compatible; Googlebot/2.1; +http://www.google.com/bot.html)"
152.228.220.143 - - [24/Mar/2023:00:56:29 +0000] "GET /nicole-welcomed-kiss/feed/ HTTP/1.0" 301 361 "-" "Mozilla/5.0 (X11; Linux i686) AppleWebKit/537.36 (KHTML, like Gecko) Chrome/30.0.1599.66 Safari/537.36"
152.228.220.143 - - [24/Mar/2023:00:56:30 +0000] "GET /nicole-welcomed-kiss/feed/ HTTP/1.0" 200 15179 "-" "Mozilla/5.0 (X11; Linux i686) AppleWebKit/537.36 (KHTML, like Gecko) Chrome/30.0.1599.66 Safari/537.36"
66.249.79.92 - - [24/Mar/2023:00:56:33 +0000] "POST /wp-admin/admin-ajax.php HTTP/1.0" 200 2077 "https://bigbrotherjunkies.com/ariadna-gutierrez-celebrity-big-brother-cast/" "Mozilla/5.0 AppleWebKit/537.36 (KHTML, like Gecko; compatible; Googlebot/2.1; +http://www.google.com/bot.html) Safari/537.36"
136.243.220.213 - - [24/Mar/2023:00:56:36 +0000] "GET /comments/feed/ HTTP/1.0" 200 11345 "-" "Mozilla/5.0 (compatible; DataForSeoBot/1.0; +https://dataforseo.com/dataforseo-bot)"
137.184.144.15 - - [24/Mar/2023:00:56:43 +0000] "POST /wp-cron.php?doing_wp_cron=1679619403.4326679706573486328125 HTTP/1.0" 200 345 "https://bigbrotherjunkies.com/wp-cron.php?doing_wp_cron=1679619403.4326679706573486328125" "WordPress/6.1.1; https://bigbrotherjunkies.com"
66.249.79.92 - - [24/Mar/2023:00:56:43 +0000] "POST /wp-admin/admin-ajax.php HTTP/1.0" 200 752 "https://bigbrotherjunkies.com/big-brother-20-cast-first-look/" "Mozilla/5.0 AppleWebKit/537.36 (KHTML, like Gecko; compatible; Googlebot/2.1; +http://www.google.com/bot.html) Safari/537.36"
35.172.73.20 - - [24/Mar/2023:00:56:54 +0000] "GET /feed/ HTTP/1.0" 301 340 "-" "Mozilla/5.0 (X11; Linux x86_64) AppleWebKit/537.36 (KHTML, like Gecko) Chrome/95.0.4638.69 Safari/537.36"
137.184.144.15 - - [24/Mar/2023:00:56:56 +0000] "POST /wp-cron.php?doing_wp_cron=1679619416.0134129524230957031250 HTTP/1.0" 200 345 "https://bigbrotherjunkies.com/wp-cron.php?doing_wp_cron=1679619416.0134129524230957031250" "WordPress/6.1.1; https://bigbrotherjunkies.com"
3.133.208.116 - - [24/Mar/2023:00:56:55 +0000] "GET /feed/ HTTP/1.0" 200 10241 "-" "Mozilla/5.0 (X11; Linux x86_64) AppleWebKit/537.36 (KHTML, like Gecko) Chrome/95.0.4638.69 Safari/537.36"
66.249.79.65 - - [24/Mar/2023:00:57:04 +0000] "POST /wp-admin/admin-ajax.php HTTP/1.0" 200 5250 "https://bigbrotherjunkies.com/big-brother-15-interesting-eviction/" "Mozilla/5.0 AppleWebKit/537.36 (KHTML, like Gecko; compatible; Googlebot/2.1; +http://www.google.com/bot.html) Safari/537.36"
66.249.79.92 - - [24/Mar/2023:00:57:12 +0000] "POST /wp-admin/admin-ajax.php HTTP/1.0" 200 5946 "https://bigbrotherjunkies.com/big-brother-14-dan-power-move/" "Mozilla/5.0 AppleWebKit/537.36 (KHTML, like Gecko; compatible; Googlebot/2.1; +http://www.google.com/bot.html) Safari/537.36"
152.228.220.143 - - [24/Mar/2023:00:57:17 +0000] "GET /big-brother-15-mccrae-hanging/feed/ HTTP/1.0" 301 370 "-" "Mozilla/5.0 (X11; Linux i686) AppleWebKit/537.36 (KHTML, like Gecko) Chrome/30.0.1599.66 Safari/537.36"
137.184.144.15 - - [24/Mar/2023:00:57:18 +0000] "POST /wp-cron.php?doing_wp_cron=1679619438.2432661056518554687500 HTTP/1.0" 200 345 "https://bigbrotherjunkies.com/wp-cron.php?doing_wp_cron=1679619438.2432661056518554687500" "WordPress/6.1.1; https://bigbrotherjunkies.com"
152.228.220.143 - - [24/Mar/2023:00:57:17 +0000] "GET /big-brother-15-mccrae-hanging/feed/ HTTP/1.0" 200 11752 "-" "Mozilla/5.0 (X11; Linux i686) AppleWebKit/537.36 (KHTML, like Gecko) Chrome/30.0.1599.66 Safari/537.36"
66.249.79.92 - - [24/Mar/2023:00:57:44 +0000] "POST /wp-admin/admin-ajax.php HTTP/1.0" 200 5438 "https://bigbrotherjunkies.com/big-brother-15-candices-week/" "Mozilla/5.0 AppleWebKit/537.36 (KHTML, like Gecko; compatible; Googlebot/2.1; +http://www.google.com/bot.html) Safari/537.36"
66.249.79.79 - - [24/Mar/2023:00:57:46 +0000] "GET /christmas-is-pregnant/ HTTP/1.1" 301 338 "-" "Mozilla/5.0 (compatible; Googlebot/2.1; +http://www.google.com/bot.html)"
66.249.79.92 - - [24/Mar/2023:00:57:47 +0000] "GET /christmas-is-pregnant/ HTTP/1.1" 200 27449 "-" "Mozilla/5.0 (compatible; Googlebot/2.1; +http://www.google.com/bot.html)"
137.184.144.15 - - [24/Mar/2023:00:58:08 +0000] "POST /wp-cron.php?doing_wp_cron=1679619488.2324090003967285156250 HTTP/1.0" 200 345 "https://bigbrotherjunkies.com/wp-cron.php?doing_wp_cron=1679619488.2324090003967285156250" "WordPress/6.1.1; https://bigbrotherjunkies.com"
66.249.79.65 - - [24/Mar/2023:00:58:07 +0000] "POST /wp-admin/admin-ajax.php HTTP/1.0" 200 2137 "https://bigbrotherjunkies.com/christmas-is-pregnant/" "Mozilla/5.0 AppleWebKit/537.36 (KHTML, like Gecko; compatible; Googlebot/2.1; +http://www.google.com/bot.html) Safari/537.36"
66.249.79.92 - - [24/Mar/2023:00:58:32 +0000] "POST /wp-admin/admin-ajax.php HTTP/1.0" 200 6194 "https://bigbrotherjunkies.com/big-brother-15-mccrae-amanda-big-brother-engaged/" "Mozilla/5.0 AppleWebKit/537.36 (KHTML, like Gecko; compatible; Googlebot/2.1; +http://www.google.com/bot.html) Safari/537.36"
137.184.144.15 - - [24/Mar/2023:00:58:42 +0000] "POST /wp-cron.php?doing_wp_cron=1679619522.6302568912506103515625 HTTP/1.0" 200 345 "https://bigbrotherjunkies.com/wp-cron.php?doing_wp_cron=1679619522.6302568912506103515625" "WordPress/6.1.1; https://bigbrotherjunkies.com"
66.249.79.92 - - [24/Mar/2023:00:58:42 +0000] "POST /wp-admin/admin-ajax.php HTTP/1.0" 200 752 "https://bigbrotherjunkies.com/tour-big-brother-13-house/" "Mozilla/5.0 AppleWebKit/537.36 (KHTML, like Gecko; compatible; Googlebot/2.1; +http://www.google.com/bot.html) Safari/537.36"
137.184.144.15 - - [24/Mar/2023:00:59:17 +0000] "POST /wp-cron.php?doing_wp_cron=1679619557.8440010547637939453125 HTTP/1.0" 200 345 "https://bigbrotherjunkies.com/wp-cron.php?doing_wp_cron=1679619557.8440010547637939453125" "WordPress/6.1.1; https://bigbrotherjunkies.com"
66.249.79.89 - - [24/Mar/2023:00:59:17 +0000] "POST /wp-admin/admin-ajax.php HTTP/1.0" 200 4236 "https://bigbrotherjunkies.com/breaking-willie-hantz-tool/" "Mozilla/5.0 AppleWebKit/537.36 (KHTML, like Gecko; compatible; Googlebot/2.1; +http://www.google.com/bot.html) Safari/537.36"
66.249.79.89 - - [24/Mar/2023:00:59:24 +0000] "POST /wp-admin/admin-ajax.php HTTP/1.0" 200 2890 "https://bigbrotherjunkies.com/top-20-big-brother-tweets-of-the-week-4/" "Mozilla/5.0 AppleWebKit/537.36 (KHTML, like Gecko; compatible; Googlebot/2.1; +http://www.google.com/bot.html) Safari/537.36"
137.184.144.15 - - [24/Mar/2023:00:59:35 +0000] "POST /wp-cron.php?doing_wp_cron=1679619575.5725181102752685546875 HTTP/1.0" 200 345 "https://bigbrotherjunkies.com/wp-cron.php?doing_wp_cron=1679619575.5725181102752685546875" "WordPress/6.1.1; https://bigbrotherjunkies.com"
66.249.79.89 - - [24/Mar/2023:00:59:35 +0000] "GET /?cat=-1page%2F64%2Fpage%2F337%2Fpage%2F2%2Fpage%2F3%2Fpage%2F2%2Fpage%2F337%2Fpage%2F3%2Fpage%2F337%2Fpage%2F337%2Fpage%2F337%2Fpage%2F2%2Fpage%2F337%2Fpage%2F2%2Fpage%2F2%2Fpage%2F2%2Fpage%2F337%2Fpage%2F337%2Fpage%2F2%2Fpage%2F3%2Fpage%2F2%2Fpage%2F3%2Fpage%2F2%2Fpage%2F337%2Fpage%2F2%2Fpage%2F3%2Fpage%2F337%2Fpage%2F2%2Fpage%2F2%2Fpage%2F337%2Fpage%2F337%2Fpage%2F3%2Fpage/2/ HTTP/1.1" 200 16628 "-" "Mozilla/5.0 (Linux; Android 6.0.1; Nexus 5X Build/MMB29P) AppleWebKit/537.36 (KHTML, like Gecko) Chrome/111.0.5563.64 Mobile Safari/537.36 (compatible; Googlebot/2.1; +http://www.google.com/bot.html)"
18.237.66.59 - - [24/Mar/2023:00:59:47 +0000] "GET /wp-content/uploads/2016/10/dani-sitting-550x303.jpg HTTP/1.1" 200 24486 "-" "Mozilla/5.0 (X11; Ubuntu; Linux x86_64; rv:72.0) Gecko/20100101 Firefox/72.0"
137.184.144.15 - - [24/Mar/2023:01:00:03 +0000] "POST /wp-cron.php?doing_wp_cron=1679619603.2186949253082275390625 HTTP/1.0" 200 345 "https://bigbrotherjunkies.com/wp-cron.php?doing_wp_cron=1679619603.2186949253082275390625" "WordPress/6.1.1; https://bigbrotherjunkies.com"
66.249.79.91 - - [24/Mar/2023:01:00:02 +0000] "POST /wp-admin/admin-ajax.php HTTP/1.0" 200 3614 "https://bigbrotherjunkies.com/big-brother-15-veto-mvp/" "Mozilla/5.0 AppleWebKit/537.36 (KHTML, like Gecko; compatible; Googlebot/2.1; +http://www.google.com/bot.html) Safari/537.36"
185.191.171.13 - - [24/Mar/2023:01:00:07 +0000] "GET /big-brother-19-friday-recap/ HTTP/1.1" 200 28758 "-" "Mozilla/5.0 (compatible; SemrushBot/7~bl; +http://www.semrush.com/bot.html)"
66.249.79.77 - - [24/Mar/2023:01:00:35 +0000] "GET /feed/ HTTP/1.0" 301 340 "-" "Mozilla/5.0 (compatible; Googlebot/2.1; +http://www.google.com/bot.html)"
66.249.79.91 - - [24/Mar/2023:01:00:36 +0000] "GET /feed/ HTTP/1.0" 304 291 "-" "Mozilla/5.0 (compatible; Googlebot/2.1; +http://www.google.com/bot.html)"
137.184.144.15 - - [24/Mar/2023:01:01:34 +0000] "POST /wp-cron.php?doing_wp_cron=1679619694.2515649795532226562500 HTTP/1.0" 200 345 "https://bigbrotherjunkies.com/wp-cron.php?doing_wp_cron=1679619694.2515649795532226562500" "WordPress/6.1.1; https://bigbrotherjunkies.com"
66.249.79.89 - - [24/Mar/2023:01:01:33 +0000] "POST /wp-admin/admin-ajax.php HTTP/1.0" 200 7136 "https://bigbrotherjunkies.com/big-brother-15-happy-times-hot-tub/" "Mozilla/5.0 AppleWebKit/537.36 (KHTML, like Gecko; compatible; Googlebot/2.1; +http://www.google.com/bot.html) Safari/537.36"
2603:9001:2c00:337b:2c3f:53ac:de4f:8f6d - - [24/Mar/2023:01:01:46 +0000] "GET /faysal-shafaat-big-brother-20-cast/hernandez-mugshot/ HTTP/1.1" 200 11667 "https://www.google.com/" "Mozilla/5.0 (iPhone; CPU iPhone OS 16_3_1 like Mac OS X) AppleWebKit/605.1.15 (KHTML, like Gecko) Version/16.3 Mobile/15E148 Safari/604.1"
52.200.96.155 - - [24/Mar/2023:01:01:48 +0000] "GET /faysal-shafaat-big-brother-20-cast/hernandez-mugshot HTTP/1.1" 301 369 "-" "Mozilla/5.0 (compatible; proximic; +https://www.comscore.com/Web-Crawler)"
2603:9001:2c00:337b:2c3f:53ac:de4f:8f6d - - [24/Mar/2023:01:01:49 +0000] "GET /favicon.ico HTTP/1.1" 302 421 "https://bigbrotherjunkies.com/faysal-shafaat-big-brother-20-cast/hernandez-mugshot/" "Mozilla/5.0 (iPhone; CPU iPhone OS 16_3_1 like Mac OS X) AppleWebKit/605.1.15 (KHTML, like Gecko) Version/16.3 Mobile/15E148 Safari/604.1"
137.184.144.15 - - [24/Mar/2023:01:02:24 +0000] "POST /wp-cron.php?doing_wp_cron=1679619744.6592268943786621093750 HTTP/1.0" 200 345 "https://bigbrotherjunkies.com/wp-cron.php?doing_wp_cron=1679619744.6592268943786621093750" "WordPress/6.1.1; https://bigbrotherjunkies.com"
66.249.79.89 - - [24/Mar/2023:01:02:24 +0000] "POST /wp-admin/admin-ajax.php HTTP/1.0" 200 4874 "https://bigbrotherjunkies.com/big-brother-17-vanessa-rousso/" "Mozilla/5.0 AppleWebKit/537.36 (KHTML, like Gecko; compatible; Googlebot/2.1; +http://www.google.com/bot.html) Safari/537.36"
137.184.144.15 - - [24/Mar/2023:01:03:07 +0000] "POST /wp-cron.php?doing_wp_cron=1679619787.3910970687866210937500 HTTP/1.0" 200 345 "https://bigbrotherjunkies.com/wp-cron.php?doing_wp_cron=1679619787.3910970687866210937500" "WordPress/6.1.1; https://bigbrotherjunkies.com"
66.249.79.93 - - [24/Mar/2023:01:03:07 +0000] "POST /wp-admin/admin-ajax.php HTTP/1.0" 200 5630 "https://bigbrotherjunkies.com/adam-picks-answers-jordan-picks/" "Mozilla/5.0 AppleWebKit/537.36 (KHTML, like Gecko; compatible; Googlebot/2.1; +http://www.google.com/bot.html) Safari/537.36"
3.87.76.159 - - [24/Mar/2023:01:03:12 +0000] "GET /wp-content/uploads/2012/07/dramallama.jpg HTTP/1.1" 200 121272 "-" "Mozilla/5.0 (Windows NT 10.0; Win64; x64) AppleWebKit/537.36 (KHTML, like Gecko) Chrome/108.0.0.0 Safari/537.36 OPR/94.0.0.0"
3.87.76.159 - - [24/Mar/2023:01:03:12 +0000] "GET /big-brother-14-break-drama-llama/ HTTP/1.1" 200 27859 "-" "Mozilla/5.0 (Macintosh; Intel Mac OS X 10_15_7) AppleWebKit/605.1.15 (KHTML, like Gecko) Version/14.1.2 Safari/605.1.15"
137.184.144.15 - - [24/Mar/2023:01:04:11 +0000] "POST /wp-cron.php?doing_wp_cron=1679619851.3084089756011962890625 HTTP/1.0" 200 345 "https://bigbrotherjunkies.com/wp-cron.php?doing_wp_cron=1679619851.3084089756011962890625" "WordPress/6.1.1; https://bigbrotherjunkies.com"
66.249.79.89 - - [24/Mar/2023:01:04:10 +0000] "POST /wp-admin/admin-ajax.php HTTP/1.0" 200 752 "https://bigbrotherjunkies.com/big-brother-18-cast-member-natalie-negrotti/" "Mozilla/5.0 AppleWebKit/537.36 (KHTML, like Gecko; compatible; Googlebot/2.1; +http://www.google.com/bot.html) Safari/537.36"
66.249.79.71 - - [24/Mar/2023:01:04:45 +0000] "GET /big-brother-23-tuesday-recap-for-9-7-21/20210908_112215/ HTTP/1.1" 301 372 "-" "Mozilla/5.0 (Linux; Android 6.0.1; Nexus 5X Build/MMB29P) AppleWebKit/537.36 (KHTML, like Gecko) Chrome/111.0.5563.64 Mobile Safari/537.36 (compatible; Googlebot/2.1; +http://www.google.com/bot.html)"
66.249.79.92 - - [24/Mar/2023:01:04:45 +0000] "GET /big-brother-23-tuesday-recap-for-9-7-21/20210908_112215/ HTTP/1.1" 200 11643 "-" "Mozilla/5.0 (Linux; Android 6.0.1; Nexus 5X Build/MMB29P) AppleWebKit/537.36 (KHTML, like Gecko) Chrome/111.0.5563.64 Mobile Safari/537.36 (compatible; Googlebot/2.1; +http://www.google.com/bot.html)"
66.249.79.92 - - [24/Mar/2023:01:04:48 +0000] "POST /wp-admin/admin-ajax.php HTTP/1.0" 200 7258 "https://bigbrotherjunkies.com/big-brother-15-jessie-moves/" "Mozilla/5.0 AppleWebKit/537.36 (KHTML, like Gecko; compatible; Googlebot/2.1; +http://www.google.com/bot.html) Safari/537.36"
137.184.144.15 - - [24/Mar/2023:01:05:03 +0000] "POST /wp-cron.php?doing_wp_cron=1679619903.0570919513702392578125 HTTP/1.0" 200 345 "https://bigbrotherjunkies.com/wp-cron.php?doing_wp_cron=1679619903.0570919513702392578125" "WordPress/6.1.1; https://bigbrotherjunkies.com"
136.243.220.213 - - [24/Mar/2023:01:05:02 +0000] "GET /comments/feed/ HTTP/1.0" 200 11378 "-" "Mozilla/5.0 (compatible; DataForSeoBot/1.0; +https://dataforseo.com/dataforseo-bot)"
66.249.79.94 - - [24/Mar/2023:01:05:22 +0000] "POST /wp-admin/admin-ajax.php HTTP/1.0" 200 752 "https://bigbrotherjunkies.com/chuck-liddell-celebrity-big-brother-cast/" "Mozilla/5.0 AppleWebKit/537.36 (KHTML, like Gecko; compatible; Googlebot/2.1; +http://www.google.com/bot.html) Safari/537.36"
152.228.220.143 - - [24/Mar/2023:01:05:41 +0000] "GET /big-brother-canada/feed/ HTTP/1.0" 301 359 "-" "Mozilla/5.0 (X11; Linux i686) AppleWebKit/537.36 (KHTML, like Gecko) Chrome/30.0.1599.66 Safari/537.36"
137.184.144.15 - - [24/Mar/2023:01:05:43 +0000] "POST /wp-cron.php?doing_wp_cron=1679619942.9130129814147949218750 HTTP/1.0" 200 345 "https://bigbrotherjunkies.com/wp-cron.php?doing_wp_cron=1679619942.9130129814147949218750" "WordPress/6.1.1; https://bigbrotherjunkies.com"
152.228.220.143 - - [24/Mar/2023:01:05:42 +0000] "GET /big-brother-canada/feed/ HTTP/1.0" 200 11061 "-" "Mozilla/5.0 (X11; Linux i686) AppleWebKit/537.36 (KHTML, like Gecko) Chrome/30.0.1599.66 Safari/537.36"
66.249.79.92 - - [24/Mar/2023:01:05:48 +0000] "GET /big-brother-21-sunday-recap-for-9-15-19p/20190915_232843/ HTTP/1.1" 200 11818 "-" "Mozilla/5.0 (compatible; Googlebot/2.1; +http://www.google.com/bot.html)"
137.184.144.15 - - [24/Mar/2023:01:06:03 +0000] "POST /wp-cron.php?doing_wp_cron=1679619962.8750140666961669921875 HTTP/1.0" 200 345 "https://bigbrotherjunkies.com/wp-cron.php?doing_wp_cron=1679619962.8750140666961669921875" "WordPress/6.1.1; https://bigbrotherjunkies.com"
66.249.79.92 - - [24/Mar/2023:01:06:02 +0000] "POST /wp-admin/admin-ajax.php HTTP/1.0" 200 7828 "https://bigbrotherjunkies.com/big-brother-14-drunk-ian-tonights-cbs-episode/" "Mozilla/5.0 AppleWebKit/537.36 (KHTML, like Gecko; compatible; Googlebot/2.1; +http://www.google.com/bot.html) Safari/537.36"
66.249.79.92 - - [24/Mar/2023:01:06:49 +0000] "POST /wp-admin/admin-ajax.php HTTP/1.0" 200 1786 "https://bigbrotherjunkies.com/big-brother-13-corrects-premiere-date/" "Mozilla/5.0 AppleWebKit/537.36 (KHTML, like Gecko; compatible; Googlebot/2.1; +http://www.google.com/bot.html) Safari/537.36"
216.244.66.250 - - [24/Mar/2023:01:06:50 +0000] "GET /page/199/ HTTP/1.1" 301 325 "-" "Mozilla/5.0 (compatible; DotBot/1.2; +https://opensiteexplorer.org/dotbot; help@moz.com)"
137.184.144.15 - - [24/Mar/2023:01:07:00 +0000] "POST /wp-cron.php?doing_wp_cron=1679620020.1199219226837158203125 HTTP/1.0" 200 345 "https://bigbrotherjunkies.com/wp-cron.php?doing_wp_cron=1679620020.1199219226837158203125" "WordPress/6.1.1; https://bigbrotherjunkies.com"
216.244.66.250 - - [24/Mar/2023:01:06:59 +0000] "GET /tag/daniele-donato/page/2/ HTTP/1.1" 200 10825 "-" "Mozilla/5.0 (compatible; DotBot/1.2; +https://opensiteexplorer.org/dotbot; help@moz.com)"
216.244.66.250 - - [24/Mar/2023:01:07:09 +0000] "GET /search/%EC%84%B1%EB%82%A8%EC%97%AD%EC%B6%9C%EC%9E%A5%EC%95%88%EB%A7%88%E3%80%8E%EC%B9%B4%ED%86%A1-+Po+3+4%E3%80%8F%E3%80%96Poo3+4.c%EF%BC%90M%E3%80%97%EC%B6%9C%EC%9E%A5%EC%83%B5%EC%BD%9C%EA%B1%B8%EC%BD%9C%EA%B1%B8%ED%9B%84%EA%B8%B0Y%E2%97%8F%E2%98%822019-03-07-08-31%EC%84%B1%EB%82%A8%E2%86%9DAIJ%E2%87%9F%EC%BD%9C%EA%B1%B8%EC%B6%9C%EC%9E%A5%EC%83%B5%EC%95%88%EB%82%B4%EB%8F%99%EC%B6%9C%EC%9E%A5%EB%A7%88%EC%82%AC%EC%A7%80%E2%87%9A%EC%B6%9C%EC%9E%A5%EC%84%9C%EB%B9%84%EC%8A%A4%252 HTTP/1.1" 301 796 "-" "Mozilla/5.0 (compatible; DotBot/1.2; +https://opensiteexplorer.org/dotbot; help@moz.com)"
216.244.66.250 - - [24/Mar/2023:01:07:10 +0000] "GET /search/%EC%A7%84%EC%A3%BC%EC%B6%9C%EC%9E%A5%EC%95%88%EB%A7%88%EC%95%BC%ED%95%9C%EA%B3%B3%E3%80%96%EC%B9%B4%ED%86%A1-+Po+3+4%E3%80%97%E3%80%8EPoo3+4.c%EF%BC%90M%E3%80%8F%EC%B6%9C%EC%9E%A5%EB%A7%9B%EC%82%AC%EC%A7%80%EC%BD%9C%EA%B1%B8%EC%B6%9C%EC%9E%A5%EB%A7%88%EC%82%AC%EC%A7%80Y%E2%95%88%E2%95%892019-03-06-20-34%EC%A7%84%EC%A3%BC%E2%97%81AIJ%E2%97%98%EB%8F%99%EC%B6%9C%EC%9E%A5%EB%A7%88%EC%82%AC%EC%A7%80%EC%BD%9C%EA%B1%B8%ED%9B%84%EA%B8%B0%EC%B6%9C%EC%9E%A5%EC%83%B5%E2%9E%BD%252 HTTP/1.1" 301 796 "-" "Mozilla/5.0 (compatible; DotBot/1.2; +https://opensiteexplorer.org/dotbot; help@moz.com)"
216.244.66.250 - - [24/Mar/2023:01:07:12 +0000] "GET /search/%ED%8F%AC%EC%B2%9C%EC%B6%9C%EC%9E%A5%EC%83%B5%EC%98%88%EC%95%BD%ED%8F%AC%ED%95%AD%E3%80%8E%EC%B9%B4%ED%86%A1-+Po+3+4%E3%80%8F%E3%80%90Poo3+4.c%EF%BC%90M%E3%80%91%EC%97%AD%EC%B6%9C%EC%9E%A5%EC%95%88%EB%A7%88%EC%B6%9C%EC%9E%A5%EC%84%9C%EB%B9%84%EC%8A%A4%EB%B3%B4%EC%9E%A5Y%E2%94%B202019-03-07-08-45%ED%8F%AC%EC%B2%9C%E2%98%82AIJ%E2%95%9A%EC%B6%9C%EC%9E%A5%EC%B5%9C%EA%B0%95%EB%AF%B8%EB%85%80%EC%B6%9C%EC%9E%A5%EC%98%A4%ED%94%BC%EC%B6%9C%EC%9E%A5%EC%86%8C%EC%9D%B4%EC%8A%A4%25 HTTP/1.1" 301 796 "-" "Mozilla/5.0 (compatible; DotBot/1.2; +https://opensiteexplorer.org/dotbot; help@moz.com)"
216.244.66.250 - - [24/Mar/2023:01:07:13 +0000] "GET /search/%EF%B9%9B%EC%B9%B4%EC%A7%80%EB%85%B8%EC%82%AC%EC%9D%B4%ED%8A%B8%EF%B9%9C%E2%87%8C%ED%98%B8%ED%85%94%EC%B9%B4%EC%A7%80%EB%85%B8%E2%99%9F%EB%A3%B0%EB%A0%9B%EC%9D%B4%EB%B2%A4%ED%8A%B8%E2%96%A6%E3%80%96%E3%80%97U%E2%80%B9akaxx.com%E2%80%BAJ0Q%5B%5D%E2%96%BA2019-02-22-21-33%E3%83%A1THU%E2%98%8E%E2%99%AA%E2%96%A9ku%E2%96%AC%ED%85%8D%EC%82%AC%EC%8A%A4+%ED%8F%AC%EC%BB%A4%EB%A7%88%EC%B9%B4%EC%98%A4+%EC%8B%9C%ED%8B%B0%EC%98%A4%EB%B8%8C%EB%93%9C%EB%A6%BC%5B%5D%E2%86%94d1%EB%A7%25 HTTP/1.1" 301 796 "-" "Mozilla/5.0 (compatible; DotBot/1.2; +https://opensiteexplorer.org/dotbot; help@moz.com)"
216.244.66.250 - - [24/Mar/2023:01:07:16 +0000] "GET /nomination-feed-updates-paulie-pick/ HTTP/1.1" 200 30078 "-" "Mozilla/5.0 (compatible; DotBot/1.2; +https://opensiteexplorer.org/dotbot; help@moz.com)"
66.249.79.92 - - [24/Mar/2023:01:07:40 +0000] "POST /wp-admin/admin-ajax.php HTTP/1.0" 200 752 "https://bigbrotherjunkies.com/big-brother-16-cast-member-cody-calafiore/" "Mozilla/5.0 AppleWebKit/537.36 (KHTML, like Gecko; compatible; Googlebot/2.1; +http://www.google.com/bot.html) Safari/537.36"
66.249.79.92 - - [24/Mar/2023:01:07:48 +0000] "GET /?cat=-1page%2F64%2Fpage%2F337%2Fpage%2F2%2Fpage%2F3%2Fpage%2F2%2Fpage%2F337%2Fpage%2F3%2Fpage%2F337%2Fpage%2F337%2Fpage%2F337%2Fpage%2F2%2Fpage%2F337%2Fpage%2F2%2Fpage%2F2%2Fpage%2F2%2Fpage%2F337%2Fpage%2F337%2Fpage%2F337%2Fpage%2F2%2Fpage%2F2%2Fpage%2F2%2Fpage%2F337%2Fpage%2F337%2Fpage%2F3%2Fpage%2F2%2Fpage%2F337%2Fpage%2F3%2Fpage%2F337%2Fpage/2/ HTTP/1.1" 200 16609 "-" "Mozilla/5.0 (Linux; Android 6.0.1; Nexus 5X Build/MMB29P) AppleWebKit/537.36 (KHTML, like Gecko) Chrome/111.0.5563.64 Mobile Safari/537.36 (compatible; Googlebot/2.1; +http://www.google.com/bot.html)"
137.184.144.15 - - [24/Mar/2023:01:08:25 +0000] "POST /wp-cron.php?doing_wp_cron=1679620104.9082169532775878906250 HTTP/1.0" 200 345 "https://bigbrotherjunkies.com/wp-cron.php?doing_wp_cron=1679620104.9082169532775878906250" "WordPress/6.1.1; https://bigbrotherjunkies.com"
216.244.66.250 - - [24/Mar/2023:01:08:24 +0000] "GET /dr-bookey-eviction-spoilers/bb13-week1-evictions-04/ HTTP/1.1" 200 11777 "-" "Mozilla/5.0 (compatible; DotBot/1.2; +https://opensiteexplorer.org/dotbot; help@moz.com)"
66.249.79.92 - - [24/Mar/2023:01:08:29 +0000] "POST /wp-admin/admin-ajax.php HTTP/1.0" 200 8072 "https://bigbrotherjunkies.com/big-brother-21-saturday-updates-4/" "Mozilla/5.0 AppleWebKit/537.36 (KHTML, like Gecko; compatible; Googlebot/2.1; +http://www.google.com/bot.html) Safari/537.36"
137.184.144.15 - - [24/Mar/2023:01:09:17 +0000] "POST /wp-cron.php?doing_wp_cron=1679620156.9634799957275390625000 HTTP/1.0" 200 345 "https://bigbrotherjunkies.com/wp-cron.php?doing_wp_cron=1679620156.9634799957275390625000" "WordPress/6.1.1; https://bigbrotherjunkies.com"
66.249.79.65 - - [24/Mar/2023:01:09:16 +0000] "POST /wp-admin/admin-ajax.php HTTP/1.0" 200 6141 "https://bigbrotherjunkies.com/big-brother-21-friday-night-feeds-plus-noms/" "Mozilla/5.0 AppleWebKit/537.36 (KHTML, like Gecko; compatible; Googlebot/2.1; +http://www.google.com/bot.html) Safari/537.36"
66.249.79.79 - - [24/Mar/2023:01:09:39 +0000] "GET /big-brother-20-kaitlyns-boyfriend-calls-it-quits/ HTTP/1.1" 301 365 "-" "Mozilla/5.0 (compatible; Googlebot/2.1; +http://www.google.com/bot.html)"
66.249.79.89 - - [24/Mar/2023:01:09:40 +0000] "GET /big-brother-20-kaitlyns-boyfriend-calls-it-quits/ HTTP/1.1" 200 27122 "-" "Mozilla/5.0 (compatible; Googlebot/2.1; +http://www.google.com/bot.html)"
137.184.144.15 - - [24/Mar/2023:01:09:55 +0000] "POST /wp-cron.php?doing_wp_cron=1679620195.5046188831329345703125 HTTP/1.0" 200 345 "https://bigbrotherjunkies.com/wp-cron.php?doing_wp_cron=1679620195.5046188831329345703125" "WordPress/6.1.1; https://bigbrotherjunkies.com"
66.249.79.89 - - [24/Mar/2023:01:09:55 +0000] "POST /wp-admin/admin-ajax.php HTTP/1.0" 200 6885 "https://bigbrotherjunkies.com/big-brother-20-kaitlyns-boyfriend-calls-it-quits/" "Mozilla/5.0 AppleWebKit/537.36 (KHTML, like Gecko; compatible; Googlebot/2.1; +http://www.google.com/bot.html) Safari/537.36"
185.191.171.40 - - [24/Mar/2023:01:10:17 +0000] "GET /big-brother-23-tuesday-feed-updates-4/tiffany-cam/ HTTP/1.1" 200 11760 "-" "Mozilla/5.0 (compatible; SemrushBot/7~bl; +http://www.semrush.com/bot.html)"
137.184.144.15 - - [24/Mar/2023:01:11:44 +0000] "POST /wp-cron.php?doing_wp_cron=1679620304.3231561183929443359375 HTTP/1.0" 200 345 "https://bigbrotherjunkies.com/wp-cron.php?doing_wp_cron=1679620304.3231561183929443359375" "WordPress/6.1.1; https://bigbrotherjunkies.com"
193.203.8.140 - - [24/Mar/2023:01:11:44 +0000] "GET /feed/ HTTP/1.0" 200 10211 "-" "Mozilla/5.0 (Windows NT 10.0; WOW64) AppleWebKit/537.36 (KHTML, like Gecko) Chrome/63.0.3239.26 Safari/537.36 Core/1.63.4793.400 QQBrowser/10.0.745.400"
216.244.66.250 - - [24/Mar/2023:01:11:52 +0000] "GET /big-brother-19-upcoming-schedule/feed/ HTTP/1.0" 200 13575 "-" "Mozilla/5.0 (compatible; DotBot/1.2; +https://opensiteexplorer.org/dotbot; help@moz.com)"
3.23.117.15 - - [24/Mar/2023:01:12:01 +0000] "GET /feed/ HTTP/1.0" 301 340 "-" "Mozilla/5.0 (Windows NT 10.0; Win64; x64) AppleWebKit/537.36 (KHTML, like Gecko) Chrome/99.0.4844.51 Safari/537.36 Edg/99.0.1150.36"
137.184.144.15 - - [24/Mar/2023:01:12:03 +0000] "POST /wp-cron.php?doing_wp_cron=1679620323.2944800853729248046875 HTTP/1.0" 200 345 "https://bigbrotherjunkies.com/wp-cron.php?doing_wp_cron=1679620323.2944800853729248046875" "WordPress/6.1.1; https://bigbrotherjunkies.com"
23.22.69.7 - - [24/Mar/2023:01:12:03 +0000] "GET /feed/ HTTP/1.0" 200 10242 "-" "Mozilla/5.0 (Windows NT 10.0; Win64; x64) AppleWebKit/537.36 (KHTML, like Gecko) Chrome/99.0.4844.51 Safari/537.36 Edg/99.0.1150.36"
216.244.66.250 - - [24/Mar/2023:01:12:17 +0000] "GET /big-brother-22-tuesday-news-and-notes/ HTTP/1.1" 200 29237 "-" "Mozilla/5.0 (compatible; DotBot/1.2; +https://opensiteexplorer.org/dotbot; help@moz.com)"
77.37.135.235 - - [24/Mar/2023:01:12:27 +0000] "GET /wp-json HTTP/1.0" 200 16201 "-" "Mozilla/5.0 (Windows NT 10.0; WOW64) AppleWebKit/537.36 (KHTML, like Gecko) Chrome/84.0.4147.125 Safari/537.36"
77.37.135.235 - - [24/Mar/2023:01:12:28 +0000] "GET /my-account/edit-account/ HTTP/1.0" 404 57359 "-" "Mozilla/5.0 (Windows NT 10.0; WOW64) AppleWebKit/537.36 (KHTML, like Gecko) Chrome/84.0.4147.125 Safari/537.36"
77.37.135.235 - - [24/Mar/2023:01:12:29 +0000] "GET / HTTP/1.0" 200 16566 "-" "Mozilla/5.0 (Windows NT 10.0; WOW64) AppleWebKit/537.36 (KHTML, like Gecko) Chrome/84.0.4147.125 Safari/537.36"
77.37.135.235 - - [24/Mar/2023:01:12:30 +0000] "GET / HTTP/1.0" 200 16566 "-" "Mozilla/5.0 (Windows NT 10.0; WOW64) AppleWebKit/537.36 (KHTML, like Gecko) Chrome/84.0.4147.125 Safari/537.36"
77.37.135.235 - - [24/Mar/2023:01:12:31 +0000] "GET / HTTP/1.0" 200 16566 "-" "Mozilla/5.0 (Windows NT 10.0; WOW64) AppleWebKit/537.36 (KHTML, like Gecko) Chrome/84.0.4147.125 Safari/537.36"
216.244.66.250 - - [24/Mar/2023:01:12:41 +0000] "GET /post-roadkill-feed-updates/feed/ HTTP/1.0" 200 15091 "-" "Mozilla/5.0 (compatible; DotBot/1.2; +https://opensiteexplorer.org/dotbot; help@moz.com)"
165.231.159.115 - - [24/Mar/2023:01:12:50 +0000] "GET /big-brother-20-friday-feed-updates-2/ HTTP/1.1" 200 29129 "https://www.bigbrotherjunkies.com/big-brother-20-friday-feed-updates-2/" "Mozilla/5.0 (Windows NT 10.0; Win64; x64) AppleWebKit/537.36 (KHTML, like Gecko) Chrome/103.0.0.0 Safari/537.36 OPR/89.0.4447.51"
54.202.141.0 - - [24/Mar/2023:01:13:01 +0000] "GET /wednesday-overnight-report/?amp HTTP/1.1" 301 347 "http://www.bigbrotherjunkies.com/wednesday-overnight-report/?amp" "Mozilla/5.0 (Windows NT 6.1; WOW64) AppleWebKit/537.36 (KHTML, like Gecko) Chrome/56.0.2924.76 Safari/537.36"
137.184.144.15 - - [24/Mar/2023:01:13:02 +0000] "POST /wp-cron.php?doing_wp_cron=1679620382.5768399238586425781250 HTTP/1.0" 200 345 "https://bigbrotherjunkies.com/wp-cron.php?doing_wp_cron=1679620382.5768399238586425781250" "WordPress/6.1.1; https://bigbrotherjunkies.com"
54.202.141.0 - - [24/Mar/2023:01:13:02 +0000] "GET /wednesday-overnight-report/?amp HTTP/1.1" 200 30043 "https://www.bigbrotherjunkies.com/wednesday-overnight-report/?amp" "Mozilla/5.0 (Windows NT 6.1; WOW64) AppleWebKit/537.36 (KHTML, like Gecko) Chrome/56.0.2924.76 Safari/537.36"
3.93.16.120 - - [24/Mar/2023:01:13:31 +0000] "GET /wednesday-overnight-report HTTP/1.1" 301 397 "-" "Mozilla/5.0 (compatible; proximic; +https://www.comscore.com/Web-Crawler)"
3.93.16.120 - - [24/Mar/2023:01:13:31 +0000] "GET /wednesday-overnight-report/ HTTP/1.1" 200 30157 "-" "Mozilla/5.0 (compatible; proximic; +https://www.comscore.com/Web-Crawler)"
54.202.52.223 - - [24/Mar/2023:01:13:31 +0000] "POST /wp-admin/admin-ajax.php HTTP/1.0" 200 9079 "https://bigbrotherjunkies.com/wednesday-overnight-report/?amp" "Mozilla/5.0 (Macintosh; Intel Mac OS X 10_14_6) AppleWebKit/537.36 (KHTML, like Gecko) Chrome/97.0.4692.99 Safari/537.36"
54.202.52.223 - - [24/Mar/2023:01:13:32 +0000] "GET /wp-content/uploads/2018/08/The-World%E2%80%99s-Top-10-Best-Images-of-Cats-Wearing-Helmets-Made-of-Fruit-8-130x130.jpg HTTP/1.1" 200 5351 "https://bigbrotherjunkies.com/wednesday-overnight-report/?amp" "Mozilla/5.0 (Macintosh; Intel Mac OS X 10_14_6) AppleWebKit/537.36 (KHTML, like Gecko) Chrome/97.0.4692.99 Safari/537.36"
54.202.52.223 - - [24/Mar/2023:01:13:32 +0000] "GET /wp-content/uploads/2020/07/Ocean-185x185.jpg HTTP/1.1" 200 9553 "https://bigbrotherjunkies.com/wednesday-overnight-report/?amp" "Mozilla/5.0 (Macintosh; Intel Mac OS X 10_14_6) AppleWebKit/537.36 (KHTML, like Gecko) Chrome/97.0.4692.99 Safari/537.36"
216.244.66.250 - - [24/Mar/2023:01:13:49 +0000] "GET /wp-content/uploads/2011/08/porschedani.jpg HTTP/1.1" 200 42136 "-" "Mozilla/5.0 (compatible; DotBot/1.2; +https://opensiteexplorer.org/dotbot; help@moz.com)"
137.184.144.15 - - [24/Mar/2023:01:13:52 +0000] "POST /wp-cron.php?doing_wp_cron=1679620432.9096360206604003906250 HTTP/1.0" 200 345 "https://bigbrotherjunkies.com/wp-cron.php?doing_wp_cron=1679620432.9096360206604003906250" "WordPress/6.1.1; https://bigbrotherjunkies.com"
51.222.253.2 - - [24/Mar/2023:01:13:52 +0000] "GET /page/50/?sa=U&ved=0ahUKEwjxq-qY6ODOAhXL8CYKHWTIDMQQFggvMAY&usg=AFQjCNFe5EGnkoBkB64YQml1bzONKSD4CA HTTP/1.1" 200 16876 "-" "Mozilla/5.0 (compatible; AhrefsBot/7.0; +http://ahrefs.com/robot/)"
216.244.66.250 - - [24/Mar/2023:01:14:09 +0000] "GET /wp-content/uploads/2012/08/bb14-boogie-britney.jpg HTTP/1.1" 200 49588 "-" "Mozilla/5.0 (compatible; DotBot/1.2; +https://opensiteexplorer.org/dotbot; help@moz.com)"
137.184.144.15 - - [24/Mar/2023:01:14:21 +0000] "POST /wp-cron.php?doing_wp_cron=1679620461.0064868927001953125000 HTTP/1.0" 200 345 "https://bigbrotherjunkies.com/wp-cron.php?doing_wp_cron=1679620461.0064868927001953125000" "WordPress/6.1.1; https://bigbrotherjunkies.com"
54.83.96.44 - - [24/Mar/2023:01:14:20 +0000] "GET /?ezoic_domain_verify=1 HTTP/1.1" 200 16551 "-" "Mozilla/5.0 (Windows NT 6.1; WOW64) AppleWebKit/537.36 (KHTML, like Gecko) Chrome/108.0.0.0 Safari/537.36 X-Middleton/1"
66.249.79.91 - - [24/Mar/2023:01:14:21 +0000] "POST /wp-admin/admin-ajax.php HTTP/1.0" 200 2082 "https://bigbrotherjunkies.com/live-chat-hayden-moss-big-brother-16-feeds-today/" "Mozilla/5.0 AppleWebKit/537.36 (KHTML, like Gecko; compatible; Googlebot/2.1; +http://www.google.com/bot.html) Safari/537.36"
216.244.66.250 - - [24/Mar/2023:01:14:27 +0000] "GET /wp-content/uploads/2012/08/bb14-ian-hoh.jpg HTTP/1.1" 200 40088 "-" "Mozilla/5.0 (compatible; DotBot/1.2; +https://opensiteexplorer.org/dotbot; help@moz.com)"
152.228.220.143 - - [24/Mar/2023:01:14:30 +0000] "GET /big-brother-14-tables-continue-turn/feed/ HTTP/1.0" 301 376 "-" "Mozilla/5.0 (X11; Linux i686) AppleWebKit/537.36 (KHTML, like Gecko) Chrome/30.0.1599.66 Safari/537.36"
137.184.144.15 - - [24/Mar/2023:01:14:31 +0000] "POST /wp-cron.php?doing_wp_cron=1679620471.8683710098266601562500 HTTP/1.0" 200 345 "https://bigbrotherjunkies.com/wp-cron.php?doing_wp_cron=1679620471.8683710098266601562500" "WordPress/6.1.1; https://bigbrotherjunkies.com"
152.228.220.143 - - [24/Mar/2023:01:14:31 +0000] "GET /big-brother-14-tables-continue-turn/feed/ HTTP/1.0" 200 11705 "-" "Mozilla/5.0 (X11; Linux i686) AppleWebKit/537.36 (KHTML, like Gecko) Chrome/30.0.1599.66 Safari/537.36"
216.244.66.250 - - [24/Mar/2023:01:14:44 +0000] "GET /wp-content/uploads/2012/08/bb14-restofhouse.jpg HTTP/1.1" 200 63101 "-" "Mozilla/5.0 (compatible; DotBot/1.2; +https://opensiteexplorer.org/dotbot; help@moz.com)"
137.184.144.15 - - [24/Mar/2023:01:14:55 +0000] "POST /wp-cron.php?doing_wp_cron=1679620495.8187780380249023437500 HTTP/1.0" 200 345 "https://bigbrotherjunkies.com/wp-cron.php?doing_wp_cron=1679620495.8187780380249023437500" "WordPress/6.1.1; https://bigbrotherjunkies.com"
157.55.39.214 - - [24/Mar/2023:01:14:55 +0000] "GET /wp-sitemap.xml HTTP/1.1" 404 57459 "-" "Mozilla/5.0 AppleWebKit/537.36 (KHTML, like Gecko; compatible; bingbot/2.0; +http://www.bing.com/bingbot.htm) Chrome/103.0.5060.134 Safari/537.36"
64.233.172.65 - - [24/Mar/2023:01:16:56 +0000] "HEAD /feed/ HTTP/1.0" 301 321 "-" "FeedBurner/1.0 (http://www.FeedBurner.com)"
137.184.144.15 - - [24/Mar/2023:01:16:56 +0000] "POST /wp-cron.php?doing_wp_cron=1679620616.2948560714721679687500 HTTP/1.0" 200 345 "https://bigbrotherjunkies.com/wp-cron.php?doing_wp_cron=1679620616.2948560714721679687500" "WordPress/6.1.1; https://bigbrotherjunkies.com"
51.222.253.3 - - [24/Mar/2023:01:14:59 +0000] "GET /feed-updates/ HTTP/1.0" 200 7660 "-" "Mozilla/5.0 (compatible; AhrefsBot/7.0; +http://ahrefs.com/robot/)"
64.233.172.181 - - [24/Mar/2023:01:16:56 +0000] "HEAD /feed/ HTTP/1.0" 200 405 "-" "FeedBurner/1.0 (http://www.FeedBurner.com)"
216.244.66.250 - - [24/Mar/2023:01:17:30 +0000] "GET /big-brother-14-rubadubdub-drunks-tub/bb14-danielle-slip2/feed/ HTTP/1.0" 200 1861 "-" "Mozilla/5.0 (compatible; DotBot/1.2; +https://opensiteexplorer.org/dotbot; help@moz.com)"
137.184.144.15 - - [24/Mar/2023:01:18:34 +0000] "POST /wp-cron.php?doing_wp_cron=1679620714.1274890899658203125000 HTTP/1.0" 200 345 "https://bigbrotherjunkies.com/wp-cron.php?doing_wp_cron=1679620714.1274890899658203125000" "WordPress/6.1.1; https://bigbrotherjunkies.com"
216.244.66.250 - - [24/Mar/2023:01:18:33 +0000] "GET /search/%E3%80%90%EB%B0%94%EC%B9%B4%EB%9D%BC%EC%82%AC%EC%9D%B4%ED%8A%B8%E3%80%91%E2%94%B0-%EC%9A%B0%EB%A6%AC%EC%B9%B4%EC%A7%80%EB%85%B8-%E2%87%8D%EC%B9%B4%EC%A7%80%EB%85%B8+%EC%95%8C%EB%B0%94%E2%94%84%E3%80%96%E3%80%97%E2%95%86%EF%B9%9Bgmvcs.com%EF%B9%9C%5B%5Drw%E2%9E%A0%E2%98%AA%EC%98%A8%EC%B9%B4+%EB%A8%B9%ED%8A%80cod+%EC%B9%B4%EC%A7%80%EB%85%B8%E2%87%9F%5B%5D%E2%98%8F%5B%5D%E5%8D%90D%EB%A3%B0%EB%A0%9B+%ED%95%84%EC%8A%B9+%EC%A0%84%EB%9E%B52019-04-11-04-21%E2%86%B9%EC%98%A8%25 HTTP/1.1" 200 11195 "-" "Mozilla/5.0 (compatible; DotBot/1.2; +https://opensiteexplorer.org/dotbot; help@moz.com)"
137.184.144.15 - - [24/Mar/2023:01:19:36 +0000] "POST /wp-cron.php?doing_wp_cron=1679620776.5452339649200439453125 HTTP/1.0" 200 345 "https://bigbrotherjunkies.com/wp-cron.php?doing_wp_cron=1679620776.5452339649200439453125" "WordPress/6.1.1; https://bigbrotherjunkies.com"
216.244.66.250 - - [24/Mar/2023:01:19:36 +0000] "GET /search/%3C%EC%98%A8%EB%9D%BC%EC%9D%B8%EC%B9%B4%EC%A7%80%EB%85%B8%3E%E2%86%AA%EC%98%88%EC%8A%A4%EC%B9%B4%EC%A7%80%EB%85%B8%E5%8D%90%EC%95%88%EC%A0%84%EB%86%80%EC%9D%B4%ED%84%B0%E2%86%92%E3%80%96%E3%80%97%E2%94%B1%E3%80%96gmvcs.com%E3%80%97%EB%A7%88%EC%B9%B4%EC%98%A4+%EC%B9%B4%EC%A7%80%EB%85%B8+%ED%99%98%EC%A0%842019-02-25-21-22%EB%B0%94%EB%91%91%EC%9D%B4%EA%B2%8C%EC%9E%84Pg%5B%5D%5B%5D%EB%B0%94%EB%8B%A4+%EC%9D%B4%EC%95%BC%EA%B8%B0+%EA%B2%8C%EC%9E%84+%EC%86%8C%EC%8A%A4mzN%E2%25 HTTP/1.1" 200 10858 "-" "Mozilla/5.0 (compatible; DotBot/1.2; +https://opensiteexplorer.org/dotbot; help@moz.com)"
216.244.66.250 - - [24/Mar/2023:01:19:40 +0000] "GET /search/%E3%80%96%EC%98%A8%EB%9D%BC%EC%9D%B8%EC%B9%B4%EC%A7%80%EB%85%B8%E3%80%97%E2%95%9F%EB%B0%94%EC%B9%B4%EB%9D%BC%ED%95%98%EB%8A%94%EA%B3%B3%E2%98%AA%EC%B9%B4%EC%A7%80%EB%85%B8+%EA%B0%80%EC%9E%85%EC%BF%A0%ED%8F%B0%E2%99%9B%E3%80%8A%E3%80%8B%E2%95%8D%28opm65.xyz%29f%E2%94%8F%E2%97%8B%E2%95%A3%EB%B0%94%EB%8B%A4%EC%9D%B4%EC%95%BC%EA%B8%B0+%EB%A6%B4%EA%B2%8C%EC%9E%84%5B%5D%5B%5D%E2%9C%B22019-02-23-11-45%E2%96%A4%EB%B0%94%EC%B9%B4%EB%9D%BC+%ED%85%8C%EC%9D%B4%EB%B8%94%E2%94%B8%25 HTTP/1.1" 200 11150 "-" "Mozilla/5.0 (compatible; DotBot/1.2; +https://opensiteexplorer.org/dotbot; help@moz.com)"
74.125.210.123 - - [24/Mar/2023:01:19:42 +0000] "GET /feed/ HTTP/1.0" 301 340 "-" "FeedFetcher-Google; (+http://www.google.com/feedfetcher.html)"
74.125.210.210 - - [24/Mar/2023:01:19:43 +0000] "GET /feed/ HTTP/1.0" 200 10208 "-" "FeedFetcher-Google; (+http://www.google.com/feedfetcher.html)"
216.244.66.250 - - [24/Mar/2023:01:19:48 +0000] "GET /search/%EC%B2%AD%EC%A3%BC%EC%B6%9C%EC%9E%A5%EC%95%88%EB%A7%88%EC%B6%94%EC%B2%9C%E3%80%8A%EC%B9%B4%ED%86%A1-+Mo27%E3%80%8B%EF%BB%BF%5BPo+o34.c%EF%BC%90M%5D%EC%B6%9C%EC%9E%A5%EC%83%B5%EC%98%88%EC%95%BD%ED%8F%AC%ED%95%AD%EC%B6%9C%EC%9E%A5%EC%B5%9C%EA%B0%95%EB%AF%B8%EB%85%80Y%E2%98%BB%E2%95%AC2019-03-12-13-12%EC%B2%AD%EC%A3%BC%E2%97%A2AIJ%E2%87%9F%EC%B6%9C%EC%9E%A5%EA%B0%80%EA%B2%A9%EC%B6%9C%EC%9E%A5%EC%99%B8%EA%B5%AD%EC%9D%B8%EC%B6%9C%EC%9E%A5%EC%99%B8%EA%B5%AD%EC%9D%B8%E2%87%25 HTTP/1.1" 200 10857 "-" "Mozilla/5.0 (compatible; DotBot/1.2; +https://opensiteexplorer.org/dotbot; help@moz.com)"
137.184.144.15 - - [24/Mar/2023:01:19:54 +0000] "POST /wp-cron.php?doing_wp_cron=1679620794.5840730667114257812500 HTTP/1.0" 200 345 "https://bigbrotherjunkies.com/wp-cron.php?doing_wp_cron=1679620794.5840730667114257812500" "WordPress/6.1.1; https://bigbrotherjunkies.com"
216.244.66.250 - - [24/Mar/2023:01:19:54 +0000] "GET /search/%EF%B9%9D%EC%98%A8%EB%9D%BC%EC%9D%B8%EC%B9%B4%EC%A7%80%EB%85%B8%EF%B9%9E%E2%99%A5-%EC%BD%94%EC%9D%B8%EC%B9%B4%EC%A7%80%EB%85%B8-%E2%86%BC%EC%B9%B4%EC%A7%80%EB%85%B8+%EB%AC%B4%EB%A3%8C+%EB%A8%B8%EB%8B%88%E2%96%AB%E3%80%90%E3%80%91%CE%B3%EF%BC%88gmvcs.com%EF%BC%89%EB%B0%B0%ED%84%B0%EB%A6%AC%EB%A7%9E%EA%B3%A0cVQ2019-04-12-12-38%5B%5D6D5%EC%B9%B4%EC%A7%80%EB%85%B8%ED%86%A1%E2%9C%BF%E2%87%A0%E2%96%B2w+%EC%B9%B4%EC%A7%80%EB%85%B8+%EC%A3%BC%EC%86%8C%E2%9E%A8%E2%9C%8DP%EB%A7 HTTP/1.1" 200 10862 "-" "Mozilla/5.0 (compatible; DotBot/1.2; +https://opensiteexplorer.org/dotbot; help@moz.com)"
216.244.66.250 - - [24/Mar/2023:01:20:18 +0000] "GET /big-brother-14-nomination-results-3/feed/ HTTP/1.0" 301 376 "-" "Mozilla/5.0 (compatible; DotBot/1.2; +https://opensiteexplorer.org/dotbot; help@moz.com)"
216.244.66.250 - - [24/Mar/2023:01:20:22 +0000] "GET /big-brother-19-tuesday-stuff/feed/ HTTP/1.0" 301 369 "-" "Mozilla/5.0 (compatible; DotBot/1.2; +https://opensiteexplorer.org/dotbot; help@moz.com)"
66.249.79.89 - - [24/Mar/2023:01:20:28 +0000] "GET /saturday-july-23rd-feed-updates HTTP/1.1" 301 348 "-" "Mozilla/5.0 (compatible; Googlebot/2.1; +http://www.google.com/bot.html)"
64.233.172.87 - - [24/Mar/2023:01:21:11 +0000] "HEAD /feed/ HTTP/1.0" 301 321 "-" "FeedBurner/1.0 (http://www.FeedBurner.com)"
137.184.144.15 - - [24/Mar/2023:01:21:11 +0000] "POST /wp-cron.php?doing_wp_cron=1679620871.8780519962310791015625 HTTP/1.0" 200 345 "https://bigbrotherjunkies.com/wp-cron.php?doing_wp_cron=1679620871.8780519962310791015625" "WordPress/6.1.1; https://bigbrotherjunkies.com"
64.233.172.181 - - [24/Mar/2023:01:21:11 +0000] "HEAD /feed/ HTTP/1.0" 200 405 "-" "FeedBurner/1.0 (http://www.FeedBurner.com)"
157.55.39.214 - - [24/Mar/2023:01:21:23 +0000] "GET /big-brother-21-saturday-overnight-thread/ HTTP/1.1" 200 26830 "-" "Mozilla/5.0 AppleWebKit/537.36 (KHTML, like Gecko; compatible; bingbot/2.0; +http://www.bing.com/bingbot.htm) Chrome/103.0.5060.134 Safari/537.36"
216.244.66.250 - - [24/Mar/2023:01:21:58 +0000] "GET /veto-ceremony-and-afternoon-updates/ HTTP/1.1" 301 352 "-" "Mozilla/5.0 (compatible; DotBot/1.2; +https://opensiteexplorer.org/dotbot; help@moz.com)"
34.91.102.94 - - [24/Mar/2023:01:22:00 +0000] "GET /wp-content/uploads/2011/07/adampool2.jpg HTTP/1.1" 200 24327 "-" "Mozilla/5.0 (X11; Ubuntu; Linux x86_64; rv:72.0) Gecko/20100101 Firefox/72.0"
216.244.66.250 - - [24/Mar/2023:01:22:40 +0000] "GET /wp-content/uploads/2012/07/bigbrother14-table.jpg HTTP/1.1" 200 42830 "-" "Mozilla/5.0 (compatible; DotBot/1.2; +https://opensiteexplorer.org/dotbot; help@moz.com)"
137.184.144.15 - - [24/Mar/2023:01:22:41 +0000] "POST /wp-cron.php?doing_wp_cron=1679620960.9172821044921875000000 HTTP/1.0" 200 345 "https://bigbrotherjunkies.com/wp-cron.php?doing_wp_cron=1679620960.9172821044921875000000" "WordPress/6.1.1; https://bigbrotherjunkies.com"
2a01:4f8:c010:3e89::1 - - [24/Mar/2023:01:22:40 +0000] "GET /feed HTTP/1.0" 301 438 "-" "FeedBurner/1.0 (http://www.FeedBurner.com) Mozilla/5.0 (Macintosh; Intel Mac OS X 10_11_6) AppleWebKit/537.36 (KHTML, like Gecko) Chrome/63.0.3239.132 Safari/537.36 Specificfeeds- http://www.specificfeeds.com https://follow.it"
2a01:4f8:c010:3e89::1 - - [24/Mar/2023:01:22:41 +0000] "GET /feed/ HTTP/1.0" 200 10209 "-" "FeedBurner/1.0 (http://www.FeedBurner.com) Mozilla/5.0 (Macintosh; Intel Mac OS X 10_11_6) AppleWebKit/537.36 (KHTML, like Gecko) Chrome/63.0.3239.132 Safari/537.36 Specificfeeds- http://www.specificfeeds.com https://follow.it"
17.241.227.211 - - [24/Mar/2023:01:23:02 +0000] "GET /page/161/ HTTP/1.1" 301 325 "-" "Mozilla/5.0 (Macintosh; Intel Mac OS X 10_15_5) AppleWebKit/605.1.15 (KHTML, like Gecko) Version/13.1.1 Safari/605.1.15 (Applebot/0.1; +http://www.apple.com/go/applebot)"
137.184.144.15 - - [24/Mar/2023:01:23:03 +0000] "POST /wp-cron.php?doing_wp_cron=1679620983.8804600238800048828125 HTTP/1.0" 200 345 "https://bigbrotherjunkies.com/wp-cron.php?doing_wp_cron=1679620983.8804600238800048828125" "WordPress/6.1.1; https://bigbrotherjunkies.com"
17.241.219.114 - - [24/Mar/2023:01:23:03 +0000] "GET /page/161/ HTTP/1.1" 200 16861 "-" "Mozilla/5.0 (Macintosh; Intel Mac OS X 10_15_5) AppleWebKit/605.1.15 (KHTML, like Gecko) Version/13.1.1 Safari/605.1.15 (Applebot/0.1; +http://www.apple.com/go/applebot)"
216.244.66.250 - - [24/Mar/2023:01:23:29 +0000] "GET /big-brother-14-making-sense/feed/ HTTP/1.0" 301 368 "-" "Mozilla/5.0 (compatible; DotBot/1.2; +https://opensiteexplorer.org/dotbot; help@moz.com)"
216.244.66.250 - - [24/Mar/2023:01:23:31 +0000] "GET /big-brother-14-silent-6-formed/feed/ HTTP/1.0" 301 371 "-" "Mozilla/5.0 (compatible; DotBot/1.2; +https://opensiteexplorer.org/dotbot; help@moz.com)"
216.244.66.250 - - [24/Mar/2023:01:23:32 +0000] "GET /big-brother-17-final-4-results/feed/ HTTP/1.0" 301 371 "-" "Mozilla/5.0 (compatible; DotBot/1.2; +https://opensiteexplorer.org/dotbot; help@moz.com)"
2600:1700:4181:6e1f:17f:e50d:63be:776d - - [24/Mar/2023:01:23:45 +0000] "GET /big-brother-23-thursday-recap-for-7-29-21/ HTTP/1.1" 200 32659 "https://www.google.com/" "Mozilla/5.0 (Windows NT 10.0; Win64; x64) AppleWebKit/537.36 (KHTML, like Gecko) Chrome/111.0.0.0 Safari/537.36 Edg/111.0.1661.44"
165.227.120.200 - - [24/Mar/2023:01:23:47 +0000] "GET /wp-content/uploads/2021/07/20210730_072338.jpg HTTP/1.1" 200 196236 "https://bigbrotherjunkies.com/" "Mozilla/5.0 (Windows NT 10.0; Win64; x64) AppleWebKit/537.36 (KHTML, like Gecko) Chrome/111.0.0.0 Safari/537.36 Edg/111.0.1661.44"
2600:1700:4181:6e1f:17f:e50d:63be:776d - - [24/Mar/2023:01:23:48 +0000] "POST /wp-admin/admin-ajax.php HTTP/1.0" 200 5019 "https://bigbrotherjunkies.com/big-brother-23-thursday-recap-for-7-29-21/" "Mozilla/5.0 (Windows NT 10.0; Win64; x64) AppleWebKit/537.36 (KHTML, like Gecko) Chrome/111.0.0.0 Safari/537.36 Edg/111.0.1661.44"
64.225.18.104 - - [24/Mar/2023:01:23:48 +0000] "GET /wp-content/uploads/2021/07/20210730_083214.jpg HTTP/1.1" 200 26635 "https://bigbrotherjunkies.com/big-brother-23-thursday-recap-for-7-29-21/" "Mozilla/5.0 (Windows NT 10.0; Win64; x64) AppleWebKit/537.36 (KHTML, like Gecko) Chrome/111.0.0.0 Safari/537.36 Edg/111.0.1661.44"
64.225.18.104 - - [24/Mar/2023:01:23:48 +0000] "GET /wp-content/uploads/2021/07/20210730_072321-768x516.jpg HTTP/1.1" 200 51742 "https://bigbrotherjunkies.com/big-brother-23-thursday-recap-for-7-29-21/" "Mozilla/5.0 (Windows NT 10.0; Win64; x64) AppleWebKit/537.36 (KHTML, like Gecko) Chrome/111.0.0.0 Safari/537.36 Edg/111.0.1661.44"
2600:1700:4181:6e1f:17f:e50d:63be:776d - - [24/Mar/2023:01:23:49 +0000] "GET /wp-content/uploads/pp-avatar/d3bb328b01d9d830eed31765e001264d.jpg HTTP/1.1" 200 128253 "https://bigbrotherjunkies.com/big-brother-23-thursday-recap-for-7-29-21/" "Mozilla/5.0 (Windows NT 10.0; Win64; x64) AppleWebKit/537.36 (KHTML, like Gecko) Chrome/111.0.0.0 Safari/537.36 Edg/111.0.1661.44"
159.203.95.148 - - [24/Mar/2023:01:23:50 +0000] "GET /wp-content/uploads/2021/07/20210730_072739-768x424.jpg HTTP/1.1" 200 38719 "https://bigbrotherjunkies.com/big-brother-23-thursday-recap-for-7-29-21/" "Mozilla/5.0 (Windows NT 10.0; Win64; x64) AppleWebKit/537.36 (KHTML, like Gecko) Chrome/111.0.0.0 Safari/537.36 Edg/111.0.1661.44"
165.227.99.184 - - [24/Mar/2023:01:23:52 +0000] "GET /wp-content/uploads/2021/07/20210730_083203.jpg HTTP/1.1" 200 138303 "https://bigbrotherjunkies.com/big-brother-23-thursday-recap-for-7-29-21/" "Mozilla/5.0 (Windows NT 10.0; Win64; x64) AppleWebKit/537.36 (KHTML, like Gecko) Chrome/111.0.0.0 Safari/537.36 Edg/111.0.1661.44"
137.184.144.15 - - [24/Mar/2023:01:23:53 +0000] "POST /wp-cron.php?doing_wp_cron=1679621033.7900249958038330078125 HTTP/1.0" 200 345 "https://bigbrotherjunkies.com/wp-cron.php?doing_wp_cron=1679621033.7900249958038330078125" "WordPress/6.1.1; https://bigbrotherjunkies.com"
64.225.18.104 - - [24/Mar/2023:01:23:53 +0000] "GET /wp-content/uploads/2021/07/20210730_072912.jpg HTTP/1.1" 200 117851 "https://bigbrotherjunkies.com/big-brother-23-thursday-recap-for-7-29-21/" "Mozilla/5.0 (Windows NT 10.0; Win64; x64) AppleWebKit/537.36 (KHTML, like Gecko) Chrome/111.0.0.0 Safari/537.36 Edg/111.0.1661.44"
