2601:19c:5301:a710:88b7:bfd0:23d5:9451 - - [25/Mar/2023:01:56:28 +0000] "GET /wp-json/wp/v2/block-patterns/categories?_locale=user HTTP/1.0" 200 1146 "https://bigbrotherjunkies.com/wp-admin/post-new.php?post_type=page" "Mozilla/5.0 (Windows NT 10.0; Win64; x64) AppleWebKit/537.36 (KHTML, like Gecko) Chrome/111.0.0.0 Safari/537.36"
2601:19c:5301:a710:88b7:bfd0:23d5:9451 - - [25/Mar/2023:01:56:28 +0000] "GET /wp-json/wp/v2/block-patterns/patterns?_locale=user HTTP/1.0" 200 13651 "https://bigbrotherjunkies.com/wp-admin/post-new.php?post_type=page" "Mozilla/5.0 (Windows NT 10.0; Win64; x64) AppleWebKit/537.36 (KHTML, like Gecko) Chrome/111.0.0.0 Safari/537.36"
2601:19c:5301:a710:88b7:bfd0:23d5:9451 - - [25/Mar/2023:01:56:28 +0000] "GET /wp-json/wp/v2/pages?context=edit&per_page=100&exclude=50287&parent_exclude=50287&orderby=menu_order&order=asc&_fields=id%2Ctitle%2Cparent&_locale=user HTTP/1.0" 200 1568 "https://bigbrotherjunkies.com/wp-admin/post-new.php?post_type=page" "Mozilla/5.0 (Windows NT 10.0; Win64; x64) AppleWebKit/537.36 (KHTML, like Gecko) Chrome/111.0.0.0 Safari/537.36"
2601:19c:5301:a710:88b7:bfd0:23d5:9451 - - [25/Mar/2023:01:56:28 +0000] "GET /wp-json/?_fields=description%2Cgmt_offset%2Chome%2Cname%2Csite_icon%2Csite_icon_url%2Csite_logo%2Ctimezone_string%2Curl&_locale=user HTTP/1.0" 200 1350 "https://bigbrotherjunkies.com/wp-admin/post-new.php?post_type=page" "Mozilla/5.0 (Windows NT 10.0; Win64; x64) AppleWebKit/537.36 (KHTML, like Gecko) Chrome/111.0.0.0 Safari/537.36"
2601:19c:5301:a710:88b7:bfd0:23d5:9451 - - [25/Mar/2023:01:56:28 +0000] "GET /wp-json/wp/v2/taxonomies?context=edit&per_page=100&_locale=user HTTP/1.0" 200 2249 "https://bigbrotherjunkies.com/wp-admin/post-new.php?post_type=page" "Mozilla/5.0 (Windows NT 10.0; Win64; x64) AppleWebKit/537.36 (KHTML, like Gecko) Chrome/111.0.0.0 Safari/537.36"
2601:19c:5301:a710:88b7:bfd0:23d5:9451 - - [25/Mar/2023:01:56:28 +0000] "GET /wp-json/wp/v2/users?context=view&who=authors&per_page=50&_fields=id%2Cname&_locale=user HTTP/1.0" 200 1349 "https://bigbrotherjunkies.com/wp-admin/post-new.php?post_type=page" "Mozilla/5.0 (Windows NT 10.0; Win64; x64) AppleWebKit/537.36 (KHTML, like Gecko) Chrome/111.0.0.0 Safari/537.36"
2601:19c:5301:a710:88b7:bfd0:23d5:9451 - - [25/Mar/2023:01:56:28 +0000] "OPTIONS /wp-json/wp/v2/pages/50287?_locale=user HTTP/1.0" 200 2766 "https://bigbrotherjunkies.com/wp-admin/post-new.php?post_type=page" "Mozilla/5.0 (Windows NT 10.0; Win64; x64) AppleWebKit/537.36 (KHTML, like Gecko) Chrome/111.0.0.0 Safari/537.36"
2601:19c:5301:a710:88b7:bfd0:23d5:9451 - - [25/Mar/2023:01:56:28 +0000] "GET /wp-json/wp/v2/themes?context=edit&status=active&_locale=user HTTP/1.0" 200 1594 "https://bigbrotherjunkies.com/wp-admin/post-new.php?post_type=page" "Mozilla/5.0 (Windows NT 10.0; Win64; x64) AppleWebKit/537.36 (KHTML, like Gecko) Chrome/111.0.0.0 Safari/537.36"
2601:19c:5301:a710:88b7:bfd0:23d5:9451 - - [25/Mar/2023:01:56:28 +0000] "GET /wp-json/wp/v2/blocks?context=edit&_locale=user HTTP/1.0" 200 1995 "https://bigbrotherjunkies.com/wp-admin/post-new.php?post_type=page" "Mozilla/5.0 (Windows NT 10.0; Win64; x64) AppleWebKit/537.36 (KHTML, like Gecko) Chrome/111.0.0.0 Safari/537.36"
2601:19c:5301:a710:88b7:bfd0:23d5:9451 - - [25/Mar/2023:01:56:28 +0000] "GET /?page_id=50287&_wp-find-template=true HTTP/1.0" 200 15871 "https://bigbrotherjunkies.com/wp-admin/post-new.php?post_type=page" "Mozilla/5.0 (Windows NT 10.0; Win64; x64) AppleWebKit/537.36 (KHTML, like Gecko) Chrome/111.0.0.0 Safari/537.36"
2601:19c:5301:a710:88b7:bfd0:23d5:9451 - - [25/Mar/2023:01:56:30 +0000] "POST /wp-admin/admin-ajax.php HTTP/1.0" 200 636 "https://bigbrotherjunkies.com/wp-admin/post-new.php?post_type=page" "Mozilla/5.0 (Windows NT 10.0; Win64; x64) AppleWebKit/537.36 (KHTML, like Gecko) Chrome/111.0.0.0 Safari/537.36"
2601:19c:5301:a710:88b7:bfd0:23d5:9451 - - [25/Mar/2023:01:56:30 +0000] "GET /wp-admin/edit.php?post_type=page HTTP/1.0" 200 34345 "https://bigbrotherjunkies.com/wp-admin/" "Mozilla/5.0 (Windows NT 10.0; Win64; x64) AppleWebKit/537.36 (KHTML, like Gecko) Chrome/111.0.0.0 Safari/537.36"
2601:19c:5301:a710:88b7:bfd0:23d5:9451 - - [25/Mar/2023:01:56:31 +0000] "POST /wp-admin/admin-ajax.php HTTP/1.0" 200 689 "https://bigbrotherjunkies.com/wp-admin/edit.php?post_type=page" "Mozilla/5.0 (Windows NT 10.0; Win64; x64) AppleWebKit/537.36 (KHTML, like Gecko) Chrome/111.0.0.0 Safari/537.36"
2601:19c:5301:a710:88b7:bfd0:23d5:9451 - - [25/Mar/2023:01:56:33 +0000] "GET /wp-admin/post-new.php?post_type=page HTTP/1.0" 200 1234882 "https://bigbrotherjunkies.com/wp-admin/edit.php?post_type=page" "Mozilla/5.0 (Windows NT 10.0; Win64; x64) AppleWebKit/537.36 (KHTML, like Gecko) Chrome/111.0.0.0 Safari/537.36"
2601:19c:5301:a710:88b7:bfd0:23d5:9451 - - [25/Mar/2023:01:56:34 +0000] "POST /wp-admin/admin-ajax.php?_locale=user HTTP/1.0" 200 9276 "https://bigbrotherjunkies.com/wp-admin/post-new.php?post_type=page" "Mozilla/5.0 (Windows NT 10.0; Win64; x64) AppleWebKit/537.36 (KHTML, like Gecko) Chrome/111.0.0.0 Safari/537.36"
2601:19c:5301:a710:88b7:bfd0:23d5:9451 - - [25/Mar/2023:01:56:34 +0000] "GET /wp-json/wp/v2/blocks?context=edit&per_page=100&_locale=user HTTP/1.0" 200 1995 "https://bigbrotherjunkies.com/wp-admin/post-new.php?post_type=page" "Mozilla/5.0 (Windows NT 10.0; Win64; x64) AppleWebKit/537.36 (KHTML, like Gecko) Chrome/111.0.0.0 Safari/537.36"
2601:19c:5301:a710:88b7:bfd0:23d5:9451 - - [25/Mar/2023:01:56:34 +0000] "GET /wp-json/wp/v2/block-patterns/categories?_locale=user HTTP/1.0" 200 1146 "https://bigbrotherjunkies.com/wp-admin/post-new.php?post_type=page" "Mozilla/5.0 (Windows NT 10.0; Win64; x64) AppleWebKit/537.36 (KHTML, like Gecko) Chrome/111.0.0.0 Safari/537.36"
2601:19c:5301:a710:88b7:bfd0:23d5:9451 - - [25/Mar/2023:01:56:34 +0000] "OPTIONS /wp-json/wp/v2/pages/50288?_locale=user HTTP/1.0" 200 2766 "https://bigbrotherjunkies.com/wp-admin/post-new.php?post_type=page" "Mozilla/5.0 (Windows NT 10.0; Win64; x64) AppleWebKit/537.36 (KHTML, like Gecko) Chrome/111.0.0.0 Safari/537.36"
2601:19c:5301:a710:88b7:bfd0:23d5:9451 - - [25/Mar/2023:01:56:34 +0000] "GET /wp-json/wp/v2/taxonomies?context=edit&per_page=100&_locale=user HTTP/1.0" 200 2249 "https://bigbrotherjunkies.com/wp-admin/post-new.php?post_type=page" "Mozilla/5.0 (Windows NT 10.0; Win64; x64) AppleWebKit/537.36 (KHTML, like Gecko) Chrome/111.0.0.0 Safari/537.36"
216.244.66.250 - - [25/Mar/2023:01:56:34 +0000] "GET /search/%EA%B3%BC%EC%B2%9C%EC%BD%9C%EA%B1%B8%EC%B6%94%EC%B2%9C%E3%80%90%EC%B9%B4%ED%86%A1-+Mo27%E3%80%91%E3%80%90Po+o34.c%EF%BC%90M%E3%80%91%EC%B6%9C%EC%9E%A5%EC%B5%9C%EA%B0%95%EB%AF%B8%EB%85%80%EC%B6%9C%EC%9E%A5%EB%AA%B8%EB%A7%A4%EC%B5%9C%EA%B3%A0Y%E2%99%A9%E2%97%A52019-03-12-12-33%EA%B3%BC%EC%B2%9C%E2%9D%81AIJ%E2%99%AA%EC%B6%9C%EC%9E%A5%EC%B5%9C%EA%B0%95%EB%AF%B8%EB%85%80%EC%B6%9C%EC%9E%A5%EC%97%B0%EC%95%A0%EC%9D%B8%EA%B8%89%EC%B6%9C%EC%9E%A5%EC%95%88%EB%A7%88%EC%B6%94%EC%25 HTTP/1.1" 200 10833 "-" "Mozilla/5.0 (compatible; DotBot/1.2; +https://opensiteexplorer.org/dotbot; help@moz.com)"
2601:19c:5301:a710:88b7:bfd0:23d5:9451 - - [25/Mar/2023:01:56:34 +0000] "GET /wp-json/wp/v2/block-patterns/patterns?_locale=user HTTP/1.0" 200 13651 "https://bigbrotherjunkies.com/wp-admin/post-new.php?post_type=page" "Mozilla/5.0 (Windows NT 10.0; Win64; x64) AppleWebKit/537.36 (KHTML, like Gecko) Chrome/111.0.0.0 Safari/537.36"
2601:19c:5301:a710:88b7:bfd0:23d5:9451 - - [25/Mar/2023:01:56:34 +0000] "GET /wp-json/?_fields=description%2Cgmt_offset%2Chome%2Cname%2Csite_icon%2Csite_icon_url%2Csite_logo%2Ctimezone_string%2Curl&_locale=user HTTP/1.0" 200 1350 "https://bigbrotherjunkies.com/wp-admin/post-new.php?post_type=page" "Mozilla/5.0 (Windows NT 10.0; Win64; x64) AppleWebKit/537.36 (KHTML, like Gecko) Chrome/111.0.0.0 Safari/537.36"
2601:19c:5301:a710:88b7:bfd0:23d5:9451 - - [25/Mar/2023:01:56:34 +0000] "GET /wp-json/wp/v2/pages?context=edit&per_page=100&exclude=50288&parent_exclude=50288&orderby=menu_order&order=asc&_fields=id%2Ctitle%2Cparent&_locale=user HTTP/1.0" 200 1568 "https://bigbrotherjunkies.com/wp-admin/post-new.php?post_type=page" "Mozilla/5.0 (Windows NT 10.0; Win64; x64) AppleWebKit/537.36 (KHTML, like Gecko) Chrome/111.0.0.0 Safari/537.36"
2601:19c:5301:a710:88b7:bfd0:23d5:9451 - - [25/Mar/2023:01:56:34 +0000] "GET /wp-json/wp/v2/blocks?context=edit&_locale=user HTTP/1.0" 200 1995 "https://bigbrotherjunkies.com/wp-admin/post-new.php?post_type=page" "Mozilla/5.0 (Windows NT 10.0; Win64; x64) AppleWebKit/537.36 (KHTML, like Gecko) Chrome/111.0.0.0 Safari/537.36"
2601:19c:5301:a710:88b7:bfd0:23d5:9451 - - [25/Mar/2023:01:56:34 +0000] "GET /wp-json/wp/v2/users?context=view&who=authors&per_page=50&_fields=id%2Cname&_locale=user HTTP/1.0" 200 1349 "https://bigbrotherjunkies.com/wp-admin/post-new.php?post_type=page" "Mozilla/5.0 (Windows NT 10.0; Win64; x64) AppleWebKit/537.36 (KHTML, like Gecko) Chrome/111.0.0.0 Safari/537.36"
2601:19c:5301:a710:88b7:bfd0:23d5:9451 - - [25/Mar/2023:01:56:34 +0000] "GET /?page_id=50288&_wp-find-template=true HTTP/1.0" 200 15868 "https://bigbrotherjunkies.com/wp-admin/post-new.php?post_type=page" "Mozilla/5.0 (Windows NT 10.0; Win64; x64) AppleWebKit/537.36 (KHTML, like Gecko) Chrome/111.0.0.0 Safari/537.36"
2601:19c:5301:a710:88b7:bfd0:23d5:9451 - - [25/Mar/2023:01:56:35 +0000] "GET /wp-json/wp/v2/themes?context=edit&status=active&_locale=user HTTP/1.0" 200 1594 "https://bigbrotherjunkies.com/wp-admin/post-new.php?post_type=page" "Mozilla/5.0 (Windows NT 10.0; Win64; x64) AppleWebKit/537.36 (KHTML, like Gecko) Chrome/111.0.0.0 Safari/537.36"
137.184.144.15 - - [25/Mar/2023:01:56:45 +0000] "POST /wp-cron.php?doing_wp_cron=1679709405.2167580127716064453125 HTTP/1.0" 200 345 "https://bigbrotherjunkies.com/wp-cron.php?doing_wp_cron=1679709405.2167580127716064453125" "WordPress/6.1.1; https://bigbrotherjunkies.com"
2601:19c:5301:a710:88b7:bfd0:23d5:9451 - - [25/Mar/2023:01:56:44 +0000] "POST /wp-admin/admin-ajax.php HTTP/1.0" 200 636 "https://bigbrotherjunkies.com/wp-admin/post-new.php?post_type=page" "Mozilla/5.0 (Windows NT 10.0; Win64; x64) AppleWebKit/537.36 (KHTML, like Gecko) Chrome/111.0.0.0 Safari/537.36"
2601:19c:5301:a710:88b7:bfd0:23d5:9451 - - [25/Mar/2023:01:56:44 +0000] "GET /wp-admin/edit.php?post_type=page HTTP/1.0" 200 34344 "https://bigbrotherjunkies.com/wp-admin/" "Mozilla/5.0 (Windows NT 10.0; Win64; x64) AppleWebKit/537.36 (KHTML, like Gecko) Chrome/111.0.0.0 Safari/537.36"
216.244.66.250 - - [25/Mar/2023:01:56:45 +0000] "GET /search/%EC%A0%95%EC%9D%8D%ED%9D%A5%EC%B6%9C%EC%9E%A5%EC%95%88%EB%A7%88%E3%80%8A%EC%B9%B4%ED%86%A1-+Po+34%E3%80%8B%E3%80%8EPo+o34.c%EF%BC%90M%E3%80%8F%EC%B6%9C%EC%9E%A5%EC%99%B8%EA%B5%AD%EC%9D%B8%EC%B6%9C%EC%9E%A5%EC%84%9C%EB%B9%84%EC%8A%A4%EB%B3%B4%EC%9E%A5Y%E2%86%97%E2%95%A22019-04-08-18-42%EC%A0%95%EC%9D%8D%E2%94%92AIJ%E2%95%8D%EC%98%A4%ED%94%BC%EC%B6%9C%EC%9E%A5%EC%99%B8%EA%B5%AD%EC%9D%B8%EC%B6%9C%EC%9E%A5%EC%B5%9C%EA%B0%95%EB%AF%B8%EB%85%80%E2%97%8E%EC%B6%9C%EC%9E%A5%EC HTTP/1.1" 200 10844 "-" "Mozilla/5.0 (compatible; DotBot/1.2; +https://opensiteexplorer.org/dotbot; help@moz.com)"
2601:19c:5301:a710:88b7:bfd0:23d5:9451 - - [25/Mar/2023:01:56:45 +0000] "POST /wp-admin/admin-ajax.php HTTP/1.0" 200 689 "https://bigbrotherjunkies.com/wp-admin/edit.php?post_type=page" "Mozilla/5.0 (Windows NT 10.0; Win64; x64) AppleWebKit/537.36 (KHTML, like Gecko) Chrome/111.0.0.0 Safari/537.36"
137.184.144.15 - - [25/Mar/2023:01:56:55 +0000] "POST /wp-cron.php?doing_wp_cron=1679709414.9669001102447509765625 HTTP/1.0" 200 345 "https://bigbrotherjunkies.com/wp-cron.php?doing_wp_cron=1679709414.9669001102447509765625" "WordPress/6.1.1; https://bigbrotherjunkies.com"
216.244.66.250 - - [25/Mar/2023:01:56:54 +0000] "GET /search/%EC%B6%A9%EC%B2%AD%EB%82%A8%EB%8F%84%EC%B6%9C%EC%9E%A5%EC%83%B5%EC%B6%94%EC%B2%9C%28%EC%B9%B4%ED%86%A1%3A+Po+3+4%29%E3%80%8APoo3+4.c%EF%BC%90M%E3%80%8B%EB%AA%A8%ED%85%94%EC%B6%9C%EC%9E%A5%EC%B6%9C%EC%9E%A5%EC%8B%9CY%E2%94%9B%E2%94%932019-02-22-06-59%EC%B6%A9%EC%B2%AD%EB%82%A8%EB%8F%84%E2%9C%A1AIJ%E2%95%8E%EC%B6%9C%EC%9E%A5%EB%AA%B8%EB%A7%A4%EC%B5%9C%EA%B3%A0%EC%98%A4%ED%94%BC%EA%B1%B8%EB%8F%99%EC%B6%9C%EC%9E%A5%EB%A7%88%EC%82%AC%EC%A7%80%E2%98%9C%EC%B6%9C%EC%9E%A5%EC HTTP/1.1" 200 10854 "-" "Mozilla/5.0 (compatible; DotBot/1.2; +https://opensiteexplorer.org/dotbot; help@moz.com)"
137.184.144.15 - - [25/Mar/2023:01:57:02 +0000] "POST /wp-cron.php?doing_wp_cron=1679709422.0910360813140869140625 HTTP/1.0" 200 345 "https://bigbrotherjunkies.com/wp-cron.php?doing_wp_cron=1679709422.0910360813140869140625" "WordPress/6.1.1; https://bigbrotherjunkies.com"
2601:19c:5301:a710:88b7:bfd0:23d5:9451 - - [25/Mar/2023:01:57:01 +0000] "POST /wp-admin/admin-ajax.php HTTP/1.0" 200 689 "https://bigbrotherjunkies.com/wp-admin/edit.php?post_type=page" "Mozilla/5.0 (Windows NT 10.0; Win64; x64) AppleWebKit/537.36 (KHTML, like Gecko) Chrome/111.0.0.0 Safari/537.36"
2601:19c:5301:a710:88b7:bfd0:23d5:9451 - - [25/Mar/2023:01:57:03 +0000] "POST /wp-admin/admin-ajax.php HTTP/1.0" 200 689 "https://bigbrotherjunkies.com/wp-admin/admin.php?page=formidable" "Mozilla/5.0 (Windows NT 10.0; Win64; x64) AppleWebKit/537.36 (KHTML, like Gecko) Chrome/111.0.0.0 Safari/537.36"
216.244.66.250 - - [25/Mar/2023:01:57:14 +0000] "GET /big-brother-15-night-feed-glitch-nominees-revealed/feed/ HTTP/1.0" 301 391 "-" "Mozilla/5.0 (compatible; DotBot/1.2; +https://opensiteexplorer.org/dotbot; help@moz.com)"
216.244.66.250 - - [25/Mar/2023:01:57:27 +0000] "GET /tensions-fill-the-big-brother-house/ HTTP/1.1" 301 352 "-" "Mozilla/5.0 (compatible; DotBot/1.2; +https://opensiteexplorer.org/dotbot; help@moz.com)"
216.244.66.250 - - [25/Mar/2023:01:57:33 +0000] "GET /big-brother-20-thursday-recap-6/feed/ HTTP/1.0" 301 372 "-" "Mozilla/5.0 (compatible; DotBot/1.2; +https://opensiteexplorer.org/dotbot; help@moz.com)"
137.184.144.15 - - [25/Mar/2023:01:58:41 +0000] "POST /wp-cron.php?doing_wp_cron=1679709521.8238229751586914062500 HTTP/1.0" 200 345 "https://bigbrotherjunkies.com/wp-cron.php?doing_wp_cron=1679709521.8238229751586914062500" "WordPress/6.1.1; https://bigbrotherjunkies.com"
66.249.66.89 - - [25/Mar/2023:01:58:41 +0000] "GET /feed/?attachment_id=14528 HTTP/1.0" 200 1760 "-" "Mozilla/5.0 (Linux; Android 6.0.1; Nexus 5X Build/MMB29P) AppleWebKit/537.36 (KHTML, like Gecko) Chrome/111.0.5563.64 Mobile Safari/537.36 (compatible; Googlebot/2.1; +http://www.google.com/bot.html)"
137.184.144.15 - - [25/Mar/2023:01:59:03 +0000] "POST /wp-cron.php?doing_wp_cron=1679709543.1175520420074462890625 HTTP/1.0" 200 345 "https://bigbrotherjunkies.com/wp-cron.php?doing_wp_cron=1679709543.1175520420074462890625" "WordPress/6.1.1; https://bigbrotherjunkies.com"
2601:19c:5301:a710:88b7:bfd0:23d5:9451 - - [25/Mar/2023:01:59:02 +0000] "POST /wp-admin/admin-ajax.php HTTP/1.0" 200 689 "https://bigbrotherjunkies.com/wp-admin/edit.php?post_type=page" "Mozilla/5.0 (Windows NT 10.0; Win64; x64) AppleWebKit/537.36 (KHTML, like Gecko) Chrome/111.0.0.0 Safari/537.36"
2601:19c:5301:a710:88b7:bfd0:23d5:9451 - - [25/Mar/2023:01:59:04 +0000] "POST /wp-admin/admin-ajax.php HTTP/1.0" 200 689 "https://bigbrotherjunkies.com/wp-admin/admin.php?page=formidable" "Mozilla/5.0 (Windows NT 10.0; Win64; x64) AppleWebKit/537.36 (KHTML, like Gecko) Chrome/111.0.0.0 Safari/537.36"
137.184.144.15 - - [25/Mar/2023:01:59:26 +0000] "POST /wp-cron.php?doing_wp_cron=1679709566.9023039340972900390625 HTTP/1.0" 200 345 "https://bigbrotherjunkies.com/wp-cron.php?doing_wp_cron=1679709566.9023039340972900390625" "WordPress/6.1.1; https://bigbrotherjunkies.com"
136.243.220.213 - - [25/Mar/2023:01:59:26 +0000] "GET /comments/feed/ HTTP/1.0" 200 11348 "-" "Mozilla/5.0 (compatible; DataForSeoBot/1.0; +https://dataforseo.com/dataforseo-bot)"
64.233.172.65 - - [25/Mar/2023:02:00:52 +0000] "HEAD /feed/ HTTP/1.0" 301 321 "-" "FeedBurner/1.0 (http://www.FeedBurner.com)"
137.184.144.15 - - [25/Mar/2023:02:00:53 +0000] "POST /wp-cron.php?doing_wp_cron=1679709653.2827839851379394531250 HTTP/1.0" 200 345 "https://bigbrotherjunkies.com/wp-cron.php?doing_wp_cron=1679709653.2827839851379394531250" "WordPress/6.1.1; https://bigbrotherjunkies.com"
64.233.172.182 - - [25/Mar/2023:02:00:53 +0000] "HEAD /feed/ HTTP/1.0" 200 405 "-" "FeedBurner/1.0 (http://www.FeedBurner.com)"
2601:19c:5301:a710:88b7:bfd0:23d5:9451 - - [25/Mar/2023:02:01:03 +0000] "POST /wp-admin/admin-ajax.php HTTP/1.0" 200 689 "https://bigbrotherjunkies.com/wp-admin/edit.php?post_type=page" "Mozilla/5.0 (Windows NT 10.0; Win64; x64) AppleWebKit/537.36 (KHTML, like Gecko) Chrome/111.0.0.0 Safari/537.36"
2601:19c:5301:a710:88b7:bfd0:23d5:9451 - - [25/Mar/2023:02:01:05 +0000] "POST /wp-admin/admin-ajax.php HTTP/1.0" 200 689 "https://bigbrotherjunkies.com/wp-admin/admin.php?page=formidable" "Mozilla/5.0 (Windows NT 10.0; Win64; x64) AppleWebKit/537.36 (KHTML, like Gecko) Chrome/111.0.0.0 Safari/537.36"
114.119.143.133 - - [25/Mar/2023:02:01:07 +0000] "GET /big-brother-nicknames/ HTTP/1.1" 301 338 "-" "Mozilla/5.0 (Linux; Android 7.0;) AppleWebKit/537.36 (KHTML, like Gecko) Mobile Safari/537.36 (compatible; PetalBot;+https://webmaster.petalsearch.com/site/petalbot)"
114.119.143.133 - - [25/Mar/2023:02:01:08 +0000] "GET /big-brother-nicknames/ HTTP/1.1" 404 57425 "-" "Mozilla/5.0 (Linux; Android 7.0;) AppleWebKit/537.36 (KHTML, like Gecko) Mobile Safari/537.36 (compatible; PetalBot;+https://webmaster.petalsearch.com/site/petalbot)"
208.53.44.121 - - [25/Mar/2023:02:01:12 +0000] "GET /wp-content/uploads/2011/08/doomandgloom.jpg HTTP/1.1" 200 28473 "-" "Mozilla/5.0 (X11; Ubuntu; Linux x86_64; rv:72.0) Gecko/20100101 Firefox/72.0"
152.228.220.143 - - [25/Mar/2023:02:01:32 +0000] "GET /big-brother-15-judd-stud/feed/ HTTP/1.0" 301 365 "-" "Mozilla/5.0 (X11; Linux i686) AppleWebKit/537.36 (KHTML, like Gecko) Chrome/30.0.1599.66 Safari/537.36"
152.228.220.143 - - [25/Mar/2023:02:01:32 +0000] "GET /big-brother-15-judd-stud/feed/ HTTP/1.0" 200 12949 "-" "Mozilla/5.0 (X11; Linux i686) AppleWebKit/537.36 (KHTML, like Gecko) Chrome/30.0.1599.66 Safari/537.36"
152.228.220.143 - - [25/Mar/2023:02:01:35 +0000] "GET /big-brother-19-friday-recap/feed/ HTTP/1.0" 301 368 "-" "Mozilla/5.0 (X11; Linux i686) AppleWebKit/537.36 (KHTML, like Gecko) Chrome/30.0.1599.66 Safari/537.36"
152.228.220.143 - - [25/Mar/2023:02:01:36 +0000] "GET /big-brother-19-friday-recap/feed/ HTTP/1.0" 200 15328 "-" "Mozilla/5.0 (X11; Linux i686) AppleWebKit/537.36 (KHTML, like Gecko) Chrome/30.0.1599.66 Safari/537.36"
54.202.141.0 - - [25/Mar/2023:02:01:58 +0000] "GET /big-brother-23-season-recap-part-3/ HTTP/1.1" 301 351 "-" "Mozilla/5.0 (Windows NT 6.1; WOW64) AppleWebKit/537.36 (KHTML, like Gecko) Chrome/56.0.2924.76 Safari/537.36"
54.202.141.0 - - [25/Mar/2023:02:01:58 +0000] "GET /big-brother-21-season-recap-part-2/ HTTP/1.1" 301 351 "-" "Mozilla/5.0 (Windows NT 6.1; WOW64) AppleWebKit/537.36 (KHTML, like Gecko) Chrome/56.0.2924.76 Safari/537.36"
137.184.144.15 - - [25/Mar/2023:02:01:58 +0000] "POST /wp-cron.php?doing_wp_cron=1679709718.7428359985351562500000 HTTP/1.0" 200 345 "https://bigbrotherjunkies.com/wp-cron.php?doing_wp_cron=1679709718.7428359985351562500000" "WordPress/6.1.1; https://bigbrotherjunkies.com"
54.202.141.0 - - [25/Mar/2023:02:01:58 +0000] "GET /big-brother-23-monday-recap-for-9-27-21/ HTTP/1.1" 301 356 "-" "Mozilla/5.0 (Windows NT 6.1; WOW64) AppleWebKit/537.36 (KHTML, like Gecko) Chrome/56.0.2924.76 Safari/537.36"
54.202.141.0 - - [25/Mar/2023:02:01:58 +0000] "GET /big-brother-21-season-recap-part-2/ HTTP/1.1" 200 36783 "https://www.bigbrotherjunkies.com/big-brother-21-season-recap-part-2/" "Mozilla/5.0 (Windows NT 6.1; WOW64) AppleWebKit/537.36 (KHTML, like Gecko) Chrome/56.0.2924.76 Safari/537.36"
54.202.141.0 - - [25/Mar/2023:02:01:58 +0000] "GET /big-brother-23-season-recap-part-3/ HTTP/1.1" 200 34094 "https://www.bigbrotherjunkies.com/big-brother-23-season-recap-part-3/" "Mozilla/5.0 (Windows NT 6.1; WOW64) AppleWebKit/537.36 (KHTML, like Gecko) Chrome/56.0.2924.76 Safari/537.36"
54.202.141.0 - - [25/Mar/2023:02:01:59 +0000] "GET /big-brother-23-wednesday-recap-for-8-19-21/ HTTP/1.1" 301 359 "-" "Mozilla/5.0 (Windows NT 6.1; WOW64) AppleWebKit/537.36 (KHTML, like Gecko) Chrome/56.0.2924.76 Safari/537.36"
54.202.141.0 - - [25/Mar/2023:02:01:59 +0000] "GET /big-brother-23-season-recap-part-1/ HTTP/1.1" 301 351 "-" "Mozilla/5.0 (Windows NT 6.1; WOW64) AppleWebKit/537.36 (KHTML, like Gecko) Chrome/56.0.2924.76 Safari/537.36"
54.202.141.0 - - [25/Mar/2023:02:01:59 +0000] "GET /big-brother-23-monday-recap-for-9-27-21/ HTTP/1.1" 200 32297 "https://www.bigbrotherjunkies.com/big-brother-23-monday-recap-for-9-27-21/" "Mozilla/5.0 (Windows NT 6.1; WOW64) AppleWebKit/537.36 (KHTML, like Gecko) Chrome/56.0.2924.76 Safari/537.36"
54.202.141.0 - - [25/Mar/2023:02:01:59 +0000] "GET /big-brother-23-tuesday-recap-for-9-7-21/ HTTP/1.1" 301 356 "-" "Mozilla/5.0 (Windows NT 6.1; WOW64) AppleWebKit/537.36 (KHTML, like Gecko) Chrome/56.0.2924.76 Safari/537.36"
54.202.141.0 - - [25/Mar/2023:02:01:59 +0000] "GET /big-brother-23-wednesday-recap-for-8-19-21/ HTTP/1.1" 200 32064 "https://www.bigbrotherjunkies.com/big-brother-23-wednesday-recap-for-8-19-21/" "Mozilla/5.0 (Windows NT 6.1; WOW64) AppleWebKit/537.36 (KHTML, like Gecko) Chrome/56.0.2924.76 Safari/537.36"
54.202.141.0 - - [25/Mar/2023:02:01:59 +0000] "GET /big-brother-23-season-recap-part-1/ HTTP/1.1" 200 34038 "https://www.bigbrotherjunkies.com/big-brother-23-season-recap-part-1/" "Mozilla/5.0 (Windows NT 6.1; WOW64) AppleWebKit/537.36 (KHTML, like Gecko) Chrome/56.0.2924.76 Safari/537.36"
54.202.141.0 - - [25/Mar/2023:02:02:00 +0000] "GET /big-brother-23-thursday-recap-for-7-15-21/ HTTP/1.1" 301 358 "-" "Mozilla/5.0 (Windows NT 6.1; WOW64) AppleWebKit/537.36 (KHTML, like Gecko) Chrome/56.0.2924.76 Safari/537.36"
54.202.141.0 - - [25/Mar/2023:02:02:00 +0000] "GET /big-brother-22-sunday-recap-for-10-18-20/ HTTP/1.1" 301 357 "-" "Mozilla/5.0 (Windows NT 6.1; WOW64) AppleWebKit/537.36 (KHTML, like Gecko) Chrome/56.0.2924.76 Safari/537.36"
54.202.141.0 - - [25/Mar/2023:02:02:00 +0000] "GET /big-brother-23-tuesday-recap-for-9-7-21/ HTTP/1.1" 200 36670 "https://www.bigbrotherjunkies.com/big-brother-23-tuesday-recap-for-9-7-21/" "Mozilla/5.0 (Windows NT 6.1; WOW64) AppleWebKit/537.36 (KHTML, like Gecko) Chrome/56.0.2924.76 Safari/537.36"
54.202.141.0 - - [25/Mar/2023:02:02:00 +0000] "GET /big-brother-23-thursday-recap-for-7-15-21/ HTTP/1.1" 200 29691 "https://www.bigbrotherjunkies.com/big-brother-23-thursday-recap-for-7-15-21/" "Mozilla/5.0 (Windows NT 6.1; WOW64) AppleWebKit/537.36 (KHTML, like Gecko) Chrome/56.0.2924.76 Safari/537.36"
54.202.141.0 - - [25/Mar/2023:02:02:00 +0000] "GET /big-brother-23-thursday-recap-for-9-9-21/ HTTP/1.1" 301 357 "-" "Mozilla/5.0 (Windows NT 6.1; WOW64) AppleWebKit/537.36 (KHTML, like Gecko) Chrome/56.0.2924.76 Safari/537.36"
54.202.141.0 - - [25/Mar/2023:02:02:00 +0000] "GET /big-brother-22-sunday-recap-for-10-18-20/ HTTP/1.1" 200 29374 "https://www.bigbrotherjunkies.com/big-brother-22-sunday-recap-for-10-18-20/" "Mozilla/5.0 (Windows NT 6.1; WOW64) AppleWebKit/537.36 (KHTML, like Gecko) Chrome/56.0.2924.76 Safari/537.36"
54.202.141.0 - - [25/Mar/2023:02:02:01 +0000] "GET /big-brother-23-thursday-recap-for-9-9-21/ HTTP/1.1" 200 31377 "https://www.bigbrotherjunkies.com/big-brother-23-thursday-recap-for-9-9-21/" "Mozilla/5.0 (Windows NT 6.1; WOW64) AppleWebKit/537.36 (KHTML, like Gecko) Chrome/56.0.2924.76 Safari/537.36"
152.228.220.143 - - [25/Mar/2023:02:02:01 +0000] "GET /big-brother-21-friday-afternoon-feeds-2/feed/ HTTP/1.0" 200 10854 "-" "Mozilla/5.0 (X11; Linux i686) AppleWebKit/537.36 (KHTML, like Gecko) Chrome/30.0.1599.66 Safari/537.36"
54.202.141.0 - - [25/Mar/2023:02:02:02 +0000] "GET /big-brother-23-season-recap-part-2/ HTTP/1.1" 301 351 "-" "Mozilla/5.0 (Windows NT 6.1; WOW64) AppleWebKit/537.36 (KHTML, like Gecko) Chrome/56.0.2924.76 Safari/537.36"
54.202.141.0 - - [25/Mar/2023:02:02:02 +0000] "GET /big-brother-23-season-recap-part-2/ HTTP/1.1" 200 34758 "https://www.bigbrotherjunkies.com/big-brother-23-season-recap-part-2/" "Mozilla/5.0 (Windows NT 6.1; WOW64) AppleWebKit/537.36 (KHTML, like Gecko) Chrome/56.0.2924.76 Safari/537.36"
54.202.141.0 - - [25/Mar/2023:02:02:03 +0000] "GET /big-brother-23-weekend-recap-7-19-21/ HTTP/1.1" 301 353 "-" "Mozilla/5.0 (Windows NT 6.1; WOW64) AppleWebKit/537.36 (KHTML, like Gecko) Chrome/56.0.2924.76 Safari/537.36"
54.202.141.0 - - [25/Mar/2023:02:02:03 +0000] "GET /big-brother-23-weekend-recap-for-9-12-21/ HTTP/1.1" 301 357 "-" "Mozilla/5.0 (Windows NT 6.1; WOW64) AppleWebKit/537.36 (KHTML, like Gecko) Chrome/56.0.2924.76 Safari/537.36"
54.202.141.0 - - [25/Mar/2023:02:02:03 +0000] "GET /big-brother-23-tuesday-recap-for-9-28-21/ HTTP/1.1" 301 357 "-" "Mozilla/5.0 (Windows NT 6.1; WOW64) AppleWebKit/537.36 (KHTML, like Gecko) Chrome/56.0.2924.76 Safari/537.36"
54.202.141.0 - - [25/Mar/2023:02:02:03 +0000] "GET /big-brother-22-sunday-recap-for-10-4-20/ HTTP/1.1" 301 356 "-" "Mozilla/5.0 (Windows NT 6.1; WOW64) AppleWebKit/537.36 (KHTML, like Gecko) Chrome/56.0.2924.76 Safari/537.36"
54.202.141.0 - - [25/Mar/2023:02:02:03 +0000] "GET /big-brother-22-wednesday-recap-for-9-30-20/ HTTP/1.1" 301 359 "-" "Mozilla/5.0 (Windows NT 6.1; WOW64) AppleWebKit/537.36 (KHTML, like Gecko) Chrome/56.0.2924.76 Safari/537.36"
54.202.141.0 - - [25/Mar/2023:02:02:03 +0000] "GET /big-brother-23-weekend-recap-for-9-12-21/ HTTP/1.1" 200 32343 "https://www.bigbrotherjunkies.com/big-brother-23-weekend-recap-for-9-12-21/" "Mozilla/5.0 (Windows NT 6.1; WOW64) AppleWebKit/537.36 (KHTML, like Gecko) Chrome/56.0.2924.76 Safari/537.36"
54.202.141.0 - - [25/Mar/2023:02:02:03 +0000] "GET /big-brother-23-weekend-recap-7-19-21/ HTTP/1.1" 200 28983 "https://www.bigbrotherjunkies.com/big-brother-23-weekend-recap-7-19-21/" "Mozilla/5.0 (Windows NT 6.1; WOW64) AppleWebKit/537.36 (KHTML, like Gecko) Chrome/56.0.2924.76 Safari/537.36"
54.202.141.0 - - [25/Mar/2023:02:02:03 +0000] "GET /big-brother-22-sunday-recap-for-10-4-20/ HTTP/1.1" 200 33760 "https://www.bigbrotherjunkies.com/big-brother-22-sunday-recap-for-10-4-20/" "Mozilla/5.0 (Windows NT 6.1; WOW64) AppleWebKit/537.36 (KHTML, like Gecko) Chrome/56.0.2924.76 Safari/537.36"
54.202.141.0 - - [25/Mar/2023:02:02:04 +0000] "GET /big-brother-22-saturday-recap-for-8-29-20/ HTTP/1.1" 301 358 "-" "Mozilla/5.0 (Windows NT 6.1; WOW64) AppleWebKit/537.36 (KHTML, like Gecko) Chrome/56.0.2924.76 Safari/537.36"
54.202.141.0 - - [25/Mar/2023:02:02:04 +0000] "GET /big-brother-22-wednesday-recap-for-9-30-20/ HTTP/1.1" 200 33700 "https://www.bigbrotherjunkies.com/big-brother-22-wednesday-recap-for-9-30-20/" "Mozilla/5.0 (Windows NT 6.1; WOW64) AppleWebKit/537.36 (KHTML, like Gecko) Chrome/56.0.2924.76 Safari/537.36"
54.202.141.0 - - [25/Mar/2023:02:02:04 +0000] "GET /big-brother-21-thursday-recap-for-8-29-19/ HTTP/1.1" 301 358 "-" "Mozilla/5.0 (Windows NT 6.1; WOW64) AppleWebKit/537.36 (KHTML, like Gecko) Chrome/56.0.2924.76 Safari/537.36"
54.202.141.0 - - [25/Mar/2023:02:02:04 +0000] "GET /big-brother-22-saturday-recap-for-8-29-20/ HTTP/1.1" 200 34410 "https://www.bigbrotherjunkies.com/big-brother-22-saturday-recap-for-8-29-20/" "Mozilla/5.0 (Windows NT 6.1; WOW64) AppleWebKit/537.36 (KHTML, like Gecko) Chrome/56.0.2924.76 Safari/537.36"
54.202.141.0 - - [25/Mar/2023:02:02:04 +0000] "GET /big-brother-21-saturday-recap-for-9-7-19/ HTTP/1.1" 301 357 "-" "Mozilla/5.0 (Windows NT 6.1; WOW64) AppleWebKit/537.36 (KHTML, like Gecko) Chrome/56.0.2924.76 Safari/537.36"
54.202.141.0 - - [25/Mar/2023:02:02:04 +0000] "GET /big-brother-21-wednesday-recap-2/ HTTP/1.1" 200 30197 "-" "Mozilla/5.0 (Windows NT 6.1; WOW64) AppleWebKit/537.36 (KHTML, like Gecko) Chrome/56.0.2924.76 Safari/537.36"
152.228.220.143 - - [25/Mar/2023:02:02:05 +0000] "GET /big-brother-14-heard-bb-danielle-nurse/feed/ HTTP/1.0" 301 379 "-" "Mozilla/5.0 (X11; Linux i686) AppleWebKit/537.36 (KHTML, like Gecko) Chrome/30.0.1599.66 Safari/537.36"
54.202.141.0 - - [25/Mar/2023:02:02:05 +0000] "GET /big-brother-21-thursday-recap-for-8-29-19/ HTTP/1.1" 200 33202 "https://www.bigbrotherjunkies.com/big-brother-21-thursday-recap-for-8-29-19/" "Mozilla/5.0 (Windows NT 6.1; WOW64) AppleWebKit/537.36 (KHTML, like Gecko) Chrome/56.0.2924.76 Safari/537.36"
54.202.141.0 - - [25/Mar/2023:02:02:05 +0000] "GET /big-brother-22-friday-recap-for-9-4-20/ HTTP/1.1" 301 355 "-" "Mozilla/5.0 (Windows NT 6.1; WOW64) AppleWebKit/537.36 (KHTML, like Gecko) Chrome/56.0.2924.76 Safari/537.36"
54.202.141.0 - - [25/Mar/2023:02:02:05 +0000] "GET /big-brother-21-saturday-recap-for-9-7-19/ HTTP/1.1" 200 36431 "https://www.bigbrotherjunkies.com/big-brother-21-saturday-recap-for-9-7-19/" "Mozilla/5.0 (Windows NT 6.1; WOW64) AppleWebKit/537.36 (KHTML, like Gecko) Chrome/56.0.2924.76 Safari/537.36"
54.202.141.0 - - [25/Mar/2023:02:02:05 +0000] "GET /big-brother-22-tuesday-recap-for-10-6-20/ HTTP/1.1" 301 357 "-" "Mozilla/5.0 (Windows NT 6.1; WOW64) AppleWebKit/537.36 (KHTML, like Gecko) Chrome/56.0.2924.76 Safari/537.36"
152.228.220.143 - - [25/Mar/2023:02:02:05 +0000] "GET /big-brother-14-heard-bb-danielle-nurse/feed/ HTTP/1.0" 200 13615 "-" "Mozilla/5.0 (X11; Linux i686) AppleWebKit/537.36 (KHTML, like Gecko) Chrome/30.0.1599.66 Safari/537.36"
54.202.141.0 - - [25/Mar/2023:02:02:06 +0000] "GET /big-brother-22-friday-recap-for-8-7-20/ HTTP/1.1" 301 355 "-" "Mozilla/5.0 (Windows NT 6.1; WOW64) AppleWebKit/537.36 (KHTML, like Gecko) Chrome/56.0.2924.76 Safari/537.36"
54.202.141.0 - - [25/Mar/2023:02:02:05 +0000] "GET /big-brother-22-friday-recap-for-9-4-20/ HTTP/1.1" 200 29648 "https://www.bigbrotherjunkies.com/big-brother-22-friday-recap-for-9-4-20/" "Mozilla/5.0 (Windows NT 6.1; WOW64) AppleWebKit/537.36 (KHTML, like Gecko) Chrome/56.0.2924.76 Safari/537.36"
54.202.141.0 - - [25/Mar/2023:02:02:06 +0000] "GET /big-brother-22-tuesday-recap-for-10-6-20/ HTTP/1.1" 200 32678 "https://www.bigbrotherjunkies.com/big-brother-22-tuesday-recap-for-10-6-20/" "Mozilla/5.0 (Windows NT 6.1; WOW64) AppleWebKit/537.36 (KHTML, like Gecko) Chrome/56.0.2924.76 Safari/537.36"
54.202.141.0 - - [25/Mar/2023:02:02:06 +0000] "GET /big-brother-23-monday-recap-for-8-23-21/ HTTP/1.1" 301 356 "-" "Mozilla/5.0 (Windows NT 6.1; WOW64) AppleWebKit/537.36 (KHTML, like Gecko) Chrome/56.0.2924.76 Safari/537.36"
54.202.141.0 - - [25/Mar/2023:02:02:06 +0000] "GET /big-brother-21-thursday-recap-for-8-8-19/ HTTP/1.1" 301 357 "-" "Mozilla/5.0 (Windows NT 6.1; WOW64) AppleWebKit/537.36 (KHTML, like Gecko) Chrome/56.0.2924.76 Safari/537.36"
54.202.141.0 - - [25/Mar/2023:02:02:06 +0000] "GET /big-brother-22-friday-recap-for-8-7-20/ HTTP/1.1" 200 32632 "https://www.bigbrotherjunkies.com/big-brother-22-friday-recap-for-8-7-20/" "Mozilla/5.0 (Windows NT 6.1; WOW64) AppleWebKit/537.36 (KHTML, like Gecko) Chrome/56.0.2924.76 Safari/537.36"
54.202.141.0 - - [25/Mar/2023:02:02:07 +0000] "GET /big-brother-20-thursday-recap-2/ HTTP/1.1" 301 348 "-" "Mozilla/5.0 (Windows NT 6.1; WOW64) AppleWebKit/537.36 (KHTML, like Gecko) Chrome/56.0.2924.76 Safari/537.36"
54.202.141.0 - - [25/Mar/2023:02:02:07 +0000] "GET /big-brother-21-thursday-recap-4/ HTTP/1.1" 200 32546 "-" "Mozilla/5.0 (Windows NT 6.1; WOW64) AppleWebKit/537.36 (KHTML, like Gecko) Chrome/56.0.2924.76 Safari/537.36"
54.202.141.0 - - [25/Mar/2023:02:02:07 +0000] "GET /big-brother-22-wednesday-recap-for-10-14-20/ HTTP/1.1" 301 360 "-" "Mozilla/5.0 (Windows NT 6.1; WOW64) AppleWebKit/537.36 (KHTML, like Gecko) Chrome/56.0.2924.76 Safari/537.36"
54.202.141.0 - - [25/Mar/2023:02:02:07 +0000] "GET /big-brother-23-monday-recap-for-8-23-21/ HTTP/1.1" 200 32058 "https://www.bigbrotherjunkies.com/big-brother-23-monday-recap-for-8-23-21/" "Mozilla/5.0 (Windows NT 6.1; WOW64) AppleWebKit/537.36 (KHTML, like Gecko) Chrome/56.0.2924.76 Safari/537.36"
54.202.141.0 - - [25/Mar/2023:02:02:07 +0000] "GET /big-brother-21-thursday-recap-for-8-8-19/ HTTP/1.1" 200 31957 "https://www.bigbrotherjunkies.com/big-brother-21-thursday-recap-for-8-8-19/" "Mozilla/5.0 (Windows NT 6.1; WOW64) AppleWebKit/537.36 (KHTML, like Gecko) Chrome/56.0.2924.76 Safari/537.36"
54.202.141.0 - - [25/Mar/2023:02:02:07 +0000] "GET /big-brother-22-thursday-recap-for-10-1-20/ HTTP/1.1" 301 358 "-" "Mozilla/5.0 (Windows NT 6.1; WOW64) AppleWebKit/537.36 (KHTML, like Gecko) Chrome/56.0.2924.76 Safari/537.36"
54.202.141.0 - - [25/Mar/2023:02:02:07 +0000] "GET /big-brother-20-thursday-recap-2/ HTTP/1.1" 200 30342 "https://www.bigbrotherjunkies.com/big-brother-20-thursday-recap-2/" "Mozilla/5.0 (Windows NT 6.1; WOW64) AppleWebKit/537.36 (KHTML, like Gecko) Chrome/56.0.2924.76 Safari/537.36"
54.202.141.0 - - [25/Mar/2023:02:02:07 +0000] "GET /big-brother-22-wednesday-recap-for-10-14-20/ HTTP/1.1" 200 35956 "https://www.bigbrotherjunkies.com/big-brother-22-wednesday-recap-for-10-14-20/" "Mozilla/5.0 (Windows NT 6.1; WOW64) AppleWebKit/537.36 (KHTML, like Gecko) Chrome/56.0.2924.76 Safari/537.36"
54.202.141.0 - - [25/Mar/2023:02:02:08 +0000] "GET /big-brother-junkies-sunday-recap-for-8-18-19/ HTTP/1.1" 301 361 "-" "Mozilla/5.0 (Windows NT 6.1; WOW64) AppleWebKit/537.36 (KHTML, like Gecko) Chrome/56.0.2924.76 Safari/537.36"
54.202.141.0 - - [25/Mar/2023:02:02:08 +0000] "GET /big-brother-22-thursday-recap-for-9-24-20/ HTTP/1.1" 301 358 "-" "Mozilla/5.0 (Windows NT 6.1; WOW64) AppleWebKit/537.36 (KHTML, like Gecko) Chrome/56.0.2924.76 Safari/537.36"
54.202.141.0 - - [25/Mar/2023:02:02:08 +0000] "GET /big-brother-22-thursday-recap-for-10-1-20/ HTTP/1.1" 200 34080 "https://www.bigbrotherjunkies.com/big-brother-22-thursday-recap-for-10-1-20/" "Mozilla/5.0 (Windows NT 6.1; WOW64) AppleWebKit/537.36 (KHTML, like Gecko) Chrome/56.0.2924.76 Safari/537.36"
54.202.141.0 - - [25/Mar/2023:02:02:08 +0000] "GET /lime-cat-1/ HTTP/1.1" 200 11606 "-" "Mozilla/5.0 (Windows NT 6.1; WOW64) AppleWebKit/537.36 (KHTML, like Gecko) Chrome/56.0.2924.76 Safari/537.36"
54.202.141.0 - - [25/Mar/2023:02:02:08 +0000] "GET /big-brother-22-thursday-recap-for-9-24-20/ HTTP/1.1" 200 32805 "https://www.bigbrotherjunkies.com/big-brother-22-thursday-recap-for-9-24-20/" "Mozilla/5.0 (Windows NT 6.1; WOW64) AppleWebKit/537.36 (KHTML, like Gecko) Chrome/56.0.2924.76 Safari/537.36"
54.202.141.0 - - [25/Mar/2023:02:02:08 +0000] "GET /big-brother-junkies-sunday-recap-for-8-18-19/ HTTP/1.1" 200 29947 "https://www.bigbrotherjunkies.com/big-brother-junkies-sunday-recap-for-8-18-19/" "Mozilla/5.0 (Windows NT 6.1; WOW64) AppleWebKit/537.36 (KHTML, like Gecko) Chrome/56.0.2924.76 Safari/537.36"
54.202.141.0 - - [25/Mar/2023:02:02:08 +0000] "GET /big-brother-21-friday-recap-3/ HTTP/1.1" 200 30391 "-" "Mozilla/5.0 (Windows NT 6.1; WOW64) AppleWebKit/537.36 (KHTML, like Gecko) Chrome/56.0.2924.76 Safari/537.36"
54.202.141.0 - - [25/Mar/2023:02:02:09 +0000] "GET /big-brother-21-saturday-recap-3/ HTTP/1.1" 200 29762 "-" "Mozilla/5.0 (Windows NT 6.1; WOW64) AppleWebKit/537.36 (KHTML, like Gecko) Chrome/56.0.2924.76 Safari/537.36"
54.202.141.0 - - [25/Mar/2023:02:02:09 +0000] "GET /you-played-yourself-by-mel/ HTTP/1.1" 200 34412 "-" "Mozilla/5.0 (Windows NT 6.1; WOW64) AppleWebKit/537.36 (KHTML, like Gecko) Chrome/56.0.2924.76 Safari/537.36"
54.202.141.0 - - [25/Mar/2023:02:02:09 +0000] "GET /big-brother-21-friday-recap-for-8-30-19/ HTTP/1.1" 200 33729 "-" "Mozilla/5.0 (Windows NT 6.1; WOW64) AppleWebKit/537.36 (KHTML, like Gecko) Chrome/56.0.2924.76 Safari/537.36"
54.202.141.0 - - [25/Mar/2023:02:02:09 +0000] "GET /wednesday-overnight-report/ HTTP/1.1" 200 30165 "-" "Mozilla/5.0 (Windows NT 6.1; WOW64) AppleWebKit/537.36 (KHTML, like Gecko) Chrome/56.0.2924.76 Safari/537.36"
54.202.141.0 - - [25/Mar/2023:02:02:10 +0000] "GET /big-brother-21-saturday-recap-3/ HTTP/1.1" 301 348 "-" "Mozilla/5.0 (Windows NT 6.1; WOW64) AppleWebKit/537.36 (KHTML, like Gecko) Chrome/56.0.2924.76 Safari/537.36"
54.202.141.0 - - [25/Mar/2023:02:02:11 +0000] "GET /do-we-hate-the-player-or-hate-the-game/ HTTP/1.1" 200 29513 "-" "Mozilla/5.0 (Windows NT 6.1; WOW64) AppleWebKit/537.36 (KHTML, like Gecko) Chrome/56.0.2924.76 Safari/537.36"
54.202.141.0 - - [25/Mar/2023:02:02:11 +0000] "GET /big-brother-22-saturday-recap-for-8-22-20/ HTTP/1.1" 301 358 "-" "Mozilla/5.0 (Windows NT 6.1; WOW64) AppleWebKit/537.36 (KHTML, like Gecko) Chrome/56.0.2924.76 Safari/537.36"
54.202.141.0 - - [25/Mar/2023:02:02:11 +0000] "GET /wednesday-overnight-report/?amp HTTP/1.1" 301 347 "-" "Mozilla/5.0 (Windows NT 6.1; WOW64) AppleWebKit/537.36 (KHTML, like Gecko) Chrome/56.0.2924.76 Safari/537.36"
54.202.141.0 - - [25/Mar/2023:02:02:11 +0000] "GET /big-brother-21-monday-recap-2/ HTTP/1.1" 200 29749 "-" "Mozilla/5.0 (Windows NT 6.1; WOW64) AppleWebKit/537.36 (KHTML, like Gecko) Chrome/56.0.2924.76 Safari/537.36"
54.202.141.0 - - [25/Mar/2023:02:02:11 +0000] "GET /big-brother-22-saturday-recap-for-8-22-20/ HTTP/1.1" 200 30301 "https://www.bigbrotherjunkies.com/big-brother-22-saturday-recap-for-8-22-20/" "Mozilla/5.0 (Windows NT 6.1; WOW64) AppleWebKit/537.36 (KHTML, like Gecko) Chrome/56.0.2924.76 Safari/537.36"
54.202.141.0 - - [25/Mar/2023:02:02:12 +0000] "GET /big-brother-20-jcs-game/ HTTP/1.1" 200 33654 "-" "Mozilla/5.0 (Windows NT 6.1; WOW64) AppleWebKit/537.36 (KHTML, like Gecko) Chrome/56.0.2924.76 Safari/537.36"
54.202.141.0 - - [25/Mar/2023:02:02:12 +0000] "GET /wednesday-overnight-report/?amp HTTP/1.1" 200 30053 "https://www.bigbrotherjunkies.com/wednesday-overnight-report/?amp" "Mozilla/5.0 (Windows NT 6.1; WOW64) AppleWebKit/537.36 (KHTML, like Gecko) Chrome/56.0.2924.76 Safari/537.36"
136.243.220.213 - - [25/Mar/2023:02:02:24 +0000] "GET /comments/feed/ HTTP/1.0" 200 11344 "-" "Mozilla/5.0 (compatible; DataForSeoBot/1.0; +https://dataforseo.com/dataforseo-bot)"
35.237.69.111 - - [25/Mar/2023:02:02:33 +0000] "GET /bigbrother-players/monte-taylor/ HTTP/1.1" 200 15844 "-" "ZoominfoBot (zoominfobot at zoominfo dot com)"
66.249.66.42 - - [25/Mar/2023:02:02:34 +0000] "GET /?cat=-1page%2F64%2Fpage%2F337%2Fpage%2F2%2Fpage%2F3%2Fpage%2F2%2Fpage%2F337%2Fpage%2F3%2Fpage%2F337%2Fpage%2F337%2Fpage%2F337%2Fpage%2F2%2Fpage%2F337%2Fpage%2F2%2Fpage%2F2%2Fpage%2F2%2Fpage%2F337%2Fpage%2F337%2Fpage%2F2%2Fpage%2F337%2Fpage%2F2%2Fpage%2F337%2Fpage%2F3%2Fpage%2F337%2Fpage%2F3%2Fpage%2F2%2Fpage%2F3%2Fpage%2F3%2Fpage%2F2%2Fpage/337/ HTTP/1.1" 200 16610 "-" "Mozilla/5.0 (Linux; Android 6.0.1; Nexus 5X Build/MMB29P) AppleWebKit/537.36 (KHTML, like Gecko) Chrome/111.0.5563.64 Mobile Safari/537.36 (compatible; Googlebot/2.1; +http://www.google.com/bot.html)"
137.184.144.15 - - [25/Mar/2023:02:03:00 +0000] "POST /wp-cron.php?doing_wp_cron=1679709780.0327870845794677734375 HTTP/1.0" 200 345 "https://bigbrotherjunkies.com/wp-cron.php?doing_wp_cron=1679709780.0327870845794677734375" "WordPress/6.1.1; https://bigbrotherjunkies.com"
40.77.167.145 - - [25/Mar/2023:02:02:59 +0000] "GET /big-brother-23-weekend-recap-for-8-15-21/20210816_083425/ HTTP/1.1" 200 11828 "-" "Mozilla/5.0 AppleWebKit/537.36 (KHTML, like Gecko; compatible; bingbot/2.0; +http://www.bing.com/bingbot.htm) Chrome/103.0.5060.134 Safari/537.36"
114.119.148.175 - - [25/Mar/2023:02:03:04 +0000] "GET /&sa=U&ved=2ahUKEwjiqf_fqIT1AhVvtIsKHZVgAl8QFnoECAgQAg&usg=AOvVaw1KwgwE33kPkXwmB1cJZrT_ HTTP/1.1" 301 402 "-" "Mozilla/5.0 (Linux; Android 7.0;) AppleWebKit/537.36 (KHTML, like Gecko) Mobile Safari/537.36 (compatible; PetalBot;+https://webmaster.petalsearch.com/site/petalbot)"
2601:19c:5301:a710:88b7:bfd0:23d5:9451 - - [25/Mar/2023:02:03:04 +0000] "POST /wp-admin/admin-ajax.php HTTP/1.0" 200 689 "https://bigbrotherjunkies.com/wp-admin/edit.php?post_type=page" "Mozilla/5.0 (Windows NT 10.0; Win64; x64) AppleWebKit/537.36 (KHTML, like Gecko) Chrome/111.0.0.0 Safari/537.36"
114.119.148.175 - - [25/Mar/2023:02:03:05 +0000] "GET /&sa=U&ved=2ahUKEwjiqf_fqIT1AhVvtIsKHZVgAl8QFnoECAgQAg&usg=AOvVaw1KwgwE33kPkXwmB1cJZrT_ HTTP/1.1" 404 57425 "-" "Mozilla/5.0 (Linux; Android 7.0;) AppleWebKit/537.36 (KHTML, like Gecko) Mobile Safari/537.36 (compatible; PetalBot;+https://webmaster.petalsearch.com/site/petalbot)"
44.202.128.198 - - [25/Mar/2023:02:03:05 +0000] "GET /feed/ HTTP/1.0" 301 340 "-" "axios/0.15.3"
44.202.128.198 - - [25/Mar/2023:02:03:05 +0000] "GET /feed/ HTTP/1.0" 200 10208 "-" "axios/0.15.3"
2601:19c:5301:a710:88b7:bfd0:23d5:9451 - - [25/Mar/2023:02:03:06 +0000] "POST /wp-admin/admin-ajax.php HTTP/1.0" 200 689 "https://bigbrotherjunkies.com/wp-admin/admin.php?page=formidable" "Mozilla/5.0 (Windows NT 10.0; Win64; x64) AppleWebKit/537.36 (KHTML, like Gecko) Chrome/111.0.0.0 Safari/537.36"
54.224.193.67 - - [25/Mar/2023:02:03:08 +0000] "GET /big-brother-24-live-finale-thread/ HTTP/1.1" 200 27496 "-" "Go-http-client/1.1"
54.224.193.67 - - [25/Mar/2023:02:03:08 +0000] "GET /steves-season-recap-part-3/ HTTP/1.1" 200 28286 "-" "Go-http-client/1.1"
54.224.193.67 - - [25/Mar/2023:02:03:08 +0000] "GET /steves-season-recap-part-1/ HTTP/1.1" 200 26993 "-" "Go-http-client/1.1"
54.224.193.67 - - [25/Mar/2023:02:03:08 +0000] "GET /big-brother-24-turners-game-summary/ HTTP/1.1" 200 37962 "-" "Go-http-client/1.1"
54.224.193.67 - - [25/Mar/2023:02:03:08 +0000] "GET /jennifers-big-brother-after-thoughts/ HTTP/1.1" 200 27732 "-" "Go-http-client/1.1"
54.224.193.67 - - [25/Mar/2023:02:03:08 +0000] "GET /the-amazing-race-mega-thread/ HTTP/1.1" 200 25376 "-" "Go-http-client/1.1"
54.224.193.67 - - [25/Mar/2023:02:03:08 +0000] "GET /steves-season-recap-part-2/ HTTP/1.1" 200 29483 "-" "Go-http-client/1.1"
64.233.172.91 - - [25/Mar/2023:02:03:41 +0000] "HEAD /feed/ HTTP/1.0" 301 321 "-" "FeedBurner/1.0 (http://www.FeedBurner.com)"
152.228.220.143 - - [25/Mar/2023:02:03:42 +0000] "GET /clearing-twist-nominations/feed/ HTTP/1.0" 301 367 "-" "Mozilla/5.0 (X11; Linux i686) AppleWebKit/537.36 (KHTML, like Gecko) Chrome/30.0.1599.66 Safari/537.36"
137.184.144.15 - - [25/Mar/2023:02:03:42 +0000] "POST /wp-cron.php?doing_wp_cron=1679709822.7151350975036621093750 HTTP/1.0" 200 345 "https://bigbrotherjunkies.com/wp-cron.php?doing_wp_cron=1679709822.7151350975036621093750" "WordPress/6.1.1; https://bigbrotherjunkies.com"
64.233.172.179 - - [25/Mar/2023:02:03:42 +0000] "HEAD /feed/ HTTP/1.0" 200 405 "-" "FeedBurner/1.0 (http://www.FeedBurner.com)"
152.228.220.143 - - [25/Mar/2023:02:03:42 +0000] "GET /clearing-twist-nominations/feed/ HTTP/1.0" 200 6785 "-" "Mozilla/5.0 (X11; Linux i686) AppleWebKit/537.36 (KHTML, like Gecko) Chrome/30.0.1599.66 Safari/537.36"
137.184.144.15 - - [25/Mar/2023:02:04:15 +0000] "POST /wp-cron.php?doing_wp_cron=1679709855.2333629131317138671875 HTTP/1.0" 200 345 "https://bigbrotherjunkies.com/wp-cron.php?doing_wp_cron=1679709855.2333629131317138671875" "WordPress/6.1.1; https://bigbrotherjunkies.com"
2601:19c:5301:a710:88b7:bfd0:23d5:9451 - - [25/Mar/2023:02:04:14 +0000] "POST /wp-admin/admin-ajax.php HTTP/1.0" 200 689 "https://bigbrotherjunkies.com/wp-admin/edit.php?post_type=page" "Mozilla/5.0 (Windows NT 10.0; Win64; x64) AppleWebKit/537.36 (KHTML, like Gecko) Chrome/111.0.0.0 Safari/537.36"
2601:19c:5301:a710:88b7:bfd0:23d5:9451 - - [25/Mar/2023:02:04:15 +0000] "GET /wp-admin/post-new.php?post_type=page HTTP/1.0" 200 1234737 "https://bigbrotherjunkies.com/wp-admin/edit.php?post_type=page" "Mozilla/5.0 (Windows NT 10.0; Win64; x64) AppleWebKit/537.36 (KHTML, like Gecko) Chrome/111.0.0.0 Safari/537.36"
2601:19c:5301:a710:88b7:bfd0:23d5:9451 - - [25/Mar/2023:02:04:17 +0000] "POST /wp-admin/admin-ajax.php?_locale=user HTTP/1.0" 200 9276 "https://bigbrotherjunkies.com/wp-admin/post-new.php?post_type=page" "Mozilla/5.0 (Windows NT 10.0; Win64; x64) AppleWebKit/537.36 (KHTML, like Gecko) Chrome/111.0.0.0 Safari/537.36"
2601:19c:5301:a710:88b7:bfd0:23d5:9451 - - [25/Mar/2023:02:04:18 +0000] "GET /wp-json/wp/v2/blocks?context=edit&per_page=100&_locale=user HTTP/1.0" 200 2128 "https://bigbrotherjunkies.com/wp-admin/post-new.php?post_type=page" "Mozilla/5.0 (Windows NT 10.0; Win64; x64) AppleWebKit/537.36 (KHTML, like Gecko) Chrome/111.0.0.0 Safari/537.36"
2601:19c:5301:a710:88b7:bfd0:23d5:9451 - - [25/Mar/2023:02:04:18 +0000] "GET /wp-json/wp/v2/block-patterns/categories?_locale=user HTTP/1.0" 200 1279 "https://bigbrotherjunkies.com/wp-admin/post-new.php?post_type=page" "Mozilla/5.0 (Windows NT 10.0; Win64; x64) AppleWebKit/537.36 (KHTML, like Gecko) Chrome/111.0.0.0 Safari/537.36"
34.91.18.123 - - [25/Mar/2023:02:04:18 +0000] "GET /feed-updates HTTP/1.0" 301 348 "-" "Mozilla/5.0 (Windows NT 6.1) AppleWebKit/537.36 (KHTML, like Gecko) Chrome/108.0.0.0 Safari/537.36"
2601:19c:5301:a710:88b7:bfd0:23d5:9451 - - [25/Mar/2023:02:04:18 +0000] "GET /wp-json/?_fields=description%2Cgmt_offset%2Chome%2Cname%2Csite_icon%2Csite_icon_url%2Csite_logo%2Ctimezone_string%2Curl&_locale=user HTTP/1.0" 200 1483 "https://bigbrotherjunkies.com/wp-admin/post-new.php?post_type=page" "Mozilla/5.0 (Windows NT 10.0; Win64; x64) AppleWebKit/537.36 (KHTML, like Gecko) Chrome/111.0.0.0 Safari/537.36"
34.91.18.123 - - [25/Mar/2023:02:04:18 +0000] "GET /registration HTTP/1.1" 301 329 "-" "Mozilla/5.0 (Windows NT 6.1) AppleWebKit/537.36 (KHTML, like Gecko) Chrome/108.0.0.0 Safari/537.36"
2601:19c:5301:a710:88b7:bfd0:23d5:9451 - - [25/Mar/2023:02:04:18 +0000] "GET /wp-json/wp/v2/block-patterns/patterns?_locale=user HTTP/1.0" 200 13784 "https://bigbrotherjunkies.com/wp-admin/post-new.php?post_type=page" "Mozilla/5.0 (Windows NT 10.0; Win64; x64) AppleWebKit/537.36 (KHTML, like Gecko) Chrome/111.0.0.0 Safari/537.36"
2601:19c:5301:a710:88b7:bfd0:23d5:9451 - - [25/Mar/2023:02:04:18 +0000] "GET /wp-json/wp/v2/pages?context=edit&per_page=100&exclude=50289&parent_exclude=50289&orderby=menu_order&order=asc&_fields=id%2Ctitle%2Cparent&_locale=user HTTP/1.0" 200 1701 "https://bigbrotherjunkies.com/wp-admin/post-new.php?post_type=page" "Mozilla/5.0 (Windows NT 10.0; Win64; x64) AppleWebKit/537.36 (KHTML, like Gecko) Chrome/111.0.0.0 Safari/537.36"
2601:19c:5301:a710:88b7:bfd0:23d5:9451 - - [25/Mar/2023:02:04:18 +0000] "GET /wp-json/wp/v2/users?context=view&who=authors&per_page=50&_fields=id%2Cname&_locale=user HTTP/1.0" 200 1482 "https://bigbrotherjunkies.com/wp-admin/post-new.php?post_type=page" "Mozilla/5.0 (Windows NT 10.0; Win64; x64) AppleWebKit/537.36 (KHTML, like Gecko) Chrome/111.0.0.0 Safari/537.36"
2601:19c:5301:a710:88b7:bfd0:23d5:9451 - - [25/Mar/2023:02:04:18 +0000] "GET /wp-json/wp/v2/taxonomies?context=edit&per_page=100&_locale=user HTTP/1.0" 200 2382 "https://bigbrotherjunkies.com/wp-admin/post-new.php?post_type=page" "Mozilla/5.0 (Windows NT 10.0; Win64; x64) AppleWebKit/537.36 (KHTML, like Gecko) Chrome/111.0.0.0 Safari/537.36"
2601:19c:5301:a710:88b7:bfd0:23d5:9451 - - [25/Mar/2023:02:04:18 +0000] "OPTIONS /wp-json/wp/v2/pages/50289?_locale=user HTTP/1.0" 200 2899 "https://bigbrotherjunkies.com/wp-admin/post-new.php?post_type=page" "Mozilla/5.0 (Windows NT 10.0; Win64; x64) AppleWebKit/537.36 (KHTML, like Gecko) Chrome/111.0.0.0 Safari/537.36"
2601:19c:5301:a710:88b7:bfd0:23d5:9451 - - [25/Mar/2023:02:04:18 +0000] "GET /wp-json/wp/v2/themes?context=edit&status=active&_locale=user HTTP/1.0" 200 1727 "https://bigbrotherjunkies.com/wp-admin/post-new.php?post_type=page" "Mozilla/5.0 (Windows NT 10.0; Win64; x64) AppleWebKit/537.36 (KHTML, like Gecko) Chrome/111.0.0.0 Safari/537.36"
2601:19c:5301:a710:88b7:bfd0:23d5:9451 - - [25/Mar/2023:02:04:18 +0000] "GET /wp-json/wp/v2/blocks?context=edit&_locale=user HTTP/1.0" 200 2128 "https://bigbrotherjunkies.com/wp-admin/post-new.php?post_type=page" "Mozilla/5.0 (Windows NT 10.0; Win64; x64) AppleWebKit/537.36 (KHTML, like Gecko) Chrome/111.0.0.0 Safari/537.36"
2601:19c:5301:a710:88b7:bfd0:23d5:9451 - - [25/Mar/2023:02:04:18 +0000] "GET /?page_id=50289&_wp-find-template=true HTTP/1.0" 200 16003 "https://bigbrotherjunkies.com/wp-admin/post-new.php?post_type=page" "Mozilla/5.0 (Windows NT 10.0; Win64; x64) AppleWebKit/537.36 (KHTML, like Gecko) Chrome/111.0.0.0 Safari/537.36"
34.91.18.123 - - [25/Mar/2023:02:04:19 +0000] "GET /feed-updates/ HTTP/1.0" 200 14631 "-" "Mozilla/5.0 (Windows NT 6.1) AppleWebKit/537.36 (KHTML, like Gecko) Chrome/108.0.0.0 Safari/537.36"
34.91.18.123 - - [25/Mar/2023:02:04:19 +0000] "GET /registration/ HTTP/1.1" 200 14239 "-" "Mozilla/5.0 (Windows NT 6.1) AppleWebKit/537.36 (KHTML, like Gecko) Chrome/108.0.0.0 Safari/537.36"
34.91.18.123 - - [25/Mar/2023:02:04:20 +0000] "GET /feed/ HTTP/1.0" 200 10208 "-" "Mozilla/5.0 (Windows NT 6.1) AppleWebKit/537.36 (KHTML, like Gecko) Chrome/108.0.0.0 Safari/537.36"
34.91.18.123 - - [25/Mar/2023:02:04:20 +0000] "GET /feed HTTP/1.0" 301 438 "-" "Mozilla/5.0 (Windows NT 6.1) AppleWebKit/537.36 (KHTML, like Gecko) Chrome/108.0.0.0 Safari/537.36"
34.91.18.123 - - [25/Mar/2023:02:04:20 +0000] "GET /feeds HTTP/1.0" 301 452 "-" "Mozilla/5.0 (Windows NT 6.1) AppleWebKit/537.36 (KHTML, like Gecko) Chrome/108.0.0.0 Safari/537.36"
34.91.18.123 - - [25/Mar/2023:02:04:20 +0000] "GET /feed/ HTTP/1.0" 200 10209 "-" "Mozilla/5.0 (Windows NT 6.1) AppleWebKit/537.36 (KHTML, like Gecko) Chrome/108.0.0.0 Safari/537.36"
34.91.18.123 - - [25/Mar/2023:02:04:20 +0000] "GET /live-feed-updates/feeds/ HTTP/1.0" 200 11156 "-" "Mozilla/5.0 (Windows NT 6.1) AppleWebKit/537.36 (KHTML, like Gecko) Chrome/108.0.0.0 Safari/537.36"
114.119.143.182 - - [25/Mar/2023:02:04:56 +0000] "GET /tag/dick-donato/ HTTP/1.1" 301 332 "-" "Mozilla/5.0 (Linux; Android 7.0;) AppleWebKit/537.36 (KHTML, like Gecko) Mobile Safari/537.36 (compatible; PetalBot;+https://webmaster.petalsearch.com/site/petalbot)"
137.184.144.15 - - [25/Mar/2023:02:05:03 +0000] "POST /wp-cron.php?doing_wp_cron=1679709903.0850338935852050781250 HTTP/1.0" 200 345 "https://bigbrotherjunkies.com/wp-cron.php?doing_wp_cron=1679709903.0850338935852050781250" "WordPress/6.1.1; https://bigbrotherjunkies.com"
185.174.159.243 - - [25/Mar/2023:02:05:02 +0000] "GET /dashboard HTTP/1.1" 302 409 "https://bigbrotherjunkies.com/dashboard" "Mozilla/5.0 (Windows NT 10.0; Win64; x64) AppleWebKit/537.36 (KHTML, like Gecko) Chrome/103.0.5060.114 Safari/537.36"
