216.244.66.250 - - [25/Mar/2023:01:44:23 +0000] "GET /search/%EC%A0%95%EC%9D%8D%EC%B6%9C%EC%9E%A5%EC%97%AC%EB%8C%80%EC%83%9D%7B%EC%B9%B4%ED%86%A1-+Mo27%7D%E3%80%90Po+o34.c%EF%BC%90M%E3%80%91%EC%B6%9C%EC%9E%A5%EC%95%84%EA%B0%80%EC%94%A8%EC%B6%9C%EC%9E%A5%EC%8B%9CY%E2%96%8C%E2%95%8B2019-04-12-22-13%EC%A0%95%EC%9D%8D%E2%86%AAAIJ%E2%96%B3%EC%BD%9C%EA%B1%B8%EC%B6%9C%EC%9E%A5%EC%95%88%EB%A7%88%EC%97%AD%EC%B6%9C%EC%9E%A5%EC%95%88%EB%A7%88%EC%B6%9C%EC%9E%A5%EC%B5%9C%EA%B0%95%EB%AF%B8%EB%85%80%E2%99%AE%EC%B6%9C%EC%9E%A5%EC%95%88%EB%A7%25 HTTP/1.1" 500 3469 "-" "Mozilla/5.0 (compatible; DotBot/1.2; +https://opensiteexplorer.org/dotbot; help@moz.com)"
216.244.66.250 - - [25/Mar/2023:01:45:25 +0000] "GET /dr-bookey-eviction-spoilers/bb13-week1-evictions-06/ HTTP/1.1" 500 3469 "-" "Mozilla/5.0 (compatible; DotBot/1.2; +https://opensiteexplorer.org/dotbot; help@moz.com)"
34.238.189.196 - - [25/Mar/2023:01:46:03 +0000] "GET /?ezoic_domain_verify=1 HTTP/1.1" 500 3469 "-" "Mozilla/5.0 (Windows NT 6.1; WOW64) AppleWebKit/537.36 (KHTML, like Gecko) Chrome/108.0.0.0 Safari/537.36 X-Middleton/1"
216.244.66.250 - - [25/Mar/2023:01:46:25 +0000] "GET /wp-content/uploads/2013/07/bb15-jessie-kaitlin-bed1.png HTTP/1.1" 200 317818 "-" "Mozilla/5.0 (compatible; DotBot/1.2; +https://opensiteexplorer.org/dotbot; help@moz.com)"
85.202.195.67 - - [25/Mar/2023:01:46:35 +0000] "GET /feed/ HTTP/1.0" 500 3429 "-" "Mozilla/5.0 (Windows NT 6.1; Trident/7.0; rv:11.0) like Gecko"
85.202.195.67 - - [25/Mar/2023:01:46:46 +0000] "GET /feed/ HTTP/1.0" 500 3429 "-" "-"
85.202.195.67 - - [25/Mar/2023:01:46:48 +0000] "GET /feed/ HTTP/1.0" 500 3429 "-" "Mozilla/5.0 (Windows NT 5.1; rv:30.0) Gecko/20100101 Firefox/36.0"
216.244.66.250 - - [25/Mar/2023:01:46:53 +0000] "GET /saturday-feed-updates-in-the-bbott-house/ HTTP/1.1" 500 3469 "-" "Mozilla/5.0 (compatible; DotBot/1.2; +https://opensiteexplorer.org/dotbot; help@moz.com)"
136.243.220.213 - - [25/Mar/2023:01:47:08 +0000] "GET /comments/feed/ HTTP/1.0" 500 3429 "-" "Mozilla/5.0 (compatible; DataForSeoBot/1.0; +https://dataforseo.com/dataforseo-bot)"
66.249.66.32 - - [25/Mar/2023:01:47:50 +0000] "GET /big-brother-23-tuesday-feed-updates-10 HTTP/1.1" 500 3469 "-" "Mozilla/5.0 (compatible; Googlebot/2.1; +http://www.google.com/bot.html)"
66.249.66.10 - - [25/Mar/2023:01:48:11 +0000] "POST /wp-admin/admin-ajax.php HTTP/1.0" 500 533 "https://bigbrotherjunkies.com/big-brother-14-ashley-ian-date-photos/" "Mozilla/5.0 AppleWebKit/537.36 (KHTML, like Gecko; compatible; Googlebot/2.1; +http://www.google.com/bot.html) Chrome/111.0.5563.64 Safari/537.36"
146.70.86.121 - - [25/Mar/2023:01:49:04 +0000] "POST /wp-admin/admin-ajax.php HTTP/1.0" 500 533 "https://bigbrotherjunkies.com/bfgf-big-brother-break/" "Mozilla/5.0 (Macintosh; Intel Mac OS X 10.15; rv:109.0) Gecko/20100101 Firefox/111.0"
2601:19c:5301:a710:88b7:bfd0:23d5:9451 - - [25/Mar/2023:01:49:12 +0000] "GET /wp-admin/ HTTP/1.0" 500 3932 "https://bigbrotherjunkies.com/become-a-supporter/" "Mozilla/5.0 (Windows NT 10.0; Win64; x64) AppleWebKit/537.36 (KHTML, like Gecko) Chrome/111.0.0.0 Safari/537.36"
136.243.220.213 - - [25/Mar/2023:01:49:13 +0000] "GET /comments/feed/ HTTP/1.0" 500 3429 "-" "Mozilla/5.0 (compatible; DataForSeoBot/1.0; +https://dataforseo.com/dataforseo-bot)"
52.0.78.177 - - [25/Mar/2023:01:49:15 +0000] "POST /wp-admin/admin-ajax.php?action=frm_strp_process_events HTTP/1.0" 500 533 "https://bigbrotherjunkies.com/wp-admin/admin-ajax.php?action=frm_strp_process_events" "WordPress/6.1.1; https://api.strategy11.com"
54.187.174.169 - - [25/Mar/2023:01:49:15 +0000] "POST /wp-json/stripe/v1/webhook HTTP/1.0" 500 631 "-" "Stripe/1.0 (+https://stripe.com/docs/webhooks)"
52.0.78.177 - - [25/Mar/2023:01:49:15 +0000] "POST /wp-admin/admin-ajax.php?action=frm_strp_process_events HTTP/1.0" 500 533 "https://bigbrotherjunkies.com/wp-admin/admin-ajax.php?action=frm_strp_process_events" "WordPress/6.1.1; https://api.strategy11.com"
52.0.78.177 - - [25/Mar/2023:01:49:16 +0000] "POST /wp-admin/admin-ajax.php?action=frm_strp_process_events HTTP/1.0" 500 533 "https://bigbrotherjunkies.com/wp-admin/admin-ajax.php?action=frm_strp_process_events" "WordPress/6.1.1; https://api.strategy11.com"
52.0.78.177 - - [25/Mar/2023:01:49:16 +0000] "POST /wp-admin/admin-ajax.php?action=frm_strp_process_events HTTP/1.0" 500 533 "https://bigbrotherjunkies.com/wp-admin/admin-ajax.php?action=frm_strp_process_events" "WordPress/6.1.1; https://api.strategy11.com"
216.244.66.250 - - [25/Mar/2023:01:49:16 +0000] "GET /big-brother-16-cast-member-amber-borzotra/feed/ HTTP/1.0" 500 3429 "-" "Mozilla/5.0 (compatible; DotBot/1.2; +https://opensiteexplorer.org/dotbot; help@moz.com)"
54.187.174.169 - - [25/Mar/2023:01:49:30 +0000] "POST /wp-json/stripe/v1/webhook HTTP/1.0" 500 631 "-" "Stripe/1.0 (+https://stripe.com/docs/webhooks)"
137.184.144.15 - - [25/Mar/2023:01:49:47 +0000] "POST /wp-cron.php?doing_wp_cron=1679708987.2152509689331054687500 HTTP/1.0" 200 345 "https://bigbrotherjunkies.com/wp-cron.php?doing_wp_cron=1679708987.2152509689331054687500" "WordPress/6.1.1; https://bigbrotherjunkies.com"
216.244.66.250 - - [25/Mar/2023:01:49:46 +0000] "GET /big-brother-16-happen-today-live-feed-updates/feed/ HTTP/1.0" 200 12721 "-" "Mozilla/5.0 (compatible; DotBot/1.2; +https://opensiteexplorer.org/dotbot; help@moz.com)"
2601:19c:5301:a710:88b7:bfd0:23d5:9451 - - [25/Mar/2023:01:49:48 +0000] "GET /wp-admin/ HTTP/1.0" 200 40325 "https://bigbrotherjunkies.com/become-a-supporter/" "Mozilla/5.0 (Windows NT 10.0; Win64; x64) AppleWebKit/537.36 (KHTML, like Gecko) Chrome/111.0.0.0 Safari/537.36"
2601:19c:5301:a710:88b7:bfd0:23d5:9451 - - [25/Mar/2023:01:49:50 +0000] "GET /wp-admin/load-styles.php?c=1&dir=ltr&load%5Bchunk_0%5D=dashicons,admin-bar,site-health,common,forms,admin-menu,dashboard,list-tables,edit,revisions,media,themes,about,nav-menus,wp-poi&load%5Bchunk_1%5D=nter,widgets,site-icon,l10n,buttons,wp-auth-check,wp-color-picker&ver=6.1.1 HTTP/1.0" 200 101153 "https://bigbrotherjunkies.com/wp-admin/" "Mozilla/5.0 (Windows NT 10.0; Win64; x64) AppleWebKit/537.36 (KHTML, like Gecko) Chrome/111.0.0.0 Safari/537.36"
2601:19c:5301:a710:88b7:bfd0:23d5:9451 - - [25/Mar/2023:01:49:50 +0000] "GET /wp-admin/load-scripts.php?c=1&load%5Bchunk_0%5D=jquery-core,jquery-migrate,utils&ver=6.1.1 HTTP/1.0" 200 35399 "https://bigbrotherjunkies.com/wp-admin/" "Mozilla/5.0 (Windows NT 10.0; Win64; x64) AppleWebKit/537.36 (KHTML, like Gecko) Chrome/111.0.0.0 Safari/537.36"
2601:19c:5301:a710:88b7:bfd0:23d5:9451 - - [25/Mar/2023:01:49:50 +0000] "GET /wp-admin/load-scripts.php?c=1&load%5Bchunk_0%5D=hoverIntent,regenerator-runtime,wp-polyfill,wp-hooks&ver=6.1.1 HTTP/1.0" 200 11141 "https://bigbrotherjunkies.com/wp-admin/" "Mozilla/5.0 (Windows NT 10.0; Win64; x64) AppleWebKit/537.36 (KHTML, like Gecko) Chrome/111.0.0.0 Safari/537.36"
2601:19c:5301:a710:88b7:bfd0:23d5:9451 - - [25/Mar/2023:01:49:50 +0000] "GET /wp-content/uploads/pp-avatar/d3bb328b01d9d830eed31765e001264d.jpg HTTP/1.0" 200 128272 "https://bigbrotherjunkies.com/wp-admin/" "Mozilla/5.0 (Windows NT 10.0; Win64; x64) AppleWebKit/537.36 (KHTML, like Gecko) Chrome/111.0.0.0 Safari/537.36"
2601:19c:5301:a710:88b7:bfd0:23d5:9451 - - [25/Mar/2023:01:49:50 +0000] "GET /wp-content/plugins/ad-inserter-pro/images/icon-50x50.jpg HTTP/1.0" 200 2757 "https://bigbrotherjunkies.com/wp-admin/" "Mozilla/5.0 (Windows NT 10.0; Win64; x64) AppleWebKit/537.36 (KHTML, like Gecko) Chrome/111.0.0.0 Safari/537.36"
2601:19c:5301:a710:88b7:bfd0:23d5:9451 - - [25/Mar/2023:01:49:50 +0000] "GET /wp-content/plugins/wpdiscuz/assets/img/dashboard/inline-feedback-opened.png HTTP/1.0" 200 8301 "https://bigbrotherjunkies.com/wp-admin/" "Mozilla/5.0 (Windows NT 10.0; Win64; x64) AppleWebKit/537.36 (KHTML, like Gecko) Chrome/111.0.0.0 Safari/537.36"
2601:19c:5301:a710:88b7:bfd0:23d5:9451 - - [25/Mar/2023:01:49:50 +0000] "GET /wp-content/plugins/wpdiscuz/assets/img/dashboard/inline-feedback-closed.png HTTP/1.0" 200 11719 "https://bigbrotherjunkies.com/wp-admin/" "Mozilla/5.0 (Windows NT 10.0; Win64; x64) AppleWebKit/537.36 (KHTML, like Gecko) Chrome/111.0.0.0 Safari/537.36"
2601:19c:5301:a710:88b7:bfd0:23d5:9451 - - [25/Mar/2023:01:49:50 +0000] "GET /wp-content/plugins/updraftplus/images/ud-logo-150.png HTTP/1.0" 200 9748 "https://bigbrotherjunkies.com/wp-admin/" "Mozilla/5.0 (Windows NT 10.0; Win64; x64) AppleWebKit/537.36 (KHTML, like Gecko) Chrome/111.0.0.0 Safari/537.36"
2601:19c:5301:a710:88b7:bfd0:23d5:9451 - - [25/Mar/2023:01:49:51 +0000] "POST /wp-admin/admin-ajax.php HTTP/1.0" 200 645 "https://bigbrotherjunkies.com/wp-admin/" "Mozilla/5.0 (Windows NT 10.0; Win64; x64) AppleWebKit/537.36 (KHTML, like Gecko) Chrome/111.0.0.0 Safari/537.36"
2601:19c:5301:a710:88b7:bfd0:23d5:9451 - - [25/Mar/2023:01:49:51 +0000] "POST /wp-admin/admin-ajax.php HTTP/1.0" 200 1188 "https://bigbrotherjunkies.com/wp-admin/" "Mozilla/5.0 (Windows NT 10.0; Win64; x64) AppleWebKit/537.36 (KHTML, like Gecko) Chrome/111.0.0.0 Safari/537.36"
2601:19c:5301:a710:88b7:bfd0:23d5:9451 - - [25/Mar/2023:01:49:59 +0000] "GET /wp-admin/admin.php?page=formidable HTTP/1.0" 200 99966 "https://bigbrotherjunkies.com/wp-admin/" "Mozilla/5.0 (Windows NT 10.0; Win64; x64) AppleWebKit/537.36 (KHTML, like Gecko) Chrome/111.0.0.0 Safari/537.36"
2601:19c:5301:a710:88b7:bfd0:23d5:9451 - - [25/Mar/2023:01:49:59 +0000] "GET /wp-admin/load-styles.php?c=1&dir=ltr&load%5Bchunk_0%5D=dashicons,admin-bar,wp-pointer,widgets,common,forms,admin-menu,dashboard,list-tables,edit,revisions,media,themes,about,nav-menus&load%5Bchunk_1%5D=,site-icon,l10n,buttons,wp-auth-check,wp-color-picker&ver=6.1.1 HTTP/1.0" 200 99991 "https://bigbrotherjunkies.com/wp-admin/admin.php?page=formidable" "Mozilla/5.0 (Windows NT 10.0; Win64; x64) AppleWebKit/537.36 (KHTML, like Gecko) Chrome/111.0.0.0 Safari/537.36"
2601:19c:5301:a710:88b7:bfd0:23d5:9451 - - [25/Mar/2023:01:49:59 +0000] "GET /wp-admin/admin-ajax.php?action=pro_fields_css&ver=5.5.6 HTTP/1.0" 200 6854 "https://bigbrotherjunkies.com/wp-admin/admin.php?page=formidable" "Mozilla/5.0 (Windows NT 10.0; Win64; x64) AppleWebKit/537.36 (KHTML, like Gecko) Chrome/111.0.0.0 Safari/537.36"
152.228.220.143 - - [25/Mar/2023:01:50:05 +0000] "GET /big-brother-14-power-veto-results-reward-week/feed/ HTTP/1.0" 301 386 "-" "Mozilla/5.0 (X11; Linux i686) AppleWebKit/537.36 (KHTML, like Gecko) Chrome/30.0.1599.66 Safari/537.36"
152.228.220.143 - - [25/Mar/2023:01:50:06 +0000] "GET /big-brother-14-power-veto-results-reward-week/feed/ HTTP/1.0" 200 8394 "-" "Mozilla/5.0 (X11; Linux i686) AppleWebKit/537.36 (KHTML, like Gecko) Chrome/30.0.1599.66 Safari/537.36"
2601:19c:5301:a710:88b7:bfd0:23d5:9451 - - [25/Mar/2023:01:50:07 +0000] "GET /wp-admin/admin-ajax.php?action=frm_forms_preview&form=stripe-payment HTTP/1.0" 200 10273 "https://bigbrotherjunkies.com/wp-admin/admin.php?page=formidable" "Mozilla/5.0 (Windows NT 10.0; Win64; x64) AppleWebKit/537.36 (KHTML, like Gecko) Chrome/111.0.0.0 Safari/537.36"
2601:19c:5301:a710:88b7:bfd0:23d5:9451 - - [25/Mar/2023:01:50:08 +0000] "GET /wp-admin/load-scripts.php?c=1&load%5Bchunk_0%5D=jquery-core,jquery-migrate&ver=6.1.1 HTTP/1.0" 200 34757 "https://bigbrotherjunkies.com/wp-admin/admin-ajax.php?action=frm_forms_preview&form=stripe-payment" "Mozilla/5.0 (Windows NT 10.0; Win64; x64) AppleWebKit/537.36 (KHTML, like Gecko) Chrome/111.0.0.0 Safari/537.36"
2601:19c:5301:a710:88b7:bfd0:23d5:9451 - - [25/Mar/2023:01:50:08 +0000] "GET /wp-admin/load-scripts.php?c=1&load%5Bchunk_0%5D=regenerator-runtime,wp-polyfill,react,react-dom,wp-escape-html,wp-element&ver=6.1.1 HTTP/1.0" 200 55871 "https://bigbrotherjunkies.com/wp-admin/admin-ajax.php?action=frm_forms_preview&form=stripe-payment" "Mozilla/5.0 (Windows NT 10.0; Win64; x64) AppleWebKit/537.36 (KHTML, like Gecko) Chrome/111.0.0.0 Safari/537.36"
2601:19c:5301:a710:88b7:bfd0:23d5:9451 - - [25/Mar/2023:01:50:08 +0000] "GET /wp-admin/admin-ajax.php?action=frm_forms_preview&form=credit-card-payment HTTP/1.0" 200 10670 "https://bigbrotherjunkies.com/wp-admin/admin.php?page=formidable" "Mozilla/5.0 (Windows NT 10.0; Win64; x64) AppleWebKit/537.36 (KHTML, like Gecko) Chrome/111.0.0.0 Safari/537.36"
216.244.66.250 - - [25/Mar/2023:01:50:16 +0000] "GET /big-brother-18-overnight-recap-718/feed/ HTTP/1.0" 200 15740 "-" "Mozilla/5.0 (compatible; DotBot/1.2; +https://opensiteexplorer.org/dotbot; help@moz.com)"
216.244.66.250 - - [25/Mar/2023:01:50:45 +0000] "GET /crying-game/feed/ HTTP/1.0" 200 1714 "-" "Mozilla/5.0 (compatible; DotBot/1.2; +https://opensiteexplorer.org/dotbot; help@moz.com)"
130.61.221.40 - - [25/Mar/2023:01:50:56 +0000] "GET /wp-content/uploads/2019/08/nicole-bathroom.jpg HTTP/1.1" 200 27667 "-" "-"
137.184.144.15 - - [25/Mar/2023:01:51:01 +0000] "POST /wp-cron.php?doing_wp_cron=1679709061.1690349578857421875000 HTTP/1.0" 200 345 "https://bigbrotherjunkies.com/wp-cron.php?doing_wp_cron=1679709061.1690349578857421875000" "WordPress/6.1.1; https://bigbrotherjunkies.com"
2601:19c:5301:a710:88b7:bfd0:23d5:9451 - - [25/Mar/2023:01:51:00 +0000] "POST /wp-admin/admin-ajax.php HTTP/1.0" 200 689 "https://bigbrotherjunkies.com/wp-admin/admin.php?page=formidable" "Mozilla/5.0 (Windows NT 10.0; Win64; x64) AppleWebKit/537.36 (KHTML, like Gecko) Chrome/111.0.0.0 Safari/537.36"
3.221.54.56 - - [25/Mar/2023:01:51:01 +0000] "GET /feed/ HTTP/1.0" 301 340 "-" "Mozilla/5.0 (X11; CrOS x86_64 14469.41.0) AppleWebKit/537.36 (KHTML, like Gecko) Chrome/99.0.4844.57 Safari/537.36"
137.184.144.15 - - [25/Mar/2023:01:51:03 +0000] "POST /wp-cron.php?doing_wp_cron=1679709062.9338719844818115234375 HTTP/1.0" 200 345 "https://bigbrotherjunkies.com/wp-cron.php?doing_wp_cron=1679709062.9338719844818115234375" "WordPress/6.1.1; https://bigbrotherjunkies.com"
18.119.81.61 - - [25/Mar/2023:01:51:02 +0000] "GET /feed/ HTTP/1.0" 200 10211 "-" "Mozilla/5.0 (X11; CrOS x86_64 14469.41.0) AppleWebKit/537.36 (KHTML, like Gecko) Chrome/99.0.4844.57 Safari/537.36"
2601:19c:5301:a710:88b7:bfd0:23d5:9451 - - [25/Mar/2023:01:51:02 +0000] "GET /wp-admin/admin-ajax.php?action=frm_forms_preview&form=stripe-payment HTTP/1.0" 200 10273 "https://bigbrotherjunkies.com/wp-admin/admin.php?page=formidable" "Mozilla/5.0 (Windows NT 10.0; Win64; x64) AppleWebKit/537.36 (KHTML, like Gecko) Chrome/111.0.0.0 Safari/537.36"
130.61.221.40 - - [25/Mar/2023:01:51:10 +0000] "GET /wp-content/uploads/2019/08/nicole-bathroom-660x330.jpg HTTP/1.1" 200 19328 "-" "-"
216.244.66.250 - - [25/Mar/2023:01:51:13 +0000] "GET /wp-content/uploads/2011/07/brendonpool.jpg HTTP/1.1" 200 30744 "-" "Mozilla/5.0 (compatible; DotBot/1.2; +https://opensiteexplorer.org/dotbot; help@moz.com)"
74.125.210.113 - - [25/Mar/2023:01:51:28 +0000] "GET /feed/ HTTP/1.0" 301 340 "-" "FeedFetcher-Google; (+http://www.google.com/feedfetcher.html)"
137.184.144.15 - - [25/Mar/2023:01:51:31 +0000] "POST /wp-cron.php?doing_wp_cron=1679709091.1409521102905273437500 HTTP/1.0" 200 345 "https://bigbrotherjunkies.com/wp-cron.php?doing_wp_cron=1679709091.1409521102905273437500" "WordPress/6.1.1; https://bigbrotherjunkies.com"
74.125.210.207 - - [25/Mar/2023:01:51:30 +0000] "GET /feed/ HTTP/1.0" 200 10241 "-" "FeedFetcher-Google; (+http://www.google.com/feedfetcher.html)"
216.244.66.250 - - [25/Mar/2023:01:51:39 +0000] "GET /wp-content/uploads/2011/08/porscheagain.jpg HTTP/1.1" 200 26145 "-" "Mozilla/5.0 (compatible; DotBot/1.2; +https://opensiteexplorer.org/dotbot; help@moz.com)"
137.184.144.15 - - [25/Mar/2023:01:52:03 +0000] "POST /wp-cron.php?doing_wp_cron=1679709123.2769129276275634765625 HTTP/1.0" 200 345 "https://bigbrotherjunkies.com/wp-cron.php?doing_wp_cron=1679709123.2769129276275634765625" "WordPress/6.1.1; https://bigbrotherjunkies.com"
152.228.220.143 - - [25/Mar/2023:01:52:03 +0000] "GET /rss HTTP/1.1" 301 319 "-" "Mozilla/5.0 (X11; Linux i686) AppleWebKit/537.36 (KHTML, like Gecko) Chrome/30.0.1599.66 Safari/537.36"
2601:19c:5301:a710:88b7:bfd0:23d5:9451 - - [25/Mar/2023:01:52:01 +0000] "POST /wp-admin/admin-ajax.php HTTP/1.0" 200 689 "https://bigbrotherjunkies.com/wp-admin/admin.php?page=formidable" "Mozilla/5.0 (Windows NT 10.0; Win64; x64) AppleWebKit/537.36 (KHTML, like Gecko) Chrome/111.0.0.0 Safari/537.36"
216.244.66.250 - - [25/Mar/2023:01:52:04 +0000] "GET /wp-content/uploads/2011/08/shellyporschetalking.jpg HTTP/1.1" 200 41238 "-" "Mozilla/5.0 (compatible; DotBot/1.2; +https://opensiteexplorer.org/dotbot; help@moz.com)"
152.228.220.143 - - [25/Mar/2023:01:52:04 +0000] "GET /feed/ HTTP/1.0" 200 10208 "-" "Mozilla/5.0 (X11; Linux i686) AppleWebKit/537.36 (KHTML, like Gecko) Chrome/30.0.1599.66 Safari/537.36"
40.77.167.226 - - [25/Mar/2023:01:52:07 +0000] "GET /avatar2/ HTTP/1.1" 200 11716 "-" "Mozilla/5.0 AppleWebKit/537.36 (KHTML, like Gecko; compatible; bingbot/2.0; +http://www.bing.com/bingbot.htm) Chrome/103.0.5060.134 Safari/537.36"
216.244.66.250 - - [25/Mar/2023:01:52:28 +0000] "GET /wp-content/uploads/2016/07/Untitled-34-660x320.png HTTP/1.1" 200 392887 "-" "Mozilla/5.0 (compatible; DotBot/1.2; +https://opensiteexplorer.org/dotbot; help@moz.com)"
137.184.144.15 - - [25/Mar/2023:01:53:01 +0000] "POST /wp-cron.php?doing_wp_cron=1679709181.8054780960083007812500 HTTP/1.0" 200 345 "https://bigbrotherjunkies.com/wp-cron.php?doing_wp_cron=1679709181.8054780960083007812500" "WordPress/6.1.1; https://bigbrotherjunkies.com"
51.222.253.6 - - [25/Mar/2023:01:53:01 +0000] "GET /big-brother-21-sunday-discussion-2/ HTTP/1.1" 200 27621 "-" "Mozilla/5.0 (compatible; AhrefsBot/7.0; +http://ahrefs.com/robot/)"
211.189.163.22 - - [25/Mar/2023:01:53:14 +0000] "GET /wp-content/uploads/2012/08/bb14-boogie-frank.jpg HTTP/1.1" 200 41463 "-" "Mozilla/5.0 (X11; Ubuntu; Linux x86_64; rv:72.0) Gecko/20100101 Firefox/72.0"
2601:19c:5301:a710:88b7:bfd0:23d5:9451 - - [25/Mar/2023:01:53:20 +0000] "GET /wp-admin/ HTTP/1.0" 200 40803 "https://bigbrotherjunkies.com/become-a-supporter/" "Mozilla/5.0 (Windows NT 10.0; Win64; x64) AppleWebKit/537.36 (KHTML, like Gecko) Chrome/111.0.0.0 Safari/537.36"
66.249.66.42 - - [25/Mar/2023:01:53:22 +0000] "GET /robots.txt HTTP/1.1" 200 485 "-" "Mozilla/5.0 (compatible; Googlebot/2.1; +http://www.google.com/bot.html)"
2601:19c:5301:a710:88b7:bfd0:23d5:9451 - - [25/Mar/2023:01:53:22 +0000] "POST /wp-admin/admin-ajax.php HTTP/1.0" 200 645 "https://bigbrotherjunkies.com/wp-admin/" "Mozilla/5.0 (Windows NT 10.0; Win64; x64) AppleWebKit/537.36 (KHTML, like Gecko) Chrome/111.0.0.0 Safari/537.36"
2601:19c:5301:a710:88b7:bfd0:23d5:9451 - - [25/Mar/2023:01:53:25 +0000] "GET /wp-admin/edit.php?post_type=page HTTP/1.0" 200 34165 "https://bigbrotherjunkies.com/wp-admin/" "Mozilla/5.0 (Windows NT 10.0; Win64; x64) AppleWebKit/537.36 (KHTML, like Gecko) Chrome/111.0.0.0 Safari/537.36"
2601:19c:5301:a710:88b7:bfd0:23d5:9451 - - [25/Mar/2023:01:53:25 +0000] "GET /wp-admin/load-styles.php?c=1&dir=ltr&load%5Bchunk_0%5D=dashicons,admin-bar,common,forms,admin-menu,dashboard,list-tables,edit,revisions,media,themes,about,nav-menus,wp-pointer,widgets&load%5Bchunk_1%5D=,site-icon,l10n,buttons,wp-auth-check,wp-color-picker&ver=6.1.1 HTTP/1.0" 200 100008 "https://bigbrotherjunkies.com/wp-admin/edit.php?post_type=page" "Mozilla/5.0 (Windows NT 10.0; Win64; x64) AppleWebKit/537.36 (KHTML, like Gecko) Chrome/111.0.0.0 Safari/537.36"
2601:19c:5301:a710:88b7:bfd0:23d5:9451 - - [25/Mar/2023:01:53:25 +0000] "GET /wp-content/plugins/wp-user-avatar/assets/images/logo-icomark.png HTTP/1.0" 200 8042 "https://bigbrotherjunkies.com/wp-admin/edit.php?post_type=page" "Mozilla/5.0 (Windows NT 10.0; Win64; x64) AppleWebKit/537.36 (KHTML, like Gecko) Chrome/111.0.0.0 Safari/537.36"
2601:19c:5301:a710:88b7:bfd0:23d5:9451 - - [25/Mar/2023:01:53:26 +0000] "POST /wp-admin/admin-ajax.php HTTP/1.0" 200 689 "https://bigbrotherjunkies.com/wp-admin/edit.php?post_type=page" "Mozilla/5.0 (Windows NT 10.0; Win64; x64) AppleWebKit/537.36 (KHTML, like Gecko) Chrome/111.0.0.0 Safari/537.36"
2601:19c:5301:a710:88b7:bfd0:23d5:9451 - - [25/Mar/2023:01:53:29 +0000] "GET /wp-admin/load-styles.php?c=1&dir=ltr&load%5Bchunk_0%5D=dashicons,admin-bar,buttons,media-views,editor-buttons,wp-components,wp-block-editor,wp-nux,wp-reusable-blocks,wp-editor,common,&load%5Bchunk_1%5D=forms,wp-reset-editor-styles,wp-block-library,wp-editor-classic-layout-styles,wp-block-library-theme,wp-edit-blocks,wp-edit-post&load%5Bchunk_2%5D=,wp-block-directory,wp-format-library,code-editor,admin-menu,dashboard,list-tables,edit,revisions,media,themes,about,nav-menus,w&load%5Bchunk_3%5D=p-pointer,widgets,site-icon,l10n,wp-auth-check,wp-color-picker&ver=6.1.1 HTTP/1.0" 200 174199 "https://bigbrotherjunkies.com/wp-admin/post-new.php?post_type=page" "Mozilla/5.0 (Windows NT 10.0; Win64; x64) AppleWebKit/537.36 (KHTML, like Gecko) Chrome/111.0.0.0 Safari/537.36"
2601:19c:5301:a710:88b7:bfd0:23d5:9451 - - [25/Mar/2023:01:53:29 +0000] "GET /wp-admin/load-scripts.php?c=1&load%5Bchunk_0%5D=hoverintent-js,admin-bar&ver=6.1.1 HTTP/1.0" 200 2350 "https://bigbrotherjunkies.com/wp-admin/post-new.php?post_type=page" "Mozilla/5.0 (Windows NT 10.0; Win64; x64) AppleWebKit/537.36 (KHTML, like Gecko) Chrome/111.0.0.0 Safari/537.36"
2601:19c:5301:a710:88b7:bfd0:23d5:9451 - - [25/Mar/2023:01:53:29 +0000] "GET /wp-admin/load-scripts.php?c=1&load%5Bchunk_0%5D=jquery-core,jquery-migrate,hoverIntent,utils,regenerator-runtime,wp-polyfill,wp-hooks&ver=6.1.1 HTTP/1.0" 200 45576 "https://bigbrotherjunkies.com/wp-admin/post-new.php?post_type=page" "Mozilla/5.0 (Windows NT 10.0; Win64; x64) AppleWebKit/537.36 (KHTML, like Gecko) Chrome/111.0.0.0 Safari/537.36"
2601:19c:5301:a710:88b7:bfd0:23d5:9451 - - [25/Mar/2023:01:53:27 +0000] "GET /wp-admin/post-new.php?post_type=page HTTP/1.0" 200 1234846 "https://bigbrotherjunkies.com/wp-admin/edit.php?post_type=page" "Mozilla/5.0 (Windows NT 10.0; Win64; x64) AppleWebKit/537.36 (KHTML, like Gecko) Chrome/111.0.0.0 Safari/537.36"
2601:19c:5301:a710:88b7:bfd0:23d5:9451 - - [25/Mar/2023:01:53:29 +0000] "GET /wp-json/wp/v2/ HTTP/1.0" 200 12367 "https://bigbrotherjunkies.com/wp-admin/post-new.php?post_type=page" "Mozilla/5.0 (Windows NT 10.0; Win64; x64) AppleWebKit/537.36 (KHTML, like Gecko) Chrome/111.0.0.0 Safari/537.36"
2601:19c:5301:a710:88b7:bfd0:23d5:9451 - - [25/Mar/2023:01:53:29 +0000] "POST /wp-admin/admin-ajax.php?_locale=user HTTP/1.0" 200 9276 "https://bigbrotherjunkies.com/wp-admin/post-new.php?post_type=page" "Mozilla/5.0 (Windows NT 10.0; Win64; x64) AppleWebKit/537.36 (KHTML, like Gecko) Chrome/111.0.0.0 Safari/537.36"
2601:19c:5301:a710:88b7:bfd0:23d5:9451 - - [25/Mar/2023:01:53:30 +0000] "GET /wp-content/plugins/ultimate-addons-for-gutenberg/lib/gutenberg-templates/dist/placeholder_200_200.png HTTP/1.0" 200 3250 "https://bigbrotherjunkies.com/wp-admin/post-new.php?post_type=page" "Mozilla/5.0 (Windows NT 10.0; Win64; x64) AppleWebKit/537.36 (KHTML, like Gecko) Chrome/111.0.0.0 Safari/537.36"
2601:19c:5301:a710:88b7:bfd0:23d5:9451 - - [25/Mar/2023:01:53:30 +0000] "GET /wp-json/wp/v2/block-patterns/categories?_locale=user HTTP/1.0" 200 1146 "https://bigbrotherjunkies.com/wp-admin/post-new.php?post_type=page" "Mozilla/5.0 (Windows NT 10.0; Win64; x64) AppleWebKit/537.36 (KHTML, like Gecko) Chrome/111.0.0.0 Safari/537.36"
2601:19c:5301:a710:88b7:bfd0:23d5:9451 - - [25/Mar/2023:01:53:30 +0000] "GET /wp-json/?_fields=description%2Cgmt_offset%2Chome%2Cname%2Csite_icon%2Csite_icon_url%2Csite_logo%2Ctimezone_string%2Curl&_locale=user HTTP/1.0" 200 1350 "https://bigbrotherjunkies.com/wp-admin/post-new.php?post_type=page" "Mozilla/5.0 (Windows NT 10.0; Win64; x64) AppleWebKit/537.36 (KHTML, like Gecko) Chrome/111.0.0.0 Safari/537.36"
137.184.144.15 - - [25/Mar/2023:01:53:31 +0000] "POST /wp-cron.php?doing_wp_cron=1679709211.1479310989379882812500 HTTP/1.0" 200 345 "https://bigbrotherjunkies.com/wp-cron.php?doing_wp_cron=1679709211.1479310989379882812500" "WordPress/6.1.1; https://bigbrotherjunkies.com"
2601:19c:5301:a710:88b7:bfd0:23d5:9451 - - [25/Mar/2023:01:53:30 +0000] "GET /wp-json/wp/v2/blocks?context=edit&per_page=100&_locale=user HTTP/1.0" 200 1995 "https://bigbrotherjunkies.com/wp-admin/post-new.php?post_type=page" "Mozilla/5.0 (Windows NT 10.0; Win64; x64) AppleWebKit/537.36 (KHTML, like Gecko) Chrome/111.0.0.0 Safari/537.36"
2601:19c:5301:a710:88b7:bfd0:23d5:9451 - - [25/Mar/2023:01:53:30 +0000] "OPTIONS /wp-json/wp/v2/pages/50284?_locale=user HTTP/1.0" 200 2766 "https://bigbrotherjunkies.com/wp-admin/post-new.php?post_type=page" "Mozilla/5.0 (Windows NT 10.0; Win64; x64) AppleWebKit/537.36 (KHTML, like Gecko) Chrome/111.0.0.0 Safari/537.36"
2601:19c:5301:a710:88b7:bfd0:23d5:9451 - - [25/Mar/2023:01:53:30 +0000] "GET /wp-json/wp/v2/taxonomies?context=edit&per_page=100&_locale=user HTTP/1.0" 200 2249 "https://bigbrotherjunkies.com/wp-admin/post-new.php?post_type=page" "Mozilla/5.0 (Windows NT 10.0; Win64; x64) AppleWebKit/537.36 (KHTML, like Gecko) Chrome/111.0.0.0 Safari/537.36"
2601:19c:5301:a710:88b7:bfd0:23d5:9451 - - [25/Mar/2023:01:53:30 +0000] "GET /wp-json/wp/v2/users?context=view&who=authors&per_page=50&_fields=id%2Cname&_locale=user HTTP/1.0" 200 1349 "https://bigbrotherjunkies.com/wp-admin/post-new.php?post_type=page" "Mozilla/5.0 (Windows NT 10.0; Win64; x64) AppleWebKit/537.36 (KHTML, like Gecko) Chrome/111.0.0.0 Safari/537.36"
2601:19c:5301:a710:88b7:bfd0:23d5:9451 - - [25/Mar/2023:01:53:30 +0000] "GET /wp-json/wp/v2/blocks?context=edit&_locale=user HTTP/1.0" 200 1995 "https://bigbrotherjunkies.com/wp-admin/post-new.php?post_type=page" "Mozilla/5.0 (Windows NT 10.0; Win64; x64) AppleWebKit/537.36 (KHTML, like Gecko) Chrome/111.0.0.0 Safari/537.36"
2601:19c:5301:a710:88b7:bfd0:23d5:9451 - - [25/Mar/2023:01:53:30 +0000] "GET /wp-json/wp/v2/block-patterns/patterns?_locale=user HTTP/1.0" 200 13651 "https://bigbrotherjunkies.com/wp-admin/post-new.php?post_type=page" "Mozilla/5.0 (Windows NT 10.0; Win64; x64) AppleWebKit/537.36 (KHTML, like Gecko) Chrome/111.0.0.0 Safari/537.36"
2601:19c:5301:a710:88b7:bfd0:23d5:9451 - - [25/Mar/2023:01:53:30 +0000] "GET /wp-json/wp/v2/themes?context=edit&status=active&_locale=user HTTP/1.0" 200 1594 "https://bigbrotherjunkies.com/wp-admin/post-new.php?post_type=page" "Mozilla/5.0 (Windows NT 10.0; Win64; x64) AppleWebKit/537.36 (KHTML, like Gecko) Chrome/111.0.0.0 Safari/537.36"
2601:19c:5301:a710:88b7:bfd0:23d5:9451 - - [25/Mar/2023:01:53:30 +0000] "GET /?page_id=50284&_wp-find-template=true HTTP/1.0" 200 15868 "https://bigbrotherjunkies.com/wp-admin/post-new.php?post_type=page" "Mozilla/5.0 (Windows NT 10.0; Win64; x64) AppleWebKit/537.36 (KHTML, like Gecko) Chrome/111.0.0.0 Safari/537.36"
216.244.66.250 - - [25/Mar/2023:01:53:36 +0000] "GET /2012/07/12/ HTTP/1.1" 200 10603 "-" "Mozilla/5.0 (compatible; DotBot/1.2; +https://opensiteexplorer.org/dotbot; help@moz.com)"
2601:19c:5301:a710:88b7:bfd0:23d5:9451 - - [25/Mar/2023:01:53:41 +0000] "POST /wp-json/wp/v2/users/me?_locale=user HTTP/1.0" 200 2886 "https://bigbrotherjunkies.com/wp-admin/post-new.php?post_type=page" "Mozilla/5.0 (Windows NT 10.0; Win64; x64) AppleWebKit/537.36 (KHTML, like Gecko) Chrome/111.0.0.0 Safari/537.36"
2601:19c:5301:a710:88b7:bfd0:23d5:9451 - - [25/Mar/2023:01:53:41 +0000] "GET /wp-json/wp/v2/pages?context=edit&per_page=100&exclude=50284&parent_exclude=50284&orderby=menu_order&order=asc&_fields=id%2Ctitle%2Cparent&_locale=user HTTP/1.0" 200 1563 "https://bigbrotherjunkies.com/wp-admin/post-new.php?post_type=page" "Mozilla/5.0 (Windows NT 10.0; Win64; x64) AppleWebKit/537.36 (KHTML, like Gecko) Chrome/111.0.0.0 Safari/537.36"
17.241.227.245 - - [25/Mar/2023:01:53:41 +0000] "GET /celebrity-big-brother-monday-show-recap-updates HTTP/1.1" 301 364 "-" "Mozilla/5.0 (Macintosh; Intel Mac OS X 10_15_5) AppleWebKit/605.1.15 (KHTML, like Gecko) Version/13.1.1 Safari/605.1.15 (Applebot/0.1; +http://www.apple.com/go/applebot)"
17.241.227.245 - - [25/Mar/2023:01:53:42 +0000] "GET /celebrity-big-brother-monday-show-recap-updates/ HTTP/1.1" 200 28686 "-" "Mozilla/5.0 (Macintosh; Intel Mac OS X 10_15_5) AppleWebKit/605.1.15 (KHTML, like Gecko) Version/13.1.1 Safari/605.1.15 (Applebot/0.1; +http://www.apple.com/go/applebot)"
152.228.220.143 - - [25/Mar/2023:01:53:45 +0000] "GET /big-brother-19-friday-feeds/feed/ HTTP/1.0" 301 368 "-" "Mozilla/5.0 (X11; Linux i686) AppleWebKit/537.36 (KHTML, like Gecko) Chrome/30.0.1599.66 Safari/537.36"
2601:19c:5301:a710:88b7:bfd0:23d5:9451 - - [25/Mar/2023:01:53:45 +0000] "POST /wp-json/wp/v2/pages/50284?_locale=user HTTP/1.0" 200 2079 "https://bigbrotherjunkies.com/wp-admin/post-new.php?post_type=page" "Mozilla/5.0 (Windows NT 10.0; Win64; x64) AppleWebKit/537.36 (KHTML, like Gecko) Chrome/111.0.0.0 Safari/537.36"
152.228.220.143 - - [25/Mar/2023:01:53:45 +0000] "GET /big-brother-19-friday-feeds/feed/ HTTP/1.0" 200 14658 "-" "Mozilla/5.0 (X11; Linux i686) AppleWebKit/537.36 (KHTML, like Gecko) Chrome/30.0.1599.66 Safari/537.36"
2601:19c:5301:a710:88b7:bfd0:23d5:9451 - - [25/Mar/2023:01:53:46 +0000] "GET /wp-json/wp/v2/pages?context=edit&per_page=100&exclude=50284&parent_exclude=50284&orderby=menu_order&order=asc&_fields=id%2Ctitle%2Cparent&_locale=user HTTP/1.0" 200 1563 "https://bigbrotherjunkies.com/wp-admin/post.php?post=50284&action=edit" "Mozilla/5.0 (Windows NT 10.0; Win64; x64) AppleWebKit/537.36 (KHTML, like Gecko) Chrome/111.0.0.0 Safari/537.36"
2601:19c:5301:a710:88b7:bfd0:23d5:9451 - - [25/Mar/2023:01:53:45 +0000] "POST /wp-admin/post.php?post=50284&action=edit&meta-box-loader=1&meta-box-loader-nonce=e1b1862d60&_locale=user HTTP/1.0" 302 555 "https://bigbrotherjunkies.com/wp-admin/post.php?post=50284&action=edit" "Mozilla/5.0 (Windows NT 10.0; Win64; x64) AppleWebKit/537.36 (KHTML, like Gecko) Chrome/111.0.0.0 Safari/537.36"
2601:19c:5301:a710:88b7:bfd0:23d5:9451 - - [25/Mar/2023:01:53:46 +0000] "GET /wp-admin/post.php?post=50284&action=edit&message=4 HTTP/1.0" 200 1232151 "https://bigbrotherjunkies.com/wp-admin/post.php?post=50284&action=edit" "Mozilla/5.0 (Windows NT 10.0; Win64; x64) AppleWebKit/537.36 (KHTML, like Gecko) Chrome/111.0.0.0 Safari/537.36"
137.184.144.15 - - [25/Mar/2023:01:53:57 +0000] "POST /wp-cron.php?doing_wp_cron=1679709237.2790760993957519531250 HTTP/1.0" 200 345 "https://bigbrotherjunkies.com/wp-cron.php?doing_wp_cron=1679709237.2790760993957519531250" "WordPress/6.1.1; https://bigbrotherjunkies.com"
216.244.66.250 - - [25/Mar/2023:01:53:56 +0000] "GET /2012/06/18/ HTTP/1.1" 200 10622 "-" "Mozilla/5.0 (compatible; DotBot/1.2; +https://opensiteexplorer.org/dotbot; help@moz.com)"
2601:19c:5301:a710:88b7:bfd0:23d5:9451 - - [25/Mar/2023:01:53:58 +0000] "POST /wp-json/wp/v2/pages/50284?_locale=user HTTP/1.0" 200 2080 "https://bigbrotherjunkies.com/wp-admin/post.php?post=50284&action=edit" "Mozilla/5.0 (Windows NT 10.0; Win64; x64) AppleWebKit/537.36 (KHTML, like Gecko) Chrome/111.0.0.0 Safari/537.36"
2601:19c:5301:a710:88b7:bfd0:23d5:9451 - - [25/Mar/2023:01:53:59 +0000] "GET /wp-json/wp/v2/pages?context=edit&per_page=100&exclude=50284&parent_exclude=50284&orderby=menu_order&order=asc&_fields=id%2Ctitle%2Cparent&_locale=user HTTP/1.0" 200 1563 "https://bigbrotherjunkies.com/wp-admin/post.php?post=50284&action=edit" "Mozilla/5.0 (Windows NT 10.0; Win64; x64) AppleWebKit/537.36 (KHTML, like Gecko) Chrome/111.0.0.0 Safari/537.36"
2601:19c:5301:a710:88b7:bfd0:23d5:9451 - - [25/Mar/2023:01:53:59 +0000] "POST /wp-admin/post.php?post=50284&action=edit&meta-box-loader=1&meta-box-loader-nonce=e1b1862d60&_locale=user HTTP/1.0" 302 555 "https://bigbrotherjunkies.com/wp-admin/post.php?post=50284&action=edit" "Mozilla/5.0 (Windows NT 10.0; Win64; x64) AppleWebKit/537.36 (KHTML, like Gecko) Chrome/111.0.0.0 Safari/537.36"
2601:19c:5301:a710:88b7:bfd0:23d5:9451 - - [25/Mar/2023:01:53:59 +0000] "GET /wp-admin/post.php?post=50284&action=edit&message=4 HTTP/1.0" 200 1232148 "https://bigbrotherjunkies.com/wp-admin/post.php?post=50284&action=edit" "Mozilla/5.0 (Windows NT 10.0; Win64; x64) AppleWebKit/537.36 (KHTML, like Gecko) Chrome/111.0.0.0 Safari/537.36"
2601:19c:5301:a710:88b7:bfd0:23d5:9451 - - [25/Mar/2023:01:54:02 +0000] "POST /wp-admin/admin-ajax.php HTTP/1.0" 200 689 "https://bigbrotherjunkies.com/wp-admin/admin.php?page=formidable" "Mozilla/5.0 (Windows NT 10.0; Win64; x64) AppleWebKit/537.36 (KHTML, like Gecko) Chrome/111.0.0.0 Safari/537.36"
2601:19c:5301:a710:88b7:bfd0:23d5:9451 - - [25/Mar/2023:01:54:03 +0000] "GET /wp-json/wp/v2/taxonomies/post_tag?context=edit&_locale=user HTTP/1.0" 200 1849 "https://bigbrotherjunkies.com/wp-admin/post.php?post=50284&action=edit" "Mozilla/5.0 (Windows NT 10.0; Win64; x64) AppleWebKit/537.36 (KHTML, like Gecko) Chrome/111.0.0.0 Safari/537.36"
2601:19c:5301:a710:88b7:bfd0:23d5:9451 - - [25/Mar/2023:01:54:03 +0000] "GET /wp-json/wp/v2/taxonomies/category?context=edit&_locale=user HTTP/1.0" 200 1898 "https://bigbrotherjunkies.com/wp-admin/post.php?post=50284&action=edit" "Mozilla/5.0 (Windows NT 10.0; Win64; x64) AppleWebKit/537.36 (KHTML, like Gecko) Chrome/111.0.0.0 Safari/537.36"
2601:19c:5301:a710:88b7:bfd0:23d5:9451 - - [25/Mar/2023:01:54:03 +0000] "GET /wp-json/wp/v2/categories/1?context=edit&_locale=user HTTP/1.0" 200 1313 "https://bigbrotherjunkies.com/wp-admin/post.php?post=50284&action=edit" "Mozilla/5.0 (Windows NT 10.0; Win64; x64) AppleWebKit/537.36 (KHTML, like Gecko) Chrome/111.0.0.0 Safari/537.36"
2601:19c:5301:a710:88b7:bfd0:23d5:9451 - - [25/Mar/2023:01:54:03 +0000] "POST /wp-json/wp/v2/pages/50284?_locale=user HTTP/1.0" 200 2083 "https://bigbrotherjunkies.com/wp-admin/post.php?post=50284&action=edit" "Mozilla/5.0 (Windows NT 10.0; Win64; x64) AppleWebKit/537.36 (KHTML, like Gecko) Chrome/111.0.0.0 Safari/537.36"
2601:19c:5301:a710:88b7:bfd0:23d5:9451 - - [25/Mar/2023:01:54:04 +0000] "GET /wp-json/wp/v2/pages?context=edit&per_page=100&exclude=50284&parent_exclude=50284&orderby=menu_order&order=asc&_fields=id%2Ctitle%2Cparent&_locale=user HTTP/1.0" 200 1563 "https://bigbrotherjunkies.com/wp-admin/post.php?post=50284&action=edit" "Mozilla/5.0 (Windows NT 10.0; Win64; x64) AppleWebKit/537.36 (KHTML, like Gecko) Chrome/111.0.0.0 Safari/537.36"
2601:19c:5301:a710:88b7:bfd0:23d5:9451 - - [25/Mar/2023:01:54:04 +0000] "POST /wp-admin/post.php?post=50284&action=edit&meta-box-loader=1&meta-box-loader-nonce=e1b1862d60&_locale=user HTTP/1.0" 302 555 "https://bigbrotherjunkies.com/wp-admin/post.php?post=50284&action=edit" "Mozilla/5.0 (Windows NT 10.0; Win64; x64) AppleWebKit/537.36 (KHTML, like Gecko) Chrome/111.0.0.0 Safari/537.36"
2601:19c:5301:a710:88b7:bfd0:23d5:9451 - - [25/Mar/2023:01:54:04 +0000] "GET /become-supporter/?_wp-find-template=true HTTP/1.0" 200 20677 "https://bigbrotherjunkies.com/wp-admin/post.php?post=50284&action=edit" "Mozilla/5.0 (Windows NT 10.0; Win64; x64) AppleWebKit/537.36 (KHTML, like Gecko) Chrome/111.0.0.0 Safari/537.36"
2601:19c:5301:a710:88b7:bfd0:23d5:9451 - - [25/Mar/2023:01:54:05 +0000] "GET /wp-admin/post.php?post=50284&action=edit&message=4 HTTP/1.0" 200 1232179 "https://bigbrotherjunkies.com/wp-admin/post.php?post=50284&action=edit" "Mozilla/5.0 (Windows NT 10.0; Win64; x64) AppleWebKit/537.36 (KHTML, like Gecko) Chrome/111.0.0.0 Safari/537.36"
2601:19c:5301:a710:88b7:bfd0:23d5:9451 - - [25/Mar/2023:01:54:06 +0000] "POST /wp-admin/admin-ajax.php HTTP/1.0" 200 636 "https://bigbrotherjunkies.com/wp-admin/post.php?post=50284&action=edit" "Mozilla/5.0 (Windows NT 10.0; Win64; x64) AppleWebKit/537.36 (KHTML, like Gecko) Chrome/111.0.0.0 Safari/537.36"
2601:19c:5301:a710:88b7:bfd0:23d5:9451 - - [25/Mar/2023:01:54:06 +0000] "GET /become-supporter/ HTTP/1.0" 200 20638 "https://bigbrotherjunkies.com/wp-admin/post.php?post=50284&action=edit" "Mozilla/5.0 (Windows NT 10.0; Win64; x64) AppleWebKit/537.36 (KHTML, like Gecko) Chrome/111.0.0.0 Safari/537.36"
137.184.144.15 - - [25/Mar/2023:01:54:54 +0000] "POST /wp-cron.php?doing_wp_cron=1679709294.0656731128692626953125 HTTP/1.0" 200 345 "https://bigbrotherjunkies.com/wp-cron.php?doing_wp_cron=1679709294.0656731128692626953125" "WordPress/6.1.1; https://bigbrotherjunkies.com"
216.244.66.250 - - [25/Mar/2023:01:54:53 +0000] "GET /tag/big-brother-18/page/2/ HTTP/1.1" 200 10806 "-" "Mozilla/5.0 (compatible; DotBot/1.2; +https://opensiteexplorer.org/dotbot; help@moz.com)"
75.101.229.33 - - [25/Mar/2023:01:54:55 +0000] "GET /feed/ HTTP/1.0" 301 340 "-" "Mozilla/5.0 (Macintosh; Intel Mac OS X 10_15_7) AppleWebKit/537.36 (KHTML, like Gecko) Chrome/107.0.0.0 Safari/537.36"
75.101.229.33 - - [25/Mar/2023:01:54:56 +0000] "GET /feed/ HTTP/1.0" 200 10208 "-" "Mozilla/5.0 (Macintosh; Intel Mac OS X 10_15_7) AppleWebKit/537.36 (KHTML, like Gecko) Chrome/107.0.0.0 Safari/537.36"
2601:19c:5301:a710:88b7:bfd0:23d5:9451 - - [25/Mar/2023:01:55:09 +0000] "GET /become-supporter/ HTTP/1.0" 200 20748 "https://bigbrotherjunkies.com/wp-admin/post.php?post=50284&action=edit" "Mozilla/5.0 (Windows NT 10.0; Win64; x64) AppleWebKit/537.36 (KHTML, like Gecko) Chrome/111.0.0.0 Safari/537.36"
2601:19c:5301:a710:88b7:bfd0:23d5:9451 - - [25/Mar/2023:01:55:16 +0000] "GET /favicon.ico HTTP/1.0" 302 533 "https://bigbrotherjunkies.com/become-supporter/" "Mozilla/5.0 (Windows NT 10.0; Win64; x64) AppleWebKit/537.36 (KHTML, like Gecko) Chrome/111.0.0.0 Safari/537.36"
66.249.66.64 - - [25/Mar/2023:01:55:27 +0000] "GET /feed/?attachment_id=14528 HTTP/1.0" 200 1756 "-" "Mozilla/5.0 (compatible; Googlebot/2.1; +http://www.google.com/bot.html)"
2601:19c:5301:a710:88b7:bfd0:23d5:9451 - - [25/Mar/2023:01:55:27 +0000] "GET / HTTP/1.0" 200 20822 "https://bigbrotherjunkies.com/become-supporter/" "Mozilla/5.0 (Windows NT 10.0; Win64; x64) AppleWebKit/537.36 (KHTML, like Gecko) Chrome/111.0.0.0 Safari/537.36"
137.184.144.15 - - [25/Mar/2023:01:55:10 +0000] "POST /?mailpoet_router&endpoint=cron_daemon&action=run&data=eyJ0b2tlbiI6ImZ5cGJ1In0 HTTP/1.0" 200 338 "https://bigbrotherjunkies.com/?mailpoet_router&endpoint=cron_daemon&action=run&data=eyJ0b2tlbiI6ImZ5cGJ1In0" "MailPoet Cron"
2601:19c:5301:a710:88b7:bfd0:23d5:9451 - - [25/Mar/2023:01:55:30 +0000] "GET /bigbrother-players/michael-bruner/ HTTP/1.0" 200 18991 "https://bigbrotherjunkies.com/" "Mozilla/5.0 (Windows NT 10.0; Win64; x64) AppleWebKit/537.36 (KHTML, like Gecko) Chrome/111.0.0.0 Safari/537.36"
216.244.66.250 - - [25/Mar/2023:01:55:42 +0000] "GET /2016/06/14/page/2/ HTTP/1.1" 200 10619 "-" "Mozilla/5.0 (compatible; DotBot/1.2; +https://opensiteexplorer.org/dotbot; help@moz.com)"
152.228.220.143 - - [25/Mar/2023:01:55:47 +0000] "GET /tag/spoilers/feed/ HTTP/1.0" 301 353 "-" "Mozilla/5.0 (X11; Linux i686) AppleWebKit/537.36 (KHTML, like Gecko) Chrome/30.0.1599.66 Safari/537.36"
152.228.220.143 - - [25/Mar/2023:01:55:47 +0000] "GET /tag/spoilers/feed/ HTTP/1.0" 200 13624 "-" "Mozilla/5.0 (X11; Linux i686) AppleWebKit/537.36 (KHTML, like Gecko) Chrome/30.0.1599.66 Safari/537.36"
195.23.32.200 - - [25/Mar/2023:01:55:54 +0000] "GET /feed/ HTTP/1.0" 301 340 "-" "-"
137.184.144.15 - - [25/Mar/2023:01:55:55 +0000] "POST /wp-cron.php?doing_wp_cron=1679709355.8494060039520263671875 HTTP/1.0" 200 345 "https://bigbrotherjunkies.com/wp-cron.php?doing_wp_cron=1679709355.8494060039520263671875" "WordPress/6.1.1; https://bigbrotherjunkies.com"
195.23.32.200 - - [25/Mar/2023:01:55:55 +0000] "GET /feed/ HTTP/1.0" 200 10242 "-" "-"
216.244.66.250 - - [25/Mar/2023:01:55:56 +0000] "GET /search/%7B%EC%A0%84%EC%A3%BC%EC%B6%9C%EC%9E%A5%EC%95%88%EB%A7%88%7D%E2%99%90%EC%98%88%EC%95%BD%E2%96%A8%EB%AA%A8%ED%85%94%EC%B6%9C%EC%9E%A5%E2%99%A0%EF%BC%BB%EC%B9%B4%ED%86%A1%3A+hwp63%EF%BC%BD%E2%87%97%E3%80%94f%D0%BAh846.%D1%81%D0%BE%D0%BC%E3%80%95%EC%A0%84%EC%A3%BC%5B%5D%EC%B6%9C%EC%9E%A5%EC%83%B5%EC%98%88%EC%95%BD%ED%8F%AC%ED%95%AD%5B%5D2019-02-24-19-32%E2%99%A9O7%5B%5D%EC%B6%9C%EC%9E%A5%EB%AA%B8%EB%A7%A4%EC%B5%9C%EA%B3%A0%EC%A0%84%EC%A3%BC%5B%5D%C2%A4%E2%87%9B%E2%96%80 HTTP/1.1" 200 11136 "-" "Mozilla/5.0 (compatible; DotBot/1.2; +https://opensiteexplorer.org/dotbot; help@moz.com)"
2601:19c:5301:a710:88b7:bfd0:23d5:9451 - - [25/Mar/2023:01:56:03 +0000] "POST /wp-admin/admin-ajax.php HTTP/1.0" 200 689 "https://bigbrotherjunkies.com/wp-admin/admin.php?page=formidable" "Mozilla/5.0 (Windows NT 10.0; Win64; x64) AppleWebKit/537.36 (KHTML, like Gecko) Chrome/111.0.0.0 Safari/537.36"
216.244.66.250 - - [25/Mar/2023:01:56:10 +0000] "GET /search/%E2%80%B9%EC%A0%95%EC%9D%8D%EC%B6%9C%EC%9E%A5%EB%A7%9B%EC%82%AC%EC%A7%80%E2%80%BA%E2%94%A224%EC%8B%9C%EC%B6%9C%EC%9E%A5%EC%83%B5%EF%B9%8C%EC%98%A4%ED%94%BC%EA%B1%B8%E2%9C%AA%EF%B9%9B%EC%B9%B4%ED%86%A1hwp63%EF%B9%9C%E2%99%AB%E3%80%94%D0%BF%D1%82%D0%BA455.%D1%81%D0%BE%D0%BC%E3%80%95%E2%96%B2%5B%5D%5B%5D%EB%8F%99%EB%8C%80%EA%B5%AC%EC%97%AD+%EA%B7%BC%EC%B2%98+%EB%AA%A8%ED%85%94%EC%B6%9C%EC%9E%A5%EC%98%A4%EC%93%B0%ED%94%BC%EA%B1%B8%E2%86%A92019-04-01-08-46%E2%96%88%E2%99%25 HTTP/1.1" 200 10888 "-" "Mozilla/5.0 (compatible; DotBot/1.2; +https://opensiteexplorer.org/dotbot; help@moz.com)"
2601:19c:5301:a710:88b7:bfd0:23d5:9451 - - [25/Mar/2023:01:56:11 +0000] "GET /wp-admin/ HTTP/1.0" 200 40804 "https://bigbrotherjunkies.com/become-supporter/" "Mozilla/5.0 (Windows NT 10.0; Win64; x64) AppleWebKit/537.36 (KHTML, like Gecko) Chrome/111.0.0.0 Safari/537.36"
2601:19c:5301:a710:88b7:bfd0:23d5:9451 - - [25/Mar/2023:01:56:12 +0000] "POST /wp-admin/admin-ajax.php HTTP/1.0" 200 645 "https://bigbrotherjunkies.com/wp-admin/" "Mozilla/5.0 (Windows NT 10.0; Win64; x64) AppleWebKit/537.36 (KHTML, like Gecko) Chrome/111.0.0.0 Safari/537.36"
137.184.144.15 - - [25/Mar/2023:01:56:16 +0000] "POST /wp-cron.php?doing_wp_cron=1679709375.9183979034423828125000 HTTP/1.0" 200 345 "https://bigbrotherjunkies.com/wp-cron.php?doing_wp_cron=1679709375.9183979034423828125000" "WordPress/6.1.1; https://bigbrotherjunkies.com"
136.243.220.213 - - [25/Mar/2023:01:56:15 +0000] "GET /comments/feed/ HTTP/1.0" 200 11379 "-" "Mozilla/5.0 (compatible; DataForSeoBot/1.0; +https://dataforseo.com/dataforseo-bot)"
2601:19c:5301:a710:88b7:bfd0:23d5:9451 - - [25/Mar/2023:01:56:15 +0000] "GET /wp-admin/edit.php?post_type=page HTTP/1.0" 200 34345 "https://bigbrotherjunkies.com/wp-admin/" "Mozilla/5.0 (Windows NT 10.0; Win64; x64) AppleWebKit/537.36 (KHTML, like Gecko) Chrome/111.0.0.0 Safari/537.36"
2601:19c:5301:a710:88b7:bfd0:23d5:9451 - - [25/Mar/2023:01:56:16 +0000] "POST /wp-admin/admin-ajax.php HTTP/1.0" 200 689 "https://bigbrotherjunkies.com/wp-admin/edit.php?post_type=page" "Mozilla/5.0 (Windows NT 10.0; Win64; x64) AppleWebKit/537.36 (KHTML, like Gecko) Chrome/111.0.0.0 Safari/537.36"
2601:19c:5301:a710:88b7:bfd0:23d5:9451 - - [25/Mar/2023:01:56:18 +0000] "GET /wp-admin/post-new.php?post_type=page HTTP/1.0" 200 1234883 "https://bigbrotherjunkies.com/wp-admin/edit.php?post_type=page" "Mozilla/5.0 (Windows NT 10.0; Win64; x64) AppleWebKit/537.36 (KHTML, like Gecko) Chrome/111.0.0.0 Safari/537.36"
2601:19c:5301:a710:88b7:bfd0:23d5:9451 - - [25/Mar/2023:01:56:20 +0000] "GET /wp-json/wp/v2/ HTTP/1.0" 200 12367 "https://bigbrotherjunkies.com/wp-admin/post-new.php?post_type=page" "Mozilla/5.0 (Windows NT 10.0; Win64; x64) AppleWebKit/537.36 (KHTML, like Gecko) Chrome/111.0.0.0 Safari/537.36"
2601:19c:5301:a710:88b7:bfd0:23d5:9451 - - [25/Mar/2023:01:56:20 +0000] "POST /wp-admin/admin-ajax.php?_locale=user HTTP/1.0" 200 9276 "https://bigbrotherjunkies.com/wp-admin/post-new.php?post_type=page" "Mozilla/5.0 (Windows NT 10.0; Win64; x64) AppleWebKit/537.36 (KHTML, like Gecko) Chrome/111.0.0.0 Safari/537.36"
2601:19c:5301:a710:88b7:bfd0:23d5:9451 - - [25/Mar/2023:01:56:21 +0000] "GET /wp-json/wp/v2/blocks?context=edit&per_page=100&_locale=user HTTP/1.0" 200 1995 "https://bigbrotherjunkies.com/wp-admin/post-new.php?post_type=page" "Mozilla/5.0 (Windows NT 10.0; Win64; x64) AppleWebKit/537.36 (KHTML, like Gecko) Chrome/111.0.0.0 Safari/537.36"
2601:19c:5301:a710:88b7:bfd0:23d5:9451 - - [25/Mar/2023:01:56:21 +0000] "GET /wp-json/wp/v2/block-patterns/patterns?_locale=user HTTP/1.0" 200 13651 "https://bigbrotherjunkies.com/wp-admin/post-new.php?post_type=page" "Mozilla/5.0 (Windows NT 10.0; Win64; x64) AppleWebKit/537.36 (KHTML, like Gecko) Chrome/111.0.0.0 Safari/537.36"
2601:19c:5301:a710:88b7:bfd0:23d5:9451 - - [25/Mar/2023:01:56:21 +0000] "OPTIONS /wp-json/wp/v2/pages/50286?_locale=user HTTP/1.0" 200 2766 "https://bigbrotherjunkies.com/wp-admin/post-new.php?post_type=page" "Mozilla/5.0 (Windows NT 10.0; Win64; x64) AppleWebKit/537.36 (KHTML, like Gecko) Chrome/111.0.0.0 Safari/537.36"
2601:19c:5301:a710:88b7:bfd0:23d5:9451 - - [25/Mar/2023:01:56:21 +0000] "GET /wp-json/wp/v2/block-patterns/categories?_locale=user HTTP/1.0" 200 1146 "https://bigbrotherjunkies.com/wp-admin/post-new.php?post_type=page" "Mozilla/5.0 (Windows NT 10.0; Win64; x64) AppleWebKit/537.36 (KHTML, like Gecko) Chrome/111.0.0.0 Safari/537.36"
2601:19c:5301:a710:88b7:bfd0:23d5:9451 - - [25/Mar/2023:01:56:21 +0000] "GET /wp-json/?_fields=description%2Cgmt_offset%2Chome%2Cname%2Csite_icon%2Csite_icon_url%2Csite_logo%2Ctimezone_string%2Curl&_locale=user HTTP/1.0" 200 1350 "https://bigbrotherjunkies.com/wp-admin/post-new.php?post_type=page" "Mozilla/5.0 (Windows NT 10.0; Win64; x64) AppleWebKit/537.36 (KHTML, like Gecko) Chrome/111.0.0.0 Safari/537.36"
2601:19c:5301:a710:88b7:bfd0:23d5:9451 - - [25/Mar/2023:01:56:21 +0000] "GET /wp-json/wp/v2/taxonomies?context=edit&per_page=100&_locale=user HTTP/1.0" 200 2249 "https://bigbrotherjunkies.com/wp-admin/post-new.php?post_type=page" "Mozilla/5.0 (Windows NT 10.0; Win64; x64) AppleWebKit/537.36 (KHTML, like Gecko) Chrome/111.0.0.0 Safari/537.36"
2601:19c:5301:a710:88b7:bfd0:23d5:9451 - - [25/Mar/2023:01:56:21 +0000] "GET /wp-json/wp/v2/pages?context=edit&per_page=100&exclude=50286&parent_exclude=50286&orderby=menu_order&order=asc&_fields=id%2Ctitle%2Cparent&_locale=user HTTP/1.0" 200 1568 "https://bigbrotherjunkies.com/wp-admin/post-new.php?post_type=page" "Mozilla/5.0 (Windows NT 10.0; Win64; x64) AppleWebKit/537.36 (KHTML, like Gecko) Chrome/111.0.0.0 Safari/537.36"
2601:19c:5301:a710:88b7:bfd0:23d5:9451 - - [25/Mar/2023:01:56:21 +0000] "GET /wp-json/wp/v2/users?context=view&who=authors&per_page=50&_fields=id%2Cname&_locale=user HTTP/1.0" 200 1349 "https://bigbrotherjunkies.com/wp-admin/post-new.php?post_type=page" "Mozilla/5.0 (Windows NT 10.0; Win64; x64) AppleWebKit/537.36 (KHTML, like Gecko) Chrome/111.0.0.0 Safari/537.36"
2601:19c:5301:a710:88b7:bfd0:23d5:9451 - - [25/Mar/2023:01:56:21 +0000] "GET /?page_id=50286&_wp-find-template=true HTTP/1.0" 200 15868 "https://bigbrotherjunkies.com/wp-admin/post-new.php?post_type=page" "Mozilla/5.0 (Windows NT 10.0; Win64; x64) AppleWebKit/537.36 (KHTML, like Gecko) Chrome/111.0.0.0 Safari/537.36"
2601:19c:5301:a710:88b7:bfd0:23d5:9451 - - [25/Mar/2023:01:56:21 +0000] "GET /wp-json/wp/v2/themes?context=edit&status=active&_locale=user HTTP/1.0" 200 1594 "https://bigbrotherjunkies.com/wp-admin/post-new.php?post_type=page" "Mozilla/5.0 (Windows NT 10.0; Win64; x64) AppleWebKit/537.36 (KHTML, like Gecko) Chrome/111.0.0.0 Safari/537.36"
2601:19c:5301:a710:88b7:bfd0:23d5:9451 - - [25/Mar/2023:01:56:21 +0000] "GET /wp-json/wp/v2/blocks?context=edit&_locale=user HTTP/1.0" 200 1995 "https://bigbrotherjunkies.com/wp-admin/post-new.php?post_type=page" "Mozilla/5.0 (Windows NT 10.0; Win64; x64) AppleWebKit/537.36 (KHTML, like Gecko) Chrome/111.0.0.0 Safari/537.36"
2601:19c:5301:a710:88b7:bfd0:23d5:9451 - - [25/Mar/2023:01:56:23 +0000] "POST /wp-admin/admin-ajax.php HTTP/1.0" 200 636 "https://bigbrotherjunkies.com/wp-admin/post-new.php?post_type=page" "Mozilla/5.0 (Windows NT 10.0; Win64; x64) AppleWebKit/537.36 (KHTML, like Gecko) Chrome/111.0.0.0 Safari/537.36"
216.244.66.250 - - [25/Mar/2023:01:56:22 +0000] "GET /search/%E3%80%96%EA%B9%80%EC%A0%9C%EC%B6%9C%EC%9E%A5%EC%83%B5%E3%80%97%E2%95%AE%EC%98%88%EC%95%BD%E2%94%AC%EC%B2%9C%EC%95%88+%ED%87%B4%ED%8F%90%E2%94%8F%EF%BC%88%EC%B9%B4%ED%86%A1%3A+mxm33+%EF%BC%89%E2%95%9D%EF%BC%88%D1%88%D1%80f636.%D1%81%D0%BE%D0%BC%EF%BC%89%EB%B6%88%EA%B4%91+%EC%97%AC%EA%B4%80%E2%98%80%E2%99%A4%EA%B9%80%EC%A0%9C%EB%AA%A8%ED%85%94+%EC%A0%84%ED%99%94%5B%5D%EA%B9%80%EC%A0%9C2019-04-20-12-28%E2%98%85a%EC%A1%B0%EA%B1%B4+%EB%A7%8C%EB%82%A8+%EC%84%9C%EC%9A%B8Ms HTTP/1.1" 200 11199 "-" "Mozilla/5.0 (compatible; DotBot/1.2; +https://opensiteexplorer.org/dotbot; help@moz.com)"
2601:19c:5301:a710:88b7:bfd0:23d5:9451 - - [25/Mar/2023:01:56:24 +0000] "GET /wp-admin/edit.php?post_type=page HTTP/1.0" 200 34344 "https://bigbrotherjunkies.com/wp-admin/" "Mozilla/5.0 (Windows NT 10.0; Win64; x64) AppleWebKit/537.36 (KHTML, like Gecko) Chrome/111.0.0.0 Safari/537.36"
2601:19c:5301:a710:88b7:bfd0:23d5:9451 - - [25/Mar/2023:01:56:25 +0000] "POST /wp-admin/admin-ajax.php HTTP/1.0" 200 689 "https://bigbrotherjunkies.com/wp-admin/edit.php?post_type=page" "Mozilla/5.0 (Windows NT 10.0; Win64; x64) AppleWebKit/537.36 (KHTML, like Gecko) Chrome/111.0.0.0 Safari/537.36"
137.184.144.15 - - [25/Mar/2023:01:56:27 +0000] "POST /wp-cron.php?doing_wp_cron=1679709387.1047298908233642578125 HTTP/1.0" 200 345 "https://bigbrotherjunkies.com/wp-cron.php?doing_wp_cron=1679709387.1047298908233642578125" "WordPress/6.1.1; https://bigbrotherjunkies.com"
2601:19c:5301:a710:88b7:bfd0:23d5:9451 - - [25/Mar/2023:01:56:26 +0000] "GET /wp-admin/post-new.php?post_type=page HTTP/1.0" 200 1234880 "https://bigbrotherjunkies.com/wp-admin/edit.php?post_type=page" "Mozilla/5.0 (Windows NT 10.0; Win64; x64) AppleWebKit/537.36 (KHTML, like Gecko) Chrome/111.0.0.0 Safari/537.36"
2601:19c:5301:a710:88b7:bfd0:23d5:9451 - - [25/Mar/2023:01:56:28 +0000] "POST /wp-admin/admin-ajax.php?_locale=user HTTP/1.0" 200 9276 "https://bigbrotherjunkies.com/wp-admin/post-new.php?post_type=page" "Mozilla/5.0 (Windows NT 10.0; Win64; x64) AppleWebKit/537.36 (KHTML, like Gecko) Chrome/111.0.0.0 Safari/537.36"
2601:19c:5301:a710:88b7:bfd0:23d5:9451 - - [25/Mar/2023:01:56:28 +0000] "GET /wp-json/wp/v2/blocks?context=edit&per_page=100&_locale=user HTTP/1.0" 200 1995 "https://bigbrotherjunkies.com/wp-admin/post-new.php?post_type=page" "Mozilla/5.0 (Windows NT 10.0; Win64; x64) AppleWebKit/537.36 (KHTML, like Gecko) Chrome/111.0.0.0 Safari/537.36"
