195.191.219.133 - - [24/Mar/2023:04:08:18 +0000] "GET /profile/mona77450/?tab=comments&pfpage=55 HTTP/1.1" 200 12848 "-" "Mozilla/5.0 (compatible; MJ12bot/v1.4.8; http://mj12bot.com/)"
152.228.220.143 - - [24/Mar/2023:04:08:54 +0000] "GET /big-brother-19-friday-feed-updates/feed/ HTTP/1.0" 301 375 "-" "Mozilla/5.0 (X11; Linux i686) AppleWebKit/537.36 (KHTML, like Gecko) Chrome/30.0.1599.66 Safari/537.36"
137.184.144.15 - - [24/Mar/2023:04:08:55 +0000] "POST /wp-cron.php?doing_wp_cron=1679630935.8572099208831787109375 HTTP/1.0" 200 345 "https://bigbrotherjunkies.com/wp-cron.php?doing_wp_cron=1679630935.8572099208831787109375" "WordPress/6.1.1; https://bigbrotherjunkies.com"
152.228.220.143 - - [24/Mar/2023:04:08:55 +0000] "GET /big-brother-19-friday-feed-updates/feed/ HTTP/1.0" 200 11485 "-" "Mozilla/5.0 (X11; Linux i686) AppleWebKit/537.36 (KHTML, like Gecko) Chrome/30.0.1599.66 Safari/537.36"
64.233.172.91 - - [24/Mar/2023:04:09:33 +0000] "HEAD /feed/ HTTP/1.0" 301 321 "-" "FeedBurner/1.0 (http://www.FeedBurner.com)"
64.233.172.181 - - [24/Mar/2023:04:09:33 +0000] "HEAD /feed/ HTTP/1.0" 200 405 "-" "FeedBurner/1.0 (http://www.FeedBurner.com)"
137.184.144.15 - - [24/Mar/2023:04:10:02 +0000] "POST /wp-cron.php?doing_wp_cron=1679631002.5013220310211181640625 HTTP/1.0" 200 345 "https://bigbrotherjunkies.com/wp-cron.php?doing_wp_cron=1679631002.5013220310211181640625" "WordPress/6.1.1; https://bigbrotherjunkies.com"
66.249.79.89 - - [24/Mar/2023:04:10:02 +0000] "POST /wp-admin/admin-ajax.php HTTP/1.0" 200 2231 "https://bigbrotherjunkies.com/marissa-jaret-winokur-celebrity-big-brother-cast/" "Mozilla/5.0 AppleWebKit/537.36 (KHTML, like Gecko; compatible; Googlebot/2.1; +http://www.google.com/bot.html) Safari/537.36"
15.156.131.161 - - [24/Mar/2023:04:10:03 +0000] "GET /feed/ HTTP/1.0" 301 340 "-" "Mozilla/5.0 (Windows NT 10.0; Win64; x64) AppleWebKit/537.36 (KHTML, like Gecko) Chrome/99.0.4844.74 Safari/537.36"
3.99.58.2 - - [24/Mar/2023:04:10:06 +0000] "GET /feed/ HTTP/1.0" 200 10208 "-" "Mozilla/5.0 (Windows NT 10.0; Win64; x64) AppleWebKit/537.36 (KHTML, like Gecko) Chrome/99.0.4844.74 Safari/537.36"
152.228.220.143 - - [24/Mar/2023:04:10:19 +0000] "GET /big-brother-15-mccrae-hanging/feed/ HTTP/1.0" 301 370 "-" "Mozilla/5.0 (X11; Linux i686) AppleWebKit/537.36 (KHTML, like Gecko) Chrome/30.0.1599.66 Safari/537.36"
152.228.220.143 - - [24/Mar/2023:04:10:20 +0000] "GET /big-brother-15-mccrae-hanging/feed/ HTTP/1.0" 200 11718 "-" "Mozilla/5.0 (X11; Linux i686) AppleWebKit/537.36 (KHTML, like Gecko) Chrome/30.0.1599.66 Safari/537.36"
137.184.144.15 - - [24/Mar/2023:04:11:06 +0000] "POST /wp-cron.php?doing_wp_cron=1679631066.0978450775146484375000 HTTP/1.0" 200 345 "https://bigbrotherjunkies.com/wp-cron.php?doing_wp_cron=1679631066.0978450775146484375000" "WordPress/6.1.1; https://bigbrotherjunkies.com"
103.3.62.103 - - [24/Mar/2023:04:11:05 +0000] "GET /administrator/manifests/files/joomla.xml HTTP/1.0" 404 60435 "-" "python-requests/2.28.2"
103.3.62.103 - - [24/Mar/2023:04:11:09 +0000] "GET /admin HTTP/1.1" 302 480 "-" "python-requests/2.28.2"
103.3.62.103 - - [24/Mar/2023:04:11:10 +0000] "GET /wp-admin/ HTTP/1.0" 302 509 "-" "python-requests/2.28.2"
137.184.144.15 - - [24/Mar/2023:04:11:58 +0000] "POST /wp-cron.php?doing_wp_cron=1679631118.3052339553833007812500 HTTP/1.0" 200 345 "https://bigbrotherjunkies.com/wp-cron.php?doing_wp_cron=1679631118.3052339553833007812500" "WordPress/6.1.1; https://bigbrotherjunkies.com"
66.249.79.91 - - [24/Mar/2023:04:11:57 +0000] "POST /wp-admin/admin-ajax.php HTTP/1.0" 200 2032 "https://bigbrotherjunkies.com/check-celebrity-big-brother-house/" "Mozilla/5.0 AppleWebKit/537.36 (KHTML, like Gecko; compatible; Googlebot/2.1; +http://www.google.com/bot.html) Safari/537.36"
137.184.144.15 - - [24/Mar/2023:04:13:19 +0000] "POST /wp-cron.php?doing_wp_cron=1679631199.1729140281677246093750 HTTP/1.0" 200 345 "https://bigbrotherjunkies.com/wp-cron.php?doing_wp_cron=1679631199.1729140281677246093750" "WordPress/6.1.1; https://bigbrotherjunkies.com"
66.249.79.92 - - [24/Mar/2023:04:13:18 +0000] "POST /wp-admin/admin-ajax.php HTTP/1.0" 200 6171 "https://bigbrotherjunkies.com/big-brother-15-candice-turning-pressure/" "Mozilla/5.0 AppleWebKit/537.36 (KHTML, like Gecko; compatible; Googlebot/2.1; +http://www.google.com/bot.html) Safari/537.36"
152.228.220.143 - - [24/Mar/2023:04:13:30 +0000] "GET /spoilers-feeds-up-here-is-what-we-know/feed/ HTTP/1.0" 200 11656 "-" "Mozilla/5.0 (X11; Linux i686) AppleWebKit/537.36 (KHTML, like Gecko) Chrome/30.0.1599.66 Safari/537.36"
64.233.172.68 - - [24/Mar/2023:04:13:51 +0000] "HEAD /feed/ HTTP/1.0" 301 321 "-" "FeedBurner/1.0 (http://www.FeedBurner.com)"
64.233.172.185 - - [24/Mar/2023:04:13:52 +0000] "HEAD /feed/ HTTP/1.0" 200 405 "-" "FeedBurner/1.0 (http://www.FeedBurner.com)"
137.184.144.15 - - [24/Mar/2023:04:14:15 +0000] "POST /wp-cron.php?doing_wp_cron=1679631255.1291201114654541015625 HTTP/1.0" 200 345 "https://bigbrotherjunkies.com/wp-cron.php?doing_wp_cron=1679631255.1291201114654541015625" "WordPress/6.1.1; https://bigbrotherjunkies.com"
66.249.79.92 - - [24/Mar/2023:04:14:14 +0000] "POST /wp-admin/admin-ajax.php HTTP/1.0" 200 4440 "https://bigbrotherjunkies.com/big-brother-20-house-reveal/" "Mozilla/5.0 AppleWebKit/537.36 (KHTML, like Gecko; compatible; Googlebot/2.1; +http://www.google.com/bot.html) Safari/537.36"
152.228.220.143 - - [24/Mar/2023:04:14:18 +0000] "GET /big-brother-14-doghouse-penthouse/feed/ HTTP/1.0" 301 374 "-" "Mozilla/5.0 (X11; Linux i686) AppleWebKit/537.36 (KHTML, like Gecko) Chrome/30.0.1599.66 Safari/537.36"
152.228.220.143 - - [24/Mar/2023:04:14:19 +0000] "GET /big-brother-14-doghouse-penthouse/feed/ HTTP/1.0" 200 3492 "-" "Mozilla/5.0 (X11; Linux i686) AppleWebKit/537.36 (KHTML, like Gecko) Chrome/30.0.1599.66 Safari/537.36"
137.184.144.15 - - [24/Mar/2023:04:14:57 +0000] "POST /wp-cron.php?doing_wp_cron=1679631297.0118141174316406250000 HTTP/1.0" 200 345 "https://bigbrotherjunkies.com/wp-cron.php?doing_wp_cron=1679631297.0118141174316406250000" "WordPress/6.1.1; https://bigbrotherjunkies.com"
34.232.198.187 - - [24/Mar/2023:04:14:56 +0000] "GET /live-feed-archives/live-feed-updates-for-july-15th-2022/ HTTP/1.1" 200 12515 "-" "MetadataScraper"
66.249.79.92 - - [24/Mar/2023:04:14:58 +0000] "POST /wp-admin/admin-ajax.php HTTP/1.0" 200 4595 "https://bigbrotherjunkies.com/big-brother-15-mvp-nomination-revealed/" "Mozilla/5.0 AppleWebKit/537.36 (KHTML, like Gecko; compatible; Googlebot/2.1; +http://www.google.com/bot.html) Safari/537.36"
40.77.167.145 - - [24/Mar/2023:04:15:00 +0000] "GET /wp-content/uploads/2017/07/week3-chart-550x339.jpg HTTP/1.1" 200 31717 "-" "Mozilla/5.0 AppleWebKit/537.36 (KHTML, like Gecko; compatible; bingbot/2.0; +http://www.bing.com/bingbot.htm) Chrome/103.0.5060.134 Safari/537.36"
137.184.144.15 - - [24/Mar/2023:04:15:29 +0000] "POST /wp-cron.php?doing_wp_cron=1679631329.3817861080169677734375 HTTP/1.0" 200 345 "https://bigbrotherjunkies.com/wp-cron.php?doing_wp_cron=1679631329.3817861080169677734375" "WordPress/6.1.1; https://bigbrotherjunkies.com"
66.249.79.92 - - [24/Mar/2023:04:15:29 +0000] "GET /long-road-to-finale-round-day-3/feed/ HTTP/1.0" 304 291 "-" "Mozilla/5.0 (compatible; Googlebot/2.1; +http://www.google.com/bot.html)"
137.184.144.15 - - [24/Mar/2023:04:16:41 +0000] "POST /wp-cron.php?doing_wp_cron=1679631401.3399019241333007812500 HTTP/1.0" 200 345 "https://bigbrotherjunkies.com/wp-cron.php?doing_wp_cron=1679631401.3399019241333007812500" "WordPress/6.1.1; https://bigbrotherjunkies.com"
66.249.79.94 - - [24/Mar/2023:04:16:40 +0000] "POST /wp-admin/admin-ajax.php HTTP/1.0" 200 3307 "https://bigbrotherjunkies.com/big-brother-14-power-veto-results-reward-week/" "Mozilla/5.0 AppleWebKit/537.36 (KHTML, like Gecko; compatible; Googlebot/2.1; +http://www.google.com/bot.html) Safari/537.36"
152.228.220.143 - - [24/Mar/2023:04:16:45 +0000] "GET /big-brother-canada/feed/ HTTP/1.0" 301 359 "-" "Mozilla/5.0 (X11; Linux i686) AppleWebKit/537.36 (KHTML, like Gecko) Chrome/30.0.1599.66 Safari/537.36"
152.228.220.143 - - [24/Mar/2023:04:16:45 +0000] "GET /big-brother-canada/feed/ HTTP/1.0" 200 10997 "-" "Mozilla/5.0 (X11; Linux i686) AppleWebKit/537.36 (KHTML, like Gecko) Chrome/30.0.1599.66 Safari/537.36"
152.228.220.143 - - [24/Mar/2023:04:16:48 +0000] "GET /big-brother-live-eviction-recap/feed/ HTTP/1.0" 301 372 "-" "Mozilla/5.0 (X11; Linux i686) AppleWebKit/537.36 (KHTML, like Gecko) Chrome/30.0.1599.66 Safari/537.36"
152.228.220.143 - - [24/Mar/2023:04:16:49 +0000] "GET /big-brother-live-eviction-recap/feed/ HTTP/1.0" 200 13754 "-" "Mozilla/5.0 (X11; Linux i686) AppleWebKit/537.36 (KHTML, like Gecko) Chrome/30.0.1599.66 Safari/537.36"
137.184.144.15 - - [24/Mar/2023:04:17:17 +0000] "POST /wp-cron.php?doing_wp_cron=1679631437.8526210784912109375000 HTTP/1.0" 200 345 "https://bigbrotherjunkies.com/wp-cron.php?doing_wp_cron=1679631437.8526210784912109375000" "WordPress/6.1.1; https://bigbrotherjunkies.com"
66.249.79.92 - - [24/Mar/2023:04:17:17 +0000] "POST /wp-admin/admin-ajax.php HTTP/1.0" 200 6999 "https://bigbrotherjunkies.com/big-brother-14-opinion-poll-dan-snake-genius/" "Mozilla/5.0 AppleWebKit/537.36 (KHTML, like Gecko; compatible; Googlebot/2.1; +http://www.google.com/bot.html) Safari/537.36"
137.184.144.15 - - [24/Mar/2023:04:17:54 +0000] "POST /wp-cron.php?doing_wp_cron=1679631474.6132249832153320312500 HTTP/1.0" 200 345 "https://bigbrotherjunkies.com/wp-cron.php?doing_wp_cron=1679631474.6132249832153320312500" "WordPress/6.1.1; https://bigbrotherjunkies.com"
17.241.227.238 - - [24/Mar/2023:04:17:54 +0000] "GET /big-brother-19-monday-updates-pov-ceremony/ HTTP/1.1" 200 29218 "-" "Mozilla/5.0 (Macintosh; Intel Mac OS X 10_15_5) AppleWebKit/605.1.15 (KHTML, like Gecko) Version/13.1.1 Safari/605.1.15 (Applebot/0.1; +http://www.apple.com/go/applebot)"
66.249.79.65 - - [24/Mar/2023:04:18:03 +0000] "POST /wp-admin/admin-ajax.php HTTP/1.0" 200 6015 "https://bigbrotherjunkies.com/big-brother-16-derrick-continues-rule-house/" "Mozilla/5.0 AppleWebKit/537.36 (KHTML, like Gecko; compatible; Googlebot/2.1; +http://www.google.com/bot.html) Safari/537.36"
137.184.144.15 - - [24/Mar/2023:04:18:26 +0000] "POST /wp-cron.php?doing_wp_cron=1679631506.8800001144409179687500 HTTP/1.0" 200 345 "https://bigbrotherjunkies.com/wp-cron.php?doing_wp_cron=1679631506.8800001144409179687500" "WordPress/6.1.1; https://bigbrotherjunkies.com"
66.249.79.89 - - [24/Mar/2023:04:18:26 +0000] "GET /live-feed-updates/jasmine-and-turner-in-the-living-room-talking-food-while-the-house-eats/ HTTP/1.1" 200 11512 "-" "Mozilla/5.0 (Linux; Android 6.0.1; Nexus 5X Build/MMB29P) AppleWebKit/537.36 (KHTML, like Gecko) Chrome/111.0.5563.64 Mobile Safari/537.36 (compatible; Googlebot/2.1; +http://www.google.com/bot.html)"
66.249.79.89 - - [24/Mar/2023:04:18:40 +0000] "POST /wp-admin/admin-ajax.php HTTP/1.0" 200 8928 "https://bigbrotherjunkies.com/big-brother-21-tuesday-updates/" "Mozilla/5.0 AppleWebKit/537.36 (KHTML, like Gecko; compatible; Googlebot/2.1; +http://www.google.com/bot.html) Safari/537.36"
137.184.144.15 - - [24/Mar/2023:04:18:53 +0000] "POST /wp-cron.php?doing_wp_cron=1679631533.1230928897857666015625 HTTP/1.0" 200 345 "https://bigbrotherjunkies.com/wp-cron.php?doing_wp_cron=1679631533.1230928897857666015625" "WordPress/6.1.1; https://bigbrotherjunkies.com"
54.202.52.223 - - [24/Mar/2023:04:18:52 +0000] "GET /big-brother-junkies-sunday-recap-for-8-18-19/ HTTP/1.1" 200 29966 "-" "Mozilla/5.0 (Macintosh; Intel Mac OS X 10_14_6) AppleWebKit/537.36 (KHTML, like Gecko) Chrome/97.0.4692.99 Safari/537.36"
18.209.95.173 - - [24/Mar/2023:04:18:55 +0000] "GET /big-brother-junkies-sunday-recap-for-8-18-19 HTTP/1.1" 301 361 "-" "Mozilla/5.0 (compatible; proximic; +https://www.comscore.com/Web-Crawler)"
54.202.52.223 - - [24/Mar/2023:04:18:55 +0000] "POST /wp-admin/admin-ajax.php HTTP/1.0" 200 7156 "https://bigbrotherjunkies.com/big-brother-junkies-sunday-recap-for-8-18-19/" "Mozilla/5.0 (Macintosh; Intel Mac OS X 10_14_6) AppleWebKit/537.36 (KHTML, like Gecko) Chrome/97.0.4692.99 Safari/537.36"
54.202.52.223 - - [24/Mar/2023:04:18:56 +0000] "GET /wp-content/uploads/2019/08/c603f724adae245d3232976ae8d65660-1-130x130.jpg HTTP/1.1" 200 4306 "https://bigbrotherjunkies.com/big-brother-junkies-sunday-recap-for-8-18-19/" "Mozilla/5.0 (Macintosh; Intel Mac OS X 10_14_6) AppleWebKit/537.36 (KHTML, like Gecko) Chrome/97.0.4692.99 Safari/537.36"
54.202.52.223 - - [24/Mar/2023:04:18:56 +0000] "GET /wp-content/uploads/2019/07/37964F2B-C2FB-4A35-BE60-2FE15D50EEB1-130x130.png HTTP/1.1" 200 21979 "https://bigbrotherjunkies.com/big-brother-junkies-sunday-recap-for-8-18-19/" "Mozilla/5.0 (Macintosh; Intel Mac OS X 10_14_6) AppleWebKit/537.36 (KHTML, like Gecko) Chrome/97.0.4692.99 Safari/537.36"
54.202.52.223 - - [24/Mar/2023:04:18:56 +0000] "GET /wp-content/uploads/2019/08/01478b2422c382538e831355c7441a9bf6423b2251-130x130.jpg HTTP/1.1" 200 4543 "https://bigbrotherjunkies.com/big-brother-junkies-sunday-recap-for-8-18-19/" "Mozilla/5.0 (Macintosh; Intel Mac OS X 10_14_6) AppleWebKit/537.36 (KHTML, like Gecko) Chrome/97.0.4692.99 Safari/537.36"
54.202.52.223 - - [24/Mar/2023:04:18:56 +0000] "GET /wp-content/uploads/2018/08/avatars-cats-791885.gif HTTP/1.1" 200 11209 "https://bigbrotherjunkies.com/big-brother-junkies-sunday-recap-for-8-18-19/" "Mozilla/5.0 (Macintosh; Intel Mac OS X 10_14_6) AppleWebKit/537.36 (KHTML, like Gecko) Chrome/97.0.4692.99 Safari/537.36"
137.184.144.15 - - [24/Mar/2023:04:19:54 +0000] "POST /wp-cron.php?doing_wp_cron=1679631594.2850608825683593750000 HTTP/1.0" 200 345 "https://bigbrotherjunkies.com/wp-cron.php?doing_wp_cron=1679631594.2850608825683593750000" "WordPress/6.1.1; https://bigbrotherjunkies.com"
193.202.82.72 - - [24/Mar/2023:04:19:53 +0000] "GET /feed/ HTTP/1.0" 200 10241 "-" "Mozilla/5.0 (Windows NT 6.1; WOW64) AppleWebKit/537.36 (KHTML, like Gecko) Chrome/64.0.3282.140 SputnikBrowser/4.1.2802.0 (GOST) Safari/537.36"
66.249.79.89 - - [24/Mar/2023:04:20:23 +0000] "POST /wp-admin/admin-ajax.php HTTP/1.0" 200 6725 "https://bigbrotherjunkies.com/big-brother-16-power-veto-meeting-live-feeds/" "Mozilla/5.0 AppleWebKit/537.36 (KHTML, like Gecko; compatible; Googlebot/2.1; +http://www.google.com/bot.html) Safari/537.36"
195.23.32.200 - - [24/Mar/2023:04:20:41 +0000] "GET /feed/ HTTP/1.0" 301 340 "-" "-"
137.184.144.15 - - [24/Mar/2023:04:20:42 +0000] "POST /wp-cron.php?doing_wp_cron=1679631642.5325000286102294921875 HTTP/1.0" 200 345 "https://bigbrotherjunkies.com/wp-cron.php?doing_wp_cron=1679631642.5325000286102294921875" "WordPress/6.1.1; https://bigbrotherjunkies.com"
195.23.32.200 - - [24/Mar/2023:04:20:42 +0000] "GET /feed/ HTTP/1.0" 200 10242 "-" "-"
137.184.144.15 - - [24/Mar/2023:04:21:10 +0000] "POST /wp-cron.php?doing_wp_cron=1679631670.7131319046020507812500 HTTP/1.0" 200 345 "https://bigbrotherjunkies.com/wp-cron.php?doing_wp_cron=1679631670.7131319046020507812500" "WordPress/6.1.1; https://bigbrotherjunkies.com"
66.249.79.89 - - [24/Mar/2023:04:21:10 +0000] "POST /wp-admin/admin-ajax.php HTTP/1.0" 200 6316 "https://bigbrotherjunkies.com/big-brother-15-nomination-results-2/" "Mozilla/5.0 AppleWebKit/537.36 (KHTML, like Gecko; compatible; Googlebot/2.1; +http://www.google.com/bot.html) Safari/537.36"
66.249.79.82 - - [24/Mar/2023:04:21:39 +0000] "GET /big-brother-20-wednesday-feed-updates-4/ HTTP/1.1" 301 356 "-" "Mozilla/5.0 (compatible; Googlebot/2.1; +http://www.google.com/bot.html)"
66.249.79.89 - - [24/Mar/2023:04:21:40 +0000] "GET /big-brother-20-wednesday-feed-updates-4/ HTTP/1.1" 200 28104 "-" "Mozilla/5.0 (compatible; Googlebot/2.1; +http://www.google.com/bot.html)"
54.39.177.92 - - [24/Mar/2023:04:21:48 +0000] "GET /comments/feed/ HTTP/1.0" 200 11345 "-" "Mozilla/5.0 (compatible; YaK/1.0; http://linkfluence.com/; bot@linkfluence.com)"
66.249.79.89 - - [24/Mar/2023:04:21:51 +0000] "GET /sunday-august-21st-bb24-live-feed-updates/ HTTP/1.1" 200 25824 "-" "Mozilla/5.0 (Linux; Android 6.0.1; Nexus 5X Build/MMB29P) AppleWebKit/537.36 (KHTML, like Gecko) Chrome/111.0.5563.64 Mobile Safari/537.36 (compatible; Googlebot/2.1; +http://www.google.com/bot.html)"
137.184.144.15 - - [24/Mar/2023:04:21:59 +0000] "POST /wp-cron.php?doing_wp_cron=1679631719.5505180358886718750000 HTTP/1.0" 200 345 "https://bigbrotherjunkies.com/wp-cron.php?doing_wp_cron=1679631719.5505180358886718750000" "WordPress/6.1.1; https://bigbrotherjunkies.com"
66.249.79.89 - - [24/Mar/2023:04:21:59 +0000] "POST /wp-admin/admin-ajax.php HTTP/1.0" 200 6044 "https://bigbrotherjunkies.com/sunday-august-21st-bb24-live-feed-updates/" "Mozilla/5.0 (Linux; Android 6.0.1; Nexus 5X Build/MMB29P) AppleWebKit/537.36 (KHTML, like Gecko) Chrome/111.0.5563.64 Mobile Safari/537.36 (compatible; Googlebot/2.1; +http://www.google.com/bot.html)"
66.249.79.89 - - [24/Mar/2023:04:22:02 +0000] "POST /wp-admin/admin-ajax.php HTTP/1.0" 200 6541 "https://bigbrotherjunkies.com/big-brother-20-wednesday-feed-updates-4/" "Mozilla/5.0 AppleWebKit/537.36 (KHTML, like Gecko; compatible; Googlebot/2.1; +http://www.google.com/bot.html) Safari/537.36"
137.184.144.15 - - [24/Mar/2023:04:22:17 +0000] "POST /wp-cron.php?doing_wp_cron=1679631737.2705099582672119140625 HTTP/1.0" 200 345 "https://bigbrotherjunkies.com/wp-cron.php?doing_wp_cron=1679631737.2705099582672119140625" "WordPress/6.1.1; https://bigbrotherjunkies.com"
66.249.79.89 - - [24/Mar/2023:04:22:16 +0000] "POST /wp-admin/admin-ajax.php HTTP/1.0" 200 5339 "https://bigbrotherjunkies.com/big-brother-24-turners-game-summary/" "Mozilla/5.0 AppleWebKit/537.36 (KHTML, like Gecko; compatible; Googlebot/2.1; +http://www.google.com/bot.html) Chrome/111.0.5563.64 Safari/537.36"
66.249.79.89 - - [24/Mar/2023:04:22:41 +0000] "POST /wp-admin/admin-ajax.php HTTP/1.0" 200 4919 "https://bigbrotherjunkies.com/big-brother-20-spoilers-post-eviction-feeds/" "Mozilla/5.0 AppleWebKit/537.36 (KHTML, like Gecko; compatible; Googlebot/2.1; +http://www.google.com/bot.html) Safari/537.36"
137.184.144.15 - - [24/Mar/2023:04:23:06 +0000] "POST /wp-cron.php?doing_wp_cron=1679631786.7259039878845214843750 HTTP/1.0" 200 345 "https://bigbrotherjunkies.com/wp-cron.php?doing_wp_cron=1679631786.7259039878845214843750" "WordPress/6.1.1; https://bigbrotherjunkies.com"
66.249.79.89 - - [24/Mar/2023:04:23:06 +0000] "POST /wp-admin/admin-ajax.php HTTP/1.0" 200 2273 "https://bigbrotherjunkies.com/big-brother-14-fight/" "Mozilla/5.0 AppleWebKit/537.36 (KHTML, like Gecko; compatible; Googlebot/2.1; +http://www.google.com/bot.html) Safari/537.36"
66.249.79.74 - - [24/Mar/2023:04:23:12 +0000] "GET /nicole-welcomed-kiss/ HTTP/1.1" 301 337 "-" "Mozilla/5.0 (compatible; Googlebot/2.1; +http://www.google.com/bot.html)"
66.249.79.91 - - [24/Mar/2023:04:23:13 +0000] "GET /nicole-welcomed-kiss/ HTTP/1.1" 200 27156 "-" "Mozilla/5.0 (compatible; Googlebot/2.1; +http://www.google.com/bot.html)"
66.249.79.92 - - [24/Mar/2023:04:23:30 +0000] "POST /wp-admin/admin-ajax.php HTTP/1.0" 200 5231 "https://bigbrotherjunkies.com/nicole-welcomed-kiss/" "Mozilla/5.0 AppleWebKit/537.36 (KHTML, like Gecko; compatible; Googlebot/2.1; +http://www.google.com/bot.html) Safari/537.36"
137.184.144.15 - - [24/Mar/2023:04:23:41 +0000] "POST /wp-cron.php?doing_wp_cron=1679631821.5280449390411376953125 HTTP/1.0" 200 345 "https://bigbrotherjunkies.com/wp-cron.php?doing_wp_cron=1679631821.5280449390411376953125" "WordPress/6.1.1; https://bigbrotherjunkies.com"
2604:3d08:297e:1a60:a82b:4830:4ae8:704a - - [24/Mar/2023:04:23:41 +0000] "GET /apple-touch-icon-precomposed.png HTTP/1.1" 404 57453 "-" "Safari/18614.4.6.1.6 CFNetwork/1404.0.5 Darwin/22.3.0"
2604:3d08:297e:1a60:a82b:4830:4ae8:704a - - [24/Mar/2023:04:23:41 +0000] "GET /apple-touch-icon.png HTTP/1.1" 404 57421 "-" "Safari/18614.4.6.1.6 CFNetwork/1404.0.5 Darwin/22.3.0"
2604:3d08:297e:1a60:a82b:4830:4ae8:704a - - [24/Mar/2023:04:23:43 +0000] "GET /apple-touch-icon-precomposed.png HTTP/1.1" 404 57421 "-" "Safari/18614.4.6.1.6 CFNetwork/1404.0.5 Darwin/22.3.0"
2604:3d08:297e:1a60:a82b:4830:4ae8:704a - - [24/Mar/2023:04:23:43 +0000] "GET /apple-touch-icon.png HTTP/1.1" 404 57421 "-" "Safari/18614.4.6.1.6 CFNetwork/1404.0.5 Darwin/22.3.0"
137.184.144.15 - - [24/Mar/2023:04:24:10 +0000] "POST /wp-cron.php?doing_wp_cron=1679631850.2599840164184570312500 HTTP/1.0" 200 345 "https://bigbrotherjunkies.com/wp-cron.php?doing_wp_cron=1679631850.2599840164184570312500" "WordPress/6.1.1; https://bigbrotherjunkies.com"
66.249.79.92 - - [24/Mar/2023:04:24:09 +0000] "POST /wp-admin/admin-ajax.php HTTP/1.0" 200 5596 "https://bigbrotherjunkies.com/big-brother-16-game-feed-updates/" "Mozilla/5.0 AppleWebKit/537.36 (KHTML, like Gecko; compatible; Googlebot/2.1; +http://www.google.com/bot.html) Safari/537.36"
152.228.220.143 - - [24/Mar/2023:04:24:35 +0000] "GET /big-brother-17-vanessa-rousso/feed/ HTTP/1.0" 301 370 "-" "Mozilla/5.0 (X11; Linux i686) AppleWebKit/537.36 (KHTML, like Gecko) Chrome/30.0.1599.66 Safari/537.36"
152.228.220.143 - - [24/Mar/2023:04:24:35 +0000] "GET /big-brother-17-vanessa-rousso/feed/ HTTP/1.0" 200 12209 "-" "Mozilla/5.0 (X11; Linux i686) AppleWebKit/537.36 (KHTML, like Gecko) Chrome/30.0.1599.66 Safari/537.36"
66.249.79.92 - - [24/Mar/2023:04:24:42 +0000] "POST /wp-admin/admin-ajax.php HTTP/1.0" 200 2710 "https://bigbrotherjunkies.com/ross-mathews-celebrity-big-brother-cast/" "Mozilla/5.0 AppleWebKit/537.36 (KHTML, like Gecko; compatible; Googlebot/2.1; +http://www.google.com/bot.html) Safari/537.36"
66.249.79.92 - - [24/Mar/2023:04:24:46 +0000] "GET /big-brother-23-thursday-recap-for-9-9-21/20210910_100158/ HTTP/1.1" 200 11788 "-" "Mozilla/5.0 (compatible; Googlebot/2.1; +http://www.google.com/bot.html)"
66.249.79.92 - - [24/Mar/2023:04:24:47 +0000] "GET /just-hook-up-already-sunday-night-feeds/feed/ HTTP/1.0" 200 10975 "-" "Mozilla/5.0 (Linux; Android 6.0.1; Nexus 5X Build/MMB29P) AppleWebKit/537.36 (KHTML, like Gecko) Chrome/111.0.5563.64 Mobile Safari/537.36 (compatible; Googlebot/2.1; +http://www.google.com/bot.html)"
35.183.170.10 - - [24/Mar/2023:04:25:10 +0000] "GET /feed/ HTTP/1.0" 301 340 "-" "Mozilla/5.0 (Windows NT 10.0; WOW64) AppleWebKit/537.36 (KHTML, like Gecko) Chrome/86.0.4240.198 Safari/537.36"
137.184.144.15 - - [24/Mar/2023:04:25:11 +0000] "POST /wp-cron.php?doing_wp_cron=1679631911.4421238899230957031250 HTTP/1.0" 200 345 "https://bigbrotherjunkies.com/wp-cron.php?doing_wp_cron=1679631911.4421238899230957031250" "WordPress/6.1.1; https://bigbrotherjunkies.com"
66.249.79.94 - - [24/Mar/2023:04:25:11 +0000] "POST /wp-admin/admin-ajax.php HTTP/1.0" 200 5814 "https://bigbrotherjunkies.com/big-brother-20-monday-feed-spoilers/" "Mozilla/5.0 AppleWebKit/537.36 (KHTML, like Gecko; compatible; Googlebot/2.1; +http://www.google.com/bot.html) Safari/537.36"
52.33.40.162 - - [24/Mar/2023:04:25:12 +0000] "GET /feed/ HTTP/1.0" 200 10208 "-" "Mozilla/5.0 (Windows NT 10.0; WOW64) AppleWebKit/537.36 (KHTML, like Gecko) Chrome/86.0.4240.198 Safari/537.36"
66.249.79.92 - - [24/Mar/2023:04:25:38 +0000] "POST /wp-admin/admin-ajax.php HTTP/1.0" 200 4706 "https://bigbrotherjunkies.com/wild-night-big-brother-14-house/" "Mozilla/5.0 AppleWebKit/537.36 (KHTML, like Gecko; compatible; Googlebot/2.1; +http://www.google.com/bot.html) Safari/537.36"
66.249.79.74 - - [24/Mar/2023:04:25:47 +0000] "GET /big-brother-15-drama-llama-bored/ HTTP/1.1" 301 349 "-" "Mozilla/5.0 (compatible; Googlebot/2.1; +http://www.google.com/bot.html)"
66.249.79.92 - - [24/Mar/2023:04:25:48 +0000] "GET /big-brother-15-drama-llama-bored/ HTTP/1.1" 200 27557 "-" "Mozilla/5.0 (compatible; Googlebot/2.1; +http://www.google.com/bot.html)"
137.184.144.15 - - [24/Mar/2023:04:26:10 +0000] "POST /wp-cron.php?doing_wp_cron=1679631969.9716460704803466796875 HTTP/1.0" 200 345 "https://bigbrotherjunkies.com/wp-cron.php?doing_wp_cron=1679631969.9716460704803466796875" "WordPress/6.1.1; https://bigbrotherjunkies.com"
66.249.79.94 - - [24/Mar/2023:04:26:09 +0000] "POST /wp-admin/admin-ajax.php HTTP/1.0" 200 8658 "https://bigbrotherjunkies.com/big-brother-15-drama-llama-bored/" "Mozilla/5.0 AppleWebKit/537.36 (KHTML, like Gecko; compatible; Googlebot/2.1; +http://www.google.com/bot.html) Safari/537.36"
66.249.79.92 - - [24/Mar/2023:04:26:41 +0000] "POST /wp-admin/admin-ajax.php HTTP/1.0" 200 4820 "https://bigbrotherjunkies.com/big-brother-15-amanda-gm-fight/" "Mozilla/5.0 AppleWebKit/537.36 (KHTML, like Gecko; compatible; Googlebot/2.1; +http://www.google.com/bot.html) Safari/537.36"
137.184.144.15 - - [24/Mar/2023:04:27:06 +0000] "POST /wp-cron.php?doing_wp_cron=1679632026.1967949867248535156250 HTTP/1.0" 200 345 "https://bigbrotherjunkies.com/wp-cron.php?doing_wp_cron=1679632026.1967949867248535156250" "WordPress/6.1.1; https://bigbrotherjunkies.com"
66.249.79.92 - - [24/Mar/2023:04:27:05 +0000] "POST /wp-admin/admin-ajax.php HTTP/1.0" 200 4869 "https://bigbrotherjunkies.com/was-corey-helped-by-production-during-the-pov/" "Mozilla/5.0 AppleWebKit/537.36 (KHTML, like Gecko; compatible; Googlebot/2.1; +http://www.google.com/bot.html) Safari/537.36"
50.173.1.114 - - [24/Mar/2023:04:27:07 +0000] "GET /wp-content/uploads/2015/06/bigbrother17-memorywall.jpg HTTP/1.1" 200 114883 "-" "Mozilla/5.0 (X11; Ubuntu; Linux x86_64; rv:72.0) Gecko/20100101 Firefox/72.0"
66.249.79.92 - - [24/Mar/2023:04:27:48 +0000] "POST /wp-admin/admin-ajax.php HTTP/1.0" 200 5394 "https://bigbrotherjunkies.com/big-brother-20-wednesday-night-feeds/" "Mozilla/5.0 AppleWebKit/537.36 (KHTML, like Gecko; compatible; Googlebot/2.1; +http://www.google.com/bot.html) Safari/537.36"
209.97.144.235 - - [24/Mar/2023:04:27:57 +0000] "GET /wp-content/uploads/2012/08/bb14-drunk-ian.jpg HTTP/1.1" 200 32837 "-" "Mozilla/5.0 AppleWebKit/537.36 (KHTML, like Gecko; compatible; bingbot/2.0; +http://www.bing.com/bingbot.htm) Chrome/103.0.5060.134 Safari/537.36"
137.184.144.15 - - [24/Mar/2023:04:28:17 +0000] "POST /wp-cron.php?doing_wp_cron=1679632097.3279600143432617187500 HTTP/1.0" 200 345 "https://bigbrotherjunkies.com/wp-cron.php?doing_wp_cron=1679632097.3279600143432617187500" "WordPress/6.1.1; https://bigbrotherjunkies.com"
66.249.79.92 - - [24/Mar/2023:04:28:16 +0000] "POST /wp-admin/admin-ajax.php HTTP/1.0" 200 6135 "https://bigbrotherjunkies.com/big-brother-15-power-veto-results/" "Mozilla/5.0 AppleWebKit/537.36 (KHTML, like Gecko; compatible; Googlebot/2.1; +http://www.google.com/bot.html) Safari/537.36"
66.249.79.92 - - [24/Mar/2023:04:28:50 +0000] "POST /wp-admin/admin-ajax.php HTTP/1.0" 200 6387 "https://bigbrotherjunkies.com/big-brother-14-pov-damage/" "Mozilla/5.0 AppleWebKit/537.36 (KHTML, like Gecko; compatible; Googlebot/2.1; +http://www.google.com/bot.html) Safari/537.36"
137.184.144.15 - - [24/Mar/2023:04:28:59 +0000] "POST /wp-cron.php?doing_wp_cron=1679632139.3447360992431640625000 HTTP/1.0" 200 345 "https://bigbrotherjunkies.com/wp-cron.php?doing_wp_cron=1679632139.3447360992431640625000" "WordPress/6.1.1; https://bigbrotherjunkies.com"
17.241.75.65 - - [24/Mar/2023:04:28:58 +0000] "GET /big-brother-23-house-reveal/bb23-house-bedroom-02-b/ HTTP/1.1" 200 11787 "-" "Mozilla/5.0 (Macintosh; Intel Mac OS X 10_15_5) AppleWebKit/605.1.15 (KHTML, like Gecko) Version/13.1.1 Safari/605.1.15 (Applebot/0.1; +http://www.apple.com/go/applebot)"
137.184.144.15 - - [24/Mar/2023:04:29:19 +0000] "POST /wp-cron.php?doing_wp_cron=1679632159.5605590343475341796875 HTTP/1.0" 200 345 "https://bigbrotherjunkies.com/wp-cron.php?doing_wp_cron=1679632159.5605590343475341796875" "WordPress/6.1.1; https://bigbrotherjunkies.com"
66.249.79.94 - - [24/Mar/2023:04:29:19 +0000] "POST /wp-admin/admin-ajax.php HTTP/1.0" 200 2137 "https://bigbrotherjunkies.com/christmas-is-pregnant/" "Mozilla/5.0 AppleWebKit/537.36 (KHTML, like Gecko; compatible; Googlebot/2.1; +http://www.google.com/bot.html) Safari/537.36"
66.249.79.92 - - [24/Mar/2023:04:29:30 +0000] "POST /wp-admin/admin-ajax.php HTTP/1.0" 200 2137 "https://bigbrotherjunkies.com/christmas-is-pregnant/?amp" "Mozilla/5.0 (Linux; Android 6.0.1; Nexus 5X Build/MMB29P) AppleWebKit/537.36 (KHTML, like Gecko) Chrome/111.0.5563.64 Mobile Safari/537.36 (compatible; Googlebot/2.1; +http://www.google.com/bot.html)"
66.249.79.92 - - [24/Mar/2023:04:29:35 +0000] "POST /wp-admin/admin-ajax.php HTTP/1.0" 200 6194 "https://bigbrotherjunkies.com/big-brother-15-mccrae-amanda-big-brother-engaged/" "Mozilla/5.0 AppleWebKit/537.36 (KHTML, like Gecko; compatible; Googlebot/2.1; +http://www.google.com/bot.html) Safari/537.36"
66.249.79.71 - - [24/Mar/2023:04:29:55 +0000] "GET /tour-big-brother-13-house/ HTTP/1.1" 301 342 "-" "Mozilla/5.0 (compatible; Googlebot/2.1; +http://www.google.com/bot.html)"
137.184.144.15 - - [24/Mar/2023:04:29:56 +0000] "POST /wp-cron.php?doing_wp_cron=1679632196.8129670619964599609375 HTTP/1.0" 200 345 "https://bigbrotherjunkies.com/wp-cron.php?doing_wp_cron=1679632196.8129670619964599609375" "WordPress/6.1.1; https://bigbrotherjunkies.com"
66.249.79.92 - - [24/Mar/2023:04:29:56 +0000] "GET /tour-big-brother-13-house/ HTTP/1.1" 200 27872 "-" "Mozilla/5.0 (compatible; Googlebot/2.1; +http://www.google.com/bot.html)"
66.249.79.94 - - [24/Mar/2023:04:30:02 +0000] "POST /wp-admin/admin-ajax.php HTTP/1.0" 200 752 "https://bigbrotherjunkies.com/tour-big-brother-13-house/" "Mozilla/5.0 AppleWebKit/537.36 (KHTML, like Gecko; compatible; Googlebot/2.1; +http://www.google.com/bot.html) Safari/537.36"
149.202.188.63 - - [24/Mar/2023:04:30:06 +0000] "HEAD /feed HTTP/1.0" 301 320 "-" "Apache-HttpClient/4.5.5 (Java/1.8.0_181)"
149.202.188.63 - - [24/Mar/2023:04:30:07 +0000] "HEAD /feed HTTP/1.0" 301 419 "-" "Apache-HttpClient/4.5.5 (Java/1.8.0_181)"
149.202.188.63 - - [24/Mar/2023:04:30:08 +0000] "HEAD /feed/ HTTP/1.0" 200 405 "-" "Apache-HttpClient/4.5.5 (Java/1.8.0_181)"
149.202.188.63 - - [24/Mar/2023:04:30:09 +0000] "GET /feed HTTP/1.0" 301 339 "-" "Apache-HttpClient/4.5.5 (Java/1.8.0_181)"
149.202.188.63 - - [24/Mar/2023:04:30:09 +0000] "GET /feed HTTP/1.0" 301 438 "-" "Apache-HttpClient/4.5.5 (Java/1.8.0_181)"
149.202.188.63 - - [24/Mar/2023:04:30:10 +0000] "GET /feed/ HTTP/1.0" 200 10208 "-" "Apache-HttpClient/4.5.5 (Java/1.8.0_181)"
66.249.79.77 - - [24/Mar/2023:04:30:26 +0000] "GET /top-20-big-brother-tweets-of-the-week-4/ HTTP/1.1" 301 356 "-" "Mozilla/5.0 (compatible; Googlebot/2.1; +http://www.google.com/bot.html)"
137.184.144.15 - - [24/Mar/2023:04:30:27 +0000] "POST /wp-cron.php?doing_wp_cron=1679632227.8683249950408935546875 HTTP/1.0" 200 345 "https://bigbrotherjunkies.com/wp-cron.php?doing_wp_cron=1679632227.8683249950408935546875" "WordPress/6.1.1; https://bigbrotherjunkies.com"
66.249.79.94 - - [24/Mar/2023:04:30:27 +0000] "GET /top-20-big-brother-tweets-of-the-week-4/ HTTP/1.1" 200 27189 "-" "Mozilla/5.0 (compatible; Googlebot/2.1; +http://www.google.com/bot.html)"
152.228.220.143 - - [24/Mar/2023:04:30:36 +0000] "GET /tuesday-feed-updates-will-the-final-four-last/feed/ HTTP/1.0" 200 13201 "-" "Mozilla/5.0 (X11; Linux i686) AppleWebKit/537.36 (KHTML, like Gecko) Chrome/30.0.1599.66 Safari/537.36"
66.249.79.92 - - [24/Mar/2023:04:30:47 +0000] "POST /wp-admin/admin-ajax.php HTTP/1.0" 200 2890 "https://bigbrotherjunkies.com/top-20-big-brother-tweets-of-the-week-4/" "Mozilla/5.0 AppleWebKit/537.36 (KHTML, like Gecko; compatible; Googlebot/2.1; +http://www.google.com/bot.html) Safari/537.36"
137.184.144.15 - - [24/Mar/2023:04:30:54 +0000] "POST /wp-cron.php?doing_wp_cron=1679632253.9959809780120849609375 HTTP/1.0" 200 345 "https://bigbrotherjunkies.com/wp-cron.php?doing_wp_cron=1679632253.9959809780120849609375" "WordPress/6.1.1; https://bigbrotherjunkies.com"
40.77.167.226 - - [24/Mar/2023:04:30:53 +0000] "GET /post-sitemap.xml HTTP/1.1" 404 57453 "-" "Mozilla/5.0 AppleWebKit/537.36 (KHTML, like Gecko; compatible; bingbot/2.0; +http://www.bing.com/bingbot.htm) Chrome/103.0.5060.134 Safari/537.36"
66.249.79.71 - - [24/Mar/2023:04:30:57 +0000] "GET /breaking-willie-hantz-tool/ HTTP/1.1" 301 343 "-" "Mozilla/5.0 (compatible; Googlebot/2.1; +http://www.google.com/bot.html)"
137.184.144.15 - - [24/Mar/2023:04:30:59 +0000] "POST /wp-cron.php?doing_wp_cron=1679632258.9107570648193359375000 HTTP/1.0" 200 345 "https://bigbrotherjunkies.com/wp-cron.php?doing_wp_cron=1679632258.9107570648193359375000" "WordPress/6.1.1; https://bigbrotherjunkies.com"
66.249.79.92 - - [24/Mar/2023:04:30:58 +0000] "GET /breaking-willie-hantz-tool/ HTTP/1.1" 200 26628 "-" "Mozilla/5.0 (compatible; Googlebot/2.1; +http://www.google.com/bot.html)"
51.222.253.5 - - [24/Mar/2023:04:31:00 +0000] "GET /big-brother-22-day-off-to-a-bad-start-cast-members-with-coronavirus/ HTTP/1.1" 200 27074 "-" "Mozilla/5.0 (compatible; AhrefsBot/7.0; +http://ahrefs.com/robot/)"
66.249.79.94 - - [24/Mar/2023:04:31:13 +0000] "POST /wp-admin/admin-ajax.php HTTP/1.0" 200 4236 "https://bigbrotherjunkies.com/breaking-willie-hantz-tool/" "Mozilla/5.0 AppleWebKit/537.36 (KHTML, like Gecko; compatible; Googlebot/2.1; +http://www.google.com/bot.html) Safari/537.36"
66.249.79.77 - - [24/Mar/2023:04:31:28 +0000] "GET /big-brother-15-veto-mvp/ HTTP/1.1" 301 340 "-" "Mozilla/5.0 (compatible; Googlebot/2.1; +http://www.google.com/bot.html)"
137.184.144.15 - - [24/Mar/2023:04:31:30 +0000] "POST /wp-cron.php?doing_wp_cron=1679632289.9279739856719970703125 HTTP/1.0" 200 345 "https://bigbrotherjunkies.com/wp-cron.php?doing_wp_cron=1679632289.9279739856719970703125" "WordPress/6.1.1; https://bigbrotherjunkies.com"
66.249.79.92 - - [24/Mar/2023:04:31:29 +0000] "GET /big-brother-15-veto-mvp/ HTTP/1.1" 200 27150 "-" "Mozilla/5.0 (compatible; Googlebot/2.1; +http://www.google.com/bot.html)"
40.77.167.145 - - [24/Mar/2023:04:31:39 +0000] "GET /big-brother-23-cast-member-tiffany-mitchell/ HTTP/1.1" 200 27197 "-" "Mozilla/5.0 AppleWebKit/537.36 (KHTML, like Gecko; compatible; bingbot/2.0; +http://www.bing.com/bingbot.htm) Chrome/103.0.5060.134 Safari/537.36"
137.184.144.15 - - [24/Mar/2023:04:31:55 +0000] "POST /wp-cron.php?doing_wp_cron=1679632315.2991249561309814453125 HTTP/1.0" 200 345 "https://bigbrotherjunkies.com/wp-cron.php?doing_wp_cron=1679632315.2991249561309814453125" "WordPress/6.1.1; https://bigbrotherjunkies.com"
66.249.79.92 - - [24/Mar/2023:04:31:54 +0000] "POST /wp-admin/admin-ajax.php HTTP/1.0" 200 3614 "https://bigbrotherjunkies.com/big-brother-15-veto-mvp/" "Mozilla/5.0 AppleWebKit/537.36 (KHTML, like Gecko; compatible; Googlebot/2.1; +http://www.google.com/bot.html) Safari/537.36"
66.249.79.74 - - [24/Mar/2023:04:31:59 +0000] "GET /feed/ HTTP/1.0" 301 340 "-" "Mozilla/5.0 (compatible; Googlebot/2.1; +http://www.google.com/bot.html)"
66.249.79.94 - - [24/Mar/2023:04:32:00 +0000] "GET /feed/ HTTP/1.0" 304 291 "-" "Mozilla/5.0 (compatible; Googlebot/2.1; +http://www.google.com/bot.html)"
66.249.88.14 - - [24/Mar/2023:04:32:12 +0000] "GET /.well-known/traffic-advice HTTP/1.1" 404 57421 "-" "Chrome Privacy Preserving Prefetch Proxy"
152.228.220.143 - - [24/Mar/2023:04:32:14 +0000] "GET /big-brother-15-jeremy-apologizes-aaryn-loses-modeling-contract-schedule-change/feed/ HTTP/1.0" 301 419 "-" "Mozilla/5.0 (X11; Linux i686) AppleWebKit/537.36 (KHTML, like Gecko) Chrome/30.0.1599.66 Safari/537.36"
152.228.220.143 - - [24/Mar/2023:04:32:14 +0000] "GET /big-brother-15-jeremy-apologizes-aaryn-loses-modeling-contract-schedule-change/feed/ HTTP/1.0" 200 19680 "-" "Mozilla/5.0 (X11; Linux i686) AppleWebKit/537.36 (KHTML, like Gecko) Chrome/30.0.1599.66 Safari/537.36"
66.249.79.71 - - [24/Mar/2023:04:32:30 +0000] "GET /big-brother-15-happy-times-hot-tub/ HTTP/1.1" 301 351 "-" "Mozilla/5.0 (compatible; Googlebot/2.1; +http://www.google.com/bot.html)"
66.249.79.94 - - [24/Mar/2023:04:32:31 +0000] "GET /big-brother-15-happy-times-hot-tub/ HTTP/1.1" 200 27128 "-" "Mozilla/5.0 (compatible; Googlebot/2.1; +http://www.google.com/bot.html)"
66.249.79.92 - - [24/Mar/2023:04:32:39 +0000] "POST /wp-admin/admin-ajax.php HTTP/1.0" 200 7136 "https://bigbrotherjunkies.com/big-brother-15-happy-times-hot-tub/" "Mozilla/5.0 AppleWebKit/537.36 (KHTML, like Gecko; compatible; Googlebot/2.1; +http://www.google.com/bot.html) Safari/537.36"
137.184.144.15 - - [24/Mar/2023:04:33:21 +0000] "POST /wp-cron.php?doing_wp_cron=1679632401.8580949306488037109375 HTTP/1.0" 200 345 "https://bigbrotherjunkies.com/wp-cron.php?doing_wp_cron=1679632401.8580949306488037109375" "WordPress/6.1.1; https://bigbrotherjunkies.com"
66.249.79.92 - - [24/Mar/2023:04:33:21 +0000] "POST /wp-admin/admin-ajax.php HTTP/1.0" 200 6286 "https://bigbrotherjunkies.com/big-brother-20-danger-brett-robinson-danger/" "Mozilla/5.0 AppleWebKit/537.36 (KHTML, like Gecko; compatible; Googlebot/2.1; +http://www.google.com/bot.html) Safari/537.36"
66.249.79.92 - - [24/Mar/2023:04:33:50 +0000] "POST /wp-admin/admin-ajax.php HTTP/1.0" 200 7551 "https://bigbrotherjunkies.com/bronte-reveals-major-secret-happenings/" "Mozilla/5.0 AppleWebKit/537.36 (KHTML, like Gecko; compatible; Googlebot/2.1; +http://www.google.com/bot.html) Safari/537.36"
137.184.144.15 - - [24/Mar/2023:04:34:31 +0000] "POST /wp-cron.php?doing_wp_cron=1679632471.6558859348297119140625 HTTP/1.0" 200 345 "https://bigbrotherjunkies.com/wp-cron.php?doing_wp_cron=1679632471.6558859348297119140625" "WordPress/6.1.1; https://bigbrotherjunkies.com"
66.249.79.94 - - [24/Mar/2023:04:34:31 +0000] "POST /wp-admin/admin-ajax.php HTTP/1.0" 200 2077 "https://bigbrotherjunkies.com/ariadna-gutierrez-celebrity-big-brother-cast/" "Mozilla/5.0 AppleWebKit/537.36 (KHTML, like Gecko; compatible; Googlebot/2.1; +http://www.google.com/bot.html) Safari/537.36"
66.249.79.82 - - [24/Mar/2023:04:34:34 +0000] "GET /big-brother-20-cast-first-look/ HTTP/1.1" 301 347 "-" "Mozilla/5.0 (compatible; Googlebot/2.1; +http://www.google.com/bot.html)"
137.184.144.15 - - [24/Mar/2023:04:35:00 +0000] "POST /wp-cron.php?doing_wp_cron=1679632499.8709430694580078125000 HTTP/1.0" 200 345 "https://bigbrotherjunkies.com/wp-cron.php?doing_wp_cron=1679632499.8709430694580078125000" "WordPress/6.1.1; https://bigbrotherjunkies.com"
66.249.79.92 - - [24/Mar/2023:04:34:59 +0000] "POST /wp-admin/admin-ajax.php HTTP/1.0" 200 752 "https://bigbrotherjunkies.com/big-brother-20-cast-first-look/" "Mozilla/5.0 AppleWebKit/537.36 (KHTML, like Gecko; compatible; Googlebot/2.1; +http://www.google.com/bot.html) Safari/537.36"
66.249.79.82 - - [24/Mar/2023:04:35:05 +0000] "GET /big-brother-15-interesting-eviction/ HTTP/1.1" 301 352 "-" "Mozilla/5.0 (compatible; Googlebot/2.1; +http://www.google.com/bot.html)"
66.249.79.92 - - [24/Mar/2023:04:35:06 +0000] "GET /big-brother-15-interesting-eviction/ HTTP/1.1" 200 27340 "-" "Mozilla/5.0 (compatible; Googlebot/2.1; +http://www.google.com/bot.html)"
103.162.10.234 - - [24/Mar/2023:04:35:20 +0000] "GET /wp-content/uploads/2018/02/bigbrother20.png HTTP/1.1" 200 27394 "-" "Mozilla/5.0 (X11; Ubuntu; Linux x86_64; rv:72.0) Gecko/20100101 Firefox/72.0"
66.249.79.92 - - [24/Mar/2023:04:35:34 +0000] "POST /wp-admin/admin-ajax.php HTTP/1.0" 200 5250 "https://bigbrotherjunkies.com/big-brother-15-interesting-eviction/" "Mozilla/5.0 AppleWebKit/537.36 (KHTML, like Gecko; compatible; Googlebot/2.1; +http://www.google.com/bot.html) Safari/537.36"
66.249.79.79 - - [24/Mar/2023:04:35:36 +0000] "GET /big-brother-14-dan-power-move/ HTTP/1.1" 301 346 "-" "Mozilla/5.0 (compatible; Googlebot/2.1; +http://www.google.com/bot.html)"
66.249.79.92 - - [24/Mar/2023:04:35:37 +0000] "GET /big-brother-14-dan-power-move/ HTTP/1.1" 200 29399 "-" "Mozilla/5.0 (compatible; Googlebot/2.1; +http://www.google.com/bot.html)"
66.249.79.92 - - [24/Mar/2023:04:35:38 +0000] "POST /wp-admin/admin-ajax.php HTTP/1.0" 200 4534 "https://bigbrotherjunkies.com/big-brother-15-jeremy-wipes-butt-elissas-hat/" "Mozilla/5.0 AppleWebKit/537.36 (KHTML, like Gecko; compatible; Googlebot/2.1; +http://www.google.com/bot.html) Safari/537.36"
137.184.144.15 - - [24/Mar/2023:04:35:52 +0000] "POST /wp-cron.php?doing_wp_cron=1679632551.8938190937042236328125 HTTP/1.0" 200 345 "https://bigbrotherjunkies.com/wp-cron.php?doing_wp_cron=1679632551.8938190937042236328125" "WordPress/6.1.1; https://bigbrotherjunkies.com"
66.249.79.92 - - [24/Mar/2023:04:35:51 +0000] "POST /wp-admin/admin-ajax.php HTTP/1.0" 200 5946 "https://bigbrotherjunkies.com/big-brother-14-dan-power-move/" "Mozilla/5.0 AppleWebKit/537.36 (KHTML, like Gecko; compatible; Googlebot/2.1; +http://www.google.com/bot.html) Safari/537.36"
137.184.144.15 - - [24/Mar/2023:04:35:55 +0000] "POST /wp-cron.php?doing_wp_cron=1679632555.7257120609283447265625 HTTP/1.0" 200 345 "https://bigbrotherjunkies.com/wp-cron.php?doing_wp_cron=1679632555.7257120609283447265625" "WordPress/6.1.1; https://bigbrotherjunkies.com"
17.241.75.99 - - [24/Mar/2023:04:35:55 +0000] "GET /big-brother-19-friday-afternoon-feeds/ HTTP/1.1" 200 28288 "-" "Mozilla/5.0 (Macintosh; Intel Mac OS X 10_15_5) AppleWebKit/605.1.15 (KHTML, like Gecko) Version/13.1.1 Safari/605.1.15 (Applebot/0.1; +http://www.apple.com/go/applebot)"
66.249.79.82 - - [24/Mar/2023:04:36:07 +0000] "GET /big-brother-15-candices-week/ HTTP/1.1" 301 345 "-" "Mozilla/5.0 (compatible; Googlebot/2.1; +http://www.google.com/bot.html)"
66.249.79.94 - - [24/Mar/2023:04:36:08 +0000] "GET /big-brother-15-candices-week/ HTTP/1.1" 200 27787 "-" "Mozilla/5.0 (compatible; Googlebot/2.1; +http://www.google.com/bot.html)"
152.228.220.143 - - [24/Mar/2023:04:36:12 +0000] "GET /big-brother-19-friday-recap/feed/ HTTP/1.0" 301 368 "-" "Mozilla/5.0 (X11; Linux i686) AppleWebKit/537.36 (KHTML, like Gecko) Chrome/30.0.1599.66 Safari/537.36"
152.228.220.143 - - [24/Mar/2023:04:36:12 +0000] "GET /big-brother-19-friday-recap/feed/ HTTP/1.0" 200 15328 "-" "Mozilla/5.0 (X11; Linux i686) AppleWebKit/537.36 (KHTML, like Gecko) Chrome/30.0.1599.66 Safari/537.36"
50.173.1.114 - - [24/Mar/2023:04:36:26 +0000] "GET /wp-content/uploads/2013/07/bb15-aaryn-bearshirt.png HTTP/1.1" 200 318563 "-" "Mozilla/5.0 (X11; Ubuntu; Linux x86_64; rv:72.0) Gecko/20100101 Firefox/72.0"
40.77.167.226 - - [24/Mar/2023:04:36:25 +0000] "GET /live-feed-archives/live-feed-updates-for-july-13th-2022/ HTTP/1.1" 200 13964 "-" "Mozilla/5.0 AppleWebKit/537.36 (KHTML, like Gecko; compatible; bingbot/2.0; +http://www.bing.com/bingbot.htm) Chrome/103.0.5060.134 Safari/537.36"
66.249.79.94 - - [24/Mar/2023:04:36:30 +0000] "POST /wp-admin/admin-ajax.php HTTP/1.0" 200 5438 "https://bigbrotherjunkies.com/big-brother-15-candices-week/" "Mozilla/5.0 AppleWebKit/537.36 (KHTML, like Gecko; compatible; Googlebot/2.1; +http://www.google.com/bot.html) Safari/537.36"
52.202.205.90 - - [24/Mar/2023:04:36:37 +0000] "GET /wp-content/uploads/2013/08/bb15-aaryn-nailpolish.png HTTP/1.1" 200 327964 "-" "Mozilla/5.0 (X11; Ubuntu; Linux x86_64; rv:72.0) Gecko/20100101 Firefox/72.0"
66.249.79.79 - - [24/Mar/2023:04:36:38 +0000] "GET /tag/janelle-pierzina/ HTTP/1.1" 301 337 "-" "Mozilla/5.0 (compatible; Googlebot/2.1; +http://www.google.com/bot.html)"
66.249.79.92 - - [24/Mar/2023:04:36:39 +0000] "GET /tag/janelle-pierzina/ HTTP/1.1" 200 10797 "-" "Mozilla/5.0 (compatible; Googlebot/2.1; +http://www.google.com/bot.html)"
137.184.144.15 - - [24/Mar/2023:04:36:56 +0000] "POST /wp-cron.php?doing_wp_cron=1679632616.7674069404602050781250 HTTP/1.0" 200 345 "https://bigbrotherjunkies.com/wp-cron.php?doing_wp_cron=1679632616.7674069404602050781250" "WordPress/6.1.1; https://bigbrotherjunkies.com"
66.249.79.92 - - [24/Mar/2023:04:36:56 +0000] "GET /big-brother-22-tuesday-feed-spoilers-for-9-8/christmas-car/ HTTP/1.1" 200 11811 "-" "Mozilla/5.0 (Linux; Android 6.0.1; Nexus 5X Build/MMB29P) AppleWebKit/537.36 (KHTML, like Gecko) Chrome/111.0.5563.64 Mobile Safari/537.36 (compatible; Googlebot/2.1; +http://www.google.com/bot.html)"
66.249.79.84 - - [24/Mar/2023:04:37:09 +0000] "GET /live-chat-hayden-moss-big-brother-16-feeds-today/ HTTP/1.1" 301 365 "-" "Mozilla/5.0 (compatible; Googlebot/2.1; +http://www.google.com/bot.html)"
152.228.220.143 - - [24/Mar/2023:04:37:10 +0000] "GET /big-brother-15-elissa-crazy-recap/feed/ HTTP/1.0" 301 374 "-" "Mozilla/5.0 (X11; Linux i686) AppleWebKit/537.36 (KHTML, like Gecko) Chrome/30.0.1599.66 Safari/537.36"
66.249.79.92 - - [24/Mar/2023:04:37:10 +0000] "GET /live-chat-hayden-moss-big-brother-16-feeds-today/ HTTP/1.1" 200 26750 "-" "Mozilla/5.0 (compatible; Googlebot/2.1; +http://www.google.com/bot.html)"
152.228.220.143 - - [24/Mar/2023:04:37:10 +0000] "GET /big-brother-15-elissa-crazy-recap/feed/ HTTP/1.0" 200 11271 "-" "Mozilla/5.0 (X11; Linux i686) AppleWebKit/537.36 (KHTML, like Gecko) Chrome/30.0.1599.66 Safari/537.36"
66.249.79.92 - - [24/Mar/2023:04:37:23 +0000] "POST /wp-admin/admin-ajax.php HTTP/1.0" 200 2082 "https://bigbrotherjunkies.com/live-chat-hayden-moss-big-brother-16-feeds-today/" "Mozilla/5.0 AppleWebKit/537.36 (KHTML, like Gecko; compatible; Googlebot/2.1; +http://www.google.com/bot.html) Safari/537.36"
66.249.79.92 - - [24/Mar/2023:04:37:26 +0000] "POST /wp-admin/admin-ajax.php HTTP/1.0" 200 6999 "https://bigbrotherjunkies.com/big-brother-14-opinion-poll-dan-snake-genius/" "Mozilla/5.0 AppleWebKit/537.36 (KHTML, like Gecko; compatible; Googlebot/2.1; +http://www.google.com/bot.html) Safari/537.36"
137.184.144.15 - - [24/Mar/2023:04:37:56 +0000] "POST /wp-cron.php?doing_wp_cron=1679632676.1558101177215576171875 HTTP/1.0" 200 345 "https://bigbrotherjunkies.com/wp-cron.php?doing_wp_cron=1679632676.1558101177215576171875" "WordPress/6.1.1; https://bigbrotherjunkies.com"
66.249.79.92 - - [24/Mar/2023:04:37:55 +0000] "POST /wp-admin/admin-ajax.php HTTP/1.0" 200 7258 "https://bigbrotherjunkies.com/big-brother-15-jessie-moves/" "Mozilla/5.0 AppleWebKit/537.36 (KHTML, like Gecko; compatible; Googlebot/2.1; +http://www.google.com/bot.html) Safari/537.36"
152.228.220.143 - - [24/Mar/2023:04:38:09 +0000] "GET /big-brother-over-the-top-live-feed-thread/feed/ HTTP/1.0" 200 15124 "-" "Mozilla/5.0 (X11; Linux i686) AppleWebKit/537.36 (KHTML, like Gecko) Chrome/30.0.1599.66 Safari/537.36"
152.228.220.143 - - [24/Mar/2023:04:38:11 +0000] "GET /big-brother-13-date-announced/feed/ HTTP/1.0" 301 370 "-" "Mozilla/5.0 (X11; Linux i686) AppleWebKit/537.36 (KHTML, like Gecko) Chrome/30.0.1599.66 Safari/537.36"
152.228.220.143 - - [24/Mar/2023:04:38:11 +0000] "GET /big-brother-13-date-announced/feed/ HTTP/1.0" 200 3725 "-" "Mozilla/5.0 (X11; Linux i686) AppleWebKit/537.36 (KHTML, like Gecko) Chrome/30.0.1599.66 Safari/537.36"
66.249.79.92 - - [24/Mar/2023:04:38:31 +0000] "POST /wp-admin/admin-ajax.php HTTP/1.0" 200 752 "https://bigbrotherjunkies.com/chuck-liddell-celebrity-big-brother-cast/" "Mozilla/5.0 AppleWebKit/537.36 (KHTML, like Gecko; compatible; Googlebot/2.1; +http://www.google.com/bot.html) Safari/537.36"
66.249.79.92 - - [24/Mar/2023:04:38:32 +0000] "POST /wp-admin/admin-ajax.php HTTP/1.0" 200 4784 "https://bigbrotherjunkies.com/celebrity-big-brother-3-thursday-updates/" "Mozilla/5.0 (Linux; Android 6.0.1; Nexus 5X Build/MMB29P) AppleWebKit/537.36 (KHTML, like Gecko) Chrome/111.0.5563.64 Mobile Safari/537.36 (compatible; Googlebot/2.1; +http://www.google.com/bot.html)"
66.249.79.71 - - [24/Mar/2023:04:38:42 +0000] "GET /big-brother-17-vanessa-rousso/ HTTP/1.1" 301 346 "-" "Mozilla/5.0 (compatible; Googlebot/2.1; +http://www.google.com/bot.html)"
137.184.144.15 - - [24/Mar/2023:04:38:43 +0000] "POST /wp-cron.php?doing_wp_cron=1679632723.5338981151580810546875 HTTP/1.0" 200 345 "https://bigbrotherjunkies.com/wp-cron.php?doing_wp_cron=1679632723.5338981151580810546875" "WordPress/6.1.1; https://bigbrotherjunkies.com"
66.249.79.92 - - [24/Mar/2023:04:38:43 +0000] "GET /big-brother-17-vanessa-rousso/ HTTP/1.1" 200 26488 "-" "Mozilla/5.0 (compatible; Googlebot/2.1; +http://www.google.com/bot.html)"
2a03:2880:ff:a::face:b00c - - [24/Mar/2023:04:38:58 +0000] "GET /wp-content/uploads/2019/06/jackson-michie-660x330.jpg HTTP/1.1" 200 21532 "-" "facebookexternalhit/1.1 (+http://www.facebook.com/externalhit_uatext.php)"
137.184.144.15 - - [24/Mar/2023:04:39:11 +0000] "POST /wp-cron.php?doing_wp_cron=1679632751.2367761135101318359375 HTTP/1.0" 200 345 "https://bigbrotherjunkies.com/wp-cron.php?doing_wp_cron=1679632751.2367761135101318359375" "WordPress/6.1.1; https://bigbrotherjunkies.com"
66.249.79.65 - - [24/Mar/2023:04:39:10 +0000] "POST /wp-admin/admin-ajax.php HTTP/1.0" 200 4874 "https://bigbrotherjunkies.com/big-brother-17-vanessa-rousso/" "Mozilla/5.0 AppleWebKit/537.36 (KHTML, like Gecko; compatible; Googlebot/2.1; +http://www.google.com/bot.html) Safari/537.36"
54.202.141.0 - - [24/Mar/2023:04:39:14 +0000] "GET /big-brother-22-sunday-recap-for-10-4-20/ HTTP/1.1" 301 356 "http://www.bigbrotherjunkies.com/big-brother-22-sunday-recap-for-10-4-20/" "Mozilla/5.0 (Windows NT 6.1; WOW64) AppleWebKit/537.36 (KHTML, like Gecko) Chrome/56.0.2924.76 Safari/537.36"
54.202.141.0 - - [24/Mar/2023:04:39:15 +0000] "GET /big-brother-22-sunday-recap-for-10-4-20/ HTTP/1.1" 200 33737 "https://www.bigbrotherjunkies.com/big-brother-22-sunday-recap-for-10-4-20/" "Mozilla/5.0 (Windows NT 6.1; WOW64) AppleWebKit/537.36 (KHTML, like Gecko) Chrome/56.0.2924.76 Safari/537.36"
2600:1f13:6ee:e300:5e23:a923:2ca1:152d - - [24/Mar/2023:04:39:18 +0000] "GET /big-brother-22-sunday-recap-for-10-4-20 HTTP/1.1" 301 356 "-" "ias-or/3.3 (former https://www.admantx.com + https://integralads.com/about-ias/)"
54.202.52.223 - - [24/Mar/2023:04:39:18 +0000] "POST /wp-admin/admin-ajax.php HTTP/1.0" 200 4886 "https://bigbrotherjunkies.com/big-brother-22-sunday-recap-for-10-4-20/" "Mozilla/5.0 (Macintosh; Intel Mac OS X 10_14_6) AppleWebKit/537.36 (KHTML, like Gecko) Chrome/97.0.4692.99 Safari/537.36"
54.202.52.223 - - [24/Mar/2023:04:39:18 +0000] "GET /wp-content/uploads/2019/08/20190810_003831-130x130.jpg HTTP/1.1" 200 4465 "https://bigbrotherjunkies.com/big-brother-22-sunday-recap-for-10-4-20/" "Mozilla/5.0 (Macintosh; Intel Mac OS X 10_14_6) AppleWebKit/537.36 (KHTML, like Gecko) Chrome/97.0.4692.99 Safari/537.36"
