54.202.52.223 - - [24/Mar/2023:04:39:18 +0000] "GET /wp-content/uploads/2020/10/ABF08D2D-A5F5-4D5C-BDC0-0A796849BA8C-185x185.jpeg HTTP/1.1" 200 5419 "https://bigbrotherjunkies.com/big-brother-22-sunday-recap-for-10-4-20/" "Mozilla/5.0 (Macintosh; Intel Mac OS X 10_14_6) AppleWebKit/537.36 (KHTML, like Gecko) Chrome/97.0.4692.99 Safari/537.36"
54.202.52.223 - - [24/Mar/2023:04:39:18 +0000] "GET /wp-content/uploads/pp-avatar/a09633237c07a2d334952914bfd17327.jpg HTTP/1.1" 200 2748225 "https://bigbrotherjunkies.com/big-brother-22-sunday-recap-for-10-4-20/" "Mozilla/5.0 (Macintosh; Intel Mac OS X 10_14_6) AppleWebKit/537.36 (KHTML, like Gecko) Chrome/97.0.4692.99 Safari/537.36"
2600:3c01::f03c:91ff:fed4:be90 - - [24/Mar/2023:04:39:19 +0000] "GET /feed/ HTTP/1.0" 304 291 "-" "UniversalFeedParser/5.2.1 +https://code.google.com/p/feedparser/"
66.249.79.92 - - [24/Mar/2023:04:39:25 +0000] "POST /wp-admin/admin-ajax.php HTTP/1.0" 200 5630 "https://bigbrotherjunkies.com/adam-picks-answers-jordan-picks/" "Mozilla/5.0 AppleWebKit/537.36 (KHTML, like Gecko; compatible; Googlebot/2.1; +http://www.google.com/bot.html) Safari/537.36"
137.184.144.15 - - [24/Mar/2023:04:39:50 +0000] "POST /wp-cron.php?doing_wp_cron=1679632790.7432780265808105468750 HTTP/1.0" 200 345 "https://bigbrotherjunkies.com/wp-cron.php?doing_wp_cron=1679632790.7432780265808105468750" "WordPress/6.1.1; https://bigbrotherjunkies.com"
66.249.79.92 - - [24/Mar/2023:04:39:50 +0000] "POST /wp-admin/admin-ajax.php HTTP/1.0" 200 752 "https://bigbrotherjunkies.com/big-brother-18-cast-member-natalie-negrotti/" "Mozilla/5.0 AppleWebKit/537.36 (KHTML, like Gecko; compatible; Googlebot/2.1; +http://www.google.com/bot.html) Safari/537.36"
152.228.220.143 - - [24/Mar/2023:04:40:00 +0000] "GET /big-brother-16-thursday-night-happenings/feed/ HTTP/1.0" 301 381 "-" "Mozilla/5.0 (X11; Linux i686) AppleWebKit/537.36 (KHTML, like Gecko) Chrome/30.0.1599.66 Safari/537.36"
137.184.144.15 - - [24/Mar/2023:04:40:01 +0000] "POST /wp-cron.php?doing_wp_cron=1679632801.2279779911041259765625 HTTP/1.0" 200 345 "https://bigbrotherjunkies.com/wp-cron.php?doing_wp_cron=1679632801.2279779911041259765625" "WordPress/6.1.1; https://bigbrotherjunkies.com"
152.228.220.143 - - [24/Mar/2023:04:40:00 +0000] "GET /big-brother-16-thursday-night-happenings/feed/ HTTP/1.0" 200 13793 "-" "Mozilla/5.0 (X11; Linux i686) AppleWebKit/537.36 (KHTML, like Gecko) Chrome/30.0.1599.66 Safari/537.36"
3.141.77.100 - - [24/Mar/2023:04:40:18 +0000] "GET /feed/ HTTP/1.0" 301 340 "-" "Mozilla/5.0 (Macintosh; Intel Mac OS X 10_15_7) AppleWebKit/537.36 (KHTML, like Gecko) Chrome/99.0.4844.51 Safari/537.36"
34.232.81.222 - - [24/Mar/2023:04:40:19 +0000] "GET /feed/ HTTP/1.0" 200 10208 "-" "Mozilla/5.0 (Macintosh; Intel Mac OS X 10_15_7) AppleWebKit/537.36 (KHTML, like Gecko) Chrome/99.0.4844.51 Safari/537.36"
160.194.128.100 - - [24/Mar/2023:04:40:29 +0000] "GET /wp-content/uploads/2011/05/ultimatefan1.jpg HTTP/1.1" 200 75092 "-" "Mozilla/5.0 (X11; Ubuntu; Linux x86_64; rv:72.0) Gecko/20100101 Firefox/72.0"
159.203.95.148 - - [24/Mar/2023:04:40:37 +0000] "GET /wp-content/uploads/2021/09/20210924_095234.jpg HTTP/1.1" 200 143627 "-" "Googlebot-Image/1.0"
66.249.79.94 - - [24/Mar/2023:04:40:39 +0000] "POST /wp-admin/admin-ajax.php HTTP/1.0" 200 1786 "https://bigbrotherjunkies.com/big-brother-13-corrects-premiere-date/" "Mozilla/5.0 AppleWebKit/537.36 (KHTML, like Gecko; compatible; Googlebot/2.1; +http://www.google.com/bot.html) Safari/537.36"
137.184.144.15 - - [24/Mar/2023:04:40:58 +0000] "POST /wp-cron.php?doing_wp_cron=1679632858.7088379859924316406250 HTTP/1.0" 200 345 "https://bigbrotherjunkies.com/wp-cron.php?doing_wp_cron=1679632858.7088379859924316406250" "WordPress/6.1.1; https://bigbrotherjunkies.com"
66.249.79.92 - - [24/Mar/2023:04:40:58 +0000] "POST /wp-admin/admin-ajax.php HTTP/1.0" 200 752 "https://bigbrotherjunkies.com/big-brother-16-cast-member-cody-calafiore/" "Mozilla/5.0 AppleWebKit/537.36 (KHTML, like Gecko; compatible; Googlebot/2.1; +http://www.google.com/bot.html) Safari/537.36"
66.249.79.74 - - [24/Mar/2023:04:41:17 +0000] "GET /big-brother-21-friday-night-feeds-plus-noms/ HTTP/1.1" 301 360 "-" "Mozilla/5.0 (compatible; Googlebot/2.1; +http://www.google.com/bot.html)"
147.182.132.58 - - [24/Mar/2023:04:41:17 +0000] "GET /feed/ HTTP/1.0" 304 291 "-" "NewsBlur Feed Fetcher - 3 subscribers - https://www.newsblur.com/site/2331493/big-brother-junkies (\"Mozilla/5.0 (Macintosh; Intel Mac OS X 10_15_7) AppleWebKit/605.1.15 (KHTML, like Gecko) Version/14.0.1 Safari/605.1.15\")"
66.249.79.94 - - [24/Mar/2023:04:41:18 +0000] "GET /big-brother-21-friday-night-feeds-plus-noms/ HTTP/1.1" 200 27806 "-" "Mozilla/5.0 (compatible; Googlebot/2.1; +http://www.google.com/bot.html)"
66.249.79.94 - - [24/Mar/2023:04:41:39 +0000] "POST /wp-admin/admin-ajax.php HTTP/1.0" 200 6141 "https://bigbrotherjunkies.com/big-brother-21-friday-night-feeds-plus-noms/" "Mozilla/5.0 AppleWebKit/537.36 (KHTML, like Gecko; compatible; Googlebot/2.1; +http://www.google.com/bot.html) Safari/537.36"
137.184.144.15 - - [24/Mar/2023:04:42:08 +0000] "POST /wp-cron.php?doing_wp_cron=1679632928.3949439525604248046875 HTTP/1.0" 200 345 "https://bigbrotherjunkies.com/wp-cron.php?doing_wp_cron=1679632928.3949439525604248046875" "WordPress/6.1.1; https://bigbrotherjunkies.com"
66.249.79.94 - - [24/Mar/2023:04:42:08 +0000] "POST /wp-admin/admin-ajax.php HTTP/1.0" 200 6885 "https://bigbrotherjunkies.com/big-brother-20-kaitlyns-boyfriend-calls-it-quits/" "Mozilla/5.0 AppleWebKit/537.36 (KHTML, like Gecko; compatible; Googlebot/2.1; +http://www.google.com/bot.html) Safari/537.36"
66.249.79.92 - - [24/Mar/2023:04:42:24 +0000] "POST /wp-admin/admin-ajax.php HTTP/1.0" 200 4327 "https://bigbrotherjunkies.com/big-brother-14-veto-competition-results/" "Mozilla/5.0 AppleWebKit/537.36 (KHTML, like Gecko; compatible; Googlebot/2.1; +http://www.google.com/bot.html) Safari/537.36"
35.167.36.46 - - [24/Mar/2023:04:43:06 +0000] "GET /wp-content/uploads/2021/07/frenchie-scaled.jpg HTTP/1.1" 200 202376 "-" "python-requests/2.23.0"
137.184.144.15 - - [24/Mar/2023:04:43:07 +0000] "POST /wp-cron.php?doing_wp_cron=1679632987.4696400165557861328125 HTTP/1.0" 200 345 "https://bigbrotherjunkies.com/wp-cron.php?doing_wp_cron=1679632987.4696400165557861328125" "WordPress/6.1.1; https://bigbrotherjunkies.com"
66.249.79.65 - - [24/Mar/2023:04:43:07 +0000] "POST /wp-admin/admin-ajax.php HTTP/1.0" 200 7828 "https://bigbrotherjunkies.com/big-brother-14-drunk-ian-tonights-cbs-episode/" "Mozilla/5.0 AppleWebKit/537.36 (KHTML, like Gecko; compatible; Googlebot/2.1; +http://www.google.com/bot.html) Safari/537.36"
66.249.79.92 - - [24/Mar/2023:04:43:37 +0000] "POST /wp-admin/admin-ajax.php HTTP/1.0" 200 8072 "https://bigbrotherjunkies.com/big-brother-21-saturday-updates-4/" "Mozilla/5.0 AppleWebKit/537.36 (KHTML, like Gecko; compatible; Googlebot/2.1; +http://www.google.com/bot.html) Safari/537.36"
17.241.227.231 - - [24/Mar/2023:04:43:42 +0000] "GET /big-brother-15-amanda-bring-girls/bb15-amanda-hohroom/ HTTP/1.1" 200 11754 "-" "Mozilla/5.0 (Macintosh; Intel Mac OS X 10_15_5) AppleWebKit/605.1.15 (KHTML, like Gecko) Version/13.1.1 Safari/605.1.15 (Applebot/0.1; +http://www.apple.com/go/applebot)"
137.184.144.15 - - [24/Mar/2023:04:44:08 +0000] "POST /wp-cron.php?doing_wp_cron=1679633048.8478209972381591796875 HTTP/1.0" 200 345 "https://bigbrotherjunkies.com/wp-cron.php?doing_wp_cron=1679633048.8478209972381591796875" "WordPress/6.1.1; https://bigbrotherjunkies.com"
66.249.79.65 - - [24/Mar/2023:04:44:08 +0000] "POST /wp-admin/admin-ajax.php HTTP/1.0" 200 5428 "https://bigbrotherjunkies.com/big-brother-21-tuesday-recap/" "Mozilla/5.0 AppleWebKit/537.36 (KHTML, like Gecko; compatible; Googlebot/2.1; +http://www.google.com/bot.html) Safari/537.36"
137.184.144.15 - - [24/Mar/2023:04:47:04 +0000] "POST /wp-cron.php?doing_wp_cron=1679633224.7884840965270996093750 HTTP/1.0" 200 345 "https://bigbrotherjunkies.com/wp-cron.php?doing_wp_cron=1679633224.7884840965270996093750" "WordPress/6.1.1; https://bigbrotherjunkies.com"
136.243.220.213 - - [24/Mar/2023:04:47:04 +0000] "GET /comments/feed/ HTTP/1.0" 200 11348 "-" "Mozilla/5.0 (compatible; DataForSeoBot/1.0; +https://dataforseo.com/dataforseo-bot)"
207.46.13.217 - - [24/Mar/2023:04:47:07 +0000] "GET /big-brother-tuesday-spoilers-will-sunshine-c-join-the-house/jc-sleeping/ HTTP/1.1" 301 388 "-" "Mozilla/5.0 AppleWebKit/537.36 (KHTML, like Gecko; compatible; bingbot/2.0; +http://www.bing.com/bingbot.htm) Chrome/103.0.5060.134 Safari/537.36"
51.222.253.20 - - [24/Mar/2023:04:47:22 +0000] "GET /big-brother-22-all-star-first-live-feed-updates/ HTTP/1.1" 200 27953 "-" "Mozilla/5.0 (compatible; AhrefsBot/7.0; +http://ahrefs.com/robot/)"
92.205.129.7 - - [24/Mar/2023:04:48:20 +0000] "GET /big-brother-21-wednesday-overnight-thread-2/ HTTP/1.1" 301 360 "https://www.bigbrotherjunkies.com/big-brother-21-wednesday-overnight-thread-2/" "Mozilla/5.0 (Windows NT 6.1; Win64; x64) AppleWebKit/537.36 (KHTML, like Gecko) Chrome/90.0.4430.85 Safari/537.36"
137.184.144.15 - - [24/Mar/2023:04:48:22 +0000] "POST /wp-cron.php?doing_wp_cron=1679633302.1024088859558105468750 HTTP/1.0" 200 345 "https://bigbrotherjunkies.com/wp-cron.php?doing_wp_cron=1679633302.1024088859558105468750" "WordPress/6.1.1; https://bigbrotherjunkies.com"
92.205.129.7 - - [24/Mar/2023:04:48:21 +0000] "GET /big-brother-21-wednesday-overnight-thread-2/ HTTP/1.1" 200 26540 "https://bigbrotherjunkies.com/big-brother-21-wednesday-overnight-thread-2/" "Mozilla/5.0 (Windows NT 6.1; Win64; x64) AppleWebKit/537.36 (KHTML, like Gecko) Chrome/90.0.4430.85 Safari/537.36"
92.205.129.7 - - [24/Mar/2023:04:48:23 +0000] "POST /big-brother-21-wednesday-overnight-thread-2/ HTTP/1.0" 200 26445 "https://bigbrotherjunkies.com/big-brother-21-wednesday-overnight-thread-2/" "Mozilla/5.0 (Windows NT 6.1; Win64; x64) AppleWebKit/537.36 (KHTML, like Gecko) Chrome/90.0.4430.85 Safari/537.36"
92.205.129.7 - - [24/Mar/2023:04:48:25 +0000] "GET /dashboard HTTP/1.1" 302 409 "https://bigbrotherjunkies.com/dashboard" "Mozilla/5.0 (Windows NT 6.1; Win64; x64) AppleWebKit/537.36 (KHTML, like Gecko) Chrome/90.0.4430.85 Safari/537.36"
137.184.144.15 - - [24/Mar/2023:04:48:58 +0000] "POST /wp-cron.php?doing_wp_cron=1679633338.1821289062500000000000 HTTP/1.0" 200 345 "https://bigbrotherjunkies.com/wp-cron.php?doing_wp_cron=1679633338.1821289062500000000000" "WordPress/6.1.1; https://bigbrotherjunkies.com"
66.249.79.89 - - [24/Mar/2023:04:48:57 +0000] "GET /big-brother-23-cast-member-kyland-young/ HTTP/1.1" 200 29949 "-" "Mozilla/5.0 (compatible; Googlebot/2.1; +http://www.google.com/bot.html)"
136.243.220.213 - - [24/Mar/2023:04:49:00 +0000] "GET /comments/feed/ HTTP/1.0" 200 11314 "-" "Mozilla/5.0 (compatible; DataForSeoBot/1.0; +https://dataforseo.com/dataforseo-bot)"
51.222.253.9 - - [24/Mar/2023:04:49:19 +0000] "GET /log-in/?redirect_to=https%3A%2F%2Fwww.bigbrotherjunkies.com%2Fbig-brother-18-overnight-recap-810%2F HTTP/1.1" 301 415 "-" "Mozilla/5.0 (compatible; AhrefsBot/7.0; +http://ahrefs.com/robot/)"
176.119.141.177 - - [24/Mar/2023:04:49:20 +0000] "GET /feed/ HTTP/1.0" 200 10208 "-" "Mozilla/5.0 (Windows NT 5.2; rv:48.0) Gecko/20100101 Firefox/48.0"
152.228.220.143 - - [24/Mar/2023:04:49:29 +0000] "GET /big-brother-14-jenn-won/feed/ HTTP/1.0" 301 364 "-" "Mozilla/5.0 (X11; Linux i686) AppleWebKit/537.36 (KHTML, like Gecko) Chrome/30.0.1599.66 Safari/537.36"
152.228.220.143 - - [24/Mar/2023:04:49:30 +0000] "GET /big-brother-14-jenn-won/feed/ HTTP/1.0" 200 17378 "-" "Mozilla/5.0 (X11; Linux i686) AppleWebKit/537.36 (KHTML, like Gecko) Chrome/30.0.1599.66 Safari/537.36"
157.55.39.214 - - [24/Mar/2023:04:49:44 +0000] "GET /wp-content/uploads/2017/07/week3-chart-768x473.jpg HTTP/1.1" 200 50638 "-" "Mozilla/5.0 AppleWebKit/537.36 (KHTML, like Gecko; compatible; bingbot/2.0; +http://www.bing.com/bingbot.htm) Chrome/103.0.5060.134 Safari/537.36"
137.184.144.15 - - [24/Mar/2023:04:50:06 +0000] "POST /wp-cron.php?doing_wp_cron=1679633405.9261779785156250000000 HTTP/1.0" 200 345 "https://bigbrotherjunkies.com/wp-cron.php?doing_wp_cron=1679633405.9261779785156250000000" "WordPress/6.1.1; https://bigbrotherjunkies.com"
66.249.79.91 - - [24/Mar/2023:04:50:05 +0000] "POST /wp-admin/admin-ajax.php HTTP/1.0" 200 5400 "https://bigbrotherjunkies.com/big-brother-23-cast-member-kyland-young/" "Mozilla/5.0 AppleWebKit/537.36 (KHTML, like Gecko; compatible; Googlebot/2.1; +http://www.google.com/bot.html) Chrome/111.0.5563.64 Safari/537.36"
2a03:2880:12ff:16::face:b00c - - [24/Mar/2023:04:50:32 +0000] "GET /wp-content/uploads/2017/08/christmas-pissed-660x330.jpeg HTTP/1.1" 200 22253 "-" "facebookexternalhit/1.1 (+http://www.facebook.com/externalhit_uatext.php)"
137.184.144.15 - - [24/Mar/2023:04:51:04 +0000] "POST /wp-cron.php?doing_wp_cron=1679633464.6460199356079101562500 HTTP/1.0" 200 345 "https://bigbrotherjunkies.com/wp-cron.php?doing_wp_cron=1679633464.6460199356079101562500" "WordPress/6.1.1; https://bigbrotherjunkies.com"
52.167.144.144 - - [24/Mar/2023:04:51:04 +0000] "GET /2023/02/21/ HTTP/1.1" 404 57428 "-" "Mozilla/5.0 AppleWebKit/537.36 (KHTML, like Gecko; compatible; bingbot/2.0; +http://www.bing.com/bingbot.htm) Chrome/103.0.5060.134 Safari/537.36"
2a03:2880:27ff:13::face:b00c - - [24/Mar/2023:04:52:30 +0000] "GET /christmas-uses-her-temptation-does-it-help-her-game/ HTTP/1.1" 301 368 "-" "facebookexternalhit/1.1 (+http://www.facebook.com/externalhit_uatext.php)"
137.184.144.15 - - [24/Mar/2023:04:52:31 +0000] "POST /wp-cron.php?doing_wp_cron=1679633551.6781289577484130859375 HTTP/1.0" 200 345 "https://bigbrotherjunkies.com/wp-cron.php?doing_wp_cron=1679633551.6781289577484130859375" "WordPress/6.1.1; https://bigbrotherjunkies.com"
2a03:2880:27ff:13::face:b00c - - [24/Mar/2023:04:52:31 +0000] "GET /christmas-uses-her-temptation-does-it-help-her-game/ HTTP/1.1" 200 28181 "-" "facebookexternalhit/1.1 (+http://www.facebook.com/externalhit_uatext.php)"
66.249.79.79 - - [24/Mar/2023:04:53:18 +0000] "GET /meet-shane-meaney-bachelor-vermont/?amp HTTP/1.1" 301 355 "-" "Mozilla/5.0 (Linux; Android 6.0.1; Nexus 5X Build/MMB29P) AppleWebKit/537.36 (KHTML, like Gecko) Chrome/111.0.5563.64 Mobile Safari/537.36 (compatible; Googlebot/2.1; +http://www.google.com/bot.html)"
137.184.144.15 - - [24/Mar/2023:04:53:20 +0000] "POST /wp-cron.php?doing_wp_cron=1679633600.0866100788116455078125 HTTP/1.0" 200 345 "https://bigbrotherjunkies.com/wp-cron.php?doing_wp_cron=1679633600.0866100788116455078125" "WordPress/6.1.1; https://bigbrotherjunkies.com"
66.249.79.91 - - [24/Mar/2023:04:53:19 +0000] "GET /meet-shane-meaney-bachelor-vermont/?amp HTTP/1.1" 200 24916 "-" "Mozilla/5.0 (Linux; Android 6.0.1; Nexus 5X Build/MMB29P) AppleWebKit/537.36 (KHTML, like Gecko) Chrome/111.0.5563.64 Mobile Safari/537.36 (compatible; Googlebot/2.1; +http://www.google.com/bot.html)"
66.249.79.91 - - [24/Mar/2023:04:53:24 +0000] "POST /wp-admin/admin-ajax.php HTTP/1.0" 200 752 "https://bigbrotherjunkies.com/meet-shane-meaney-bachelor-vermont/?amp" "Mozilla/5.0 (Linux; Android 6.0.1; Nexus 5X Build/MMB29P) AppleWebKit/537.36 (KHTML, like Gecko) Chrome/111.0.5563.64 Mobile Safari/537.36 (compatible; Googlebot/2.1; +http://www.google.com/bot.html)"
137.184.144.15 - - [24/Mar/2023:04:54:48 +0000] "POST /wp-cron.php?doing_wp_cron=1679633688.1337380409240722656250 HTTP/1.0" 200 345 "https://bigbrotherjunkies.com/wp-cron.php?doing_wp_cron=1679633688.1337380409240722656250" "WordPress/6.1.1; https://bigbrotherjunkies.com"
66.249.79.91 - - [24/Mar/2023:04:54:47 +0000] "GET /wednesday-feed-updates-one-day-till-eviction/vic-poker/feed/ HTTP/1.0" 200 1830 "-" "Mozilla/5.0 (compatible; Googlebot/2.1; +http://www.google.com/bot.html)"
66.249.79.82 - - [24/Mar/2023:04:54:50 +0000] "GET /breaking-news-left-house-real-spoilers/ HTTP/1.1" 301 355 "-" "Mozilla/5.0 (compatible; Googlebot/2.1; +http://www.google.com/bot.html)"
66.249.79.91 - - [24/Mar/2023:04:54:51 +0000] "GET /breaking-news-left-house-real-spoilers/ HTTP/1.1" 200 26780 "-" "Mozilla/5.0 (compatible; Googlebot/2.1; +http://www.google.com/bot.html)"
211.140.23.130 - - [24/Mar/2023:04:55:02 +0000] "GET /wp-content/uploads/avatars/181/597a31c18f508-bpfull.png HTTP/1.1" 301 371 "-" "Mozilla/5.0 (Windows NT 10.0; WOW64) AppleWebKit/537.36 (KHTML, like Gecko) Chrome/90.0.4430.212 Safari/537.36"
137.184.144.15 - - [24/Mar/2023:04:55:12 +0000] "POST /wp-cron.php?doing_wp_cron=1679633712.0655999183654785156250 HTTP/1.0" 200 345 "https://bigbrotherjunkies.com/wp-cron.php?doing_wp_cron=1679633712.0655999183654785156250" "WordPress/6.1.1; https://bigbrotherjunkies.com"
211.140.23.130 - - [24/Mar/2023:04:55:11 +0000] "GET /wp-content/uploads/avatars/181/597a31c18f508-bpfull.png HTTP/1.1" 404 60487 "-" "Mozilla/5.0 (Windows NT 10.0; WOW64) AppleWebKit/537.36 (KHTML, like Gecko) Chrome/90.0.4430.212 Safari/537.36"
66.249.79.93 - - [24/Mar/2023:04:55:19 +0000] "POST /wp-admin/admin-ajax.php HTTP/1.0" 200 752 "https://bigbrotherjunkies.com/breaking-news-left-house-real-spoilers/" "Mozilla/5.0 AppleWebKit/537.36 (KHTML, like Gecko; compatible; Googlebot/2.1; +http://www.google.com/bot.html) Safari/537.36"
85.208.98.18 - - [24/Mar/2023:04:55:22 +0000] "GET /robots.txt HTTP/1.1" 200 485 "http://bigbrotherjunkies.com/robots.txt" "Mozilla/5.0 (compatible; SemrushBot; +http://www.semrush.com/bot.html)"
3.96.88.224 - - [24/Mar/2023:04:55:31 +0000] "GET /feed/ HTTP/1.0" 301 340 "-" "Mozilla/5.0 (Windows NT 10.0; Win64; x64) AppleWebKit/537.36 (KHTML, like Gecko) Chrome/98.0.4758.102 Safari/537.36"
137.184.144.15 - - [24/Mar/2023:04:55:33 +0000] "POST /wp-cron.php?doing_wp_cron=1679633733.5131158828735351562500 HTTP/1.0" 200 345 "https://bigbrotherjunkies.com/wp-cron.php?doing_wp_cron=1679633733.5131158828735351562500" "WordPress/6.1.1; https://bigbrotherjunkies.com"
3.129.47.10 - - [24/Mar/2023:04:55:33 +0000] "GET /feed/ HTTP/1.0" 200 10241 "-" "Mozilla/5.0 (Windows NT 10.0; Win64; x64) AppleWebKit/537.36 (KHTML, like Gecko) Chrome/98.0.4758.102 Safari/537.36"
137.184.144.15 - - [24/Mar/2023:04:55:55 +0000] "POST /wp-cron.php?doing_wp_cron=1679633755.8346419334411621093750 HTTP/1.0" 200 345 "https://bigbrotherjunkies.com/wp-cron.php?doing_wp_cron=1679633755.8346419334411621093750" "WordPress/6.1.1; https://bigbrotherjunkies.com"
17.22.245.48 - - [24/Mar/2023:04:55:55 +0000] "POST /wp-admin/admin-ajax.php HTTP/1.0" 200 6991 "https://bigbrotherjunkies.com/big-brother-19-friday-afternoon-feeds/" "Mozilla/5.0 (Macintosh; Intel Mac OS X 10_15_5) AppleWebKit/605.1.15 (KHTML, like Gecko) Version/13.1.1 Safari/605.1.15 (Applebot/0.1; +http://www.apple.com/go/applebot)"
136.243.220.213 - - [24/Mar/2023:04:56:09 +0000] "GET /comments/feed/ HTTP/1.0" 200 11314 "-" "Mozilla/5.0 (compatible; DataForSeoBot/1.0; +https://dataforseo.com/dataforseo-bot)"
34.138.22.131 - - [24/Mar/2023:04:56:38 +0000] "GET /big-brother-23-tuesday-recap-for-8-30-21/?fbclid=iwar2hqfuwxqvbhhansunoezjylpeur-rcfaff3cehbx2dlkuzt0abxcwdid4 HTTP/1.1" 301 426 "-" "Mozilla/5.0 (Windows NT 6.3;compatible; Leikibot/1.0; +http://www.leiki.com)"
34.138.22.131 - - [24/Mar/2023:04:56:39 +0000] "GET /big-brother-23-tuesday-recap-for-8-30-21/?fbclid=iwar2hqfuwxqvbhhansunoezjylpeur-rcfaff3cehbx2dlkuzt0abxcwdid4 HTTP/1.1" 200 33625 "-" "Mozilla/5.0 (Windows NT 6.3;compatible; Leikibot/1.0; +http://www.leiki.com)"
165.227.99.184 - - [24/Mar/2023:04:57:01 +0000] "GET /wp-content/uploads/2021/08/azah-outside.jpg HTTP/1.1" 200 74997 "-" "Googlebot-Image/1.0"
66.249.79.84 - - [24/Mar/2023:04:57:02 +0000] "GET /porsche-chance-blow/ HTTP/1.1" 301 336 "-" "Mozilla/5.0 (compatible; Googlebot/2.1; +http://www.google.com/bot.html)"
137.184.144.15 - - [24/Mar/2023:04:57:04 +0000] "POST /wp-cron.php?doing_wp_cron=1679633823.9436430931091308593750 HTTP/1.0" 200 345 "https://bigbrotherjunkies.com/wp-cron.php?doing_wp_cron=1679633823.9436430931091308593750" "WordPress/6.1.1; https://bigbrotherjunkies.com"
66.249.79.91 - - [24/Mar/2023:04:57:03 +0000] "GET /porsche-chance-blow/ HTTP/1.1" 200 26803 "-" "Mozilla/5.0 (compatible; Googlebot/2.1; +http://www.google.com/bot.html)"
152.228.220.143 - - [24/Mar/2023:04:57:17 +0000] "GET /big-brother-15-friday-afternoon-cooldown/feed/ HTTP/1.0" 301 381 "-" "Mozilla/5.0 (X11; Linux i686) AppleWebKit/537.36 (KHTML, like Gecko) Chrome/30.0.1599.66 Safari/537.36"
152.228.220.143 - - [24/Mar/2023:04:57:17 +0000] "GET /big-brother-15-friday-afternoon-cooldown/feed/ HTTP/1.0" 200 3859 "-" "Mozilla/5.0 (X11; Linux i686) AppleWebKit/537.36 (KHTML, like Gecko) Chrome/30.0.1599.66 Safari/537.36"
66.249.79.91 - - [24/Mar/2023:04:57:22 +0000] "POST /wp-admin/admin-ajax.php HTTP/1.0" 200 4882 "https://bigbrotherjunkies.com/porsche-chance-blow/" "Mozilla/5.0 AppleWebKit/537.36 (KHTML, like Gecko; compatible; Googlebot/2.1; +http://www.google.com/bot.html) Safari/537.36"
137.184.144.15 - - [24/Mar/2023:04:57:38 +0000] "POST /wp-cron.php?doing_wp_cron=1679633858.8175261020660400390625 HTTP/1.0" 200 345 "https://bigbrotherjunkies.com/wp-cron.php?doing_wp_cron=1679633858.8175261020660400390625" "WordPress/6.1.1; https://bigbrotherjunkies.com"
66.249.79.89 - - [24/Mar/2023:04:57:38 +0000] "GET /big-brother-17-premiere-night-2-live-blogging/shelli-bb17/feed/ HTTP/1.0" 200 1890 "-" "Mozilla/5.0 (Linux; Android 6.0.1; Nexus 5X Build/MMB29P) AppleWebKit/537.36 (KHTML, like Gecko) Chrome/111.0.5563.64 Mobile Safari/537.36 (compatible; Googlebot/2.1; +http://www.google.com/bot.html)"
2400:4051:4da2:f300:fdfd:181a:ea9:d6cb - - [24/Mar/2023:04:58:59 +0000] "GET /wp-content/uploads/2012/07/bigbrother14-kitchen.jpg HTTP/1.1" 200 43463 "-" "Mozilla/5.0 (X11; Ubuntu; Linux x86_64; rv:72.0) Gecko/20100101 Firefox/72.0"
66.249.79.82 - - [24/Mar/2023:04:59:15 +0000] "GET /mark-mcgrath-celebrity-big-brother-cast/ HTTP/1.1" 301 356 "-" "Mozilla/5.0 (compatible; Googlebot/2.1; +http://www.google.com/bot.html)"
137.184.144.15 - - [24/Mar/2023:04:59:16 +0000] "POST /wp-cron.php?doing_wp_cron=1679633956.6390130519866943359375 HTTP/1.0" 200 345 "https://bigbrotherjunkies.com/wp-cron.php?doing_wp_cron=1679633956.6390130519866943359375" "WordPress/6.1.1; https://bigbrotherjunkies.com"
66.249.79.89 - - [24/Mar/2023:04:59:16 +0000] "GET /mark-mcgrath-celebrity-big-brother-cast/ HTTP/1.1" 200 26972 "-" "Mozilla/5.0 (compatible; Googlebot/2.1; +http://www.google.com/bot.html)"
136.243.220.213 - - [24/Mar/2023:04:59:22 +0000] "GET /comments/feed/ HTTP/1.0" 200 11314 "-" "Mozilla/5.0 (compatible; DataForSeoBot/1.0; +https://dataforseo.com/dataforseo-bot)"
66.249.79.91 - - [24/Mar/2023:04:59:33 +0000] "POST /wp-admin/admin-ajax.php HTTP/1.0" 200 752 "https://bigbrotherjunkies.com/mark-mcgrath-celebrity-big-brother-cast/" "Mozilla/5.0 AppleWebKit/537.36 (KHTML, like Gecko; compatible; Googlebot/2.1; +http://www.google.com/bot.html) Safari/537.36"
137.184.144.15 - - [24/Mar/2023:05:00:30 +0000] "POST /wp-cron.php?doing_wp_cron=1679634029.9757370948791503906250 HTTP/1.0" 200 345 "https://bigbrotherjunkies.com/wp-cron.php?doing_wp_cron=1679634029.9757370948791503906250" "WordPress/6.1.1; https://bigbrotherjunkies.com"
66.249.79.93 - - [24/Mar/2023:05:00:29 +0000] "GET /wednesday-feed-updates-one-day-till-eviction/vic-poker/feed/ HTTP/1.0" 200 1830 "-" "Mozilla/5.0 (Linux; Android 6.0.1; Nexus 5X Build/MMB29P) AppleWebKit/537.36 (KHTML, like Gecko) Chrome/111.0.5563.64 Mobile Safari/537.36 (compatible; Googlebot/2.1; +http://www.google.com/bot.html)"
66.249.79.82 - - [24/Mar/2023:05:01:33 +0000] "GET /final-hoh-competition-live-thread/ HTTP/1.1" 301 350 "-" "Mozilla/5.0 (compatible; Googlebot/2.1; +http://www.google.com/bot.html)"
137.184.144.15 - - [24/Mar/2023:05:01:34 +0000] "POST /wp-cron.php?doing_wp_cron=1679634094.8551170825958251953125 HTTP/1.0" 200 345 "https://bigbrotherjunkies.com/wp-cron.php?doing_wp_cron=1679634094.8551170825958251953125" "WordPress/6.1.1; https://bigbrotherjunkies.com"
66.249.79.89 - - [24/Mar/2023:05:01:34 +0000] "GET /final-hoh-competition-live-thread/ HTTP/1.1" 200 27636 "-" "Mozilla/5.0 (compatible; Googlebot/2.1; +http://www.google.com/bot.html)"
137.184.144.15 - - [24/Mar/2023:05:02:02 +0000] "POST /wp-cron.php?doing_wp_cron=1679634122.6646230220794677734375 HTTP/1.0" 200 345 "https://bigbrotherjunkies.com/wp-cron.php?doing_wp_cron=1679634122.6646230220794677734375" "WordPress/6.1.1; https://bigbrotherjunkies.com"
66.249.79.93 - - [24/Mar/2023:05:02:01 +0000] "POST /wp-admin/admin-ajax.php HTTP/1.0" 200 4885 "https://bigbrotherjunkies.com/final-hoh-competition-live-thread/" "Mozilla/5.0 AppleWebKit/537.36 (KHTML, like Gecko; compatible; Googlebot/2.1; +http://www.google.com/bot.html) Safari/537.36"
136.243.220.213 - - [24/Mar/2023:05:02:20 +0000] "GET /comments/feed/ HTTP/1.0" 200 11314 "-" "Mozilla/5.0 (compatible; DataForSeoBot/1.0; +https://dataforseo.com/dataforseo-bot)"
216.244.66.250 - - [24/Mar/2023:05:02:23 +0000] "GET /big-brother-23-wednesday-recap-for-9-8-21/ HTTP/1.1" 301 358 "-" "Mozilla/5.0 (compatible; DotBot/1.2; +https://opensiteexplorer.org/dotbot; help@moz.com)"
2a02:598:128:8a00::b2d:2300 - - [24/Mar/2023:05:02:44 +0000] "GET /wednesday-feed-updates-eviction-day-early-time-bbott/ HTTP/1.1" 200 28085 "-" "Mozilla/5.0 (compatible; SeznamBot/4.0-RC1; +http://napoveda.seznam.cz/seznambot-intro/)"
137.184.144.15 - - [24/Mar/2023:05:02:53 +0000] "POST /wp-cron.php?doing_wp_cron=1679634173.3390159606933593750000 HTTP/1.0" 200 345 "https://bigbrotherjunkies.com/wp-cron.php?doing_wp_cron=1679634173.3390159606933593750000" "WordPress/6.1.1; https://bigbrotherjunkies.com"
66.249.79.91 - - [24/Mar/2023:05:02:52 +0000] "GET /big-brother-17-power-rankings-vanessa-dethroned/ HTTP/1.1" 200 26777 "-" "Mozilla/5.0 (compatible; Googlebot/2.1; +http://www.google.com/bot.html)"
51.222.253.15 - - [24/Mar/2023:05:03:04 +0000] "GET /page/106/ HTTP/1.1" 200 16601 "-" "Mozilla/5.0 (compatible; AhrefsBot/7.0; +http://ahrefs.com/robot/)"
66.249.79.89 - - [24/Mar/2023:05:03:20 +0000] "GET /big-brother-17-premiere-night-2-live-blogging/shelli-bb17/feed/ HTTP/1.0" 200 1856 "-" "Mozilla/5.0 (compatible; Googlebot/2.1; +http://www.google.com/bot.html)"
66.249.79.91 - - [24/Mar/2023:05:03:21 +0000] "POST /wp-admin/admin-ajax.php HTTP/1.0" 200 8928 "https://bigbrotherjunkies.com/big-brother-21-tuesday-updates/" "Mozilla/5.0 (Linux; Android 6.0.1; Nexus 5X Build/MMB29P) AppleWebKit/537.36 (KHTML, like Gecko) Chrome/111.0.5563.64 Mobile Safari/537.36 (compatible; Googlebot/2.1; +http://www.google.com/bot.html)"
66.249.79.89 - - [24/Mar/2023:05:03:22 +0000] "POST /wp-admin/admin-ajax.php HTTP/1.0" 200 5374 "https://bigbrotherjunkies.com/big-brother-17-power-rankings-vanessa-dethroned/" "Mozilla/5.0 AppleWebKit/537.36 (KHTML, like Gecko; compatible; Googlebot/2.1; +http://www.google.com/bot.html) Chrome/111.0.5563.64 Safari/537.36"
157.55.39.214 - - [24/Mar/2023:05:03:37 +0000] "GET /wp-content/uploads/2013/06/elissa_slater1.jpg HTTP/1.1" 200 425972 "-" "Mozilla/5.0 AppleWebKit/537.36 (KHTML, like Gecko; compatible; bingbot/2.0; +http://www.bing.com/bingbot.htm) Chrome/103.0.5060.134 Safari/537.36"
137.184.144.15 - - [24/Mar/2023:05:04:08 +0000] "POST /wp-cron.php?doing_wp_cron=1679634247.9513270854949951171875 HTTP/1.0" 200 345 "https://bigbrotherjunkies.com/wp-cron.php?doing_wp_cron=1679634247.9513270854949951171875" "WordPress/6.1.1; https://bigbrotherjunkies.com"
17.241.219.49 - - [24/Mar/2023:05:04:07 +0000] "GET /big-brother-23-weekend-recap-for-9-12-21/ HTTP/1.1" 200 32369 "-" "Mozilla/5.0 (Macintosh; Intel Mac OS X 10_15_5) AppleWebKit/605.1.15 (KHTML, like Gecko) Version/13.1.1 Safari/605.1.15 (Applebot/0.1; +http://www.apple.com/go/applebot)"
185.14.194.21 - - [24/Mar/2023:05:04:38 +0000] "GET /feed/ HTTP/1.0" 200 10208 "-" "Mozilla/5.0 (Windows NT 6.1; Win64; x64) AppleWebKit/537.36 (KHTML, like Gecko) Chrome/76.0.3809.132 Safari/537.36"
203.119.241.92 - - [24/Mar/2023:05:05:19 +0000] "GET /wp-content/uploads/2013/07/bb15-aaryn-kaitlin-talking.png HTTP/1.1" 200 315327 "-" "Mozilla/5.0 (X11; Ubuntu; Linux x86_64; rv:72.0) Gecko/20100101 Firefox/72.0"
137.184.144.15 - - [24/Mar/2023:05:05:22 +0000] "POST /wp-cron.php?doing_wp_cron=1679634322.0588300228118896484375 HTTP/1.0" 200 345 "https://bigbrotherjunkies.com/wp-cron.php?doing_wp_cron=1679634322.0588300228118896484375" "WordPress/6.1.1; https://bigbrotherjunkies.com"
136.243.220.213 - - [24/Mar/2023:05:05:21 +0000] "GET /comments/feed/ HTTP/1.0" 200 11378 "-" "Mozilla/5.0 (compatible; DataForSeoBot/1.0; +https://dataforseo.com/dataforseo-bot)"
152.228.220.143 - - [24/Mar/2023:05:05:42 +0000] "GET /big-brother-15-veto-ceremony-results-2/feed/ HTTP/1.0" 301 379 "-" "Mozilla/5.0 (X11; Linux i686) AppleWebKit/537.36 (KHTML, like Gecko) Chrome/30.0.1599.66 Safari/537.36"
152.228.220.143 - - [24/Mar/2023:05:05:43 +0000] "GET /big-brother-15-veto-ceremony-results-2/feed/ HTTP/1.0" 200 17671 "-" "Mozilla/5.0 (X11; Linux i686) AppleWebKit/537.36 (KHTML, like Gecko) Chrome/30.0.1599.66 Safari/537.36"
137.184.144.15 - - [24/Mar/2023:05:06:02 +0000] "POST /wp-cron.php?doing_wp_cron=1679634362.5106370449066162109375 HTTP/1.0" 200 345 "https://bigbrotherjunkies.com/wp-cron.php?doing_wp_cron=1679634362.5106370449066162109375" "WordPress/6.1.1; https://bigbrotherjunkies.com"
34.232.198.187 - - [24/Mar/2023:05:06:02 +0000] "GET /big-brother-21-thursday-night-updates/jessica-key/ HTTP/1.1" 200 11706 "-" "MetadataScraper"
66.249.79.89 - - [24/Mar/2023:05:06:11 +0000] "GET /feed/?attachment_id=949 HTTP/1.0" 200 2759 "-" "Mozilla/5.0 (Linux; Android 6.0.1; Nexus 5X Build/MMB29P) AppleWebKit/537.36 (KHTML, like Gecko) Chrome/111.0.5563.64 Mobile Safari/537.36 (compatible; Googlebot/2.1; +http://www.google.com/bot.html)"
136.243.220.213 - - [24/Mar/2023:05:06:19 +0000] "GET /comments/feed/ HTTP/1.0" 200 11345 "-" "Mozilla/5.0 (compatible; DataForSeoBot/1.0; +https://dataforseo.com/dataforseo-bot)"
64.233.172.68 - - [24/Mar/2023:05:06:23 +0000] "HEAD /feed/ HTTP/1.0" 301 321 "-" "FeedBurner/1.0 (http://www.FeedBurner.com)"
64.233.172.185 - - [24/Mar/2023:05:06:24 +0000] "HEAD /feed/ HTTP/1.0" 200 405 "-" "FeedBurner/1.0 (http://www.FeedBurner.com)"
17.241.219.65 - - [24/Mar/2023:05:06:41 +0000] "GET /sarah-th/ HTTP/1.1" 200 11495 "-" "Mozilla/5.0 (Macintosh; Intel Mac OS X 10_15_5) AppleWebKit/605.1.15 (KHTML, like Gecko) Version/13.1.1 Safari/605.1.15 (Applebot/0.1; +http://www.apple.com/go/applebot)"
66.249.79.89 - - [24/Mar/2023:05:06:51 +0000] "GET /big-brother-24-mels-recap-8-19-22/ HTTP/1.1" 200 32646 "-" "Mozilla/5.0 (Linux; Android 6.0.1; Nexus 5X Build/MMB29P) AppleWebKit/537.36 (KHTML, like Gecko) Chrome/111.0.5563.64 Mobile Safari/537.36 (compatible; Googlebot/2.1; +http://www.google.com/bot.html)"
152.228.220.143 - - [24/Mar/2023:05:07:17 +0000] "GET /big-brother-13/brendon-villegas/feed/ HTTP/1.0" 301 372 "-" "Mozilla/5.0 (X11; Linux i686) AppleWebKit/537.36 (KHTML, like Gecko) Chrome/30.0.1599.66 Safari/537.36"
137.184.144.15 - - [24/Mar/2023:05:07:18 +0000] "POST /wp-cron.php?doing_wp_cron=1679634438.0004019737243652343750 HTTP/1.0" 200 345 "https://bigbrotherjunkies.com/wp-cron.php?doing_wp_cron=1679634438.0004019737243652343750" "WordPress/6.1.1; https://bigbrotherjunkies.com"
152.228.220.143 - - [24/Mar/2023:05:07:17 +0000] "GET /big-brother-13/brendon-villegas/feed/ HTTP/1.0" 200 1555 "-" "Mozilla/5.0 (X11; Linux i686) AppleWebKit/537.36 (KHTML, like Gecko) Chrome/30.0.1599.66 Safari/537.36"
66.249.79.93 - - [24/Mar/2023:05:07:44 +0000] "POST /wp-admin/admin-ajax.php HTTP/1.0" 200 4552 "https://bigbrotherjunkies.com/big-brother-24-mels-recap-8-19-22/" "Mozilla/5.0 (Linux; Android 6.0.1; Nexus 5X Build/MMB29P) AppleWebKit/537.36 (KHTML, like Gecko) Chrome/111.0.5563.64 Mobile Safari/537.36 (compatible; Googlebot/2.1; +http://www.google.com/bot.html)"
51.222.253.4 - - [24/Mar/2023:05:07:47 +0000] "GET /log-in/?redirect_to=https%3A%2F%2Fwww.bigbrotherjunkies.com%2Fbig-brother-13-4%2Fjeff-schroeder%2F HTTP/1.1" 301 414 "-" "Mozilla/5.0 (compatible; AhrefsBot/7.0; +http://ahrefs.com/robot/)"
137.184.144.15 - - [24/Mar/2023:05:08:09 +0000] "POST /wp-cron.php?doing_wp_cron=1679634489.3099009990692138671875 HTTP/1.0" 200 345 "https://bigbrotherjunkies.com/wp-cron.php?doing_wp_cron=1679634489.3099009990692138671875" "WordPress/6.1.1; https://bigbrotherjunkies.com"
66.249.79.91 - - [24/Mar/2023:05:08:08 +0000] "POST /wp-admin/admin-ajax.php HTTP/1.0" 200 4992 "https://bigbrotherjunkies.com/thursday-august-4th-bb24-feed-updates/" "Mozilla/5.0 (Linux; Android 6.0.1; Nexus 5X Build/MMB29P) AppleWebKit/537.36 (KHTML, like Gecko) Chrome/111.0.5563.64 Mobile Safari/537.36 (compatible; Googlebot/2.1; +http://www.google.com/bot.html)"
136.243.220.213 - - [24/Mar/2023:05:08:18 +0000] "GET /comments/feed/ HTTP/1.0" 200 11314 "-" "Mozilla/5.0 (compatible; DataForSeoBot/1.0; +https://dataforseo.com/dataforseo-bot)"
152.228.220.143 - - [24/Mar/2023:05:08:27 +0000] "GET /big-brother-19-wednesday-feed-updates-2/feed/ HTTP/1.0" 301 380 "-" "Mozilla/5.0 (X11; Linux i686) AppleWebKit/537.36 (KHTML, like Gecko) Chrome/30.0.1599.66 Safari/537.36"
152.228.220.143 - - [24/Mar/2023:05:08:28 +0000] "GET /big-brother-19-wednesday-feed-updates-2/feed/ HTTP/1.0" 200 10776 "-" "Mozilla/5.0 (X11; Linux i686) AppleWebKit/537.36 (KHTML, like Gecko) Chrome/30.0.1599.66 Safari/537.36"
137.184.144.15 - - [24/Mar/2023:05:09:03 +0000] "POST /wp-cron.php?doing_wp_cron=1679634543.3499639034271240234375 HTTP/1.0" 200 345 "https://bigbrotherjunkies.com/wp-cron.php?doing_wp_cron=1679634543.3499639034271240234375" "WordPress/6.1.1; https://bigbrotherjunkies.com"
66.249.79.89 - - [24/Mar/2023:05:09:02 +0000] "GET /big-brother-24-taylors-game-summary/feed/ HTTP/1.0" 200 10859 "-" "Mozilla/5.0 (compatible; Googlebot/2.1; +http://www.google.com/bot.html)"
64.233.172.91 - - [24/Mar/2023:05:09:58 +0000] "HEAD /feed/ HTTP/1.0" 301 321 "-" "FeedBurner/1.0 (http://www.FeedBurner.com)"
137.184.144.15 - - [24/Mar/2023:05:09:59 +0000] "POST /wp-cron.php?doing_wp_cron=1679634599.5644099712371826171875 HTTP/1.0" 200 345 "https://bigbrotherjunkies.com/wp-cron.php?doing_wp_cron=1679634599.5644099712371826171875" "WordPress/6.1.1; https://bigbrotherjunkies.com"
64.233.172.184 - - [24/Mar/2023:05:09:59 +0000] "HEAD /feed/ HTTP/1.0" 200 405 "-" "FeedBurner/1.0 (http://www.FeedBurner.com)"
66.249.79.77 - - [24/Mar/2023:05:10:24 +0000] "GET /final-head-household-set/ HTTP/1.1" 301 341 "-" "Mozilla/5.0 (compatible; Googlebot/2.1; +http://www.google.com/bot.html)"
66.249.79.91 - - [24/Mar/2023:05:10:25 +0000] "GET /final-head-household-set/ HTTP/1.1" 200 26496 "-" "Mozilla/5.0 (compatible; Googlebot/2.1; +http://www.google.com/bot.html)"
66.249.79.91 - - [24/Mar/2023:05:10:36 +0000] "POST /wp-admin/admin-ajax.php HTTP/1.0" 200 5647 "https://bigbrotherjunkies.com/final-head-household-set/" "Mozilla/5.0 AppleWebKit/537.36 (KHTML, like Gecko; compatible; Googlebot/2.1; +http://www.google.com/bot.html) Safari/537.36"
3.14.16.61 - - [24/Mar/2023:05:10:40 +0000] "GET /feed/ HTTP/1.0" 301 340 "-" "Mozilla/5.0 (Windows NT 10.0; Win64; x64) AppleWebKit/537.36 (KHTML, like Gecko) Chrome/99.0.4844.51 Safari/537.36"
3.14.16.61 - - [24/Mar/2023:05:10:45 +0000] "GET /feed/ HTTP/1.0" 200 10208 "-" "Mozilla/5.0 (Windows NT 10.0; Win64; x64) AppleWebKit/537.36 (KHTML, like Gecko) Chrome/99.0.4844.51 Safari/537.36"
152.228.220.143 - - [24/Mar/2023:05:11:17 +0000] "GET /big-brother-14-veto-competition-results/feed/ HTTP/1.0" 301 380 "-" "Mozilla/5.0 (X11; Linux i686) AppleWebKit/537.36 (KHTML, like Gecko) Chrome/30.0.1599.66 Safari/537.36"
137.184.144.15 - - [24/Mar/2023:05:11:18 +0000] "POST /wp-cron.php?doing_wp_cron=1679634678.0765480995178222656250 HTTP/1.0" 200 345 "https://bigbrotherjunkies.com/wp-cron.php?doing_wp_cron=1679634678.0765480995178222656250" "WordPress/6.1.1; https://bigbrotherjunkies.com"
152.228.220.143 - - [24/Mar/2023:05:11:17 +0000] "GET /big-brother-14-veto-competition-results/feed/ HTTP/1.0" 200 11651 "-" "Mozilla/5.0 (X11; Linux i686) AppleWebKit/537.36 (KHTML, like Gecko) Chrome/30.0.1599.66 Safari/537.36"
152.228.220.143 - - [24/Mar/2023:05:11:20 +0000] "GET /category/big-brother-15/feed/ HTTP/1.0" 301 364 "-" "Mozilla/5.0 (X11; Linux i686) AppleWebKit/537.36 (KHTML, like Gecko) Chrome/30.0.1599.66 Safari/537.36"
152.228.220.143 - - [24/Mar/2023:05:11:21 +0000] "GET /category/big-brother-15/feed/ HTTP/1.0" 200 11432 "-" "Mozilla/5.0 (X11; Linux i686) AppleWebKit/537.36 (KHTML, like Gecko) Chrome/30.0.1599.66 Safari/537.36"
137.184.144.15 - - [24/Mar/2023:05:11:54 +0000] "POST /wp-cron.php?doing_wp_cron=1679634714.4328300952911376953125 HTTP/1.0" 200 345 "https://bigbrotherjunkies.com/wp-cron.php?doing_wp_cron=1679634714.4328300952911376953125" "WordPress/6.1.1; https://bigbrotherjunkies.com"
66.249.79.89 - - [24/Mar/2023:05:11:54 +0000] "GET /big-brother-24-taylors-game-summary/feed/ HTTP/1.0" 200 10859 "-" "Mozilla/5.0 (Linux; Android 6.0.1; Nexus 5X Build/MMB29P) AppleWebKit/537.36 (KHTML, like Gecko) Chrome/111.0.5563.64 Mobile Safari/537.36 (compatible; Googlebot/2.1; +http://www.google.com/bot.html)"
114.119.158.31 - - [24/Mar/2023:05:12:44 +0000] "GET /big-brother-23-friday-afternoon-fun/bb21/ HTTP/1.1" 200 11757 "-" "Mozilla/5.0 (Linux; Android 7.0;) AppleWebKit/537.36 (KHTML, like Gecko) Mobile Safari/537.36 (compatible; PetalBot;+https://webmaster.petalsearch.com/site/petalbot)"
2a03:2880:22ff:a::face:b00c - - [24/Mar/2023:05:13:28 +0000] "GET /wp-content/uploads/2011/07/bigbrother13-week3-pov-04.jpg HTTP/1.1" 200 45395 "-" "facebookexternalhit/1.1 (+http://www.facebook.com/externalhit_uatext.php)"
137.184.144.15 - - [24/Mar/2023:05:13:59 +0000] "POST /wp-cron.php?doing_wp_cron=1679634839.0279688835144042968750 HTTP/1.0" 200 345 "https://bigbrotherjunkies.com/wp-cron.php?doing_wp_cron=1679634839.0279688835144042968750" "WordPress/6.1.1; https://bigbrotherjunkies.com"
66.249.79.89 - - [24/Mar/2023:05:13:58 +0000] "POST /wp-admin/admin-ajax.php HTTP/1.0" 200 6273 "https://bigbrotherjunkies.com/big-brother-14-ends-predictions-live-blogging/" "Mozilla/5.0 (Linux; Android 6.0.1; Nexus 5X Build/MMB29P) AppleWebKit/537.36 (KHTML, like Gecko) Chrome/111.0.5563.64 Mobile Safari/537.36 (compatible; Googlebot/2.1; +http://www.google.com/bot.html)"
66.249.79.77 - - [24/Mar/2023:05:14:49 +0000] "GET /comments/feed/ HTTP/1.0" 301 349 "-" "Mozilla/5.0 (compatible; Googlebot/2.1; +http://www.google.com/bot.html)"
66.249.79.93 - - [24/Mar/2023:05:14:50 +0000] "GET /comments/feed/ HTTP/1.0" 304 291 "-" "Mozilla/5.0 (compatible; Googlebot/2.1; +http://www.google.com/bot.html)"
152.228.220.143 - - [24/Mar/2023:05:15:36 +0000] "GET /big-brother-15-hurricane-amanda-heading-bb-house/feed/ HTTP/1.0" 301 389 "-" "Mozilla/5.0 (X11; Linux i686) AppleWebKit/537.36 (KHTML, like Gecko) Chrome/30.0.1599.66 Safari/537.36"
137.184.144.15 - - [24/Mar/2023:05:15:37 +0000] "POST /wp-cron.php?doing_wp_cron=1679634936.9660630226135253906250 HTTP/1.0" 200 345 "https://bigbrotherjunkies.com/wp-cron.php?doing_wp_cron=1679634936.9660630226135253906250" "WordPress/6.1.1; https://bigbrotherjunkies.com"
152.228.220.143 - - [24/Mar/2023:05:15:36 +0000] "GET /big-brother-15-hurricane-amanda-heading-bb-house/feed/ HTTP/1.0" 200 14471 "-" "Mozilla/5.0 (X11; Linux i686) AppleWebKit/537.36 (KHTML, like Gecko) Chrome/30.0.1599.66 Safari/537.36"
137.184.144.15 - - [24/Mar/2023:05:16:57 +0000] "POST /wp-cron.php?doing_wp_cron=1679635017.2946319580078125000000 HTTP/1.0" 200 345 "https://bigbrotherjunkies.com/wp-cron.php?doing_wp_cron=1679635017.2946319580078125000000" "WordPress/6.1.1; https://bigbrotherjunkies.com"
66.249.79.92 - - [24/Mar/2023:05:16:56 +0000] "POST /wp-admin/admin-ajax.php HTTP/1.0" 200 7136 "https://bigbrotherjunkies.com/big-brother-15-happy-times-hot-tub/" "Mozilla/5.0 AppleWebKit/537.36 (KHTML, like Gecko; compatible; Googlebot/2.1; +http://www.google.com/bot.html) Chrome/111.0.5563.64 Safari/537.36"
50.219.89.18 - - [24/Mar/2023:05:17:19 +0000] "GET /wp-content/uploads/2012/07/shane-meaney-185x185.jpg HTTP/1.1" 200 6646 "-" "Mozilla/5.0 (X11; Ubuntu; Linux x86_64; rv:72.0) Gecko/20100101 Firefox/72.0"
136.243.220.213 - - [24/Mar/2023:05:17:31 +0000] "GET /comments/feed/ HTTP/1.0" 200 11314 "-" "Mozilla/5.0 (compatible; DataForSeoBot/1.0; +https://dataforseo.com/dataforseo-bot)"
66.249.79.65 - - [24/Mar/2023:05:17:36 +0000] "GET /feed/?attachment_id=949 HTTP/1.0" 200 2790 "-" "Mozilla/5.0 (compatible; Googlebot/2.1; +http://www.google.com/bot.html)"
152.228.220.143 - - [24/Mar/2023:05:18:12 +0000] "GET /big-brother-16-veto-results-feed-spoilers/feed/ HTTP/1.0" 301 382 "-" "Mozilla/5.0 (X11; Linux i686) AppleWebKit/537.36 (KHTML, like Gecko) Chrome/30.0.1599.66 Safari/537.36"
137.184.144.15 - - [24/Mar/2023:05:18:13 +0000] "POST /wp-cron.php?doing_wp_cron=1679635093.8811960220336914062500 HTTP/1.0" 200 345 "https://bigbrotherjunkies.com/wp-cron.php?doing_wp_cron=1679635093.8811960220336914062500" "WordPress/6.1.1; https://bigbrotherjunkies.com"
152.228.220.143 - - [24/Mar/2023:05:18:13 +0000] "GET /big-brother-16-veto-results-feed-spoilers/feed/ HTTP/1.0" 200 14714 "-" "Mozilla/5.0 (X11; Linux i686) AppleWebKit/537.36 (KHTML, like Gecko) Chrome/30.0.1599.66 Safari/537.36"
152.228.220.143 - - [24/Mar/2023:05:18:35 +0000] "GET /adam-vet/feed/ HTTP/1.0" 301 349 "-" "Mozilla/5.0 (X11; Linux i686) AppleWebKit/537.36 (KHTML, like Gecko) Chrome/30.0.1599.66 Safari/537.36"
152.228.220.143 - - [24/Mar/2023:05:18:36 +0000] "GET /adam-vet/feed/ HTTP/1.0" 200 11475 "-" "Mozilla/5.0 (X11; Linux i686) AppleWebKit/537.36 (KHTML, like Gecko) Chrome/30.0.1599.66 Safari/537.36"
137.184.144.15 - - [24/Mar/2023:05:18:57 +0000] "POST /wp-cron.php?doing_wp_cron=1679635137.0022408962249755859375 HTTP/1.0" 200 345 "https://bigbrotherjunkies.com/wp-cron.php?doing_wp_cron=1679635137.0022408962249755859375" "WordPress/6.1.1; https://bigbrotherjunkies.com"
51.222.253.2 - - [24/Mar/2023:05:18:56 +0000] "GET /big-brother-13/jordan-lloyd/ HTTP/1.1" 404 57459 "-" "Mozilla/5.0 (compatible; AhrefsBot/7.0; +http://ahrefs.com/robot/)"
34.221.246.140 - - [24/Mar/2023:05:19:06 +0000] "GET /wp-content/uploads/2011/06/shelly-moore-3-200x300.jpg HTTP/1.1" 200 11861 "-" "Mozilla/5.0 (X11; Ubuntu; Linux x86_64; rv:72.0) Gecko/20100101 Firefox/72.0"
152.228.220.143 - - [24/Mar/2023:05:19:29 +0000] "GET /big-brother-19-sunday-feed-updates-730/feed/ HTTP/1.0" 301 379 "-" "Mozilla/5.0 (X11; Linux i686) AppleWebKit/537.36 (KHTML, like Gecko) Chrome/30.0.1599.66 Safari/537.36"
152.228.220.143 - - [24/Mar/2023:05:19:30 +0000] "GET /big-brother-19-sunday-feed-updates-730/feed/ HTTP/1.0" 200 12853 "-" "Mozilla/5.0 (X11; Linux i686) AppleWebKit/537.36 (KHTML, like Gecko) Chrome/30.0.1599.66 Safari/537.36"
74.125.210.119 - - [24/Mar/2023:05:19:48 +0000] "GET /feed/ HTTP/1.0" 301 340 "-" "FeedFetcher-Google; (+http://www.google.com/feedfetcher.html)"
74.125.210.200 - - [24/Mar/2023:05:19:49 +0000] "GET /feed/ HTTP/1.0" 200 10208 "-" "FeedFetcher-Google; (+http://www.google.com/feedfetcher.html)"
137.184.144.15 - - [24/Mar/2023:05:19:56 +0000] "POST /wp-cron.php?doing_wp_cron=1679635196.7638559341430664062500 HTTP/1.0" 200 345 "https://bigbrotherjunkies.com/wp-cron.php?doing_wp_cron=1679635196.7638559341430664062500" "WordPress/6.1.1; https://bigbrotherjunkies.com"
136.243.220.213 - - [24/Mar/2023:05:19:56 +0000] "GET /comments/feed/ HTTP/1.0" 200 11378 "-" "Mozilla/5.0 (compatible; DataForSeoBot/1.0; +https://dataforseo.com/dataforseo-bot)"
152.228.220.143 - - [24/Mar/2023:05:20:28 +0000] "GET /big-brother-16-devins-break-day/feed/ HTTP/1.0" 301 372 "-" "Mozilla/5.0 (X11; Linux i686) AppleWebKit/537.36 (KHTML, like Gecko) Chrome/30.0.1599.66 Safari/537.36"
152.228.220.143 - - [24/Mar/2023:05:20:28 +0000] "GET /big-brother-16-devins-break-day/feed/ HTTP/1.0" 200 10507 "-" "Mozilla/5.0 (X11; Linux i686) AppleWebKit/537.36 (KHTML, like Gecko) Chrome/30.0.1599.66 Safari/537.36"
66.249.79.65 - - [24/Mar/2023:05:20:36 +0000] "GET /big-brother-14/britney-haynes/britney-rachel/ HTTP/1.1" 404 60484 "-" "Mozilla/5.0 (compatible; Googlebot/2.1; +http://www.google.com/bot.html)"
137.184.144.15 - - [24/Mar/2023:05:21:00 +0000] "POST /wp-cron.php?doing_wp_cron=1679635260.0589559078216552734375 HTTP/1.0" 200 345 "https://bigbrotherjunkies.com/wp-cron.php?doing_wp_cron=1679635260.0589559078216552734375" "WordPress/6.1.1; https://bigbrotherjunkies.com"
66.249.79.94 - - [24/Mar/2023:05:20:59 +0000] "GET /?cat=-1page%2F64%2Fpage%2F337%2Fpage%2F2%2Fpage%2F3%2Fpage%2F2%2Fpage%2F337%2Fpage%2F3%2Fpage%2F337%2Fpage%2F337%2Fpage%2F2%2Fpage%2F337%2Fpage%2F337%2Fpage%2F3%2Fpage%2F3%2Fpage%2F2%2Fpage%2F2%2Fpage%2F3%2Fpage%2F337%2Fpage%2F3%2Fpage%2F337%2Fpage%2F3%2Fpage%2F2%2Fpage/2/ HTTP/1.1" 200 16615 "-" "Mozilla/5.0 (Linux; Android 6.0.1; Nexus 5X Build/MMB29P) AppleWebKit/537.36 (KHTML, like Gecko) Chrome/111.0.5563.64 Mobile Safari/537.36 (compatible; Googlebot/2.1; +http://www.google.com/bot.html)"
137.184.144.15 - - [24/Mar/2023:05:22:46 +0000] "POST /wp-cron.php?doing_wp_cron=1679635366.2039599418640136718750 HTTP/1.0" 200 345 "https://bigbrotherjunkies.com/wp-cron.php?doing_wp_cron=1679635366.2039599418640136718750" "WordPress/6.1.1; https://bigbrotherjunkies.com"
66.249.79.89 - - [24/Mar/2023:05:22:45 +0000] "GET /live-feed-updates/jasmine-said-with-the-bestie-twist-he-owed-it-to-her-to-say-something/feed/ HTTP/1.0" 200 1938 "-" "Mozilla/5.0 (compatible; Googlebot/2.1; +http://www.google.com/bot.html)"
137.184.144.15 - - [24/Mar/2023:05:23:24 +0000] "POST /wp-cron.php?doing_wp_cron=1679635403.9751079082489013671875 HTTP/1.0" 200 345 "https://bigbrotherjunkies.com/wp-cron.php?doing_wp_cron=1679635403.9751079082489013671875" "WordPress/6.1.1; https://bigbrotherjunkies.com"
136.243.220.213 - - [24/Mar/2023:05:23:23 +0000] "GET /comments/feed/ HTTP/1.0" 200 11349 "-" "Mozilla/5.0 (compatible; DataForSeoBot/1.0; +https://dataforseo.com/dataforseo-bot)"
193.233.88.198 - - [24/Mar/2023:05:23:36 +0000] "GET /feed/ HTTP/1.0" 200 10208 "-" "Mozilla/5.0 (Windows NT 6.1; Win64; x64) AppleWebKit/537.36 (KHTML, like Gecko) Chrome/73.0.3683.86 Safari/537.36"
152.228.220.143 - - [24/Mar/2023:05:24:14 +0000] "GET /big-brother-14-silent-6-formed/feed/ HTTP/1.0" 301 371 "-" "Mozilla/5.0 (X11; Linux i686) AppleWebKit/537.36 (KHTML, like Gecko) Chrome/30.0.1599.66 Safari/537.36"
137.184.144.15 - - [24/Mar/2023:05:24:15 +0000] "POST /wp-cron.php?doing_wp_cron=1679635455.8242189884185791015625 HTTP/1.0" 200 345 "https://bigbrotherjunkies.com/wp-cron.php?doing_wp_cron=1679635455.8242189884185791015625" "WordPress/6.1.1; https://bigbrotherjunkies.com"
152.228.220.143 - - [24/Mar/2023:05:24:15 +0000] "GET /big-brother-14-silent-6-formed/feed/ HTTP/1.0" 200 11669 "-" "Mozilla/5.0 (X11; Linux i686) AppleWebKit/537.36 (KHTML, like Gecko) Chrome/30.0.1599.66 Safari/537.36"
66.249.79.79 - - [24/Mar/2023:05:24:20 +0000] "GET /big-brother-15-jeremy-wipes-butt-elissas-hat/ HTTP/1.1" 301 361 "-" "Mozilla/5.0 (compatible; Googlebot/2.1; +http://www.google.com/bot.html)"
66.249.79.93 - - [24/Mar/2023:05:24:21 +0000] "GET /big-brother-15-jeremy-wipes-butt-elissas-hat/ HTTP/1.1" 200 26919 "-" "Mozilla/5.0 (compatible; Googlebot/2.1; +http://www.google.com/bot.html)"
47.92.77.114 - - [24/Mar/2023:05:24:29 +0000] "GET /favicon.ico HTTP/1.1" 301 327 "-" "Apache-HttpClient/5.1.3 (Java/1.8.0_342)"
47.92.29.136 - - [24/Mar/2023:05:24:29 +0000] "GET /favicon.ico HTTP/1.1" 302 421 "-" "Apache-HttpClient/5.1.3 (Java/1.8.0_342)"
136.243.220.213 - - [24/Mar/2023:05:24:41 +0000] "GET /comments/feed/ HTTP/1.0" 200 11345 "-" "Mozilla/5.0 (compatible; DataForSeoBot/1.0; +https://dataforseo.com/dataforseo-bot)"
66.249.79.89 - - [24/Mar/2023:05:24:47 +0000] "POST /wp-admin/admin-ajax.php HTTP/1.0" 200 4534 "https://bigbrotherjunkies.com/big-brother-15-jeremy-wipes-butt-elissas-hat/" "Mozilla/5.0 AppleWebKit/537.36 (KHTML, like Gecko; compatible; Googlebot/2.1; +http://www.google.com/bot.html) Safari/537.36"
137.184.144.15 - - [24/Mar/2023:05:25:01 +0000] "POST /wp-cron.php?doing_wp_cron=1679635501.8385710716247558593750 HTTP/1.0" 200 345 "https://bigbrotherjunkies.com/wp-cron.php?doing_wp_cron=1679635501.8385710716247558593750" "WordPress/6.1.1; https://bigbrotherjunkies.com"
66.249.79.91 - - [24/Mar/2023:05:25:01 +0000] "POST /wp-admin/admin-ajax.php HTTP/1.0" 200 7523 "https://bigbrotherjunkies.com/big-brother-23-season-recap-part-2/" "Mozilla/5.0 (Linux; Android 6.0.1; Nexus 5X Build/MMB29P) AppleWebKit/537.36 (KHTML, like Gecko) Chrome/111.0.5563.64 Mobile Safari/537.36 (compatible; Googlebot/2.1; +http://www.google.com/bot.html)"
58.230.178.217 - - [24/Mar/2023:05:25:06 +0000] "GET /wp-content/uploads/2013/08/bb15-spencer.png HTTP/1.1" 200 344555 "-" "Mozilla/5.0 (X11; Ubuntu; Linux x86_64; rv:72.0) Gecko/20100101 Firefox/72.0"
152.228.220.143 - - [24/Mar/2023:05:25:42 +0000] "GET /big-brother-15-veto-mvp/feed/ HTTP/1.0" 301 364 "-" "Mozilla/5.0 (X11; Linux i686) AppleWebKit/537.36 (KHTML, like Gecko) Chrome/30.0.1599.66 Safari/537.36"
152.228.220.143 - - [24/Mar/2023:05:25:43 +0000] "GET /big-brother-15-veto-mvp/feed/ HTTP/1.0" 200 8848 "-" "Mozilla/5.0 (X11; Linux i686) AppleWebKit/537.36 (KHTML, like Gecko) Chrome/30.0.1599.66 Safari/537.36"
52.70.58.88 - - [24/Mar/2023:05:25:51 +0000] "GET /feed/ HTTP/1.0" 301 340 "-" "Mozilla/5.0 (X11; Linux x86_64) AppleWebKit/537.36 (KHTML, like Gecko) Chrome/98.0.4758.102 Safari/537.36"
137.184.144.15 - - [24/Mar/2023:05:25:53 +0000] "POST /wp-cron.php?doing_wp_cron=1679635553.0118319988250732421875 HTTP/1.0" 200 345 "https://bigbrotherjunkies.com/wp-cron.php?doing_wp_cron=1679635553.0118319988250732421875" "WordPress/6.1.1; https://bigbrotherjunkies.com"
3.209.252.153 - - [24/Mar/2023:05:25:52 +0000] "GET /feed/ HTTP/1.0" 200 10241 "-" "Mozilla/5.0 (X11; Linux x86_64) AppleWebKit/537.36 (KHTML, like Gecko) Chrome/98.0.4758.102 Safari/537.36"
