137.184.144.15 - - [25/Mar/2023:01:03:22 +0000] "POST /wp-cron.php?doing_wp_cron=1679706202.5096540451049804687500 HTTP/1.0" 200 345 "https://bigbrotherjunkies.com/wp-cron.php?doing_wp_cron=1679706202.5096540451049804687500" "WordPress/6.1.1; https://bigbrotherjunkies.com"
66.249.66.38 - - [25/Mar/2023:01:03:22 +0000] "GET /big-brother-16-nicole-flirt-votes/ HTTP/1.1" 200 27109 "-" "Mozilla/5.0 (compatible; Googlebot/2.1; +http://www.google.com/bot.html)"
66.249.66.13 - - [25/Mar/2023:01:03:26 +0000] "POST /wp-admin/admin-ajax.php HTTP/1.0" 200 8072 "https://bigbrotherjunkies.com/big-brother-21-saturday-updates-4/" "Mozilla/5.0 AppleWebKit/537.36 (KHTML, like Gecko; compatible; Googlebot/2.1; +http://www.google.com/bot.html) Safari/537.36"
66.249.66.11 - - [25/Mar/2023:01:03:32 +0000] "GET /big-brother-15-mvp-nomination-revealed/ HTTP/1.1" 301 355 "-" "Mozilla/5.0 (compatible; Googlebot/2.1; +http://www.google.com/bot.html)"
66.249.66.13 - - [25/Mar/2023:01:03:33 +0000] "GET /big-brother-15-mvp-nomination-revealed/ HTTP/1.1" 200 27171 "-" "Mozilla/5.0 (compatible; Googlebot/2.1; +http://www.google.com/bot.html)"
137.184.144.15 - - [25/Mar/2023:01:03:40 +0000] "POST /wp-cron.php?doing_wp_cron=1679706219.9734499454498291015625 HTTP/1.0" 200 345 "https://bigbrotherjunkies.com/wp-cron.php?doing_wp_cron=1679706219.9734499454498291015625" "WordPress/6.1.1; https://bigbrotherjunkies.com"
66.249.66.86 - - [25/Mar/2023:01:03:39 +0000] "POST /wp-admin/admin-ajax.php HTTP/1.0" 200 5455 "https://bigbrotherjunkies.com/big-brother-16-nicole-flirt-votes/" "Mozilla/5.0 AppleWebKit/537.36 (KHTML, like Gecko; compatible; Googlebot/2.1; +http://www.google.com/bot.html) Safari/537.36"
66.249.66.13 - - [25/Mar/2023:01:03:44 +0000] "GET /long-road-to-finale-round-day-3/feed/ HTTP/1.0" 304 291 "-" "Mozilla/5.0 (compatible; Googlebot/2.1; +http://www.google.com/bot.html)"
137.184.144.15 - - [25/Mar/2023:01:03:55 +0000] "POST /wp-cron.php?doing_wp_cron=1679706235.5107901096343994140625 HTTP/1.0" 200 345 "https://bigbrotherjunkies.com/wp-cron.php?doing_wp_cron=1679706235.5107901096343994140625" "WordPress/6.1.1; https://bigbrotherjunkies.com"
66.249.66.13 - - [25/Mar/2023:01:03:55 +0000] "POST /wp-admin/admin-ajax.php HTTP/1.0" 200 4595 "https://bigbrotherjunkies.com/big-brother-15-mvp-nomination-revealed/" "Mozilla/5.0 AppleWebKit/537.36 (KHTML, like Gecko; compatible; Googlebot/2.1; +http://www.google.com/bot.html) Safari/537.36"
51.222.253.16 - - [25/Mar/2023:01:03:56 +0000] "GET /big-brother-21-final-live-eviction-episode-thread/ HTTP/1.1" 200 27670 "-" "Mozilla/5.0 (compatible; AhrefsBot/7.0; +http://ahrefs.com/robot/)"
66.249.66.87 - - [25/Mar/2023:01:04:10 +0000] "POST /wp-admin/admin-ajax.php HTTP/1.0" 200 2710 "https://bigbrotherjunkies.com/ross-mathews-celebrity-big-brother-cast/" "Mozilla/5.0 AppleWebKit/537.36 (KHTML, like Gecko; compatible; Googlebot/2.1; +http://www.google.com/bot.html) Safari/537.36"
66.249.66.38 - - [25/Mar/2023:01:04:25 +0000] "GET /big-brother-16-power-veto-meeting-live-feeds/ HTTP/1.1" 301 361 "-" "Mozilla/5.0 (compatible; Googlebot/2.1; +http://www.google.com/bot.html)"
137.184.144.15 - - [25/Mar/2023:01:04:26 +0000] "POST /wp-cron.php?doing_wp_cron=1679706266.6600511074066162109375 HTTP/1.0" 200 345 "https://bigbrotherjunkies.com/wp-cron.php?doing_wp_cron=1679706266.6600511074066162109375" "WordPress/6.1.1; https://bigbrotherjunkies.com"
66.249.66.13 - - [25/Mar/2023:01:04:26 +0000] "GET /big-brother-16-power-veto-meeting-live-feeds/ HTTP/1.1" 200 28175 "-" "Mozilla/5.0 (compatible; Googlebot/2.1; +http://www.google.com/bot.html)"
35.237.69.111 - - [25/Mar/2023:01:04:34 +0000] "GET /bigbrother-players/jasmine-davis/ HTTP/1.1" 200 14564 "-" "ZoominfoBot (zoominfobot at zoominfo dot com)"
66.249.66.13 - - [25/Mar/2023:01:04:38 +0000] "POST /wp-admin/admin-ajax.php HTTP/1.0" 200 6725 "https://bigbrotherjunkies.com/big-brother-16-power-veto-meeting-live-feeds/" "Mozilla/5.0 AppleWebKit/537.36 (KHTML, like Gecko; compatible; Googlebot/2.1; +http://www.google.com/bot.html) Safari/537.36"
66.249.66.69 - - [25/Mar/2023:01:04:42 +0000] "GET /big-brother-16-derrick-continues-rule-house/ HTTP/1.1" 301 360 "-" "Mozilla/5.0 (compatible; Googlebot/2.1; +http://www.google.com/bot.html)"
66.249.66.13 - - [25/Mar/2023:01:04:42 +0000] "GET /big-brother-16-derrick-continues-rule-house/ HTTP/1.1" 200 27308 "-" "Mozilla/5.0 (compatible; Googlebot/2.1; +http://www.google.com/bot.html)"
137.184.144.15 - - [25/Mar/2023:01:04:50 +0000] "POST /wp-cron.php?doing_wp_cron=1679706290.9175739288330078125000 HTTP/1.0" 200 345 "https://bigbrotherjunkies.com/wp-cron.php?doing_wp_cron=1679706290.9175739288330078125000" "WordPress/6.1.1; https://bigbrotherjunkies.com"
35.237.69.111 - - [25/Mar/2023:01:04:50 +0000] "GET /bigbrother-players/matt-turner/ HTTP/1.1" 200 15842 "-" "ZoominfoBot (zoominfobot at zoominfo dot com)"
66.249.66.11 - - [25/Mar/2023:01:04:54 +0000] "GET /big-brother-21-tuesday-updates/ HTTP/1.1" 301 347 "-" "Mozilla/5.0 (compatible; Googlebot/2.1; +http://www.google.com/bot.html)"
137.184.144.15 - - [25/Mar/2023:01:04:55 +0000] "POST /wp-cron.php?doing_wp_cron=1679706295.4514689445495605468750 HTTP/1.0" 200 345 "https://bigbrotherjunkies.com/wp-cron.php?doing_wp_cron=1679706295.4514689445495605468750" "WordPress/6.1.1; https://bigbrotherjunkies.com"
66.249.66.86 - - [25/Mar/2023:01:04:55 +0000] "GET /big-brother-21-tuesday-updates/ HTTP/1.1" 200 27840 "-" "Mozilla/5.0 (compatible; Googlebot/2.1; +http://www.google.com/bot.html)"
66.249.66.13 - - [25/Mar/2023:01:05:04 +0000] "POST /wp-admin/admin-ajax.php HTTP/1.0" 200 6015 "https://bigbrotherjunkies.com/big-brother-16-derrick-continues-rule-house/" "Mozilla/5.0 AppleWebKit/537.36 (KHTML, like Gecko; compatible; Googlebot/2.1; +http://www.google.com/bot.html) Safari/537.36"
136.243.220.213 - - [25/Mar/2023:01:05:08 +0000] "GET /comments/feed/ HTTP/1.0" 200 11344 "-" "Mozilla/5.0 (compatible; DataForSeoBot/1.0; +https://dataforseo.com/dataforseo-bot)"
66.249.66.13 - - [25/Mar/2023:01:05:10 +0000] "POST /wp-admin/admin-ajax.php HTTP/1.0" 200 8928 "https://bigbrotherjunkies.com/big-brother-21-tuesday-updates/" "Mozilla/5.0 AppleWebKit/537.36 (KHTML, like Gecko; compatible; Googlebot/2.1; +http://www.google.com/bot.html) Safari/537.36"
15.222.200.86 - - [25/Mar/2023:01:05:15 +0000] "GET /feed/ HTTP/1.0" 301 340 "-" "Mozilla/5.0 (Macintosh; Intel Mac OS X 10_15_7) AppleWebKit/537.36 (KHTML, like Gecko) Chrome/99.0.4844.51 Safari/537.36"
137.184.144.15 - - [25/Mar/2023:01:05:17 +0000] "POST /wp-cron.php?doing_wp_cron=1679706317.5258450508117675781250 HTTP/1.0" 200 345 "https://bigbrotherjunkies.com/wp-cron.php?doing_wp_cron=1679706317.5258450508117675781250" "WordPress/6.1.1; https://bigbrotherjunkies.com"
44.229.166.197 - - [25/Mar/2023:01:05:17 +0000] "GET /feed/ HTTP/1.0" 200 10242 "-" "Mozilla/5.0 (Macintosh; Intel Mac OS X 10_15_7) AppleWebKit/537.36 (KHTML, like Gecko) Chrome/99.0.4844.51 Safari/537.36"
66.249.66.86 - - [25/Mar/2023:01:05:32 +0000] "POST /wp-admin/admin-ajax.php HTTP/1.0" 200 5596 "https://bigbrotherjunkies.com/big-brother-16-game-feed-updates/" "Mozilla/5.0 AppleWebKit/537.36 (KHTML, like Gecko; compatible; Googlebot/2.1; +http://www.google.com/bot.html) Safari/537.36"
66.249.66.13 - - [25/Mar/2023:01:05:40 +0000] "POST /wp-admin/admin-ajax.php HTTP/1.0" 200 5814 "https://bigbrotherjunkies.com/big-brother-20-monday-feed-spoilers/" "Mozilla/5.0 AppleWebKit/537.36 (KHTML, like Gecko; compatible; Googlebot/2.1; +http://www.google.com/bot.html) Safari/537.36"
137.184.144.15 - - [25/Mar/2023:01:05:48 +0000] "POST /wp-cron.php?doing_wp_cron=1679706348.1221539974212646484375 HTTP/1.0" 200 345 "https://bigbrotherjunkies.com/wp-cron.php?doing_wp_cron=1679706348.1221539974212646484375" "WordPress/6.1.1; https://bigbrotherjunkies.com"
66.249.66.13 - - [25/Mar/2023:01:05:47 +0000] "POST /wp-admin/admin-ajax.php HTTP/1.0" 200 4706 "https://bigbrotherjunkies.com/wild-night-big-brother-14-house/" "Mozilla/5.0 AppleWebKit/537.36 (KHTML, like Gecko; compatible; Googlebot/2.1; +http://www.google.com/bot.html) Safari/537.36"
66.249.66.37 - - [25/Mar/2023:01:05:52 +0000] "GET /big-brother-15-drama-llama-bored/ HTTP/1.1" 301 349 "-" "Mozilla/5.0 (compatible; Googlebot/2.1; +http://www.google.com/bot.html)"
137.184.144.15 - - [25/Mar/2023:01:05:53 +0000] "POST /wp-cron.php?doing_wp_cron=1679706353.0275859832763671875000 HTTP/1.0" 200 345 "https://bigbrotherjunkies.com/wp-cron.php?doing_wp_cron=1679706353.0275859832763671875000" "WordPress/6.1.1; https://bigbrotherjunkies.com"
66.249.66.38 - - [25/Mar/2023:01:05:52 +0000] "GET /big-brother-15-drama-llama-bored/ HTTP/1.1" 200 27578 "-" "Mozilla/5.0 (compatible; Googlebot/2.1; +http://www.google.com/bot.html)"
66.249.66.15 - - [25/Mar/2023:01:06:08 +0000] "POST /wp-admin/admin-ajax.php HTTP/1.0" 200 8658 "https://bigbrotherjunkies.com/big-brother-15-drama-llama-bored/" "Mozilla/5.0 AppleWebKit/537.36 (KHTML, like Gecko; compatible; Googlebot/2.1; +http://www.google.com/bot.html) Safari/537.36"
137.184.144.15 - - [25/Mar/2023:01:06:22 +0000] "POST /wp-cron.php?doing_wp_cron=1679706382.4779980182647705078125 HTTP/1.0" 200 345 "https://bigbrotherjunkies.com/wp-cron.php?doing_wp_cron=1679706382.4779980182647705078125" "WordPress/6.1.1; https://bigbrotherjunkies.com"
66.249.66.38 - - [25/Mar/2023:01:06:22 +0000] "POST /wp-admin/admin-ajax.php HTTP/1.0" 200 5394 "https://bigbrotherjunkies.com/big-brother-20-wednesday-night-feeds/" "Mozilla/5.0 AppleWebKit/537.36 (KHTML, like Gecko; compatible; Googlebot/2.1; +http://www.google.com/bot.html) Safari/537.36"
137.184.144.15 - - [25/Mar/2023:01:06:54 +0000] "POST /wp-cron.php?doing_wp_cron=1679706414.2025480270385742187500 HTTP/1.0" 200 345 "https://bigbrotherjunkies.com/wp-cron.php?doing_wp_cron=1679706414.2025480270385742187500" "WordPress/6.1.1; https://bigbrotherjunkies.com"
66.249.66.38 - - [25/Mar/2023:01:06:53 +0000] "POST /wp-admin/admin-ajax.php HTTP/1.0" 200 4820 "https://bigbrotherjunkies.com/big-brother-15-amanda-gm-fight/" "Mozilla/5.0 AppleWebKit/537.36 (KHTML, like Gecko; compatible; Googlebot/2.1; +http://www.google.com/bot.html) Safari/537.36"
66.249.66.40 - - [25/Mar/2023:01:07:03 +0000] "POST /wp-admin/admin-ajax.php HTTP/1.0" 200 4869 "https://bigbrotherjunkies.com/was-corey-helped-by-production-during-the-pov/" "Mozilla/5.0 AppleWebKit/537.36 (KHTML, like Gecko; compatible; Googlebot/2.1; +http://www.google.com/bot.html) Safari/537.36"
17.22.253.68 - - [25/Mar/2023:01:07:10 +0000] "POST /wp-admin/admin-ajax.php HTTP/1.0" 200 9998 "https://bigbrotherjunkies.com/breaking-news-hell-is-breaking-out-in-the-big-brother-19-house/" "Mozilla/5.0 (Macintosh; Intel Mac OS X 10_15_5) AppleWebKit/605.1.15 (KHTML, like Gecko) Version/13.1.1 Safari/605.1.15 (Applebot/0.1; +http://www.apple.com/go/applebot)"
137.184.144.15 - - [25/Mar/2023:01:07:22 +0000] "POST /wp-cron.php?doing_wp_cron=1679706442.1685950756072998046875 HTTP/1.0" 200 345 "https://bigbrotherjunkies.com/wp-cron.php?doing_wp_cron=1679706442.1685950756072998046875" "WordPress/6.1.1; https://bigbrotherjunkies.com"
66.249.66.39 - - [25/Mar/2023:01:07:21 +0000] "POST /wp-admin/admin-ajax.php HTTP/1.0" 200 6999 "https://bigbrotherjunkies.com/big-brother-14-opinion-poll-dan-snake-genius/" "Mozilla/5.0 AppleWebKit/537.36 (KHTML, like Gecko; compatible; Googlebot/2.1; +http://www.google.com/bot.html) Safari/537.36"
66.249.66.86 - - [25/Mar/2023:01:07:28 +0000] "POST /wp-admin/admin-ajax.php HTTP/1.0" 200 6999 "https://bigbrotherjunkies.com/big-brother-14-opinion-poll-dan-snake-genius/" "Mozilla/5.0 AppleWebKit/537.36 (KHTML, like Gecko; compatible; Googlebot/2.1; +http://www.google.com/bot.html) Safari/537.36"
137.184.144.15 - - [25/Mar/2023:01:07:41 +0000] "POST /wp-cron.php?doing_wp_cron=1679706461.0656449794769287109375 HTTP/1.0" 200 345 "https://bigbrotherjunkies.com/wp-cron.php?doing_wp_cron=1679706461.0656449794769287109375" "WordPress/6.1.1; https://bigbrotherjunkies.com"
66.249.66.38 - - [25/Mar/2023:01:07:40 +0000] "POST /wp-admin/admin-ajax.php HTTP/1.0" 200 5630 "https://bigbrotherjunkies.com/adam-picks-answers-jordan-picks/" "Mozilla/5.0 AppleWebKit/537.36 (KHTML, like Gecko; compatible; Googlebot/2.1; +http://www.google.com/bot.html) Safari/537.36"
137.184.144.15 - - [25/Mar/2023:01:08:08 +0000] "POST /wp-cron.php?doing_wp_cron=1679706488.2706410884857177734375 HTTP/1.0" 200 345 "https://bigbrotherjunkies.com/wp-cron.php?doing_wp_cron=1679706488.2706410884857177734375" "WordPress/6.1.1; https://bigbrotherjunkies.com"
66.249.66.38 - - [25/Mar/2023:01:08:07 +0000] "POST /wp-admin/admin-ajax.php HTTP/1.0" 200 2137 "https://bigbrotherjunkies.com/christmas-is-pregnant/" "Mozilla/5.0 AppleWebKit/537.36 (KHTML, like Gecko; compatible; Googlebot/2.1; +http://www.google.com/bot.html) Safari/537.36"
192.0.86.189 - - [25/Mar/2023:01:08:25 +0000] "GET /feed/ HTTP/1.0" 301 340 "https://www.bigbrotherjunkies.com/feed/" "wp.com feedbot/1.0 (+https://wp.com)"
66.249.66.86 - - [25/Mar/2023:01:08:25 +0000] "POST /wp-admin/admin-ajax.php HTTP/1.0" 200 6316 "https://bigbrotherjunkies.com/big-brother-15-nomination-results-2/" "Mozilla/5.0 AppleWebKit/537.36 (KHTML, like Gecko; compatible; Googlebot/2.1; +http://www.google.com/bot.html) Safari/537.36"
192.0.86.189 - - [25/Mar/2023:01:08:25 +0000] "GET /feed/ HTTP/1.0" 200 10208 "https://bigbrotherjunkies.com/feed/" "wp.com feedbot/1.0 (+https://wp.com)"
66.249.66.86 - - [25/Mar/2023:01:08:30 +0000] "POST /wp-admin/admin-ajax.php HTTP/1.0" 200 2077 "https://bigbrotherjunkies.com/ariadna-gutierrez-celebrity-big-brother-cast/" "Mozilla/5.0 AppleWebKit/537.36 (KHTML, like Gecko; compatible; Googlebot/2.1; +http://www.google.com/bot.html) Safari/537.36"
137.184.144.15 - - [25/Mar/2023:01:08:37 +0000] "POST /wp-cron.php?doing_wp_cron=1679706517.5566699504852294921875 HTTP/1.0" 200 345 "https://bigbrotherjunkies.com/wp-cron.php?doing_wp_cron=1679706517.5566699504852294921875" "WordPress/6.1.1; https://bigbrotherjunkies.com"
66.249.66.86 - - [25/Mar/2023:01:08:37 +0000] "POST /wp-admin/admin-ajax.php HTTP/1.0" 200 6541 "https://bigbrotherjunkies.com/big-brother-20-wednesday-feed-updates-4/" "Mozilla/5.0 AppleWebKit/537.36 (KHTML, like Gecko; compatible; Googlebot/2.1; +http://www.google.com/bot.html) Safari/537.36"
66.249.66.11 - - [25/Mar/2023:01:08:45 +0000] "GET /big-brother-14-power-veto-results-reward-week/ HTTP/1.1" 301 362 "-" "Mozilla/5.0 (compatible; Googlebot/2.1; +http://www.google.com/bot.html)"
66.249.66.38 - - [25/Mar/2023:01:08:45 +0000] "GET /big-brother-14-power-veto-results-reward-week/ HTTP/1.1" 200 27746 "-" "Mozilla/5.0 (compatible; Googlebot/2.1; +http://www.google.com/bot.html)"
128.30.195.66 - - [25/Mar/2023:01:08:47 +0000] "GET /wp-content/uploads/2012/07/jenn-arroyo-bbj1-200x291.jpg HTTP/1.1" 200 13576 "-" "Mozilla/5.0 (X11; Ubuntu; Linux x86_64; rv:72.0) Gecko/20100101 Firefox/72.0"
137.184.144.15 - - [25/Mar/2023:01:08:53 +0000] "POST /wp-cron.php?doing_wp_cron=1679706533.7264659404754638671875 HTTP/1.0" 200 345 "https://bigbrotherjunkies.com/wp-cron.php?doing_wp_cron=1679706533.7264659404754638671875" "WordPress/6.1.1; https://bigbrotherjunkies.com"
66.249.66.38 - - [25/Mar/2023:01:08:53 +0000] "POST /wp-admin/admin-ajax.php HTTP/1.0" 200 4919 "https://bigbrotherjunkies.com/big-brother-20-spoilers-post-eviction-feeds/" "Mozilla/5.0 AppleWebKit/537.36 (KHTML, like Gecko; compatible; Googlebot/2.1; +http://www.google.com/bot.html) Safari/537.36"
66.249.66.86 - - [25/Mar/2023:01:09:11 +0000] "POST /wp-admin/admin-ajax.php HTTP/1.0" 200 3307 "https://bigbrotherjunkies.com/big-brother-14-power-veto-results-reward-week/" "Mozilla/5.0 AppleWebKit/537.36 (KHTML, like Gecko; compatible; Googlebot/2.1; +http://www.google.com/bot.html) Safari/537.36"
213.180.203.103 - - [25/Mar/2023:01:09:17 +0000] "GET /celebrity-big-brother-wednesday-feed-updates/ HTTP/1.1" 200 28468 "-" "Mozilla/5.0 (compatible; YandexBot/3.0; +http://yandex.com/bots) AppleWebKit/537.36 (KHTML, like Gecko) Chrome/108.0.0.0"
137.184.144.15 - - [25/Mar/2023:01:09:22 +0000] "POST /wp-cron.php?doing_wp_cron=1679706562.3613660335540771484375 HTTP/1.0" 200 345 "https://bigbrotherjunkies.com/wp-cron.php?doing_wp_cron=1679706562.3613660335540771484375" "WordPress/6.1.1; https://bigbrotherjunkies.com"
66.249.66.13 - - [25/Mar/2023:01:09:22 +0000] "POST /wp-admin/admin-ajax.php HTTP/1.0" 200 6387 "https://bigbrotherjunkies.com/big-brother-14-pov-damage/" "Mozilla/5.0 AppleWebKit/537.36 (KHTML, like Gecko; compatible; Googlebot/2.1; +http://www.google.com/bot.html) Safari/537.36"
66.249.66.38 - - [25/Mar/2023:01:09:28 +0000] "GET /feed/ HTTP/1.0" 304 291 "-" "Mozilla/5.0 (compatible; Googlebot/2.1; +http://www.google.com/bot.html)"
66.249.66.13 - - [25/Mar/2023:01:09:36 +0000] "POST /wp-admin/admin-ajax.php HTTP/1.0" 200 7136 "https://bigbrotherjunkies.com/big-brother-15-happy-times-hot-tub/" "Mozilla/5.0 AppleWebKit/537.36 (KHTML, like Gecko; compatible; Googlebot/2.1; +http://www.google.com/bot.html) Safari/537.36"
137.184.144.15 - - [25/Mar/2023:01:10:11 +0000] "POST /wp-cron.php?doing_wp_cron=1679706611.0332019329071044921875 HTTP/1.0" 200 345 "https://bigbrotherjunkies.com/wp-cron.php?doing_wp_cron=1679706611.0332019329071044921875" "WordPress/6.1.1; https://bigbrotherjunkies.com"
66.249.66.42 - - [25/Mar/2023:01:10:10 +0000] "POST /wp-admin/admin-ajax.php HTTP/1.0" 200 7551 "https://bigbrotherjunkies.com/bronte-reveals-major-secret-happenings/" "Mozilla/5.0 AppleWebKit/537.36 (KHTML, like Gecko; compatible; Googlebot/2.1; +http://www.google.com/bot.html) Safari/537.36"
66.249.66.10 - - [25/Mar/2023:01:10:16 +0000] "GET /how-long-until-they-spill-the-beans-tuesday-night-feeds/zaki-hiding/ HTTP/1.1" 200 11705 "-" "Mozilla/5.0 (compatible; Googlebot/2.1; +http://www.google.com/bot.html)"
66.249.66.10 - - [25/Mar/2023:01:10:16 +0000] "POST /wp-admin/admin-ajax.php HTTP/1.0" 200 6286 "https://bigbrotherjunkies.com/big-brother-20-danger-brett-robinson-danger/" "Mozilla/5.0 AppleWebKit/537.36 (KHTML, like Gecko; compatible; Googlebot/2.1; +http://www.google.com/bot.html) Safari/537.36"
66.249.66.42 - - [25/Mar/2023:01:10:21 +0000] "GET /saturday-july-23rd-feed-updates HTTP/1.1" 301 348 "-" "Mozilla/5.0 (compatible; Googlebot/2.1; +http://www.google.com/bot.html)"
66.249.66.42 - - [25/Mar/2023:01:10:22 +0000] "GET /saturday-july-23rd-feed-updates/ HTTP/1.1" 200 26776 "-" "Mozilla/5.0 (compatible; Googlebot/2.1; +http://www.google.com/bot.html)"
137.184.144.15 - - [25/Mar/2023:01:10:31 +0000] "POST /wp-cron.php?doing_wp_cron=1679706630.9514288902282714843750 HTTP/1.0" 200 345 "https://bigbrotherjunkies.com/wp-cron.php?doing_wp_cron=1679706630.9514288902282714843750" "WordPress/6.1.1; https://bigbrotherjunkies.com"
66.249.66.42 - - [25/Mar/2023:01:10:30 +0000] "POST /wp-admin/admin-ajax.php HTTP/1.0" 200 752 "https://bigbrotherjunkies.com/big-brother-20-cast-first-look/" "Mozilla/5.0 AppleWebKit/537.36 (KHTML, like Gecko; compatible; Googlebot/2.1; +http://www.google.com/bot.html) Safari/537.36"
137.184.144.15 - - [25/Mar/2023:01:11:03 +0000] "POST /wp-cron.php?doing_wp_cron=1679706663.3875401020050048828125 HTTP/1.0" 200 345 "https://bigbrotherjunkies.com/wp-cron.php?doing_wp_cron=1679706663.3875401020050048828125" "WordPress/6.1.1; https://bigbrotherjunkies.com"
66.249.66.10 - - [25/Mar/2023:01:11:02 +0000] "POST /wp-admin/admin-ajax.php HTTP/1.0" 200 2273 "https://bigbrotherjunkies.com/big-brother-14-fight/" "Mozilla/5.0 AppleWebKit/537.36 (KHTML, like Gecko; compatible; Googlebot/2.1; +http://www.google.com/bot.html) Safari/537.36"
64.233.172.87 - - [25/Mar/2023:01:11:19 +0000] "HEAD /feed/ HTTP/1.0" 301 321 "-" "FeedBurner/1.0 (http://www.FeedBurner.com)"
64.233.172.185 - - [25/Mar/2023:01:11:19 +0000] "HEAD /feed/ HTTP/1.0" 200 405 "-" "FeedBurner/1.0 (http://www.FeedBurner.com)"
137.184.144.15 - - [25/Mar/2023:01:11:42 +0000] "POST /wp-cron.php?doing_wp_cron=1679706701.9168899059295654296875 HTTP/1.0" 200 345 "https://bigbrotherjunkies.com/wp-cron.php?doing_wp_cron=1679706701.9168899059295654296875" "WordPress/6.1.1; https://bigbrotherjunkies.com"
213.180.203.215 - - [25/Mar/2023:01:11:41 +0000] "POST /wp-admin/admin-ajax.php HTTP/1.0" 200 9584 "https://bigbrotherjunkies.com/celebrity-big-brother-wednesday-feed-updates/" "Mozilla/5.0 (compatible; YandexRenderResourcesBot/1.0; +http://yandex.com/bots) AppleWebKit/537.36 (KHTML, like Gecko) Chrome/108.0.0.0"
137.184.144.15 - - [25/Mar/2023:01:12:28 +0000] "POST /wp-cron.php?doing_wp_cron=1679706748.1544249057769775390625 HTTP/1.0" 200 345 "https://bigbrotherjunkies.com/wp-cron.php?doing_wp_cron=1679706748.1544249057769775390625" "WordPress/6.1.1; https://bigbrotherjunkies.com"
51.222.253.20 - - [25/Mar/2023:01:12:27 +0000] "GET /page/7/ HTTP/1.1" 200 16765 "-" "Mozilla/5.0 (compatible; AhrefsBot/7.0; +http://ahrefs.com/robot/)"
137.184.144.15 - - [25/Mar/2023:01:13:03 +0000] "POST /wp-cron.php?doing_wp_cron=1679706783.0923950672149658203125 HTTP/1.0" 200 345 "https://bigbrotherjunkies.com/wp-cron.php?doing_wp_cron=1679706783.0923950672149658203125" "WordPress/6.1.1; https://bigbrotherjunkies.com"
66.249.66.89 - - [25/Mar/2023:01:13:02 +0000] "POST /wp-admin/admin-ajax.php HTTP/1.0" 200 6135 "https://bigbrotherjunkies.com/big-brother-15-power-veto-results/" "Mozilla/5.0 AppleWebKit/537.36 (KHTML, like Gecko; compatible; Googlebot/2.1; +http://www.google.com/bot.html) Safari/537.36"
152.228.220.143 - - [25/Mar/2023:01:13:05 +0000] "GET /guess-shelly-playing-3rd-place/feed/ HTTP/1.0" 301 371 "-" "Mozilla/5.0 (X11; Linux i686) AppleWebKit/537.36 (KHTML, like Gecko) Chrome/30.0.1599.66 Safari/537.36"
152.228.220.143 - - [25/Mar/2023:01:13:06 +0000] "GET /guess-shelly-playing-3rd-place/feed/ HTTP/1.0" 200 14328 "-" "Mozilla/5.0 (X11; Linux i686) AppleWebKit/537.36 (KHTML, like Gecko) Chrome/30.0.1599.66 Safari/537.36"
137.184.144.15 - - [25/Mar/2023:01:14:43 +0000] "POST /wp-cron.php?doing_wp_cron=1679706883.4382350444793701171875 HTTP/1.0" 200 345 "https://bigbrotherjunkies.com/wp-cron.php?doing_wp_cron=1679706883.4382350444793701171875" "WordPress/6.1.1; https://bigbrotherjunkies.com"
66.249.66.12 - - [25/Mar/2023:01:14:43 +0000] "GET /%7BUS_CENSUS_NAME%7D-season-recap-part-3 HTTP/1.1" 404 57459 "-" "Mozilla/5.0 (compatible; Googlebot/2.1; +http://www.google.com/bot.html)"
137.184.144.15 - - [25/Mar/2023:01:15:04 +0000] "POST /wp-cron.php?doing_wp_cron=1679706904.0335180759429931640625 HTTP/1.0" 200 345 "https://bigbrotherjunkies.com/wp-cron.php?doing_wp_cron=1679706904.0335180759429931640625" "WordPress/6.1.1; https://bigbrotherjunkies.com"
54.187.216.72 - - [25/Mar/2023:01:15:03 +0000] "POST /wp-json/stripe/v1/webhook HTTP/1.0" 200 1003 "-" "Stripe/1.0 (+https://stripe.com/docs/webhooks)"
52.0.78.177 - - [25/Mar/2023:01:15:03 +0000] "POST /wp-admin/admin-ajax.php?action=frm_strp_process_events HTTP/1.0" 200 537 "https://bigbrotherjunkies.com/wp-admin/admin-ajax.php?action=frm_strp_process_events" "WordPress/6.1.1; https://api.strategy11.com"
52.0.78.177 - - [25/Mar/2023:01:15:03 +0000] "POST /wp-admin/admin-ajax.php?action=frm_strp_process_events HTTP/1.0" 200 537 "https://bigbrotherjunkies.com/wp-admin/admin-ajax.php?action=frm_strp_process_events" "WordPress/6.1.1; https://api.strategy11.com"
52.0.78.177 - - [25/Mar/2023:01:15:04 +0000] "POST /wp-admin/admin-ajax.php?action=frm_strp_process_events HTTP/1.0" 200 537 "https://bigbrotherjunkies.com/wp-admin/admin-ajax.php?action=frm_strp_process_events" "WordPress/6.1.1; https://api.strategy11.com"
52.0.78.177 - - [25/Mar/2023:01:15:03 +0000] "POST /wp-admin/admin-ajax.php?action=frm_strp_process_events HTTP/1.0" 200 537 "https://bigbrotherjunkies.com/wp-admin/admin-ajax.php?action=frm_strp_process_events" "WordPress/6.1.1; https://api.strategy11.com"
136.243.220.213 - - [25/Mar/2023:01:15:18 +0000] "GET /comments/feed/ HTTP/1.0" 200 11314 "-" "Mozilla/5.0 (compatible; DataForSeoBot/1.0; +https://dataforseo.com/dataforseo-bot)"
54.187.174.169 - - [25/Mar/2023:01:15:31 +0000] "POST /wp-json/stripe/v1/webhook HTTP/1.0" 200 1003 "-" "Stripe/1.0 (+https://stripe.com/docs/webhooks)"
52.0.78.177 - - [25/Mar/2023:01:15:31 +0000] "POST /wp-admin/admin-ajax.php?action=frm_strp_process_events HTTP/1.0" 200 537 "https://bigbrotherjunkies.com/wp-admin/admin-ajax.php?action=frm_strp_process_events" "WordPress/6.1.1; https://api.strategy11.com"
52.0.78.177 - - [25/Mar/2023:01:15:31 +0000] "POST /wp-admin/admin-ajax.php?action=frm_strp_process_events HTTP/1.0" 200 537 "https://bigbrotherjunkies.com/wp-admin/admin-ajax.php?action=frm_strp_process_events" "WordPress/6.1.1; https://api.strategy11.com"
52.0.78.177 - - [25/Mar/2023:01:15:32 +0000] "POST /wp-admin/admin-ajax.php?action=frm_strp_process_events HTTP/1.0" 200 537 "https://bigbrotherjunkies.com/wp-admin/admin-ajax.php?action=frm_strp_process_events" "WordPress/6.1.1; https://api.strategy11.com"
52.0.78.177 - - [25/Mar/2023:01:15:31 +0000] "POST /wp-admin/admin-ajax.php?action=frm_strp_process_events HTTP/1.0" 200 537 "https://bigbrotherjunkies.com/wp-admin/admin-ajax.php?action=frm_strp_process_events" "WordPress/6.1.1; https://api.strategy11.com"
137.184.144.15 - - [25/Mar/2023:01:16:20 +0000] "POST /wp-cron.php?doing_wp_cron=1679706980.3451559543609619140625 HTTP/1.0" 200 345 "https://bigbrotherjunkies.com/wp-cron.php?doing_wp_cron=1679706980.3451559543609619140625" "WordPress/6.1.1; https://bigbrotherjunkies.com"
54.187.216.72 - - [25/Mar/2023:01:16:20 +0000] "POST /wp-json/stripe/v1/webhook HTTP/1.0" 200 1003 "-" "Stripe/1.0 (+https://stripe.com/docs/webhooks)"
52.0.78.177 - - [25/Mar/2023:01:16:20 +0000] "POST /wp-admin/admin-ajax.php?action=frm_strp_process_events HTTP/1.0" 200 537 "https://bigbrotherjunkies.com/wp-admin/admin-ajax.php?action=frm_strp_process_events" "WordPress/6.1.1; https://api.strategy11.com"
52.0.78.177 - - [25/Mar/2023:01:16:20 +0000] "POST /wp-admin/admin-ajax.php?action=frm_strp_process_events HTTP/1.0" 200 537 "https://bigbrotherjunkies.com/wp-admin/admin-ajax.php?action=frm_strp_process_events" "WordPress/6.1.1; https://api.strategy11.com"
52.0.78.177 - - [25/Mar/2023:01:16:19 +0000] "POST /wp-admin/admin-ajax.php?action=frm_strp_process_events HTTP/1.0" 200 537 "https://bigbrotherjunkies.com/wp-admin/admin-ajax.php?action=frm_strp_process_events" "WordPress/6.1.1; https://api.strategy11.com"
52.0.78.177 - - [25/Mar/2023:01:16:20 +0000] "POST /wp-admin/admin-ajax.php?action=frm_strp_process_events HTTP/1.0" 200 537 "https://bigbrotherjunkies.com/wp-admin/admin-ajax.php?action=frm_strp_process_events" "WordPress/6.1.1; https://api.strategy11.com"
152.228.220.143 - - [25/Mar/2023:01:16:33 +0000] "GET /comments/feed/ HTTP/1.0" 200 11314 "-" "Mozilla/5.0 (X11; Linux i686) AppleWebKit/537.36 (KHTML, like Gecko) Chrome/30.0.1599.66 Safari/537.36"
2602:306:358a:f520:250f:c74b:2aad:acbb - - [25/Mar/2023:01:16:45 +0000] "GET / HTTP/1.0" 200 16908 "https://www.google.com/" "Mozilla/5.0 (iPhone; CPU iPhone OS 16_3_1 like Mac OS X) AppleWebKit/605.1.15 (KHTML, like Gecko) Version/16.3 Mobile/15E148 Safari/604.1"
2602:306:358a:f520:250f:c74b:2aad:acbb - - [25/Mar/2023:01:16:49 +0000] "GET /survivor-mega-thread/ HTTP/1.0" 200 24350 "https://bigbrotherjunkies.com/" "Mozilla/5.0 (iPhone; CPU iPhone OS 16_3_1 like Mac OS X) AppleWebKit/605.1.15 (KHTML, like Gecko) Version/16.3 Mobile/15E148 Safari/604.1"
2602:306:358a:f520:250f:c74b:2aad:acbb - - [25/Mar/2023:01:16:51 +0000] "POST /wp-admin/admin-ajax.php HTTP/1.0" 200 678 "https://bigbrotherjunkies.com/survivor-mega-thread/" "Mozilla/5.0 (iPhone; CPU iPhone OS 16_3_1 like Mac OS X) AppleWebKit/605.1.15 (KHTML, like Gecko) Version/16.3 Mobile/15E148 Safari/604.1"
2602:306:358a:f520:250f:c74b:2aad:acbb - - [25/Mar/2023:01:16:51 +0000] "POST /wp-admin/admin-ajax.php HTTP/1.0" 200 10626 "https://bigbrotherjunkies.com/survivor-mega-thread/" "Mozilla/5.0 (iPhone; CPU iPhone OS 16_3_1 like Mac OS X) AppleWebKit/605.1.15 (KHTML, like Gecko) Version/16.3 Mobile/15E148 Safari/604.1"
54.175.72.90 - - [25/Mar/2023:01:16:51 +0000] "GET /survivor-mega-thread/ HTTP/1.1" 200 25315 "-" "Mozilla/5.0 (compatible; proximic; +https://www.comscore.com/Web-Crawler)"
137.184.144.15 - - [25/Mar/2023:01:17:07 +0000] "POST /wp-cron.php?doing_wp_cron=1679707027.5333869457244873046875 HTTP/1.0" 200 345 "https://bigbrotherjunkies.com/wp-cron.php?doing_wp_cron=1679707027.5333869457244873046875" "WordPress/6.1.1; https://bigbrotherjunkies.com"
66.249.66.13 - - [25/Mar/2023:01:17:07 +0000] "POST /wp-admin/admin-ajax.php HTTP/1.0" 200 4236 "https://bigbrotherjunkies.com/breaking-willie-hantz-tool/" "Mozilla/5.0 AppleWebKit/537.36 (KHTML, like Gecko; compatible; Googlebot/2.1; +http://www.google.com/bot.html) Safari/537.36"
54.187.174.169 - - [25/Mar/2023:01:17:15 +0000] "POST /wp-json/stripe/v1/webhook HTTP/1.0" 200 1003 "-" "Stripe/1.0 (+https://stripe.com/docs/webhooks)"
52.0.78.177 - - [25/Mar/2023:01:17:15 +0000] "POST /wp-admin/admin-ajax.php?action=frm_strp_process_events HTTP/1.0" 200 537 "https://bigbrotherjunkies.com/wp-admin/admin-ajax.php?action=frm_strp_process_events" "WordPress/6.1.1; https://api.strategy11.com"
52.0.78.177 - - [25/Mar/2023:01:17:16 +0000] "POST /wp-admin/admin-ajax.php?action=frm_strp_process_events HTTP/1.0" 200 537 "https://bigbrotherjunkies.com/wp-admin/admin-ajax.php?action=frm_strp_process_events" "WordPress/6.1.1; https://api.strategy11.com"
52.0.78.177 - - [25/Mar/2023:01:17:15 +0000] "POST /wp-admin/admin-ajax.php?action=frm_strp_process_events HTTP/1.0" 200 537 "https://bigbrotherjunkies.com/wp-admin/admin-ajax.php?action=frm_strp_process_events" "WordPress/6.1.1; https://api.strategy11.com"
52.0.78.177 - - [25/Mar/2023:01:17:15 +0000] "POST /wp-admin/admin-ajax.php?action=frm_strp_process_events HTTP/1.0" 200 537 "https://bigbrotherjunkies.com/wp-admin/admin-ajax.php?action=frm_strp_process_events" "WordPress/6.1.1; https://api.strategy11.com"
137.184.144.15 - - [25/Mar/2023:01:17:54 +0000] "POST /wp-cron.php?doing_wp_cron=1679707074.2327010631561279296875 HTTP/1.0" 200 345 "https://bigbrotherjunkies.com/wp-cron.php?doing_wp_cron=1679707074.2327010631561279296875" "WordPress/6.1.1; https://bigbrotherjunkies.com"
46.242.90.208 - - [25/Mar/2023:01:17:53 +0000] "GET /big-brother-13-lion-lamb/ HTTP/1.1" 200 28180 "https://bigbrotherjunkies.com/big-brother-13-lion-lamb/" "Mozilla/5.0 (Windows NT 10.0; Win64; x64) AppleWebKit/537.36 (KHTML, like Gecko) Chrome/90.0.4430.85 Safari/537.36 Edg/90.0.818.46"
46.242.90.208 - - [25/Mar/2023:01:17:55 +0000] "POST /big-brother-13-lion-lamb/ HTTP/1.0" 200 28068 "https://bigbrotherjunkies.com/big-brother-13-lion-lamb/" "Mozilla/5.0 (Windows NT 10.0; Win64; x64) AppleWebKit/537.36 (KHTML, like Gecko) Chrome/90.0.4430.85 Safari/537.36 Edg/90.0.818.46"
54.187.205.235 - - [25/Mar/2023:01:17:56 +0000] "POST /wp-json/stripe/v1/webhook HTTP/1.0" 200 1003 "-" "Stripe/1.0 (+https://stripe.com/docs/webhooks)"
52.0.78.177 - - [25/Mar/2023:01:17:56 +0000] "POST /wp-admin/admin-ajax.php?action=frm_strp_process_events HTTP/1.0" 200 537 "https://bigbrotherjunkies.com/wp-admin/admin-ajax.php?action=frm_strp_process_events" "WordPress/6.1.1; https://api.strategy11.com"
52.0.78.177 - - [25/Mar/2023:01:17:56 +0000] "POST /wp-admin/admin-ajax.php?action=frm_strp_process_events HTTP/1.0" 200 537 "https://bigbrotherjunkies.com/wp-admin/admin-ajax.php?action=frm_strp_process_events" "WordPress/6.1.1; https://api.strategy11.com"
52.0.78.177 - - [25/Mar/2023:01:17:55 +0000] "POST /wp-admin/admin-ajax.php?action=frm_strp_process_events HTTP/1.0" 200 537 "https://bigbrotherjunkies.com/wp-admin/admin-ajax.php?action=frm_strp_process_events" "WordPress/6.1.1; https://api.strategy11.com"
52.0.78.177 - - [25/Mar/2023:01:17:56 +0000] "POST /wp-admin/admin-ajax.php?action=frm_strp_process_events HTTP/1.0" 200 537 "https://bigbrotherjunkies.com/wp-admin/admin-ajax.php?action=frm_strp_process_events" "WordPress/6.1.1; https://api.strategy11.com"
208.92.218.66 - - [25/Mar/2023:01:18:29 +0000] "GET /big-brother-22-tuesday-recap-for-9-1-20/feed/ HTTP/1.0" 301 380 "-" "Mozilla/5.0 (Windows NT 10.0; Win64; x64) AppleWebKit/537.36 (KHTML, like Gecko) Chrome/70.0.3538.102 Safari/537.36"
137.184.144.15 - - [25/Mar/2023:01:18:30 +0000] "POST /wp-cron.php?doing_wp_cron=1679707109.9662480354309082031250 HTTP/1.0" 200 345 "https://bigbrotherjunkies.com/wp-cron.php?doing_wp_cron=1679707109.9662480354309082031250" "WordPress/6.1.1; https://bigbrotherjunkies.com"
208.92.218.66 - - [25/Mar/2023:01:18:29 +0000] "GET /big-brother-22-tuesday-recap-for-9-1-20/feed/ HTTP/1.0" 200 10037 "-" "Mozilla/5.0 (Windows NT 10.0; Win64; x64) AppleWebKit/537.36 (KHTML, like Gecko) Chrome/70.0.3538.102 Safari/537.36"
54.187.174.169 - - [25/Mar/2023:01:18:49 +0000] "POST /wp-json/stripe/v1/webhook HTTP/1.0" 200 1003 "-" "Stripe/1.0 (+https://stripe.com/docs/webhooks)"
52.0.78.177 - - [25/Mar/2023:01:18:49 +0000] "POST /wp-admin/admin-ajax.php?action=frm_strp_process_events HTTP/1.0" 200 537 "https://bigbrotherjunkies.com/wp-admin/admin-ajax.php?action=frm_strp_process_events" "WordPress/6.1.1; https://api.strategy11.com"
52.0.78.177 - - [25/Mar/2023:01:18:49 +0000] "POST /wp-admin/admin-ajax.php?action=frm_strp_process_events HTTP/1.0" 200 537 "https://bigbrotherjunkies.com/wp-admin/admin-ajax.php?action=frm_strp_process_events" "WordPress/6.1.1; https://api.strategy11.com"
52.0.78.177 - - [25/Mar/2023:01:18:49 +0000] "POST /wp-admin/admin-ajax.php?action=frm_strp_process_events HTTP/1.0" 200 537 "https://bigbrotherjunkies.com/wp-admin/admin-ajax.php?action=frm_strp_process_events" "WordPress/6.1.1; https://api.strategy11.com"
52.0.78.177 - - [25/Mar/2023:01:18:48 +0000] "POST /wp-admin/admin-ajax.php?action=frm_strp_process_events HTTP/1.0" 200 537 "https://bigbrotherjunkies.com/wp-admin/admin-ajax.php?action=frm_strp_process_events" "WordPress/6.1.1; https://api.strategy11.com"
152.228.220.143 - - [25/Mar/2023:01:18:52 +0000] "GET /big-brother-20-sunday-feed-updates/feed/ HTTP/1.0" 200 11788 "-" "Mozilla/5.0 (X11; Linux i686) AppleWebKit/537.36 (KHTML, like Gecko) Chrome/30.0.1599.66 Safari/537.36"
208.53.44.121 - - [25/Mar/2023:01:19:01 +0000] "GET /wp-content/uploads/2016/08/big-brother-2015-julie-chen.jpg HTTP/1.1" 200 45016 "-" "Mozilla/5.0 (X11; Ubuntu; Linux x86_64; rv:72.0) Gecko/20100101 Firefox/72.0"
137.184.144.15 - - [25/Mar/2023:01:20:01 +0000] "POST /wp-cron.php?doing_wp_cron=1679707201.8801059722900390625000 HTTP/1.0" 200 345 "https://bigbrotherjunkies.com/wp-cron.php?doing_wp_cron=1679707201.8801059722900390625000" "WordPress/6.1.1; https://bigbrotherjunkies.com"
66.249.66.86 - - [25/Mar/2023:01:20:01 +0000] "GET /45440-2 HTTP/1.1" 301 324 "-" "Mozilla/5.0 (compatible; Googlebot/2.1; +http://www.google.com/bot.html)"
35.182.189.206 - - [25/Mar/2023:01:20:32 +0000] "GET /feed/ HTTP/1.0" 301 340 "-" "Mozilla/5.0 (Windows NT 10.0; Win64; x64) AppleWebKit/537.36 (KHTML, like Gecko) Chrome/99.0.4844.51 Safari/537.36 Edg/99.0.1150.36"
18.211.37.47 - - [25/Mar/2023:01:20:34 +0000] "GET /feed/ HTTP/1.0" 200 10208 "-" "Mozilla/5.0 (Windows NT 10.0; Win64; x64) AppleWebKit/537.36 (KHTML, like Gecko) Chrome/99.0.4844.51 Safari/537.36 Edg/99.0.1150.36"
51.222.253.19 - - [25/Mar/2023:01:20:42 +0000] "GET /its-finale-time-last-live-blog-of-big-brother-18/ HTTP/1.1" 200 29476 "-" "Mozilla/5.0 (compatible; AhrefsBot/7.0; +http://ahrefs.com/robot/)"
137.184.144.15 - - [25/Mar/2023:01:21:02 +0000] "POST /wp-cron.php?doing_wp_cron=1679707262.4832530021667480468750 HTTP/1.0" 200 345 "https://bigbrotherjunkies.com/wp-cron.php?doing_wp_cron=1679707262.4832530021667480468750" "WordPress/6.1.1; https://bigbrotherjunkies.com"
66.249.66.86 - - [25/Mar/2023:01:21:02 +0000] "POST /wp-admin/admin-ajax.php HTTP/1.0" 200 5250 "https://bigbrotherjunkies.com/big-brother-15-interesting-eviction/" "Mozilla/5.0 AppleWebKit/537.36 (KHTML, like Gecko; compatible; Googlebot/2.1; +http://www.google.com/bot.html) Safari/537.36"
66.249.66.38 - - [25/Mar/2023:01:21:07 +0000] "GET /big-brother-14-coaches-enter-game-players/page/127/ HTTP/1.1" 200 27188 "-" "Mozilla/5.0 (Linux; Android 6.0.1; Nexus 5X Build/MMB29P) AppleWebKit/537.36 (KHTML, like Gecko) Chrome/111.0.5563.64 Mobile Safari/537.36 (compatible; Googlebot/2.1; +http://www.google.com/bot.html)"
34.232.198.187 - - [25/Mar/2023:01:21:19 +0000] "GET /big-brother-22-friday-afternoon-feed-updates-9-25/cody-sleep/ HTTP/1.1" 500 4940 "-" "MetadataScraper"
54.202.141.0 - - [25/Mar/2023:01:22:48 +0000] "GET /you-played-yourself-by-mel/ HTTP/1.1" 500 3469 "http://bigbrotherjunkies.com/you-played-yourself-by-mel/" "Mozilla/5.0 (Windows NT 6.1; WOW64) AppleWebKit/537.36 (KHTML, like Gecko) Chrome/56.0.2924.76 Safari/537.36"
54.202.52.223 - - [25/Mar/2023:01:22:49 +0000] "GET /you-played-yourself-by-mel/ HTTP/1.1" 500 3469 "-" "Mozilla/5.0 (Macintosh; Intel Mac OS X 10_14_6) AppleWebKit/537.36 (KHTML, like Gecko) Chrome/97.0.4692.99 Safari/537.36"
66.249.66.89 - - [25/Mar/2023:01:24:51 +0000] "GET /live-feed-updates/julie-says-we-saw-you-celebrate-your-birth-day-birth-week-and-birth-month-is-this-normal-lol/feed/ HTTP/1.0" 500 3429 "-" "Mozilla/5.0 (compatible; Googlebot/2.1; +http://www.google.com/bot.html)"
185.68.246.50 - - [25/Mar/2023:01:25:49 +0000] "GET /feed/ HTTP/1.0" 500 3429 "-" "Mozilla/5.0 (Windows NT 10.0; Win64; x64) AppleWebKit/537.36 (KHTML, like Gecko) Chrome/66.0.3359.170 Safari/537.36 OPR/53.0.2907.99"
185.68.246.50 - - [25/Mar/2023:01:25:50 +0000] "GET /feed/ HTTP/1.0" 500 3429 "-" "Mozilla/5.0 (Linux; U; Android 9; ru-ru; Redmi Note 6 Pro Build/PKQ1.180904.001) AppleWebKit/537.36 (KHTML, like Gecko) Version/4.0 Chrome/71.0.3578.141 Mobile Safari/537.36 XiaoMi/MiuiBrowser/10.9.8-g"
66.249.66.11 - - [25/Mar/2023:01:26:53 +0000] "POST /wp-admin/admin-ajax.php HTTP/1.0" 500 533 "https://bigbrotherjunkies.com/porsche-chance-blow/" "Mozilla/5.0 (Linux; Android 6.0.1; Nexus 5X Build/MMB29P) AppleWebKit/537.36 (KHTML, like Gecko) Chrome/111.0.5563.64 Mobile Safari/537.36 (compatible; Googlebot/2.1; +http://www.google.com/bot.html)"
185.68.246.50 - - [25/Mar/2023:01:26:54 +0000] "GET /feed/ HTTP/1.0" 500 3429 "-" "-"
185.68.246.50 - - [25/Mar/2023:01:27:02 +0000] "GET /feed/ HTTP/1.0" 500 3429 "-" "Mozilla/5.0 (Windows NT 6.3; Win64; x64) AppleWebKit/537.36 (KHTML, like Gecko) Chrome/72.0.3626.109 Safari/537.36"
66.249.66.43 - - [25/Mar/2023:01:27:08 +0000] "POST /wp-admin/admin-ajax.php HTTP/1.0" 500 533 "https://bigbrotherjunkies.com/big-brother-24-mels-recap-8-15-22/" "Mozilla/5.0 (Linux; Android 6.0.1; Nexus 5X Build/MMB29P) AppleWebKit/537.36 (KHTML, like Gecko) Chrome/111.0.5563.64 Mobile Safari/537.36 (compatible; Googlebot/2.1; +http://www.google.com/bot.html)"
152.228.220.143 - - [25/Mar/2023:01:27:09 +0000] "GET /big-brother-16-nicole-receive-chance/feed/ HTTP/1.0" 500 3429 "-" "Mozilla/5.0 (X11; Linux i686) AppleWebKit/537.36 (KHTML, like Gecko) Chrome/30.0.1599.66 Safari/537.36"
66.249.66.12 - - [25/Mar/2023:01:28:05 +0000] "GET /live-feed-updates/julie-says-we-saw-you-celebrate-your-birth-day-birth-week-and-birth-month-is-this-normal-lol/feed/ HTTP/1.0" 500 3429 "-" "Mozilla/5.0 (Linux; Android 6.0.1; Nexus 5X Build/MMB29P) AppleWebKit/537.36 (KHTML, like Gecko) Chrome/111.0.5563.64 Mobile Safari/537.36 (compatible; Googlebot/2.1; +http://www.google.com/bot.html)"
152.228.220.143 - - [25/Mar/2023:01:28:17 +0000] "GET /threat-deal/feed/ HTTP/1.0" 500 3429 "-" "Mozilla/5.0 (X11; Linux i686) AppleWebKit/537.36 (KHTML, like Gecko) Chrome/30.0.1599.66 Safari/537.36"
51.222.253.12 - - [25/Mar/2023:01:28:20 +0000] "GET /season-finale-live-blog/ HTTP/1.1" 500 3469 "-" "Mozilla/5.0 (compatible; AhrefsBot/7.0; +http://ahrefs.com/robot/)"
69.119.112.200 - - [25/Mar/2023:01:28:32 +0000] "GET /wednesday-august-17th-bb24-feed-updates/favicon.ico HTTP/1.1" 500 3469 "-" "Client/29283 CFNetwork/1399 Darwin/22.1.0"
208.92.218.66 - - [25/Mar/2023:01:29:03 +0000] "GET /big-brother-22-pre-finale-ramblings/feed/ HTTP/1.0" 500 683 "-" "Mozilla/5.0 (Windows NT 10.0; Win64; x64) AppleWebKit/537.36 (KHTML, like Gecko) Chrome/70.0.3538.102 Safari/537.36"
66.249.66.12 - - [25/Mar/2023:01:29:10 +0000] "GET /welcome-to-the-final-5/ricky-letter/ HTTP/1.1" 500 3469 "-" "Mozilla/5.0 (Linux; Android 6.0.1; Nexus 5X Build/MMB29P) AppleWebKit/537.36 (KHTML, like Gecko) Chrome/111.0.5563.64 Mobile Safari/537.36 (compatible; Googlebot/2.1; +http://www.google.com/bot.html)"
54.202.141.0 - - [25/Mar/2023:01:29:47 +0000] "GET /big-brother-21-saturday-recap-for-9-7-19/ HTTP/1.1" 500 3469 "http://www.bigbrotherjunkies.com/big-brother-21-saturday-recap-for-9-7-19/" "Mozilla/5.0 (Windows NT 6.1; WOW64) AppleWebKit/537.36 (KHTML, like Gecko) Chrome/56.0.2924.76 Safari/537.36"
54.202.52.223 - - [25/Mar/2023:01:29:48 +0000] "GET /big-brother-21-saturday-recap-for-9-7-19/ HTTP/1.1" 500 3469 "-" "Mozilla/5.0 (Macintosh; Intel Mac OS X 10_14_6) AppleWebKit/537.36 (KHTML, like Gecko) Chrome/97.0.4692.99 Safari/537.36"
216.244.66.250 - - [25/Mar/2023:01:30:48 +0000] "GET /robots.txt HTTP/1.1" 500 3469 "-" "Mozilla/5.0 (compatible; DotBot/1.2; +https://opensiteexplorer.org/dotbot; help@moz.com)"
43.134.36.108 - - [25/Mar/2023:01:31:11 +0000] "GET /wp-admin/css/ HTTP/1.0" 403 466 "binance.com" "Mozilla/5.0 (Windows NT 10.0; Win64; x64) AppleWebKit/537.36 (KHTML, like Gecko) Chrome/90.0.4430.85 Safari/537.36"
2600:3c01::f03c:91ff:fed4:be90 - - [25/Mar/2023:01:32:01 +0000] "GET /feed/ HTTP/1.0" 500 1113 "-" "UniversalFeedParser/5.2.1 +https://code.google.com/p/feedparser/"
128.30.195.59 - - [25/Mar/2023:01:32:40 +0000] "GET /wp-content/uploads/2012/07/bb14-shane-200x145.jpg HTTP/1.1" 200 7726 "-" "Mozilla/5.0 (X11; Ubuntu; Linux x86_64; rv:72.0) Gecko/20100101 Firefox/72.0"
152.228.220.143 - - [25/Mar/2023:01:32:56 +0000] "GET /big-brother-19-wednesday-feed-updates-3/feed/ HTTP/1.0" 500 3429 "-" "Mozilla/5.0 (X11; Linux i686) AppleWebKit/537.36 (KHTML, like Gecko) Chrome/30.0.1599.66 Safari/537.36"
152.228.220.143 - - [25/Mar/2023:01:33:41 +0000] "GET /username/feed/ HTTP/1.0" 500 3429 "-" "Mozilla/5.0 (X11; Linux i686) AppleWebKit/537.36 (KHTML, like Gecko) Chrome/30.0.1599.66 Safari/537.36"
157.55.39.214 - - [25/Mar/2023:01:33:46 +0000] "GET /wp-content/uploads/2015/06/steve_moses-th.jpg HTTP/1.1" 200 2940 "-" "Mozilla/5.0 AppleWebKit/537.36 (KHTML, like Gecko; compatible; bingbot/2.0; +http://www.bing.com/bingbot.htm) Chrome/103.0.5060.134 Safari/537.36"
40.77.167.226 - - [25/Mar/2023:01:34:32 +0000] "GET /post-sitemap.xml HTTP/1.1" 500 3469 "-" "Mozilla/5.0 AppleWebKit/537.36 (KHTML, like Gecko; compatible; bingbot/2.0; +http://www.bing.com/bingbot.htm) Chrome/103.0.5060.134 Safari/537.36"
72.30.14.15 - - [25/Mar/2023:01:34:58 +0000] "GET /robots.txt HTTP/1.1" 500 3469 "-" "Mozilla/5.0 (compatible; Yahoo! Slurp; http://help.yahoo.com/help/us/ysearch/slurp)"
18.221.48.79 - - [25/Mar/2023:01:35:39 +0000] "GET /feed/ HTTP/1.0" 500 3429 "-" "Mozilla/5.0 (Macintosh; Intel Mac OS X 10_15_7) AppleWebKit/605.1.15 (KHTML, like Gecko) Version/15.2 Safari/605.1.15"
44.237.105.33 - - [25/Mar/2023:01:35:40 +0000] "GET /feed/ HTTP/1.0" 500 3429 "-" "Mozilla/5.0 (Macintosh; Intel Mac OS X 10_15_7) AppleWebKit/605.1.15 (KHTML, like Gecko) Version/15.2 Safari/605.1.15"
52.15.116.247 - - [25/Mar/2023:01:35:42 +0000] "GET /feed/ HTTP/1.0" 500 3429 "-" "Mozilla/5.0 (Windows NT 10.0; Win64; x64) AppleWebKit/537.36 (KHTML, like Gecko) Chrome/98.0.4758.102 Safari/537.36"
44.237.105.33 - - [25/Mar/2023:01:35:45 +0000] "GET /feed/ HTTP/1.0" 500 3429 "-" "Mozilla/5.0 (Windows NT 10.0; Win64; x64) AppleWebKit/537.36 (KHTML, like Gecko) Chrome/99.0.4844.51 Safari/537.36 Edg/99.0.1150.36"
35.81.210.174 - - [25/Mar/2023:01:35:47 +0000] "GET /feed/ HTTP/1.0" 500 3429 "-" "Mozilla/5.0 (Windows NT 10.0; Win64; x64) AppleWebKit/537.36 (KHTML, like Gecko) Chrome/99.0.4844.51 Safari/537.36 Edg/99.0.1150.36"
3.97.187.213 - - [25/Mar/2023:01:35:48 +0000] "GET /feed/ HTTP/1.0" 500 3429 "-" "Mozilla/5.0 (Windows NT 10.0; Win64; x64) AppleWebKit/537.36 (KHTML, like Gecko) Chrome/99.0.4844.51 Safari/537.36"
152.228.220.143 - - [25/Mar/2023:01:36:42 +0000] "GET /big-brother-15-mccrae-hanging/feed/ HTTP/1.0" 500 3429 "-" "Mozilla/5.0 (X11; Linux i686) AppleWebKit/537.36 (KHTML, like Gecko) Chrome/30.0.1599.66 Safari/537.36"
159.242.234.153 - - [25/Mar/2023:01:36:52 +0000] "GET /rindex.php?action=add HTTP/1.1" 500 3469 "-" "Linux Mozilla"
216.244.66.250 - - [25/Mar/2023:01:37:09 +0000] "GET /big-brother-23-sunday-updates/ HTTP/1.1" 500 3469 "-" "Mozilla/5.0 (compatible; DotBot/1.2; +https://opensiteexplorer.org/dotbot; help@moz.com)"
157.55.39.214 - - [25/Mar/2023:01:38:21 +0000] "GET /comment-subscriptions/?srp=9173&srk=57918c56dba4c11644767232184330a7&sra=s HTTP/1.1" 500 3469 "-" "Mozilla/5.0 AppleWebKit/537.36 (KHTML, like Gecko; compatible; bingbot/2.0; +http://www.bing.com/bingbot.htm) Chrome/103.0.5060.134 Safari/537.36"
152.228.220.143 - - [25/Mar/2023:01:38:22 +0000] "GET /big-brother-over-the-top-live-feed-thread/feed/ HTTP/1.0" 500 3429 "-" "Mozilla/5.0 (X11; Linux i686) AppleWebKit/537.36 (KHTML, like Gecko) Chrome/30.0.1599.66 Safari/537.36"
152.228.220.143 - - [25/Mar/2023:01:38:31 +0000] "GET /big-brother-16-veto-results-feed-spoilers/feed/ HTTP/1.0" 500 3429 "-" "Mozilla/5.0 (X11; Linux i686) AppleWebKit/537.36 (KHTML, like Gecko) Chrome/30.0.1599.66 Safari/537.36"
152.228.220.143 - - [25/Mar/2023:01:39:03 +0000] "GET /big-brother-canada/feed/ HTTP/1.0" 500 3429 "-" "Mozilla/5.0 (X11; Linux i686) AppleWebKit/537.36 (KHTML, like Gecko) Chrome/30.0.1599.66 Safari/537.36"
119.8.242.251 - - [25/Mar/2023:01:39:33 +0000] "GET /wp-content/uploads/2011/06/bigbrother13-liveeviction-week2-05-200x234.jpg HTTP/1.1" 200 11221 "-" "Mozilla/5.0 (X11; Ubuntu; Linux x86_64; rv:72.0) Gecko/20100101 Firefox/72.0"
216.244.66.250 - - [25/Mar/2023:01:40:42 +0000] "GET /down-to-the-final-4-live-eviction/ HTTP/1.1" 500 3469 "-" "Mozilla/5.0 (compatible; DotBot/1.2; +https://opensiteexplorer.org/dotbot; help@moz.com)"
66.249.66.67 - - [25/Mar/2023:01:41:14 +0000] "GET /big-brother-23-thursday-recap-for-7-15-21 HTTP/1.1" 500 3469 "-" "Mozilla/5.0 (compatible; Googlebot/2.1; +http://www.google.com/bot.html)"
152.228.220.143 - - [25/Mar/2023:01:41:39 +0000] "GET /category/big-brother-15/feed/ HTTP/1.0" 500 3429 "-" "Mozilla/5.0 (X11; Linux i686) AppleWebKit/537.36 (KHTML, like Gecko) Chrome/30.0.1599.66 Safari/537.36"
152.228.220.143 - - [25/Mar/2023:01:42:34 +0000] "GET /big-brother-21-friday-night-feeds-and-nominations/feed/ HTTP/1.0" 500 3429 "-" "Mozilla/5.0 (X11; Linux i686) AppleWebKit/537.36 (KHTML, like Gecko) Chrome/30.0.1599.66 Safari/537.36"
216.244.66.250 - - [25/Mar/2023:01:43:23 +0000] "GET /search/%28%EC%B0%BD%EB%85%95%EC%BD%9C%EA%B1%B8%29%E2%96%92%EC%98%88%EC%95%BD%EA%B8%88%EC%97%86%EB%8A%94%EC%B6%9C%EC%9E%A5%EC%83%B5%E2%86%BE%ED%98%B8%ED%85%94+%EA%B1%B8%E2%9C%A5%EF%B9%9B%EC%B9%B4%ED%86%A1%3A+wyk92%EF%B9%9C%E2%98%A2%E2%80%B9%D0%BCss798.%D1%81%D0%BE%D0%BC%E2%80%BA%EC%B0%BD%EB%85%952019-03-31-19-10%E2%9C%90%E2%87%9B%5B%5D%EB%8C%80%EC%A0%84+%EB%AA%A8%ED%85%94+%EB%8B%A4%EB%B0%A9%5B%5DsXo%EC%84%B1%EC%9D%B8+%EC%97%90%EC%9D%B4%EB%AF%B8%EC%B0%BD%EB%85%95%EC%B0%BD%EB%25 HTTP/1.1" 500 3469 "-" "Mozilla/5.0 (compatible; DotBot/1.2; +https://opensiteexplorer.org/dotbot; help@moz.com)"
216.244.66.250 - - [25/Mar/2023:01:43:28 +0000] "GET /search/%EA%B2%BD%EC%83%81%EB%82%A8%EB%8F%84%EC%B6%9C%EC%9E%A5%EC%99%B8%EA%B5%AD%EC%9D%B8%E3%80%8E%EC%B9%B4%ED%86%A1-+Mo27%E3%80%8F%7BPo+o34.c%EF%BC%90M%7D%EC%B6%9C%EC%9E%A5%EC%83%B5%EA%B0%95%EC%B6%94%EC%B6%9C%EC%9E%A5%EB%A7%8C%EC%A1%B1%EB%B3%B4%EC%9E%A5Y%E2%95%92%E2%95%8A2019-03-12-13-14%EA%B2%BD%EC%83%81%EB%82%A8%EB%8F%84%E2%99%88AIJ%E2%86%9F%EC%B6%9C%EC%9E%A5%EC%97%85%EA%B3%84%EC%9C%84%EC%B6%9C%EC%9E%A5%EC%83%89%EC%8B%9C%EB%AF%B8%EB%85%80%EC%96%B8%EB%8B%88%EC%97%AD%EC%B6%25 HTTP/1.1" 500 3469 "-" "Mozilla/5.0 (compatible; DotBot/1.2; +https://opensiteexplorer.org/dotbot; help@moz.com)"
216.244.66.250 - - [25/Mar/2023:01:43:36 +0000] "GET /search/%EC%82%BC%EC%B2%99%EC%B6%9C%EC%9E%A5%EC%83%B5%ED%9B%84%EA%B8%B0%EF%BB%BF%5B%EC%B9%B4%ED%86%A1%3A+Po+3+4%5D%7BPoo3+4.c%EF%BC%90M%7D%EC%B6%9C%EC%9E%A5%EC%83%89%EC%8B%9C%EB%AF%B8%EB%85%80%EC%96%B8%EB%8B%88%EC%B6%9C%EC%9E%A5%EC%98%A4%ED%94%BCY%E2%9E%B7%E2%97%992019-02-24-22-46%EC%82%BC%EC%B2%99%E2%94%93AIJ%E2%99%A3%EC%B6%9C%EC%9E%A5%EC%95%88%EB%A7%88%EC%B6%94%EC%B2%9C%EC%99%B8%EA%B5%AD%EC%9D%B8%EC%B6%9C%EC%9E%A5%EB%A7%8C%EB%82%A8%EC%BD%9C%EA%B1%B8%ED%9B%84%EA%B8%B0%E2%9E HTTP/1.1" 500 3469 "-" "Mozilla/5.0 (compatible; DotBot/1.2; +https://opensiteexplorer.org/dotbot; help@moz.com)"
212.102.39.66 - - [25/Mar/2023:01:43:51 +0000] "GET /big-brother-24-mels-recap-8-22-22/ HTTP/1.1" 500 3469 "-" "Mozilla/5.0 (Windows NT 10.0; Win64; x64) AppleWebKit/537.36 (KHTML, like Gecko) Chrome/103.0.0.0 YaBrowser/22.7.0 Yowser/2.5 Safari/537.36"
216.244.66.250 - - [25/Mar/2023:01:43:53 +0000] "GET /search/%EC%84%B1%EB%82%A8%EC%BD%9C%EA%B1%B8%EC%B6%94%EC%B2%9C%28%EC%B9%B4%ED%86%A1-+Po+34%29%E3%80%90Po+o34.c%EF%BC%90M%E3%80%91%EC%B6%9C%EC%9E%A5%EB%AA%B8%EB%A7%A4%EC%B5%9C%EA%B3%A0%EC%B6%9C%EC%9E%A5%EC%B5%9C%EA%B0%95%EB%AF%B8%EB%85%80Y%E2%94%93%E2%99%802019-04-08-20-20%EC%84%B1%EB%82%A8%E2%97%98AIJ%E2%99%AA%EC%B6%9C%EC%9E%A5%EC%98%A4%EC%93%B0%ED%94%BC%EA%B1%B8%EC%B6%9C%EC%9E%A5%EC%95%84%EA%B0%80%EC%94%A8%EC%B6%9C%EC%9E%A5%EC%83%B5%EC%BD%9C%EA%B1%B8%E2%99%A6%EC%B6%9C%EC%9E HTTP/1.1" 500 3469 "-" "Mozilla/5.0 (compatible; DotBot/1.2; +https://opensiteexplorer.org/dotbot; help@moz.com)"
