51.91.253.126 - - [24/Mar/2023:02:01:39 +0000] "GET /profile/LynnDavidson HTTP/1.1" 301 337 "-" "Mozilla/5.0 (compatible; MJ12bot/v1.4.8; http://mj12bot.com/)"
51.91.253.126 - - [24/Mar/2023:02:01:40 +0000] "GET /profile/LynnDavidson/ HTTP/1.1" 200 12272 "-" "Mozilla/5.0 (compatible; MJ12bot/v1.4.8; http://mj12bot.com/)"
51.91.253.126 - - [24/Mar/2023:02:01:43 +0000] "GET /bbott-friday-afternoon-fun-noms-and-more/shane-worried/feed/ HTTP/1.0" 301 395 "-" "Mozilla/5.0 (compatible; MJ12bot/v1.4.8; http://mj12bot.com/)"
51.91.253.126 - - [24/Mar/2023:02:01:45 +0000] "GET /bbott-friday-afternoon-fun-noms-and-more/shane-worried/feed/ HTTP/1.0" 200 1800 "-" "Mozilla/5.0 (compatible; MJ12bot/v1.4.8; http://mj12bot.com/)"
51.91.253.126 - - [24/Mar/2023:02:01:47 +0000] "GET /big-brother-16-fans-stir-bb-house/feed/ HTTP/1.0" 301 374 "-" "Mozilla/5.0 (compatible; MJ12bot/v1.4.8; http://mj12bot.com/)"
51.91.253.126 - - [24/Mar/2023:02:01:49 +0000] "GET /big-brother-16-fans-stir-bb-house/feed/ HTTP/1.0" 200 12697 "-" "Mozilla/5.0 (compatible; MJ12bot/v1.4.8; http://mj12bot.com/)"
51.91.253.126 - - [24/Mar/2023:02:01:51 +0000] "GET /big-brother-16-hoh-competition-thread/frankie-happy/ HTTP/1.1" 301 368 "-" "Mozilla/5.0 (compatible; MJ12bot/v1.4.8; http://mj12bot.com/)"
137.184.144.15 - - [24/Mar/2023:02:01:54 +0000] "POST /wp-cron.php?doing_wp_cron=1679623314.1826019287109375000000 HTTP/1.0" 200 345 "https://bigbrotherjunkies.com/wp-cron.php?doing_wp_cron=1679623314.1826019287109375000000" "WordPress/6.1.1; https://bigbrotherjunkies.com"
51.91.253.126 - - [24/Mar/2023:02:01:53 +0000] "GET /big-brother-16-hoh-competition-thread/frankie-happy/ HTTP/1.1" 200 11769 "-" "Mozilla/5.0 (compatible; MJ12bot/v1.4.8; http://mj12bot.com/)"
51.91.253.126 - - [24/Mar/2023:02:01:56 +0000] "GET /big-brother-16-nomination-spoilers/nicole-frog/ HTTP/1.1" 301 363 "-" "Mozilla/5.0 (compatible; MJ12bot/v1.4.8; http://mj12bot.com/)"
51.91.253.126 - - [24/Mar/2023:02:01:57 +0000] "GET /big-brother-16-nomination-spoilers/nicole-frog/ HTTP/1.1" 200 11710 "-" "Mozilla/5.0 (compatible; MJ12bot/v1.4.8; http://mj12bot.com/)"
121.134.39.24 - - [24/Mar/2023:02:01:58 +0000] "GET /wp-content/uploads/2016/08/Screen-Shot-2016-08-14-at-10.10.09-PM-550x304.png HTTP/1.1" 200 300515 "-" "Mozilla/5.0 (X11; Ubuntu; Linux x86_64; rv:72.0) Gecko/20100101 Firefox/72.0"
51.91.253.126 - - [24/Mar/2023:02:02:00 +0000] "GET /big-brother-16-pov-meeting-results-feed-updates/brittany-sad/ HTTP/1.1" 301 377 "-" "Mozilla/5.0 (compatible; MJ12bot/v1.4.8; http://mj12bot.com/)"
185.174.159.243 - - [24/Mar/2023:02:02:01 +0000] "GET /dashboard HTTP/1.1" 302 409 "https://bigbrotherjunkies.com/dashboard" "Mozilla/5.0 (Windows NT 10.0) AppleWebKit/537.36 (KHTML, like Gecko) Chrome/90.0.4430.85 Safari/537.36"
51.91.253.126 - - [24/Mar/2023:02:02:02 +0000] "GET /big-brother-16-pov-meeting-results-feed-updates/brittany-sad/ HTTP/1.1" 200 11742 "-" "Mozilla/5.0 (compatible; MJ12bot/v1.4.8; http://mj12bot.com/)"
185.174.159.243 - - [24/Mar/2023:02:02:02 +0000] "POST /wp-admin/admin-post.php?action=mailpoet_subscription_form HTTP/1.0" 302 534 "https://bigbrotherjunkies.com/wp-login.php" "Mozilla/5.0 (Windows NT 10.0) AppleWebKit/537.36 (KHTML, like Gecko) Chrome/90.0.4430.85 Safari/537.36"
185.174.159.243 - - [24/Mar/2023:02:02:04 +0000] "GET /dashboard HTTP/1.1" 302 409 "https://bigbrotherjunkies.com/dashboard" "Mozilla/5.0 (Windows NT 10.0) AppleWebKit/537.36 (KHTML, like Gecko) Chrome/90.0.4430.85 Safari/537.36"
51.91.253.126 - - [24/Mar/2023:02:02:05 +0000] "GET /big-brother-17-final-countdown/bb17-vanessa/ HTTP/1.1" 301 360 "-" "Mozilla/5.0 (compatible; MJ12bot/v1.4.8; http://mj12bot.com/)"
185.174.159.243 - - [24/Mar/2023:02:02:05 +0000] "GET /dashboard HTTP/1.1" 302 409 "https://bigbrotherjunkies.com/dashboard" "Mozilla/5.0 (Windows NT 10.0) AppleWebKit/537.36 (KHTML, like Gecko) Chrome/90.0.4430.85 Safari/537.36"
51.91.253.126 - - [24/Mar/2023:02:02:07 +0000] "GET /big-brother-17-final-countdown/bb17-vanessa/ HTTP/1.1" 200 11677 "-" "Mozilla/5.0 (compatible; MJ12bot/v1.4.8; http://mj12bot.com/)"
51.91.253.126 - - [24/Mar/2023:02:02:09 +0000] "GET /big-brother-17-live-blogging-jace-chance/ HTTP/1.1" 301 357 "-" "Mozilla/5.0 (compatible; MJ12bot/v1.4.8; http://mj12bot.com/)"
51.91.253.126 - - [24/Mar/2023:02:02:12 +0000] "GET /big-brother-17-live-blogging-jace-chance/ HTTP/1.1" 200 29342 "-" "Mozilla/5.0 (compatible; MJ12bot/v1.4.8; http://mj12bot.com/)"
51.91.253.126 - - [24/Mar/2023:02:02:15 +0000] "GET /big-brother-17-live-blogging-jace-chance/bigbrother17-groupphoto/ HTTP/1.1" 301 381 "-" "Mozilla/5.0 (compatible; MJ12bot/v1.4.8; http://mj12bot.com/)"
137.184.144.15 - - [24/Mar/2023:02:02:17 +0000] "POST /wp-cron.php?doing_wp_cron=1679623337.5203490257263183593750 HTTP/1.0" 200 345 "https://bigbrotherjunkies.com/wp-cron.php?doing_wp_cron=1679623337.5203490257263183593750" "WordPress/6.1.1; https://bigbrotherjunkies.com"
51.91.253.126 - - [24/Mar/2023:02:02:17 +0000] "GET /big-brother-17-live-blogging-jace-chance/bigbrother17-groupphoto/ HTTP/1.1" 200 11780 "-" "Mozilla/5.0 (compatible; MJ12bot/v1.4.8; http://mj12bot.com/)"
51.91.253.126 - - [24/Mar/2023:02:02:19 +0000] "GET /big-brother-17-live-update-thread-days/ HTTP/1.1" 301 355 "-" "Mozilla/5.0 (compatible; MJ12bot/v1.4.8; http://mj12bot.com/)"
136.243.220.213 - - [24/Mar/2023:02:02:20 +0000] "GET /comments/feed/ HTTP/1.0" 200 11344 "-" "Mozilla/5.0 (compatible; DataForSeoBot/1.0; +https://dataforseo.com/dataforseo-bot)"
51.91.253.126 - - [24/Mar/2023:02:02:21 +0000] "GET /big-brother-17-live-update-thread-days/ HTTP/1.1" 200 28481 "-" "Mozilla/5.0 (compatible; MJ12bot/v1.4.8; http://mj12bot.com/)"
51.91.253.126 - - [24/Mar/2023:02:02:24 +0000] "GET /big-brother-17-monday-pawn-meeting-coming/bb17-meg/ HTTP/1.1" 301 367 "-" "Mozilla/5.0 (compatible; MJ12bot/v1.4.8; http://mj12bot.com/)"
51.91.253.126 - - [24/Mar/2023:02:02:26 +0000] "GET /big-brother-17-monday-pawn-meeting-coming/bb17-meg/ HTTP/1.1" 200 11744 "-" "Mozilla/5.0 (compatible; MJ12bot/v1.4.8; http://mj12bot.com/)"
51.91.253.126 - - [24/Mar/2023:02:02:28 +0000] "GET /big-brother-17-post-veto-live-blogging/bb17-w6-shelli-comp3/ HTTP/1.1" 301 376 "-" "Mozilla/5.0 (compatible; MJ12bot/v1.4.8; http://mj12bot.com/)"
44.202.128.198 - - [24/Mar/2023:02:02:56 +0000] "GET /feed/ HTTP/1.0" 301 340 "-" "axios/0.15.3"
137.184.144.15 - - [24/Mar/2023:02:02:57 +0000] "POST /wp-cron.php?doing_wp_cron=1679623376.9193370342254638671875 HTTP/1.0" 200 345 "https://bigbrotherjunkies.com/wp-cron.php?doing_wp_cron=1679623376.9193370342254638671875" "WordPress/6.1.1; https://bigbrotherjunkies.com"
44.202.128.198 - - [24/Mar/2023:02:02:56 +0000] "GET /feed/ HTTP/1.0" 200 10211 "-" "axios/0.15.3"
52.71.22.127 - - [24/Mar/2023:02:02:59 +0000] "GET /jennifers-big-brother-after-thoughts/ HTTP/1.1" 200 27730 "-" "Go-http-client/1.1"
52.71.22.127 - - [24/Mar/2023:02:02:59 +0000] "GET /the-amazing-race-mega-thread/ HTTP/1.1" 200 25375 "-" "Go-http-client/1.1"
52.71.22.127 - - [24/Mar/2023:02:02:59 +0000] "GET /big-brother-24-mels-finale-thoughts/ HTTP/1.1" 200 32434 "-" "Go-http-client/1.1"
52.71.22.127 - - [24/Mar/2023:02:02:59 +0000] "GET /steves-season-recap-part-2/ HTTP/1.1" 200 29479 "-" "Go-http-client/1.1"
52.71.22.127 - - [24/Mar/2023:02:02:59 +0000] "GET /big-brother-24-live-finale-thread/ HTTP/1.1" 200 27494 "-" "Go-http-client/1.1"
52.71.22.127 - - [24/Mar/2023:02:02:59 +0000] "GET /big-brother-24-turners-game-summary/ HTTP/1.1" 200 37968 "-" "Go-http-client/1.1"
52.71.22.127 - - [24/Mar/2023:02:02:59 +0000] "GET /big-brother-24-montes-game-summary/ HTTP/1.1" 200 39637 "-" "Go-http-client/1.1"
52.71.22.127 - - [24/Mar/2023:02:02:59 +0000] "GET /steves-season-recap-part-3/ HTTP/1.1" 200 28278 "-" "Go-http-client/1.1"
216.244.66.250 - - [24/Mar/2023:02:03:18 +0000] "GET /2017/08/15/ HTTP/1.1" 200 10624 "-" "Mozilla/5.0 (compatible; DotBot/1.2; +https://opensiteexplorer.org/dotbot; help@moz.com)"
137.184.144.15 - - [24/Mar/2023:02:04:34 +0000] "POST /wp-cron.php?doing_wp_cron=1679623474.0333089828491210937500 HTTP/1.0" 200 345 "https://bigbrotherjunkies.com/wp-cron.php?doing_wp_cron=1679623474.0333089828491210937500" "WordPress/6.1.1; https://bigbrotherjunkies.com"
198.90.119.65 - - [24/Mar/2023:02:04:33 +0000] "GET /apple-touch-icon-precomposed.png HTTP/1.1" 404 57429 "-" "Safari/16611.1.21.161.6 CFNetwork/1237 Darwin/20.4.0"
198.90.119.65 - - [24/Mar/2023:02:04:34 +0000] "GET /apple-touch-icon.png HTTP/1.1" 404 57421 "-" "Safari/16611.1.21.161.6 CFNetwork/1237 Darwin/20.4.0"
137.184.144.15 - - [24/Mar/2023:02:04:35 +0000] "POST /wp-cron.php?doing_wp_cron=1679623475.5526399612426757812500 HTTP/1.0" 200 345 "https://bigbrotherjunkies.com/wp-cron.php?doing_wp_cron=1679623475.5526399612426757812500" "WordPress/6.1.1; https://bigbrotherjunkies.com"
198.90.119.65 - - [24/Mar/2023:02:04:35 +0000] "GET /apple-touch-icon-precomposed.png HTTP/1.1" 404 57429 "-" "Safari/16611.1.21.161.6 CFNetwork/1237 Darwin/20.4.0"
198.90.119.65 - - [24/Mar/2023:02:04:35 +0000] "GET /apple-touch-icon.png HTTP/1.1" 404 57425 "-" "Safari/16611.1.21.161.6 CFNetwork/1237 Darwin/20.4.0"
137.184.144.15 - - [24/Mar/2023:02:05:00 +0000] "POST /wp-cron.php?doing_wp_cron=1679623500.4390680789947509765625 HTTP/1.0" 200 345 "https://bigbrotherjunkies.com/wp-cron.php?doing_wp_cron=1679623500.4390680789947509765625" "WordPress/6.1.1; https://bigbrotherjunkies.com"
17.241.219.41 - - [24/Mar/2023:02:05:00 +0000] "GET /big-brother-16-wednesday-live-feed-highlights/caleb-thinking/ HTTP/1.1" 200 11774 "-" "Mozilla/5.0 (Macintosh; Intel Mac OS X 10_15_5) AppleWebKit/605.1.15 (KHTML, like Gecko) Version/13.1.1 Safari/605.1.15 (Applebot/0.1; +http://www.apple.com/go/applebot)"
136.243.220.213 - - [24/Mar/2023:02:05:21 +0000] "GET /comments/feed/ HTTP/1.0" 200 11314 "-" "Mozilla/5.0 (compatible; DataForSeoBot/1.0; +https://dataforseo.com/dataforseo-bot)"
66.249.79.77 - - [24/Mar/2023:02:05:52 +0000] "GET /big-brother-21-sunday-evening-feeds HTTP/1.1" 301 351 "-" "Mozilla/5.0 (compatible; Googlebot/2.1; +http://www.google.com/bot.html)"
137.184.144.15 - - [24/Mar/2023:02:05:54 +0000] "POST /wp-cron.php?doing_wp_cron=1679623554.2197210788726806640625 HTTP/1.0" 200 345 "https://bigbrotherjunkies.com/wp-cron.php?doing_wp_cron=1679623554.2197210788726806640625" "WordPress/6.1.1; https://bigbrotherjunkies.com"
66.249.79.92 - - [24/Mar/2023:02:05:53 +0000] "GET /big-brother-21-sunday-evening-feeds HTTP/1.1" 301 352 "-" "Mozilla/5.0 (compatible; Googlebot/2.1; +http://www.google.com/bot.html)"
136.243.220.213 - - [24/Mar/2023:02:06:18 +0000] "GET /comments/feed/ HTTP/1.0" 200 11314 "-" "Mozilla/5.0 (compatible; DataForSeoBot/1.0; +https://dataforseo.com/dataforseo-bot)"
66.249.79.92 - - [24/Mar/2023:02:06:51 +0000] "GET /friday-august-19th-big-brother-feed-updates/ HTTP/1.1" 200 25870 "-" "Mozilla/5.0 (Linux; Android 6.0.1; Nexus 5X Build/MMB29P) AppleWebKit/537.36 (KHTML, like Gecko) Chrome/111.0.5563.64 Mobile Safari/537.36 (compatible; Googlebot/2.1; +http://www.google.com/bot.html)"
137.184.144.15 - - [24/Mar/2023:02:06:55 +0000] "POST /wp-cron.php?doing_wp_cron=1679623615.8467659950256347656250 HTTP/1.0" 200 345 "https://bigbrotherjunkies.com/wp-cron.php?doing_wp_cron=1679623615.8467659950256347656250" "WordPress/6.1.1; https://bigbrotherjunkies.com"
66.249.79.92 - - [24/Mar/2023:02:06:55 +0000] "POST /wp-admin/admin-ajax.php HTTP/1.0" 200 4924 "https://bigbrotherjunkies.com/friday-august-19th-big-brother-feed-updates/" "Mozilla/5.0 (Linux; Android 6.0.1; Nexus 5X Build/MMB29P) AppleWebKit/537.36 (KHTML, like Gecko) Chrome/111.0.5563.64 Mobile Safari/537.36 (compatible; Googlebot/2.1; +http://www.google.com/bot.html)"
2a02:598:64:8a00::3181:4180 - - [24/Mar/2023:02:06:55 +0000] "GET /big-brother-16-thursday-live-blog/ HTTP/1.1" 200 27802 "-" "Mozilla/5.0 (compatible; SeznamBot/4.0-RC1; +http://napoveda.seznam.cz/seznambot-intro/)"
152.228.220.143 - - [24/Mar/2023:02:07:18 +0000] "GET /big-brother-17-veto-day-live-blogging/feed/ HTTP/1.0" 301 378 "-" "Mozilla/5.0 (X11; Linux i686) AppleWebKit/537.36 (KHTML, like Gecko) Chrome/30.0.1599.66 Safari/537.36"
152.228.220.143 - - [24/Mar/2023:02:07:19 +0000] "GET /big-brother-17-veto-day-live-blogging/feed/ HTTP/1.0" 200 12839 "-" "Mozilla/5.0 (X11; Linux i686) AppleWebKit/537.36 (KHTML, like Gecko) Chrome/30.0.1599.66 Safari/537.36"
157.55.39.239 - - [24/Mar/2023:02:07:35 +0000] "GET /player-directory/ HTTP/1.1" 200 13858 "-" "Mozilla/5.0 AppleWebKit/537.36 (KHTML, like Gecko; compatible; bingbot/2.0; +http://www.bing.com/bingbot.htm) Chrome/103.0.5060.134 Safari/537.36"
119.8.242.212 - - [24/Mar/2023:02:07:44 +0000] "GET /wp-content/uploads/2016/09/nicole-pouting-310x165.jpg HTTP/1.1" 200 10654 "-" "Mozilla/5.0 (X11; Ubuntu; Linux x86_64; rv:72.0) Gecko/20100101 Firefox/72.0"
137.184.144.15 - - [24/Mar/2023:02:07:55 +0000] "POST /wp-cron.php?doing_wp_cron=1679623675.8276300430297851562500 HTTP/1.0" 200 345 "https://bigbrotherjunkies.com/wp-cron.php?doing_wp_cron=1679623675.8276300430297851562500" "WordPress/6.1.1; https://bigbrotherjunkies.com"
51.91.253.126 - - [24/Mar/2023:02:07:55 +0000] "GET /big-brother-17-post-veto-live-blogging/bb17-w6-shelli-comp3/ HTTP/1.1" 200 11771 "-" "Mozilla/5.0 (compatible; MJ12bot/v1.4.8; http://mj12bot.com/)"
51.91.253.126 - - [24/Mar/2023:02:07:57 +0000] "GET /big-brother-17-wednesday-feed-updates/bb17-w4-beckybored/ HTTP/1.1" 301 373 "-" "Mozilla/5.0 (compatible; MJ12bot/v1.4.8; http://mj12bot.com/)"
51.91.253.126 - - [24/Mar/2023:02:07:59 +0000] "GET /big-brother-17-wednesday-feed-updates/bb17-w4-beckybored/ HTTP/1.1" 200 11754 "-" "Mozilla/5.0 (compatible; MJ12bot/v1.4.8; http://mj12bot.com/)"
51.91.253.126 - - [24/Mar/2023:02:08:02 +0000] "GET /big-brother-21-friday-afternoon-feeds-3/fenway-2/feed/ HTTP/1.0" 301 389 "-" "Mozilla/5.0 (compatible; MJ12bot/v1.4.8; http://mj12bot.com/)"
51.91.253.126 - - [24/Mar/2023:02:08:04 +0000] "GET /big-brother-21-friday-afternoon-feeds-3/fenway-2/feed/ HTTP/1.0" 200 1781 "-" "Mozilla/5.0 (compatible; MJ12bot/v1.4.8; http://mj12bot.com/)"
51.91.253.126 - - [24/Mar/2023:02:08:07 +0000] "GET /big-brother-21-friday-afternoon-feeds-3/holly-hoh/feed/ HTTP/1.0" 301 390 "-" "Mozilla/5.0 (compatible; MJ12bot/v1.4.8; http://mj12bot.com/)"
51.91.253.126 - - [24/Mar/2023:02:08:08 +0000] "GET /big-brother-21-friday-afternoon-feeds-3/holly-hoh/feed/ HTTP/1.0" 200 1787 "-" "Mozilla/5.0 (compatible; MJ12bot/v1.4.8; http://mj12bot.com/)"
51.91.253.126 - - [24/Mar/2023:02:08:10 +0000] "GET /big-brother-21-friday-afternoon-feeds-3/jessica-pie/feed/ HTTP/1.0" 301 392 "-" "Mozilla/5.0 (compatible; MJ12bot/v1.4.8; http://mj12bot.com/)"
51.91.253.126 - - [24/Mar/2023:02:08:12 +0000] "GET /big-brother-21-friday-afternoon-feeds-3/jessica-pie/feed/ HTTP/1.0" 200 1793 "-" "Mozilla/5.0 (compatible; MJ12bot/v1.4.8; http://mj12bot.com/)"
51.91.253.126 - - [24/Mar/2023:02:08:16 +0000] "GET /big-brother-21-friday-recap-for-9-20-19/20190921_082500/feed/ HTTP/1.0" 301 396 "-" "Mozilla/5.0 (compatible; MJ12bot/v1.4.8; http://mj12bot.com/)"
51.91.253.126 - - [24/Mar/2023:02:08:18 +0000] "GET /big-brother-21-friday-recap-for-9-20-19/20190921_082500/feed/ HTTP/1.0" 200 1805 "-" "Mozilla/5.0 (compatible; MJ12bot/v1.4.8; http://mj12bot.com/)"
136.243.220.213 - - [24/Mar/2023:02:08:18 +0000] "GET /comments/feed/ HTTP/1.0" 200 11345 "-" "Mozilla/5.0 (compatible; DataForSeoBot/1.0; +https://dataforseo.com/dataforseo-bot)"
51.91.253.126 - - [24/Mar/2023:02:08:20 +0000] "GET /big-brother-21-live-eviction-hoh-competition-thread/jess-fall/feed/ HTTP/1.0" 301 402 "-" "Mozilla/5.0 (compatible; MJ12bot/v1.4.8; http://mj12bot.com/)"
152.228.220.143 - - [24/Mar/2023:02:08:26 +0000] "GET /big-brother-16-devins-break-day/feed/ HTTP/1.0" 301 372 "-" "Mozilla/5.0 (X11; Linux i686) AppleWebKit/537.36 (KHTML, like Gecko) Chrome/30.0.1599.66 Safari/537.36"
152.228.220.143 - - [24/Mar/2023:02:08:26 +0000] "GET /big-brother-16-devins-break-day/feed/ HTTP/1.0" 200 10537 "-" "Mozilla/5.0 (X11; Linux i686) AppleWebKit/537.36 (KHTML, like Gecko) Chrome/30.0.1599.66 Safari/537.36"
137.184.144.15 - - [24/Mar/2023:02:09:38 +0000] "POST /wp-cron.php?doing_wp_cron=1679623778.5745298862457275390625 HTTP/1.0" 200 345 "https://bigbrotherjunkies.com/wp-cron.php?doing_wp_cron=1679623778.5745298862457275390625" "WordPress/6.1.1; https://bigbrotherjunkies.com"
45.80.105.45 - - [24/Mar/2023:02:09:38 +0000] "GET /feed/ HTTP/1.0" 200 10241 "-" "Mozilla/5.0 (Windows NT 6.1; Win64; x64; rv:70.0) Gecko/20100101 Firefox/70.0,gzip(gfe)"
137.184.144.15 - - [24/Mar/2023:02:09:54 +0000] "POST /wp-cron.php?doing_wp_cron=1679623794.7624139785766601562500 HTTP/1.0" 200 345 "https://bigbrotherjunkies.com/wp-cron.php?doing_wp_cron=1679623794.7624139785766601562500" "WordPress/6.1.1; https://bigbrotherjunkies.com"
216.244.66.250 - - [24/Mar/2023:02:09:54 +0000] "GET /search/%E3%80%96%EB%B0%94%EC%B9%B4%EB%9D%BC%EC%82%AC%EC%9D%B4%ED%8A%B8%E3%80%97%E2%94%B1%EC%BA%90%EC%B8%A0%EB%B9%84%EC%B9%B4%EC%A7%80%EB%85%B8%E2%99%95%EB%A6%B4+%EA%B2%8C%EC%9E%84%E2%94%92%EF%BC%88%EF%BC%89%E2%9E%A1%EF%B9%9Bopm65.xyz%EF%B9%9C%EC%8A%AC%EB%A1%AF%EB%A8%B8%EC%8B%A0+%EA%B2%8C%EC%9E%84%C2%BB2019-02-24-08-47%5B%5DNL%5B%5D%EB%AC%B4%EB%A3%8C%EB%B0%94%EB%91%91%EC%9D%B4%EA%B2%8C%EC%9E%84%EC%B9%B4%EC%A7%80%EB%85%B8+%EC%8A%B9%EB%A5%A0%5B%5D%5B%5D%EB%B0%B0%ED%84%B0%EB%A6 HTTP/1.1" 200 10876 "-" "Mozilla/5.0 (compatible; DotBot/1.2; +https://opensiteexplorer.org/dotbot; help@moz.com)"
216.244.66.250 - - [24/Mar/2023:02:09:58 +0000] "GET /search/%ED%8F%AC%EC%B2%9C%EC%B6%9C%EC%9E%A5%EC%99%B8%EA%B5%AD%EC%9D%B8%E3%80%96%EC%B9%B4%ED%86%A1-+Po+3+4%E3%80%97%28Poo3+4.c%EF%BC%90M%29%EC%BD%9C%EA%B1%B8%ED%9B%84%EA%B8%B0%ED%9D%A5%EC%B6%9C%EC%9E%A5%EC%95%88%EB%A7%88Y%E2%97%A6%E2%94%8E2019-03-06-13-05%ED%8F%AC%EC%B2%9C%E2%9E%B3AIJ%E2%98%87%EC%B6%9C%EC%9E%A5%EC%83%B5%EA%B0%95%EC%B6%94%EC%B6%9C%EC%9E%A5%EC%97%B0%EC%95%A0%EC%9D%B8%EA%B8%89%EC%BD%9C%EA%B1%B8%EC%83%B5%E2%9D%A4%EC%B6%9C%EC%9E%A5%EC%B5%9C%EA%B0%95%EB%AF%B8%EB%252 HTTP/1.1" 200 10861 "-" "Mozilla/5.0 (compatible; DotBot/1.2; +https://opensiteexplorer.org/dotbot; help@moz.com)"
216.244.66.250 - - [24/Mar/2023:02:10:03 +0000] "GET /search/%EF%B9%9B%EC%B9%B4%EC%A7%80%EB%85%B8%EC%82%AC%EC%9D%B4%ED%8A%B8%EF%B9%9C%E2%87%8C%ED%98%B8%ED%85%94%EC%B9%B4%EC%A7%80%EB%85%B8%E2%99%9F%EB%A3%B0%EB%A0%9B%EC%9D%B4%EB%B2%A4%ED%8A%B8%E2%96%A6%E3%80%96%E3%80%97U%E2%80%B9akaxx.com%E2%80%BAJ0Q%5B%5D%E2%96%BA2019-02-22-21-33%E3%83%A1THU%E2%98%8E%E2%99%AA%E2%96%A9ku%E2%96%AC%ED%85%8D%EC%82%AC%EC%8A%A4+%ED%8F%AC%EC%BB%A4%EB%A7%88%EC%B9%B4%EC%98%A4+%EC%8B%9C%ED%8B%B0%EC%98%A4%EB%B8%8C%EB%93%9C%EB%A6%BC%5B%5D%E2%86%94d1%EB%A7%25 HTTP/1.1" 200 10879 "-" "Mozilla/5.0 (compatible; DotBot/1.2; +https://opensiteexplorer.org/dotbot; help@moz.com)"
207.46.13.217 - - [24/Mar/2023:02:10:13 +0000] "GET /big-brother-18-overnight-recap-720/ HTTP/1.1" 301 351 "-" "Mozilla/5.0 AppleWebKit/537.36 (KHTML, like Gecko; compatible; bingbot/2.0; +http://www.bing.com/bingbot.htm) Chrome/103.0.5060.134 Safari/537.36"
216.244.66.250 - - [24/Mar/2023:02:10:29 +0000] "GET /big-brother-14-boogie-confident/feed/ HTTP/1.0" 301 372 "-" "Mozilla/5.0 (compatible; DotBot/1.2; +https://opensiteexplorer.org/dotbot; help@moz.com)"
216.244.66.250 - - [24/Mar/2023:02:10:31 +0000] "GET /big-brother-15-endurance-competition-thread-2/feed/ HTTP/1.0" 301 386 "-" "Mozilla/5.0 (compatible; DotBot/1.2; +https://opensiteexplorer.org/dotbot; help@moz.com)"
152.228.220.143 - - [24/Mar/2023:02:10:35 +0000] "GET /big-brother-19-post-eviction-feed-updates/feed/ HTTP/1.0" 301 382 "-" "Mozilla/5.0 (X11; Linux i686) AppleWebKit/537.36 (KHTML, like Gecko) Chrome/30.0.1599.66 Safari/537.36"
152.228.220.143 - - [24/Mar/2023:02:10:36 +0000] "GET /big-brother-19-post-eviction-feed-updates/feed/ HTTP/1.0" 200 11397 "-" "Mozilla/5.0 (X11; Linux i686) AppleWebKit/537.36 (KHTML, like Gecko) Chrome/30.0.1599.66 Safari/537.36"
152.228.220.143 - - [24/Mar/2023:02:12:10 +0000] "GET /big-brother-16-veto-results-feed-spoilers/feed/ HTTP/1.0" 301 382 "-" "Mozilla/5.0 (X11; Linux i686) AppleWebKit/537.36 (KHTML, like Gecko) Chrome/30.0.1599.66 Safari/537.36"
137.184.144.15 - - [24/Mar/2023:02:12:11 +0000] "POST /wp-cron.php?doing_wp_cron=1679623931.8683249950408935546875 HTTP/1.0" 200 345 "https://bigbrotherjunkies.com/wp-cron.php?doing_wp_cron=1679623931.8683249950408935546875" "WordPress/6.1.1; https://bigbrotherjunkies.com"
152.228.220.143 - - [24/Mar/2023:02:12:11 +0000] "GET /big-brother-16-veto-results-feed-spoilers/feed/ HTTP/1.0" 200 14714 "-" "Mozilla/5.0 (X11; Linux i686) AppleWebKit/537.36 (KHTML, like Gecko) Chrome/30.0.1599.66 Safari/537.36"
51.91.253.126 - - [24/Mar/2023:02:12:37 +0000] "GET /big-brother-21-live-eviction-hoh-competition-thread/jess-fall/feed/ HTTP/1.0" 301 402 "-" "Mozilla/5.0 (compatible; MJ12bot/v1.4.8; http://mj12bot.com/)"
51.91.253.126 - - [24/Mar/2023:02:12:39 +0000] "GET /big-brother-21-live-eviction-hoh-competition-thread/jess-fall/feed/ HTTP/1.0" 200 1780 "-" "Mozilla/5.0 (compatible; MJ12bot/v1.4.8; http://mj12bot.com/)"
51.91.253.126 - - [24/Mar/2023:02:12:41 +0000] "GET /big-brother-21-monday-recap-for-9-16-19/20190917_070339/feed/ HTTP/1.0" 301 396 "-" "Mozilla/5.0 (compatible; MJ12bot/v1.4.8; http://mj12bot.com/)"
51.91.253.126 - - [24/Mar/2023:02:12:43 +0000] "GET /big-brother-21-monday-recap-for-9-16-19/20190917_070339/feed/ HTTP/1.0" 200 1805 "-" "Mozilla/5.0 (compatible; MJ12bot/v1.4.8; http://mj12bot.com/)"
51.91.253.126 - - [24/Mar/2023:02:12:45 +0000] "GET /big-brother-21-saturday-recap-for-8-24-19/20190825_101718/feed/ HTTP/1.0" 301 398 "-" "Mozilla/5.0 (compatible; MJ12bot/v1.4.8; http://mj12bot.com/)"
51.91.253.126 - - [24/Mar/2023:02:12:47 +0000] "GET /big-brother-21-saturday-recap-for-8-24-19/20190825_101718/feed/ HTTP/1.0" 200 1809 "-" "Mozilla/5.0 (compatible; MJ12bot/v1.4.8; http://mj12bot.com/)"
51.91.253.126 - - [24/Mar/2023:02:12:49 +0000] "GET /big-brother-21-saturday-recap-for-9-7-19/20190908_084633/feed/ HTTP/1.0" 301 397 "-" "Mozilla/5.0 (compatible; MJ12bot/v1.4.8; http://mj12bot.com/)"
51.91.253.126 - - [24/Mar/2023:02:12:51 +0000] "GET /big-brother-21-saturday-recap-for-9-7-19/20190908_084633/feed/ HTTP/1.0" 200 1807 "-" "Mozilla/5.0 (compatible; MJ12bot/v1.4.8; http://mj12bot.com/)"
51.91.253.126 - - [24/Mar/2023:02:12:53 +0000] "GET /big-brother-21-sunday-recap-for-8-25-19/20190826_074905/feed/ HTTP/1.0" 301 396 "-" "Mozilla/5.0 (compatible; MJ12bot/v1.4.8; http://mj12bot.com/)"
137.184.144.15 - - [24/Mar/2023:02:12:55 +0000] "POST /wp-cron.php?doing_wp_cron=1679623975.6659739017486572265625 HTTP/1.0" 200 345 "https://bigbrotherjunkies.com/wp-cron.php?doing_wp_cron=1679623975.6659739017486572265625" "WordPress/6.1.1; https://bigbrotherjunkies.com"
51.91.253.126 - - [24/Mar/2023:02:12:55 +0000] "GET /big-brother-21-sunday-recap-for-8-25-19/20190826_074905/feed/ HTTP/1.0" 200 1838 "-" "Mozilla/5.0 (compatible; MJ12bot/v1.4.8; http://mj12bot.com/)"
51.91.253.126 - - [24/Mar/2023:02:12:57 +0000] "GET /big-brother-21-sunday-recap-for-8-25-19/20190826_074933/feed/ HTTP/1.0" 301 396 "-" "Mozilla/5.0 (compatible; MJ12bot/v1.4.8; http://mj12bot.com/)"
51.91.253.126 - - [24/Mar/2023:02:12:59 +0000] "GET /big-brother-21-sunday-recap-for-8-25-19/20190826_074933/feed/ HTTP/1.0" 200 1773 "-" "Mozilla/5.0 (compatible; MJ12bot/v1.4.8; http://mj12bot.com/)"
51.91.253.126 - - [24/Mar/2023:02:13:01 +0000] "GET /big-brother-21-sunday-recap-for-9-15-19p/20190916_065629/feed/ HTTP/1.0" 301 397 "-" "Mozilla/5.0 (compatible; MJ12bot/v1.4.8; http://mj12bot.com/)"
51.91.253.126 - - [24/Mar/2023:02:13:03 +0000] "GET /big-brother-21-sunday-recap-for-9-15-19p/20190916_065629/feed/ HTTP/1.0" 200 1807 "-" "Mozilla/5.0 (compatible; MJ12bot/v1.4.8; http://mj12bot.com/)"
51.91.253.126 - - [24/Mar/2023:02:13:05 +0000] "GET /big-brother-21-sunday-recap-for-9-15-19p/20190916_065822/feed/ HTTP/1.0" 301 397 "-" "Mozilla/5.0 (compatible; MJ12bot/v1.4.8; http://mj12bot.com/)"
51.91.253.126 - - [24/Mar/2023:02:13:07 +0000] "GET /big-brother-21-sunday-recap-for-9-15-19p/20190916_065822/feed/ HTTP/1.0" 200 1807 "-" "Mozilla/5.0 (compatible; MJ12bot/v1.4.8; http://mj12bot.com/)"
51.91.253.126 - - [24/Mar/2023:02:13:09 +0000] "GET /big-brother-21-sunday-recap-for-9-15-19p/20190916_081653/feed/ HTTP/1.0" 301 397 "-" "Mozilla/5.0 (compatible; MJ12bot/v1.4.8; http://mj12bot.com/)"
51.91.253.126 - - [24/Mar/2023:02:13:11 +0000] "GET /big-brother-21-sunday-recap-for-9-15-19p/20190916_081653/feed/ HTTP/1.0" 200 1807 "-" "Mozilla/5.0 (compatible; MJ12bot/v1.4.8; http://mj12bot.com/)"
51.91.253.126 - - [24/Mar/2023:02:13:13 +0000] "GET /big-brother-21-sunday-recap-for-9-8-19/20190909_064929/feed/ HTTP/1.0" 301 395 "-" "Mozilla/5.0 (compatible; MJ12bot/v1.4.8; http://mj12bot.com/)"
51.91.253.126 - - [24/Mar/2023:02:13:15 +0000] "GET /big-brother-21-sunday-recap-for-9-8-19/20190909_064929/feed/ HTTP/1.0" 200 1803 "-" "Mozilla/5.0 (compatible; MJ12bot/v1.4.8; http://mj12bot.com/)"
51.91.253.126 - - [24/Mar/2023:02:13:17 +0000] "GET /big-brother-21-thursday-recap-for-8-29-19/20190830_084601/feed/ HTTP/1.0" 301 398 "-" "Mozilla/5.0 (compatible; MJ12bot/v1.4.8; http://mj12bot.com/)"
51.91.253.126 - - [24/Mar/2023:02:13:19 +0000] "GET /big-brother-21-thursday-recap-for-8-29-19/20190830_084601/feed/ HTTP/1.0" 200 1809 "-" "Mozilla/5.0 (compatible; MJ12bot/v1.4.8; http://mj12bot.com/)"
51.91.253.126 - - [24/Mar/2023:02:13:21 +0000] "GET /big-brother-21-thursday-recap-for-8-29-19/20190830_085040/feed/ HTTP/1.0" 301 398 "-" "Mozilla/5.0 (compatible; MJ12bot/v1.4.8; http://mj12bot.com/)"
51.91.253.126 - - [24/Mar/2023:02:13:23 +0000] "GET /big-brother-21-thursday-recap-for-8-29-19/20190830_085040/feed/ HTTP/1.0" 200 1809 "-" "Mozilla/5.0 (compatible; MJ12bot/v1.4.8; http://mj12bot.com/)"
51.91.253.126 - - [24/Mar/2023:02:13:25 +0000] "GET /big-brother-21-thursday-recap-for-9-19-19/20190920_065145/feed/ HTTP/1.0" 301 398 "-" "Mozilla/5.0 (compatible; MJ12bot/v1.4.8; http://mj12bot.com/)"
51.91.253.126 - - [24/Mar/2023:02:13:27 +0000] "GET /big-brother-21-thursday-recap-for-9-19-19/20190920_065145/feed/ HTTP/1.0" 200 1809 "-" "Mozilla/5.0 (compatible; MJ12bot/v1.4.8; http://mj12bot.com/)"
51.91.253.126 - - [24/Mar/2023:02:13:30 +0000] "GET /big-brother-21-thursday-recap-for-9-19-19/20190920_065558/feed/ HTTP/1.0" 301 398 "-" "Mozilla/5.0 (compatible; MJ12bot/v1.4.8; http://mj12bot.com/)"
51.91.253.126 - - [24/Mar/2023:02:13:31 +0000] "GET /big-brother-21-thursday-recap-for-9-19-19/20190920_065558/feed/ HTTP/1.0" 200 1809 "-" "Mozilla/5.0 (compatible; MJ12bot/v1.4.8; http://mj12bot.com/)"
51.91.253.126 - - [24/Mar/2023:02:13:33 +0000] "GET /big-brother-21-tuesday-ramblings/cliff-oragami/ HTTP/1.1" 301 363 "-" "Mozilla/5.0 (compatible; MJ12bot/v1.4.8; http://mj12bot.com/)"
51.91.253.126 - - [24/Mar/2023:02:13:35 +0000] "GET /big-brother-21-tuesday-ramblings/cliff-oragami/ HTTP/1.1" 200 11784 "-" "Mozilla/5.0 (compatible; MJ12bot/v1.4.8; http://mj12bot.com/)"
51.91.253.126 - - [24/Mar/2023:02:13:37 +0000] "GET /big-brother-21-tuesday-recap-for-9-10-19/20190910_213001/feed/ HTTP/1.0" 301 397 "-" "Mozilla/5.0 (compatible; MJ12bot/v1.4.8; http://mj12bot.com/)"
137.184.144.15 - - [24/Mar/2023:02:13:40 +0000] "POST /wp-cron.php?doing_wp_cron=1679624020.0846030712127685546875 HTTP/1.0" 200 345 "https://bigbrotherjunkies.com/wp-cron.php?doing_wp_cron=1679624020.0846030712127685546875" "WordPress/6.1.1; https://bigbrotherjunkies.com"
51.91.253.126 - - [24/Mar/2023:02:13:39 +0000] "GET /big-brother-21-tuesday-recap-for-9-10-19/20190910_213001/feed/ HTTP/1.0" 200 1810 "-" "Mozilla/5.0 (compatible; MJ12bot/v1.4.8; http://mj12bot.com/)"
51.91.253.126 - - [24/Mar/2023:02:13:42 +0000] "GET /big-brother-21-tuesday-recap-for-9-10-19/20190910_213016/feed/ HTTP/1.0" 301 397 "-" "Mozilla/5.0 (compatible; MJ12bot/v1.4.8; http://mj12bot.com/)"
51.91.253.126 - - [24/Mar/2023:02:13:44 +0000] "GET /big-brother-21-tuesday-recap-for-9-10-19/20190910_213016/feed/ HTTP/1.0" 200 1806 "-" "Mozilla/5.0 (compatible; MJ12bot/v1.4.8; http://mj12bot.com/)"
51.91.253.126 - - [24/Mar/2023:02:13:46 +0000] "GET /big-brother-21-tuesday-recap-for-9-17-19/20190918_074117/feed/ HTTP/1.0" 301 397 "-" "Mozilla/5.0 (compatible; MJ12bot/v1.4.8; http://mj12bot.com/)"
51.91.253.126 - - [24/Mar/2023:02:13:48 +0000] "GET /big-brother-21-tuesday-recap-for-9-17-19/20190918_074117/feed/ HTTP/1.0" 200 1807 "-" "Mozilla/5.0 (compatible; MJ12bot/v1.4.8; http://mj12bot.com/)"
51.91.253.126 - - [24/Mar/2023:02:13:51 +0000] "GET /big-brother-21-wednesday-recap-for-8-28-19/20190829_073015/feed/ HTTP/1.0" 301 399 "-" "Mozilla/5.0 (compatible; MJ12bot/v1.4.8; http://mj12bot.com/)"
137.184.144.15 - - [24/Mar/2023:02:13:53 +0000] "POST /wp-cron.php?doing_wp_cron=1679624033.8186941146850585937500 HTTP/1.0" 200 345 "https://bigbrotherjunkies.com/wp-cron.php?doing_wp_cron=1679624033.8186941146850585937500" "WordPress/6.1.1; https://bigbrotherjunkies.com"
51.91.253.126 - - [24/Mar/2023:02:13:53 +0000] "GET /big-brother-21-wednesday-recap-for-8-28-19/20190829_073015/feed/ HTTP/1.0" 200 1844 "-" "Mozilla/5.0 (compatible; MJ12bot/v1.4.8; http://mj12bot.com/)"
51.91.253.126 - - [24/Mar/2023:02:13:55 +0000] "GET /big-brother-21-wednesday-recap-for-9-11-19/20190912_085725/feed/ HTTP/1.0" 301 399 "-" "Mozilla/5.0 (compatible; MJ12bot/v1.4.8; http://mj12bot.com/)"
51.91.253.126 - - [24/Mar/2023:02:13:58 +0000] "GET /big-brother-21-wednesday-recap-for-9-11-19/20190912_085725/feed/ HTTP/1.0" 200 1780 "-" "Mozilla/5.0 (compatible; MJ12bot/v1.4.8; http://mj12bot.com/)"
51.91.253.126 - - [24/Mar/2023:02:14:00 +0000] "GET /big-brother-21-wednesday-recap-for-9-18-19/20190919_094439/feed/ HTTP/1.0" 301 399 "-" "Mozilla/5.0 (compatible; MJ12bot/v1.4.8; http://mj12bot.com/)"
51.91.253.126 - - [24/Mar/2023:02:14:02 +0000] "GET /big-brother-21-wednesday-recap-for-9-18-19/20190919_094439/feed/ HTTP/1.0" 200 1811 "-" "Mozilla/5.0 (compatible; MJ12bot/v1.4.8; http://mj12bot.com/)"
51.91.253.126 - - [24/Mar/2023:02:14:05 +0000] "GET /big-brother-21-wednesday-recap-for-9-18-19/20190919_103041/feed/ HTTP/1.0" 301 399 "-" "Mozilla/5.0 (compatible; MJ12bot/v1.4.8; http://mj12bot.com/)"
51.91.253.126 - - [24/Mar/2023:02:14:07 +0000] "GET /big-brother-21-wednesday-recap-for-9-18-19/20190919_103041/feed/ HTTP/1.0" 200 1811 "-" "Mozilla/5.0 (compatible; MJ12bot/v1.4.8; http://mj12bot.com/)"
51.91.253.126 - - [24/Mar/2023:02:14:09 +0000] "GET /big-brother-21-wednesday-recap-for-9-18-19/20190919_103240/feed/ HTTP/1.0" 301 399 "-" "Mozilla/5.0 (compatible; MJ12bot/v1.4.8; http://mj12bot.com/)"
66.249.79.65 - - [24/Mar/2023:02:14:09 +0000] "GET /big-brother-15-judd-stud/ HTTP/1.1" 200 27514 "-" "Mozilla/5.0 (compatible; Googlebot/2.1; +http://www.google.com/bot.html)"
51.91.253.126 - - [24/Mar/2023:02:14:12 +0000] "GET /big-brother-21-wednesday-recap-for-9-18-19/20190919_103240/feed/ HTTP/1.0" 200 1810 "-" "Mozilla/5.0 (compatible; MJ12bot/v1.4.8; http://mj12bot.com/)"
51.91.253.126 - - [24/Mar/2023:02:14:14 +0000] "GET /big-brother-22-monday-recap-for-8-17-20/20200818_072514/feed/ HTTP/1.0" 301 396 "-" "Mozilla/5.0 (compatible; MJ12bot/v1.4.8; http://mj12bot.com/)"
51.91.253.126 - - [24/Mar/2023:02:14:16 +0000] "GET /big-brother-22-monday-recap-for-8-17-20/20200818_072514/feed/ HTTP/1.0" 200 1805 "-" "Mozilla/5.0 (compatible; MJ12bot/v1.4.8; http://mj12bot.com/)"
51.91.253.126 - - [24/Mar/2023:02:14:19 +0000] "GET /big-brother-22-saturday-recap-for-8-8-20/20200809_111252/feed/ HTTP/1.0" 301 397 "-" "Mozilla/5.0 (compatible; MJ12bot/v1.4.8; http://mj12bot.com/)"
51.91.253.126 - - [24/Mar/2023:02:14:21 +0000] "GET /big-brother-22-saturday-recap-for-8-8-20/20200809_111252/feed/ HTTP/1.0" 200 1807 "-" "Mozilla/5.0 (compatible; MJ12bot/v1.4.8; http://mj12bot.com/)"
66.249.79.92 - - [24/Mar/2023:02:14:42 +0000] "POST /wp-admin/admin-ajax.php HTTP/1.0" 200 5579 "https://bigbrotherjunkies.com/big-brother-15-judd-stud/" "Mozilla/5.0 AppleWebKit/537.36 (KHTML, like Gecko; compatible; Googlebot/2.1; +http://www.google.com/bot.html) Chrome/111.0.5563.64 Safari/537.36"
137.184.144.15 - - [24/Mar/2023:02:15:49 +0000] "POST /wp-cron.php?doing_wp_cron=1679624149.2119181156158447265625 HTTP/1.0" 200 345 "https://bigbrotherjunkies.com/wp-cron.php?doing_wp_cron=1679624149.2119181156158447265625" "WordPress/6.1.1; https://bigbrotherjunkies.com"
66.249.79.92 - - [24/Mar/2023:02:15:43 +0000] "GET /big-brother-20-finale-recap/ HTTP/1.1" 200 32983 "-" "Mozilla/5.0 (Linux; Android 6.0.1; Nexus 5X Build/MMB29P) AppleWebKit/537.36 (KHTML, like Gecko) Chrome/111.0.5563.64 Mobile Safari/537.36 (compatible; Googlebot/2.1; +http://www.google.com/bot.html)"
54.87.71.27 - - [24/Mar/2023:02:15:49 +0000] "GET /feed/ HTTP/1.0" 301 340 "-" "Mozilla/5.0 (Macintosh; Intel Mac OS X 10_15_7) AppleWebKit/537.36 (KHTML, like Gecko) Chrome/98.0.4758.109 Safari/537.36"
3.141.148.105 - - [24/Mar/2023:02:15:50 +0000] "GET /feed/ HTTP/1.0" 200 10208 "-" "Mozilla/5.0 (Macintosh; Intel Mac OS X 10_15_7) AppleWebKit/537.36 (KHTML, like Gecko) Chrome/98.0.4758.109 Safari/537.36"
137.184.144.15 - - [24/Mar/2023:02:15:44 +0000] "POST /?mailpoet_router&endpoint=cron_daemon&action=run&data=eyJ0b2tlbiI6IjF2d2twIn0 HTTP/1.0" 200 338 "https://bigbrotherjunkies.com/?mailpoet_router&endpoint=cron_daemon&action=run&data=eyJ0b2tlbiI6IjF2d2twIn0" "MailPoet Cron"
152.228.220.143 - - [24/Mar/2023:02:16:15 +0000] "GET /big-brother-14-veto-competition-results/feed/ HTTP/1.0" 301 380 "-" "Mozilla/5.0 (X11; Linux i686) AppleWebKit/537.36 (KHTML, like Gecko) Chrome/30.0.1599.66 Safari/537.36"
137.184.144.15 - - [24/Mar/2023:02:16:16 +0000] "POST /wp-cron.php?doing_wp_cron=1679624176.0073258876800537109375 HTTP/1.0" 200 345 "https://bigbrotherjunkies.com/wp-cron.php?doing_wp_cron=1679624176.0073258876800537109375" "WordPress/6.1.1; https://bigbrotherjunkies.com"
152.228.220.143 - - [24/Mar/2023:02:16:15 +0000] "GET /big-brother-14-veto-competition-results/feed/ HTTP/1.0" 200 11650 "-" "Mozilla/5.0 (X11; Linux i686) AppleWebKit/537.36 (KHTML, like Gecko) Chrome/30.0.1599.66 Safari/537.36"
137.184.144.15 - - [24/Mar/2023:02:17:31 +0000] "POST /wp-cron.php?doing_wp_cron=1679624251.6902070045471191406250 HTTP/1.0" 200 345 "https://bigbrotherjunkies.com/wp-cron.php?doing_wp_cron=1679624251.6902070045471191406250" "WordPress/6.1.1; https://bigbrotherjunkies.com"
136.243.220.213 - - [24/Mar/2023:02:17:31 +0000] "GET /comments/feed/ HTTP/1.0" 200 11348 "-" "Mozilla/5.0 (compatible; DataForSeoBot/1.0; +https://dataforseo.com/dataforseo-bot)"
51.222.253.12 - - [24/Mar/2023:02:17:48 +0000] "GET /big-brother-22-lets-talk-all-stars/ HTTP/1.1" 200 28958 "-" "Mozilla/5.0 (compatible; AhrefsBot/7.0; +http://ahrefs.com/robot/)"
2a01:4f8:10a:925::2 - - [24/Mar/2023:02:18:00 +0000] "GET /wp-content/uploads/2011/07/mystery6.jpg HTTP/1.1" 200 125110 "-" "python-requests/2.25.1"
64.233.172.89 - - [24/Mar/2023:02:18:02 +0000] "HEAD /feed/ HTTP/1.0" 301 321 "-" "FeedBurner/1.0 (http://www.FeedBurner.com)"
137.184.144.15 - - [24/Mar/2023:02:18:03 +0000] "POST /wp-cron.php?doing_wp_cron=1679624282.9317901134490966796875 HTTP/1.0" 200 345 "https://bigbrotherjunkies.com/wp-cron.php?doing_wp_cron=1679624282.9317901134490966796875" "WordPress/6.1.1; https://bigbrotherjunkies.com"
64.233.172.185 - - [24/Mar/2023:02:18:02 +0000] "HEAD /feed/ HTTP/1.0" 200 405 "-" "FeedBurner/1.0 (http://www.FeedBurner.com)"
152.228.220.143 - - [24/Mar/2023:02:19:26 +0000] "GET /big-brother-19-veto-ceremony-day-feed-updates/feed/ HTTP/1.0" 301 386 "-" "Mozilla/5.0 (X11; Linux i686) AppleWebKit/537.36 (KHTML, like Gecko) Chrome/30.0.1599.66 Safari/537.36"
137.184.144.15 - - [24/Mar/2023:02:19:27 +0000] "POST /wp-cron.php?doing_wp_cron=1679624367.1318531036376953125000 HTTP/1.0" 200 345 "https://bigbrotherjunkies.com/wp-cron.php?doing_wp_cron=1679624367.1318531036376953125000" "WordPress/6.1.1; https://bigbrotherjunkies.com"
152.228.220.143 - - [24/Mar/2023:02:19:26 +0000] "GET /big-brother-19-veto-ceremony-day-feed-updates/feed/ HTTP/1.0" 200 11275 "-" "Mozilla/5.0 (X11; Linux i686) AppleWebKit/537.36 (KHTML, like Gecko) Chrome/30.0.1599.66 Safari/537.36"
185.191.171.39 - - [24/Mar/2023:02:19:47 +0000] "GET /week-1-is-done-lets-start-week-2/house-chillin/ HTTP/1.1" 200 11690 "-" "Mozilla/5.0 (compatible; SemrushBot/7~bl; +http://www.semrush.com/bot.html)"
137.184.144.15 - - [24/Mar/2023:02:19:56 +0000] "POST /wp-cron.php?doing_wp_cron=1679624396.1800100803375244140625 HTTP/1.0" 200 345 "https://bigbrotherjunkies.com/wp-cron.php?doing_wp_cron=1679624396.1800100803375244140625" "WordPress/6.1.1; https://bigbrotherjunkies.com"
136.243.220.213 - - [24/Mar/2023:02:19:55 +0000] "GET /comments/feed/ HTTP/1.0" 200 11348 "-" "Mozilla/5.0 (compatible; DataForSeoBot/1.0; +https://dataforseo.com/dataforseo-bot)"
137.184.144.15 - - [24/Mar/2023:02:21:26 +0000] "POST /wp-cron.php?doing_wp_cron=1679624486.7460920810699462890625 HTTP/1.0" 200 345 "https://bigbrotherjunkies.com/wp-cron.php?doing_wp_cron=1679624486.7460920810699462890625" "WordPress/6.1.1; https://bigbrotherjunkies.com"
66.249.79.92 - - [24/Mar/2023:02:21:26 +0000] "POST /wp-admin/admin-ajax.php HTTP/1.0" 200 5517 "https://bigbrotherjunkies.com/big-brother-20-finale-recap/" "Mozilla/5.0 (Linux; Android 6.0.1; Nexus 5X Build/MMB29P) AppleWebKit/537.36 (KHTML, like Gecko) Chrome/111.0.5563.64 Mobile Safari/537.36 (compatible; Googlebot/2.1; +http://www.google.com/bot.html)"
2602:306:358a:f520:3921:aa84:ad91:fad2 - - [24/Mar/2023:02:21:49 +0000] "GET / HTTP/1.0" 200 16907 "-" "Mozilla/5.0 (Windows NT 10.0; Win64; x64) AppleWebKit/537.36 (KHTML, like Gecko) Chrome/109.0.0.0 Safari/537.36"
137.184.144.15 - - [24/Mar/2023:02:22:00 +0000] "POST /wp-cron.php?doing_wp_cron=1679624520.6202859878540039062500 HTTP/1.0" 200 345 "https://bigbrotherjunkies.com/wp-cron.php?doing_wp_cron=1679624520.6202859878540039062500" "WordPress/6.1.1; https://bigbrotherjunkies.com"
2602:306:358a:f520:3921:aa84:ad91:fad2 - - [24/Mar/2023:02:22:00 +0000] "GET /survivor-mega-thread/ HTTP/1.0" 200 25461 "https://bigbrotherjunkies.com/" "Mozilla/5.0 (Windows NT 10.0; Win64; x64) AppleWebKit/537.36 (KHTML, like Gecko) Chrome/109.0.0.0 Safari/537.36"
2602:306:358a:f520:3921:aa84:ad91:fad2 - - [24/Mar/2023:02:22:03 +0000] "POST /wp-admin/admin-ajax.php HTTP/1.0" 200 678 "https://bigbrotherjunkies.com/survivor-mega-thread/" "Mozilla/5.0 (Windows NT 10.0; Win64; x64) AppleWebKit/537.36 (KHTML, like Gecko) Chrome/109.0.0.0 Safari/537.36"
2602:306:358a:f520:3921:aa84:ad91:fad2 - - [24/Mar/2023:02:22:04 +0000] "POST /wp-admin/admin-ajax.php HTTP/1.0" 200 10670 "https://bigbrotherjunkies.com/survivor-mega-thread/" "Mozilla/5.0 (Windows NT 10.0; Win64; x64) AppleWebKit/537.36 (KHTML, like Gecko) Chrome/109.0.0.0 Safari/537.36"
2602:306:358a:f520:3921:aa84:ad91:fad2 - - [24/Mar/2023:02:22:08 +0000] "POST /wp-admin/admin-ajax.php HTTP/1.0" 200 590 "https://bigbrotherjunkies.com/survivor-mega-thread/" "Mozilla/5.0 (Windows NT 10.0; Win64; x64) AppleWebKit/537.36 (KHTML, like Gecko) Chrome/109.0.0.0 Safari/537.36"
137.184.144.15 - - [24/Mar/2023:02:22:21 +0000] "POST /wp-cron.php?doing_wp_cron=1679624541.3125030994415283203125 HTTP/1.0" 200 345 "https://bigbrotherjunkies.com/wp-cron.php?doing_wp_cron=1679624541.3125030994415283203125" "WordPress/6.1.1; https://bigbrotherjunkies.com"
2602:306:358a:f520:3921:aa84:ad91:fad2 - - [24/Mar/2023:02:22:20 +0000] "POST /wp-admin/admin-ajax.php HTTP/1.0" 200 1477 "https://bigbrotherjunkies.com/survivor-mega-thread/" "Mozilla/5.0 (Windows NT 10.0; Win64; x64) AppleWebKit/537.36 (KHTML, like Gecko) Chrome/109.0.0.0 Safari/537.36"
152.228.220.143 - - [24/Mar/2023:02:23:07 +0000] "GET /tag/big-brother-15/feed/ HTTP/1.0" 301 359 "-" "Mozilla/5.0 (X11; Linux i686) AppleWebKit/537.36 (KHTML, like Gecko) Chrome/30.0.1599.66 Safari/537.36"
137.184.144.15 - - [24/Mar/2023:02:23:08 +0000] "POST /wp-cron.php?doing_wp_cron=1679624587.9641609191894531250000 HTTP/1.0" 200 345 "https://bigbrotherjunkies.com/wp-cron.php?doing_wp_cron=1679624587.9641609191894531250000" "WordPress/6.1.1; https://bigbrotherjunkies.com"
152.228.220.143 - - [24/Mar/2023:02:23:07 +0000] "GET /tag/big-brother-15/feed/ HTTP/1.0" 200 11742 "-" "Mozilla/5.0 (X11; Linux i686) AppleWebKit/537.36 (KHTML, like Gecko) Chrome/30.0.1599.66 Safari/537.36"
136.243.220.213 - - [24/Mar/2023:02:23:22 +0000] "GET /comments/feed/ HTTP/1.0" 200 11314 "-" "Mozilla/5.0 (compatible; DataForSeoBot/1.0; +https://dataforseo.com/dataforseo-bot)"
152.228.220.143 - - [24/Mar/2023:02:23:28 +0000] "GET /big-brother-20-wednesday-feed-updates/feed/ HTTP/1.0" 200 12953 "-" "Mozilla/5.0 (X11; Linux i686) AppleWebKit/537.36 (KHTML, like Gecko) Chrome/30.0.1599.66 Safari/537.36"
66.249.79.77 - - [24/Mar/2023:02:23:43 +0000] "GET /tag/big-brother-canada HTTP/1.1" 301 338 "-" "Mozilla/5.0 (compatible; Googlebot/2.1; +http://www.google.com/bot.html)"
137.184.144.15 - - [24/Mar/2023:02:24:40 +0000] "POST /wp-cron.php?doing_wp_cron=1679624680.8492259979248046875000 HTTP/1.0" 200 345 "https://bigbrotherjunkies.com/wp-cron.php?doing_wp_cron=1679624680.8492259979248046875000" "WordPress/6.1.1; https://bigbrotherjunkies.com"
136.243.220.213 - - [24/Mar/2023:02:24:40 +0000] "GET /comments/feed/ HTTP/1.0" 200 11378 "-" "Mozilla/5.0 (compatible; DataForSeoBot/1.0; +https://dataforseo.com/dataforseo-bot)"
66.249.79.92 - - [24/Mar/2023:02:24:47 +0000] "GET /wp-content/uploads/2019/08/47DAA767-BF35-4683-9AA7-40CADB15EEAC-130x130.jpeg HTTP/1.1" 404 60483 "-" "Googlebot-Image/1.0"
152.228.220.143 - - [24/Mar/2023:02:24:56 +0000] "GET /forget/feed/ HTTP/1.0" 301 347 "-" "Mozilla/5.0 (X11; Linux i686) AppleWebKit/537.36 (KHTML, like Gecko) Chrome/30.0.1599.66 Safari/537.36"
137.184.144.15 - - [24/Mar/2023:02:24:57 +0000] "POST /wp-cron.php?doing_wp_cron=1679624696.9166440963745117187500 HTTP/1.0" 200 345 "https://bigbrotherjunkies.com/wp-cron.php?doing_wp_cron=1679624696.9166440963745117187500" "WordPress/6.1.1; https://bigbrotherjunkies.com"
152.228.220.143 - - [24/Mar/2023:02:24:56 +0000] "GET /forget/feed/ HTTP/1.0" 200 15696 "-" "Mozilla/5.0 (X11; Linux i686) AppleWebKit/537.36 (KHTML, like Gecko) Chrome/30.0.1599.66 Safari/537.36"
34.91.102.94 - - [24/Mar/2023:02:25:29 +0000] "GET /wp-content/uploads/2012/07/dan-gheesling-bbj-200x305.jpg HTTP/1.1" 200 10604 "-" "Mozilla/5.0 (X11; Ubuntu; Linux x86_64; rv:72.0) Gecko/20100101 Firefox/72.0"
137.184.144.15 - - [24/Mar/2023:02:26:10 +0000] "POST /wp-cron.php?doing_wp_cron=1679624769.9918720722198486328125 HTTP/1.0" 200 345 "https://bigbrotherjunkies.com/wp-cron.php?doing_wp_cron=1679624769.9918720722198486328125" "WordPress/6.1.1; https://bigbrotherjunkies.com"
212.119.44.237 - - [24/Mar/2023:02:26:09 +0000] "GET /feed/ HTTP/1.0" 200 10211 "-" "Mozilla/5.0 (Linux; arm_64; Android 9; COL-L29) AppleWebKit/537.36 (KHTML, like Gecko) Chrome/76.0.3809.132 YaBrowser/19.9.4.104.00 Mobile Safari/537.36"
66.249.79.94 - - [24/Mar/2023:02:26:23 +0000] "POST /wp-admin/admin-ajax.php HTTP/1.0" 200 4327 "https://bigbrotherjunkies.com/big-brother-14-veto-competition-results/" "Mozilla/5.0 AppleWebKit/537.36 (KHTML, like Gecko; compatible; Googlebot/2.1; +http://www.google.com/bot.html) Safari/537.36"
152.228.220.143 - - [24/Mar/2023:02:26:27 +0000] "GET /porsche-sneaky-smart/feed/ HTTP/1.0" 301 361 "-" "Mozilla/5.0 (X11; Linux i686) AppleWebKit/537.36 (KHTML, like Gecko) Chrome/30.0.1599.66 Safari/537.36"
152.228.220.143 - - [24/Mar/2023:02:26:27 +0000] "GET /porsche-sneaky-smart/feed/ HTTP/1.0" 200 7745 "-" "Mozilla/5.0 (X11; Linux i686) AppleWebKit/537.36 (KHTML, like Gecko) Chrome/30.0.1599.66 Safari/537.36"
137.184.144.15 - - [24/Mar/2023:02:27:13 +0000] "POST /wp-cron.php?doing_wp_cron=1679624833.3339409828186035156250 HTTP/1.0" 200 345 "https://bigbrotherjunkies.com/wp-cron.php?doing_wp_cron=1679624833.3339409828186035156250" "WordPress/6.1.1; https://bigbrotherjunkies.com"
157.55.39.214 - - [24/Mar/2023:02:27:13 +0000] "GET /wp-sitemap.xml HTTP/1.1" 404 57459 "-" "Mozilla/5.0 AppleWebKit/537.36 (KHTML, like Gecko; compatible; bingbot/2.0; +http://www.bing.com/bingbot.htm) Chrome/103.0.5060.134 Safari/537.36"
54.236.1.11 - - [24/Mar/2023:02:27:43 +0000] "GET /big-brother-15-amanda-bring-girls/ HTTP/1.1" 301 350 "-" "Mozilla/5.0 (compatible; Pinterestbot/1.0; +http://www.pinterest.com/bot.html)"
54.236.1.11 - - [24/Mar/2023:02:27:43 +0000] "GET /big-brother-15-amanda-bring-girls/ HTTP/1.1" 200 28466 "-" "Mozilla/5.0 (compatible; Pinterestbot/1.0; +http://www.pinterest.com/bot.html)"
66.249.79.91 - - [24/Mar/2023:02:27:51 +0000] "POST /wp-admin/admin-ajax.php HTTP/1.0" 200 5428 "https://bigbrotherjunkies.com/big-brother-21-tuesday-recap/" "Mozilla/5.0 AppleWebKit/537.36 (KHTML, like Gecko; compatible; Googlebot/2.1; +http://www.google.com/bot.html) Safari/537.36"
52.202.205.90 - - [24/Mar/2023:02:28:47 +0000] "GET /wp-content/uploads/2011/08/adamdani.jpg HTTP/1.1" 200 29541 "-" "Mozilla/5.0 (X11; Ubuntu; Linux x86_64; rv:72.0) Gecko/20100101 Firefox/72.0"
137.184.144.15 - - [24/Mar/2023:02:29:19 +0000] "POST /wp-cron.php?doing_wp_cron=1679624958.9955530166625976562500 HTTP/1.0" 200 345 "https://bigbrotherjunkies.com/wp-cron.php?doing_wp_cron=1679624958.9955530166625976562500" "WordPress/6.1.1; https://bigbrotherjunkies.com"
66.249.79.91 - - [24/Mar/2023:02:29:18 +0000] "POST /wp-admin/admin-ajax.php HTTP/1.0" 200 752 "https://bigbrotherjunkies.com/breaking-news-left-house-real-spoilers/" "Mozilla/5.0 AppleWebKit/537.36 (KHTML, like Gecko; compatible; Googlebot/2.1; +http://www.google.com/bot.html) Safari/537.36"
66.249.79.74 - - [24/Mar/2023:02:30:16 +0000] "GET /big-brother-23-spoilers HTTP/1.1" 301 339 "-" "Mozilla/5.0 (compatible; Googlebot/2.1; +http://www.google.com/bot.html)"
137.184.144.15 - - [24/Mar/2023:02:30:17 +0000] "POST /wp-cron.php?doing_wp_cron=1679625017.6581850051879882812500 HTTP/1.0" 200 345 "https://bigbrotherjunkies.com/wp-cron.php?doing_wp_cron=1679625017.6581850051879882812500" "WordPress/6.1.1; https://bigbrotherjunkies.com"
66.249.79.93 - - [24/Mar/2023:02:30:17 +0000] "GET /big-brother-23-spoilers HTTP/1.1" 404 57428 "-" "Mozilla/5.0 (compatible; Googlebot/2.1; +http://www.google.com/bot.html)"
152.228.220.143 - - [24/Mar/2023:02:30:19 +0000] "GET /category/big-brother-20/feed-updates-big-brother-20/feed/ HTTP/1.0" 200 10474 "-" "Mozilla/5.0 (X11; Linux i686) AppleWebKit/537.36 (KHTML, like Gecko) Chrome/30.0.1599.66 Safari/537.36"
136.243.220.213 - - [24/Mar/2023:02:30:29 +0000] "GET /comments/feed/ HTTP/1.0" 200 11345 "-" "Mozilla/5.0 (compatible; DataForSeoBot/1.0; +https://dataforseo.com/dataforseo-bot)"
66.249.79.89 - - [24/Mar/2023:02:30:41 +0000] "POST /wp-admin/admin-ajax.php HTTP/1.0" 200 8127 "https://bigbrotherjunkies.com/celebrity-big-brother-3-live-premiere-night-thread/" "Mozilla/5.0 (Linux; Android 6.0.1; Nexus 5X Build/MMB29P) AppleWebKit/537.36 (KHTML, like Gecko) Chrome/111.0.5563.64 Mobile Safari/537.36 (compatible; Googlebot/2.1; +http://www.google.com/bot.html)"
137.184.144.15 - - [24/Mar/2023:02:30:59 +0000] "POST /wp-cron.php?doing_wp_cron=1679625059.2622389793395996093750 HTTP/1.0" 200 345 "https://bigbrotherjunkies.com/wp-cron.php?doing_wp_cron=1679625059.2622389793395996093750" "WordPress/6.1.1; https://bigbrotherjunkies.com"
66.249.79.89 - - [24/Mar/2023:02:30:58 +0000] "POST /wp-admin/admin-ajax.php HTTP/1.0" 200 4882 "https://bigbrotherjunkies.com/porsche-chance-blow/" "Mozilla/5.0 AppleWebKit/537.36 (KHTML, like Gecko; compatible; Googlebot/2.1; +http://www.google.com/bot.html) Safari/537.36"
152.228.220.143 - - [24/Mar/2023:02:31:10 +0000] "GET /big-brother-15-cast-year/feed/ HTTP/1.0" 301 365 "-" "Mozilla/5.0 (X11; Linux i686) AppleWebKit/537.36 (KHTML, like Gecko) Chrome/30.0.1599.66 Safari/537.36"
152.228.220.143 - - [24/Mar/2023:02:31:11 +0000] "GET /big-brother-15-cast-year/feed/ HTTP/1.0" 200 9093 "-" "Mozilla/5.0 (X11; Linux i686) AppleWebKit/537.36 (KHTML, like Gecko) Chrome/30.0.1599.66 Safari/537.36"
66.249.79.77 - - [24/Mar/2023:02:31:34 +0000] "GET /big-brother-23-post-eviction-feed-updates HTTP/1.1" 301 357 "-" "Mozilla/5.0 (compatible; Googlebot/2.1; +http://www.google.com/bot.html)"
66.249.79.89 - - [24/Mar/2023:02:31:34 +0000] "GET /big-brother-23-post-eviction-feed-updates HTTP/1.1" 301 358 "-" "Mozilla/5.0 (compatible; Googlebot/2.1; +http://www.google.com/bot.html)"
66.249.79.89 - - [24/Mar/2023:02:31:35 +0000] "GET /big-brother-23-post-eviction-feed-updates/ HTTP/1.1" 200 28054 "-" "Mozilla/5.0 (compatible; Googlebot/2.1; +http://www.google.com/bot.html)"
137.184.144.15 - - [24/Mar/2023:02:32:03 +0000] "POST /wp-cron.php?doing_wp_cron=1679625123.2549629211425781250000 HTTP/1.0" 200 345 "https://bigbrotherjunkies.com/wp-cron.php?doing_wp_cron=1679625123.2549629211425781250000" "WordPress/6.1.1; https://bigbrotherjunkies.com"
40.77.167.226 - - [24/Mar/2023:02:32:02 +0000] "GET /post-sitemap.xml HTTP/1.1" 404 57459 "-" "Mozilla/5.0 AppleWebKit/537.36 (KHTML, like Gecko; compatible; bingbot/2.0; +http://www.bing.com/bingbot.htm) Chrome/103.0.5060.134 Safari/537.36"
66.249.79.91 - - [24/Mar/2023:02:32:23 +0000] "POST /wp-admin/admin-ajax.php HTTP/1.0" 200 752 "https://bigbrotherjunkies.com/mark-mcgrath-celebrity-big-brother-cast/" "Mozilla/5.0 AppleWebKit/537.36 (KHTML, like Gecko; compatible; Googlebot/2.1; +http://www.google.com/bot.html) Safari/537.36"
198.20.110.62 - - [24/Mar/2023:02:32:37 +0000] "GET /log-in HTTP/1.1" 301 323 "-" "Mozilla/5.0 (Windows NT 10.0; WOW64) AppleWebKit/537.36 (KHTML, like Gecko) Chrome/47.0.2526.73 Safari/537.36"
198.20.110.62 - - [24/Mar/2023:02:32:37 +0000] "GET /dashboard HTTP/1.1" 302 409 "-" "Mozilla/5.0 (Windows NT 10.0; WOW64) AppleWebKit/537.36 (KHTML, like Gecko) Chrome/47.0.2526.73 Safari/537.36"
198.20.110.62 - - [24/Mar/2023:02:32:37 +0000] "GET /player-directory HTTP/1.1" 301 333 "-" "Mozilla/5.0 (Windows NT 10.0; WOW64) AppleWebKit/537.36 (KHTML, like Gecko) Chrome/47.0.2526.73 Safari/537.36"
