54.187.174.169 - - [25/Mar/2023:00:39:45 +0000] "POST /wp-json/stripe/v1/webhook HTTP/1.0" 200 1003 "-" "Stripe/1.0 (+https://stripe.com/docs/webhooks)"
52.0.78.177 - - [25/Mar/2023:00:39:45 +0000] "POST /wp-admin/admin-ajax.php?action=frm_strp_process_events HTTP/1.0" 200 537 "https://bigbrotherjunkies.com/wp-admin/admin-ajax.php?action=frm_strp_process_events" "WordPress/6.1.1; https://api.strategy11.com"
52.0.78.177 - - [25/Mar/2023:00:39:45 +0000] "POST /wp-admin/admin-ajax.php?action=frm_strp_process_events HTTP/1.0" 200 537 "https://bigbrotherjunkies.com/wp-admin/admin-ajax.php?action=frm_strp_process_events" "WordPress/6.1.1; https://api.strategy11.com"
137.184.144.15 - - [25/Mar/2023:00:40:14 +0000] "POST /wp-cron.php?doing_wp_cron=1679704813.9830710887908935546875 HTTP/1.0" 200 345 "https://bigbrotherjunkies.com/wp-cron.php?doing_wp_cron=1679704813.9830710887908935546875" "WordPress/6.1.1; https://bigbrotherjunkies.com"
136.243.220.213 - - [25/Mar/2023:00:40:08 +0000] "GET /comments/feed/ HTTP/1.0" 200 11379 "-" "Mozilla/5.0 (compatible; DataForSeoBot/1.0; +https://dataforseo.com/dataforseo-bot)"
152.228.220.143 - - [25/Mar/2023:00:40:21 +0000] "GET /big-brother-15-final-week-apply/feed/ HTTP/1.0" 301 372 "-" "Mozilla/5.0 (X11; Linux i686) AppleWebKit/537.36 (KHTML, like Gecko) Chrome/30.0.1599.66 Safari/537.36"
152.228.220.143 - - [25/Mar/2023:00:40:22 +0000] "GET /big-brother-15-final-week-apply/feed/ HTTP/1.0" 200 4989 "-" "Mozilla/5.0 (X11; Linux i686) AppleWebKit/537.36 (KHTML, like Gecko) Chrome/30.0.1599.66 Safari/537.36"
17.241.219.119 - - [25/Mar/2023:00:40:25 +0000] "GET /wed-overnight/ HTTP/1.1" 200 29470 "-" "Mozilla/5.0 (Macintosh; Intel Mac OS X 10_15_5) AppleWebKit/605.1.15 (KHTML, like Gecko) Version/13.1.1 Safari/605.1.15 (Applebot/0.1; +http://www.apple.com/go/applebot)"
137.184.144.15 - - [25/Mar/2023:00:40:08 +0000] "POST /?mailpoet_router&endpoint=cron_daemon&action=run&data=eyJ0b2tlbiI6IjFvY3FjIn0 HTTP/1.0" 200 338 "https://bigbrotherjunkies.com/?mailpoet_router&endpoint=cron_daemon&action=run&data=eyJ0b2tlbiI6IjFvY3FjIn0" "MailPoet Cron"
136.243.220.213 - - [25/Mar/2023:00:40:38 +0000] "GET /comments/feed/ HTTP/1.0" 200 11344 "-" "Mozilla/5.0 (compatible; DataForSeoBot/1.0; +https://dataforseo.com/dataforseo-bot)"
137.184.144.15 - - [25/Mar/2023:00:40:59 +0000] "POST /wp-cron.php?doing_wp_cron=1679704859.1953389644622802734375 HTTP/1.0" 200 345 "https://bigbrotherjunkies.com/wp-cron.php?doing_wp_cron=1679704859.1953389644622802734375" "WordPress/6.1.1; https://bigbrotherjunkies.com"
66.249.66.40 - - [25/Mar/2023:00:40:58 +0000] "GET /big-brother-20-sunday-night-feeds/sc-glasses2/feed/ HTTP/1.0" 200 1814 "-" "Mozilla/5.0 (compatible; Googlebot/2.1; +http://www.google.com/bot.html)"
114.119.143.130 - - [25/Mar/2023:00:41:21 +0000] "GET /big-brother-15-wednesday-updates-2/ HTTP/1.1" 200 26525 "https://www.bigbrotherjunkies.com/big-brother-15-weird-week-coming-close" "Mozilla/5.0 (Linux; Android 7.0;) AppleWebKit/537.36 (KHTML, like Gecko) Mobile Safari/537.36 (compatible; PetalBot;+https://webmaster.petalsearch.com/site/petalbot)"
137.184.144.15 - - [25/Mar/2023:00:41:55 +0000] "POST /wp-cron.php?doing_wp_cron=1679704915.6898589134216308593750 HTTP/1.0" 200 345 "https://bigbrotherjunkies.com/wp-cron.php?doing_wp_cron=1679704915.6898589134216308593750" "WordPress/6.1.1; https://bigbrotherjunkies.com"
152.228.220.143 - - [25/Mar/2023:00:41:55 +0000] "GET /over-the-top-friday-feed-updates-finishing-up-hoh/feed/ HTTP/1.0" 200 11271 "-" "Mozilla/5.0 (X11; Linux i686) AppleWebKit/537.36 (KHTML, like Gecko) Chrome/30.0.1599.66 Safari/537.36"
34.232.198.187 - - [25/Mar/2023:00:41:57 +0000] "GET /big-brother-21-friday-feed-updates-3/nick-listening2/ HTTP/1.1" 200 11760 "-" "MetadataScraper"
152.228.220.143 - - [25/Mar/2023:00:42:28 +0000] "GET /big-brother-15-elissa-crazy-recap/feed/ HTTP/1.0" 301 374 "-" "Mozilla/5.0 (X11; Linux i686) AppleWebKit/537.36 (KHTML, like Gecko) Chrome/30.0.1599.66 Safari/537.36"
152.228.220.143 - - [25/Mar/2023:00:42:29 +0000] "GET /big-brother-15-elissa-crazy-recap/feed/ HTTP/1.0" 200 11270 "-" "Mozilla/5.0 (X11; Linux i686) AppleWebKit/537.36 (KHTML, like Gecko) Chrome/30.0.1599.66 Safari/537.36"
137.184.144.15 - - [25/Mar/2023:00:44:51 +0000] "POST /wp-cron.php?doing_wp_cron=1679705090.8817069530487060546875 HTTP/1.0" 200 345 "https://bigbrotherjunkies.com/wp-cron.php?doing_wp_cron=1679705090.8817069530487060546875" "WordPress/6.1.1; https://bigbrotherjunkies.com"
66.249.66.43 - - [25/Mar/2023:00:44:50 +0000] "POST /wp-admin/admin-ajax.php HTTP/1.0" 200 5946 "https://bigbrotherjunkies.com/big-brother-14-dan-power-move/" "Mozilla/5.0 AppleWebKit/537.36 (KHTML, like Gecko; compatible; Googlebot/2.1; +http://www.google.com/bot.html) Safari/537.36"
137.184.144.15 - - [25/Mar/2023:00:45:17 +0000] "POST /wp-cron.php?doing_wp_cron=1679705117.5556800365447998046875 HTTP/1.0" 200 345 "https://bigbrotherjunkies.com/wp-cron.php?doing_wp_cron=1679705117.5556800365447998046875" "WordPress/6.1.1; https://bigbrotherjunkies.com"
66.249.66.43 - - [25/Mar/2023:00:45:17 +0000] "GET /zach-stay/ HTTP/1.1" 200 26046 "-" "Mozilla/5.0 (Linux; Android 6.0.1; Nexus 5X Build/MMB29P) AppleWebKit/537.36 (KHTML, like Gecko) Chrome/111.0.5563.64 Mobile Safari/537.36 (compatible; Googlebot/2.1; +http://www.google.com/bot.html)"
66.249.66.37 - - [25/Mar/2023:00:45:21 +0000] "GET /big-brother-15-candices-week/ HTTP/1.1" 301 345 "-" "Mozilla/5.0 (compatible; Googlebot/2.1; +http://www.google.com/bot.html)"
66.249.66.89 - - [25/Mar/2023:00:45:21 +0000] "GET /big-brother-15-candices-week/ HTTP/1.1" 200 27788 "-" "Mozilla/5.0 (compatible; Googlebot/2.1; +http://www.google.com/bot.html)"
66.249.66.42 - - [25/Mar/2023:00:45:37 +0000] "POST /wp-admin/admin-ajax.php HTTP/1.0" 200 5438 "https://bigbrotherjunkies.com/big-brother-15-candices-week/" "Mozilla/5.0 AppleWebKit/537.36 (KHTML, like Gecko; compatible; Googlebot/2.1; +http://www.google.com/bot.html) Safari/537.36"
66.249.66.11 - - [25/Mar/2023:00:46:01 +0000] "GET /tag/janelle-pierzina/ HTTP/1.1" 301 337 "-" "Mozilla/5.0 (compatible; Googlebot/2.1; +http://www.google.com/bot.html)"
137.184.144.15 - - [25/Mar/2023:00:46:02 +0000] "POST /wp-cron.php?doing_wp_cron=1679705162.0466349124908447265625 HTTP/1.0" 200 345 "https://bigbrotherjunkies.com/wp-cron.php?doing_wp_cron=1679705162.0466349124908447265625" "WordPress/6.1.1; https://bigbrotherjunkies.com"
66.249.66.44 - - [25/Mar/2023:00:46:01 +0000] "GET /tag/janelle-pierzina/ HTTP/1.1" 200 10813 "-" "Mozilla/5.0 (compatible; Googlebot/2.1; +http://www.google.com/bot.html)"
152.228.220.143 - - [25/Mar/2023:00:46:32 +0000] "GET /category/big-brother-20/feed-updates-big-brother-20/feed/ HTTP/1.0" 200 10474 "-" "Mozilla/5.0 (X11; Linux i686) AppleWebKit/537.36 (KHTML, like Gecko) Chrome/30.0.1599.66 Safari/537.36"
37.44.253.32 - - [25/Mar/2023:00:46:36 +0000] "GET /feed/ HTTP/1.0" 200 10208 "-" "Mozilla/5.0 (Windows NT 6.1; Win64; x64) AppleWebKit/537.36 (KHTML, like Gecko) Chrome/63.0.3239.84 Safari/537.36"
66.249.66.89 - - [25/Mar/2023:00:46:42 +0000] "POST /wp-admin/admin-ajax.php HTTP/1.0" 200 4834 "https://bigbrotherjunkies.com/zach-stay/" "Mozilla/5.0 (Linux; Android 6.0.1; Nexus 5X Build/MMB29P) AppleWebKit/537.36 (KHTML, like Gecko) Chrome/111.0.5563.64 Mobile Safari/537.36 (compatible; Googlebot/2.1; +http://www.google.com/bot.html)"
66.249.66.12 - - [25/Mar/2023:00:47:20 +0000] "GET /nicole-welcomed-kiss/ HTTP/1.1" 301 337 "-" "Mozilla/5.0 (compatible; Googlebot/2.1; +http://www.google.com/bot.html)"
137.184.144.15 - - [25/Mar/2023:00:47:21 +0000] "POST /wp-cron.php?doing_wp_cron=1679705241.5496311187744140625000 HTTP/1.0" 200 345 "https://bigbrotherjunkies.com/wp-cron.php?doing_wp_cron=1679705241.5496311187744140625000" "WordPress/6.1.1; https://bigbrotherjunkies.com"
66.249.66.42 - - [25/Mar/2023:00:47:21 +0000] "GET /nicole-welcomed-kiss/ HTTP/1.1" 200 27202 "-" "Mozilla/5.0 (compatible; Googlebot/2.1; +http://www.google.com/bot.html)"
51.222.253.8 - - [25/Mar/2023:00:47:23 +0000] "GET /big-brother-21-thursday-ramblings-hoh-results/ HTTP/1.1" 200 26620 "-" "Mozilla/5.0 (compatible; AhrefsBot/7.0; +http://ahrefs.com/robot/)"
216.244.66.250 - - [25/Mar/2023:00:47:31 +0000] "GET /search/%7B%EC%88%9C%EC%B0%BD%EC%B6%9C%EC%9E%A5%EC%95%88%EB%A7%88%7D+(%EF%BB%BF%EC%B9%B4%ED%86%A1msk65)+%E3%80%96%D1%82%D1%80%D0%B5863.%D1%81%D0%BE%D0%BC%E3%80%97+%E3%80%8A%EF%BB%BF%EC%98%88%EC%95%BD%E3%80%8B%EC%BD%9C%EA%B1%B8%EB%A7%8C%EB%82%A8dIA%EC%B6%9C%EC%9E%A5%EB%A7%88%EC%82%AC%EC%A7%80%EC%B6%9C%EC%9E%A5%EC%84%9C%EB%B9%84%EC%8A%A4%EC%A1%B0%EA%B1%B4%E2%9D%A4%EC%88%9C%EC%B0%BD2019-02-22+19:29:59%EB%A7%88%EC%82%AC%EC%A7%80NQo%EC%98%88%EC%95%BD%EB%AA%A8%ED%85%94%EC%B6%259/ HTTP/1.1" 200 10872 "-" "Mozilla/5.0 (compatible; DotBot/1.2; +https://opensiteexplorer.org/dotbot; help@moz.com)"
66.249.66.88 - - [25/Mar/2023:00:47:37 +0000] "POST /wp-admin/admin-ajax.php HTTP/1.0" 200 5231 "https://bigbrotherjunkies.com/nicole-welcomed-kiss/" "Mozilla/5.0 AppleWebKit/537.36 (KHTML, like Gecko; compatible; Googlebot/2.1; +http://www.google.com/bot.html) Safari/537.36"
38.32.70.139 - - [25/Mar/2023:00:47:52 +0000] "GET /wp-content/uploads/2011/06/pauleyperrette-big-brother-560x749.jpg HTTP/1.1" 200 91016 "-" "Mozilla/5.0 (X11; Ubuntu; Linux x86_64; rv:72.0) Gecko/20100101 Firefox/72.0"
137.184.144.15 - - [25/Mar/2023:00:48:12 +0000] "POST /wp-cron.php?doing_wp_cron=1679705292.5939910411834716796875 HTTP/1.0" 200 345 "https://bigbrotherjunkies.com/wp-cron.php?doing_wp_cron=1679705292.5939910411834716796875" "WordPress/6.1.1; https://bigbrotherjunkies.com"
66.249.66.43 - - [25/Mar/2023:00:48:12 +0000] "GET /thursday-july-28th-big-brother-24-feed-updates HTTP/1.1" 301 363 "-" "Mozilla/5.0 (compatible; Googlebot/2.1; +http://www.google.com/bot.html)"
66.249.66.11 - - [25/Mar/2023:00:48:12 +0000] "GET /thursday-july-28th-big-brother-24-feed-updates/ HTTP/1.1" 200 27422 "-" "Mozilla/5.0 (compatible; Googlebot/2.1; +http://www.google.com/bot.html)"
66.249.66.42 - - [25/Mar/2023:00:48:18 +0000] "POST /wp-admin/admin-ajax.php HTTP/1.0" 200 6194 "https://bigbrotherjunkies.com/big-brother-15-mccrae-amanda-big-brother-engaged/" "Mozilla/5.0 AppleWebKit/537.36 (KHTML, like Gecko; compatible; Googlebot/2.1; +http://www.google.com/bot.html) Safari/537.36"
66.249.66.11 - - [25/Mar/2023:00:48:40 +0000] "GET /tour-big-brother-13-house/ HTTP/1.1" 301 342 "-" "Mozilla/5.0 (compatible; Googlebot/2.1; +http://www.google.com/bot.html)"
137.184.144.15 - - [25/Mar/2023:00:48:41 +0000] "POST /wp-cron.php?doing_wp_cron=1679705321.1500010490417480468750 HTTP/1.0" 200 345 "https://bigbrotherjunkies.com/wp-cron.php?doing_wp_cron=1679705321.1500010490417480468750" "WordPress/6.1.1; https://bigbrotherjunkies.com"
66.249.66.42 - - [25/Mar/2023:00:48:40 +0000] "GET /tour-big-brother-13-house/ HTTP/1.1" 200 27872 "-" "Mozilla/5.0 (compatible; Googlebot/2.1; +http://www.google.com/bot.html)"
136.243.220.213 - - [25/Mar/2023:00:48:47 +0000] "GET /comments/feed/ HTTP/1.0" 200 11314 "-" "Mozilla/5.0 (compatible; DataForSeoBot/1.0; +https://dataforseo.com/dataforseo-bot)"
137.184.144.15 - - [25/Mar/2023:00:48:59 +0000] "POST /wp-cron.php?doing_wp_cron=1679705339.2476530075073242187500 HTTP/1.0" 200 345 "https://bigbrotherjunkies.com/wp-cron.php?doing_wp_cron=1679705339.2476530075073242187500" "WordPress/6.1.1; https://bigbrotherjunkies.com"
66.249.66.42 - - [25/Mar/2023:00:48:58 +0000] "POST /wp-admin/admin-ajax.php HTTP/1.0" 200 752 "https://bigbrotherjunkies.com/tour-big-brother-13-house/" "Mozilla/5.0 AppleWebKit/537.36 (KHTML, like Gecko; compatible; Googlebot/2.1; +http://www.google.com/bot.html) Safari/537.36"
107.115.239.21 - - [25/Mar/2023:00:49:14 +0000] "GET /apple-touch-icon.png HTTP/1.1" 404 57425 "-" "Newsify/488 CFNetwork/1404.0.5 Darwin/22.3.0"
107.115.239.21 - - [25/Mar/2023:00:49:15 +0000] "GET /apple-touch-icon-precomposed.png HTTP/1.1" 404 57421 "-" "Newsify/488 CFNetwork/1404.0.5 Darwin/22.3.0"
135.181.97.153 - - [25/Mar/2023:00:49:51 +0000] "GET /feed/ HTTP/1.0" 301 340 "-" "node-fetch/1.0 (+https://github.com/bitinn/node-fetch)"
135.181.97.153 - - [25/Mar/2023:00:49:52 +0000] "GET /feed/ HTTP/1.0" 200 10208 "-" "node-fetch/1.0 (+https://github.com/bitinn/node-fetch)"
66.249.66.37 - - [25/Mar/2023:00:50:00 +0000] "GET /top-20-big-brother-tweets-of-the-week-4/ HTTP/1.1" 301 356 "-" "Mozilla/5.0 (compatible; Googlebot/2.1; +http://www.google.com/bot.html)"
137.184.144.15 - - [25/Mar/2023:00:50:01 +0000] "POST /wp-cron.php?doing_wp_cron=1679705401.2533628940582275390625 HTTP/1.0" 200 345 "https://bigbrotherjunkies.com/wp-cron.php?doing_wp_cron=1679705401.2533628940582275390625" "WordPress/6.1.1; https://bigbrotherjunkies.com"
66.249.66.42 - - [25/Mar/2023:00:50:00 +0000] "GET /big-veto-competition-today-saturday-feed-updates/feed/ HTTP/1.0" 200 20150 "-" "Mozilla/5.0 (Linux; Android 6.0.1; Nexus 5X Build/MMB29P) AppleWebKit/537.36 (KHTML, like Gecko) Chrome/111.0.5563.64 Mobile Safari/537.36 (compatible; Googlebot/2.1; +http://www.google.com/bot.html)"
66.249.66.42 - - [25/Mar/2023:00:50:01 +0000] "GET /top-20-big-brother-tweets-of-the-week-4/ HTTP/1.1" 200 27172 "-" "Mozilla/5.0 (compatible; Googlebot/2.1; +http://www.google.com/bot.html)"
34.232.198.187 - - [25/Mar/2023:00:50:35 +0000] "GET /do-we-hate-the-player-or-hate-the-game/img_20170729_101753/ HTTP/1.1" 200 11715 "-" "MetadataScraper"
66.249.66.11 - - [25/Mar/2023:00:50:37 +0000] "POST /wp-admin/admin-ajax.php HTTP/1.0" 200 2890 "https://bigbrotherjunkies.com/top-20-big-brother-tweets-of-the-week-4/" "Mozilla/5.0 AppleWebKit/537.36 (KHTML, like Gecko; compatible; Googlebot/2.1; +http://www.google.com/bot.html) Safari/537.36"
54.202.141.0 - - [25/Mar/2023:00:50:41 +0000] "GET /big-brother-20-monday-recap-3/ HTTP/1.1" 301 346 "http://www.bigbrotherjunkies.com/big-brother-20-monday-recap-3/" "Mozilla/5.0 (Windows NT 6.1; WOW64) AppleWebKit/537.36 (KHTML, like Gecko) Chrome/56.0.2924.76 Safari/537.36"
137.184.144.15 - - [25/Mar/2023:00:50:42 +0000] "POST /wp-cron.php?doing_wp_cron=1679705442.7461800575256347656250 HTTP/1.0" 200 345 "https://bigbrotherjunkies.com/wp-cron.php?doing_wp_cron=1679705442.7461800575256347656250" "WordPress/6.1.1; https://bigbrotherjunkies.com"
54.202.141.0 - - [25/Mar/2023:00:50:42 +0000] "GET /big-brother-20-monday-recap-3/ HTTP/1.1" 200 31746 "https://www.bigbrotherjunkies.com/big-brother-20-monday-recap-3/" "Mozilla/5.0 (Windows NT 6.1; WOW64) AppleWebKit/537.36 (KHTML, like Gecko) Chrome/56.0.2924.76 Safari/537.36"
104.131.1.230 - - [25/Mar/2023:00:50:45 +0000] "GET /wp-content/uploads/2018/09/Screenshot_2018-09-03-21-59-22-1.png HTTP/1.1" 200 759320 "https://bigbrotherjunkies.com/" "Mozilla/5.0 (Macintosh; Intel Mac OS X 10_14_6) AppleWebKit/537.36 (KHTML, like Gecko) Chrome/97.0.4692.99 Safari/537.36"
54.198.108.11 - - [25/Mar/2023:00:50:45 +0000] "GET /big-brother-20-monday-recap-3 HTTP/1.1" 301 346 "-" "Mozilla/5.0 (compatible; proximic; +https://www.comscore.com/Web-Crawler)"
54.202.52.223 - - [25/Mar/2023:00:50:46 +0000] "POST /wp-admin/admin-ajax.php HTTP/1.0" 200 11614 "https://bigbrotherjunkies.com/big-brother-20-monday-recap-3/" "Mozilla/5.0 (Macintosh; Intel Mac OS X 10_14_6) AppleWebKit/537.36 (KHTML, like Gecko) Chrome/97.0.4692.99 Safari/537.36"
54.202.52.223 - - [25/Mar/2023:00:50:47 +0000] "GET /wp-content/uploads/2018/08/On-and-around-Ford-Island-053-130x130.jpg HTTP/1.1" 200 4555 "https://bigbrotherjunkies.com/big-brother-20-monday-recap-3/" "Mozilla/5.0 (Macintosh; Intel Mac OS X 10_14_6) AppleWebKit/537.36 (KHTML, like Gecko) Chrome/97.0.4692.99 Safari/537.36"
54.202.52.223 - - [25/Mar/2023:00:50:47 +0000] "GET /wp-content/uploads/2018/09/image-130x130.jpeg HTTP/1.1" 200 5486 "https://bigbrotherjunkies.com/big-brother-20-monday-recap-3/" "Mozilla/5.0 (Macintosh; Intel Mac OS X 10_14_6) AppleWebKit/537.36 (KHTML, like Gecko) Chrome/97.0.4692.99 Safari/537.36"
137.184.144.15 - - [25/Mar/2023:00:51:17 +0000] "POST /wp-cron.php?doing_wp_cron=1679705477.5745639801025390625000 HTTP/1.0" 200 345 "https://bigbrotherjunkies.com/wp-cron.php?doing_wp_cron=1679705477.5745639801025390625000" "WordPress/6.1.1; https://bigbrotherjunkies.com"
17.246.19.242 - - [25/Mar/2023:00:51:17 +0000] "POST /wp-admin/admin-ajax.php HTTP/1.0" 200 5093 "https://bigbrotherjunkies.com/wed-overnight/" "Mozilla/5.0 (Macintosh; Intel Mac OS X 10_15_5) AppleWebKit/605.1.15 (KHTML, like Gecko) Version/13.1.1 Safari/605.1.15 (Applebot/0.1; +http://www.apple.com/go/applebot)"
66.249.66.38 - - [25/Mar/2023:00:51:19 +0000] "GET /big-brother-17-vanessa-rousso/ HTTP/1.1" 301 346 "-" "Mozilla/5.0 (compatible; Googlebot/2.1; +http://www.google.com/bot.html)"
66.249.66.10 - - [25/Mar/2023:00:51:20 +0000] "GET /big-brother-17-vanessa-rousso/ HTTP/1.1" 200 26448 "-" "Mozilla/5.0 (compatible; Googlebot/2.1; +http://www.google.com/bot.html)"
74.125.210.124 - - [25/Mar/2023:00:51:35 +0000] "GET /feed/ HTTP/1.0" 301 340 "-" "FeedFetcher-Google; (+http://www.google.com/feedfetcher.html)"
137.184.144.15 - - [25/Mar/2023:00:51:36 +0000] "POST /wp-cron.php?doing_wp_cron=1679705496.2752909660339355468750 HTTP/1.0" 200 345 "https://bigbrotherjunkies.com/wp-cron.php?doing_wp_cron=1679705496.2752909660339355468750" "WordPress/6.1.1; https://bigbrotherjunkies.com"
74.125.210.203 - - [25/Mar/2023:00:51:36 +0000] "GET /feed/ HTTP/1.0" 200 10211 "-" "FeedFetcher-Google; (+http://www.google.com/feedfetcher.html)"
137.184.144.15 - - [25/Mar/2023:00:51:56 +0000] "POST /wp-cron.php?doing_wp_cron=1679705516.2340910434722900390625 HTTP/1.0" 200 345 "https://bigbrotherjunkies.com/wp-cron.php?doing_wp_cron=1679705516.2340910434722900390625" "WordPress/6.1.1; https://bigbrotherjunkies.com"
66.249.66.42 - - [25/Mar/2023:00:51:55 +0000] "POST /wp-admin/admin-ajax.php HTTP/1.0" 200 4874 "https://bigbrotherjunkies.com/big-brother-17-vanessa-rousso/" "Mozilla/5.0 AppleWebKit/537.36 (KHTML, like Gecko; compatible; Googlebot/2.1; +http://www.google.com/bot.html) Safari/537.36"
66.249.66.38 - - [25/Mar/2023:00:52:39 +0000] "GET /big-brother-21-sunday-evening-feeds/ HTTP/1.1" 301 352 "-" "Mozilla/5.0 (compatible; Googlebot/2.1; +http://www.google.com/bot.html)"
137.184.144.15 - - [25/Mar/2023:00:53:05 +0000] "POST /wp-cron.php?doing_wp_cron=1679705585.5034899711608886718750 HTTP/1.0" 200 345 "https://bigbrotherjunkies.com/wp-cron.php?doing_wp_cron=1679705585.5034899711608886718750" "WordPress/6.1.1; https://bigbrotherjunkies.com"
216.244.66.250 - - [25/Mar/2023:00:53:05 +0000] "GET /category/big-brother-20/page/21/ HTTP/1.1" 200 10820 "-" "Mozilla/5.0 (compatible; DotBot/1.2; +https://opensiteexplorer.org/dotbot; help@moz.com)"
66.249.66.89 - - [25/Mar/2023:00:53:05 +0000] "POST /wp-admin/admin-ajax.php HTTP/1.0" 200 5780 "https://bigbrotherjunkies.com/big-brother-21-sunday-evening-feeds/" "Mozilla/5.0 AppleWebKit/537.36 (KHTML, like Gecko; compatible; Googlebot/2.1; +http://www.google.com/bot.html) Safari/537.36"
40.77.167.145 - - [25/Mar/2023:00:53:08 +0000] "GET /live-feed-updates/indy-terrance/ HTTP/1.1" 200 11369 "-" "Mozilla/5.0 AppleWebKit/537.36 (KHTML, like Gecko; compatible; bingbot/2.0; +http://www.bing.com/bingbot.htm) Chrome/103.0.5060.134 Safari/537.36"
216.244.66.250 - - [25/Mar/2023:00:53:11 +0000] "GET /tag/big-brother-14-2/page/10/ HTTP/1.1" 200 10805 "-" "Mozilla/5.0 (compatible; DotBot/1.2; +https://opensiteexplorer.org/dotbot; help@moz.com)"
137.184.144.15 - - [25/Mar/2023:00:53:16 +0000] "POST /wp-cron.php?doing_wp_cron=1679705596.2308568954467773437500 HTTP/1.0" 200 345 "https://bigbrotherjunkies.com/wp-cron.php?doing_wp_cron=1679705596.2308568954467773437500" "WordPress/6.1.1; https://bigbrotherjunkies.com"
216.244.66.250 - - [25/Mar/2023:00:53:15 +0000] "GET /tag/big-brother-14-spoilers/page/13/ HTTP/1.1" 200 10816 "-" "Mozilla/5.0 (compatible; DotBot/1.2; +https://opensiteexplorer.org/dotbot; help@moz.com)"
136.243.220.213 - - [25/Mar/2023:00:53:29 +0000] "GET /comments/feed/ HTTP/1.0" 200 11314 "-" "Mozilla/5.0 (compatible; DataForSeoBot/1.0; +https://dataforseo.com/dataforseo-bot)"
152.228.220.143 - - [25/Mar/2023:00:53:47 +0000] "GET /saturday-feed-updates-the-wait-for-veto-bbott/feed/ HTTP/1.0" 200 15100 "-" "Mozilla/5.0 (X11; Linux i686) AppleWebKit/537.36 (KHTML, like Gecko) Chrome/30.0.1599.66 Safari/537.36"
66.249.66.70 - - [25/Mar/2023:00:54:00 +0000] "GET /big-brother-15-submit-application/ HTTP/1.1" 301 350 "-" "Mozilla/5.0 (compatible; Googlebot/2.1; +http://www.google.com/bot.html)"
137.184.144.15 - - [25/Mar/2023:00:54:01 +0000] "POST /wp-cron.php?doing_wp_cron=1679705641.5852921009063720703125 HTTP/1.0" 200 345 "https://bigbrotherjunkies.com/wp-cron.php?doing_wp_cron=1679705641.5852921009063720703125" "WordPress/6.1.1; https://bigbrotherjunkies.com"
66.249.66.11 - - [25/Mar/2023:00:54:01 +0000] "GET /big-brother-15-submit-application/ HTTP/1.1" 200 26763 "-" "Mozilla/5.0 (compatible; Googlebot/2.1; +http://www.google.com/bot.html)"
66.249.66.43 - - [25/Mar/2023:00:54:24 +0000] "POST /wp-admin/admin-ajax.php HTTP/1.0" 200 3279 "https://bigbrotherjunkies.com/big-brother-15-submit-application/" "Mozilla/5.0 AppleWebKit/537.36 (KHTML, like Gecko; compatible; Googlebot/2.1; +http://www.google.com/bot.html) Safari/537.36"
128.30.195.65 - - [25/Mar/2023:00:54:51 +0000] "GET /wp-content/uploads/2011/07/bigbrother13-week3nom-12.jpg HTTP/1.1" 200 21547 "-" "Mozilla/5.0 (X11; Ubuntu; Linux x86_64; rv:72.0) Gecko/20100101 Firefox/72.0"
137.184.144.15 - - [25/Mar/2023:00:54:55 +0000] "POST /wp-cron.php?doing_wp_cron=1679705695.3187611103057861328125 HTTP/1.0" 200 345 "https://bigbrotherjunkies.com/wp-cron.php?doing_wp_cron=1679705695.3187611103057861328125" "WordPress/6.1.1; https://bigbrotherjunkies.com"
17.241.75.181 - - [25/Mar/2023:00:54:54 +0000] "GET /tag/big-brother-19-spoilers/ HTTP/1.1" 200 10819 "-" "Mozilla/5.0 (Macintosh; Intel Mac OS X 10_15_5) AppleWebKit/605.1.15 (KHTML, like Gecko) Version/13.1.1 Safari/605.1.15 (Applebot/0.1; +http://www.apple.com/go/applebot)"
66.249.66.14 - - [25/Mar/2023:00:55:05 +0000] "GET /big-brother-16-zach-blows-bomb-squad/ HTTP/1.1" 200 28455 "-" "Mozilla/5.0 (compatible; Googlebot/2.1; +http://www.google.com/bot.html)"
66.249.66.14 - - [25/Mar/2023:00:55:14 +0000] "POST /wp-admin/admin-ajax.php HTTP/1.0" 200 6861 "https://bigbrotherjunkies.com/big-brother-16-zach-blows-bomb-squad/" "Mozilla/5.0 AppleWebKit/537.36 (KHTML, like Gecko; compatible; Googlebot/2.1; +http://www.google.com/bot.html) Chrome/111.0.5563.64 Safari/537.36"
216.244.66.250 - - [25/Mar/2023:00:55:27 +0000] "GET /wp-content/uploads/2020/09/20200904_073410.jpg HTTP/1.1" 200 332158 "-" "Mozilla/5.0 (compatible; DotBot/1.2; +https://opensiteexplorer.org/dotbot; help@moz.com)"
137.184.144.15 - - [25/Mar/2023:00:55:42 +0000] "POST /wp-cron.php?doing_wp_cron=1679705742.5048699378967285156250 HTTP/1.0" 200 345 "https://bigbrotherjunkies.com/wp-cron.php?doing_wp_cron=1679705742.5048699378967285156250" "WordPress/6.1.1; https://bigbrotherjunkies.com"
66.249.66.86 - - [25/Mar/2023:00:55:42 +0000] "POST /wp-admin/admin-ajax.php HTTP/1.0" 200 752 "https://bigbrotherjunkies.com/big-brother-18-cast-member-natalie-negrotti/" "Mozilla/5.0 AppleWebKit/537.36 (KHTML, like Gecko; compatible; Googlebot/2.1; +http://www.google.com/bot.html) Safari/537.36"
66.249.66.38 - - [25/Mar/2023:00:55:47 +0000] "POST /wp-admin/admin-ajax.php HTTP/1.0" 200 3279 "https://bigbrotherjunkies.com/big-brother-15-submit-application/" "Mozilla/5.0 AppleWebKit/537.36 (KHTML, like Gecko; compatible; Googlebot/2.1; +http://www.google.com/bot.html) Safari/537.36"
66.249.66.66 - - [25/Mar/2023:00:55:48 +0000] "GET /big-brother-15-afternoon-fish-bowl/ HTTP/1.1" 301 351 "-" "Mozilla/5.0 (compatible; Googlebot/2.1; +http://www.google.com/bot.html)"
66.249.66.38 - - [25/Mar/2023:00:55:49 +0000] "GET /big-brother-15-afternoon-fish-bowl/ HTTP/1.1" 200 27699 "-" "Mozilla/5.0 (compatible; Googlebot/2.1; +http://www.google.com/bot.html)"
66.249.66.38 - - [25/Mar/2023:00:55:51 +0000] "POST /wp-admin/admin-ajax.php HTTP/1.0" 200 1786 "https://bigbrotherjunkies.com/big-brother-13-corrects-premiere-date/" "Mozilla/5.0 AppleWebKit/537.36 (KHTML, like Gecko; compatible; Googlebot/2.1; +http://www.google.com/bot.html) Safari/537.36"
137.184.144.15 - - [25/Mar/2023:00:55:58 +0000] "POST /wp-cron.php?doing_wp_cron=1679705758.4735419750213623046875 HTTP/1.0" 200 345 "https://bigbrotherjunkies.com/wp-cron.php?doing_wp_cron=1679705758.4735419750213623046875" "WordPress/6.1.1; https://bigbrotherjunkies.com"
66.249.66.13 - - [25/Mar/2023:00:55:58 +0000] "POST /wp-admin/admin-ajax.php HTTP/1.0" 200 752 "https://bigbrotherjunkies.com/big-brother-16-cast-member-cody-calafiore/" "Mozilla/5.0 AppleWebKit/537.36 (KHTML, like Gecko; compatible; Googlebot/2.1; +http://www.google.com/bot.html) Safari/537.36"
66.249.66.15 - - [25/Mar/2023:00:55:58 +0000] "GET /mark-mcgrath-celebrity-big-brother-cast/ HTTP/1.1" 301 356 "-" "Mozilla/5.0 (compatible; Googlebot/2.1; +http://www.google.com/bot.html)"
66.249.66.38 - - [25/Mar/2023:00:55:59 +0000] "GET /mark-mcgrath-celebrity-big-brother-cast/ HTTP/1.1" 200 26933 "-" "Mozilla/5.0 (compatible; Googlebot/2.1; +http://www.google.com/bot.html)"
66.249.66.2 - - [25/Mar/2023:00:56:05 +0000] "GET /big-brother-15-veto-mvp/ HTTP/1.1" 301 340 "-" "Mozilla/5.0 (compatible; Googlebot/2.1; +http://www.google.com/bot.html)"
66.249.66.39 - - [25/Mar/2023:00:56:05 +0000] "GET /big-brother-15-veto-mvp/ HTTP/1.1" 200 27133 "-" "Mozilla/5.0 (compatible; Googlebot/2.1; +http://www.google.com/bot.html)"
66.249.66.39 - - [25/Mar/2023:00:56:07 +0000] "POST /wp-admin/admin-ajax.php HTTP/1.0" 200 4605 "https://bigbrotherjunkies.com/big-brother-15-afternoon-fish-bowl/" "Mozilla/5.0 AppleWebKit/537.36 (KHTML, like Gecko; compatible; Googlebot/2.1; +http://www.google.com/bot.html) Safari/537.36"
66.249.66.15 - - [25/Mar/2023:00:56:09 +0000] "POST /wp-admin/admin-ajax.php HTTP/1.0" 200 3614 "https://bigbrotherjunkies.com/big-brother-15-veto-mvp/" "Mozilla/5.0 AppleWebKit/537.36 (KHTML, like Gecko; compatible; Googlebot/2.1; +http://www.google.com/bot.html) Safari/537.36"
51.222.253.14 - - [25/Mar/2023:00:56:13 +0000] "GET /big-brother-23-cast-member-xavier-prather/ HTTP/1.1" 200 28548 "-" "Mozilla/5.0 (compatible; AhrefsBot/7.0; +http://ahrefs.com/robot/)"
137.184.144.15 - - [25/Mar/2023:00:56:21 +0000] "POST /wp-cron.php?doing_wp_cron=1679705780.9736940860748291015625 HTTP/1.0" 200 345 "https://bigbrotherjunkies.com/wp-cron.php?doing_wp_cron=1679705780.9736940860748291015625" "WordPress/6.1.1; https://bigbrotherjunkies.com"
66.249.66.38 - - [25/Mar/2023:00:56:20 +0000] "POST /wp-admin/admin-ajax.php HTTP/1.0" 200 752 "https://bigbrotherjunkies.com/mark-mcgrath-celebrity-big-brother-cast/" "Mozilla/5.0 AppleWebKit/537.36 (KHTML, like Gecko; compatible; Googlebot/2.1; +http://www.google.com/bot.html) Safari/537.36"
66.249.66.67 - - [25/Mar/2023:00:56:21 +0000] "GET /feed/ HTTP/1.0" 301 340 "-" "Mozilla/5.0 (compatible; Googlebot/2.1; +http://www.google.com/bot.html)"
66.249.66.87 - - [25/Mar/2023:00:56:22 +0000] "GET /feed/ HTTP/1.0" 304 291 "-" "Mozilla/5.0 (compatible; Googlebot/2.1; +http://www.google.com/bot.html)"
152.228.220.143 - - [25/Mar/2023:00:56:22 +0000] "GET /big-brother-15-live-finale-thread/feed/ HTTP/1.0" 301 374 "-" "Mozilla/5.0 (X11; Linux i686) AppleWebKit/537.36 (KHTML, like Gecko) Chrome/30.0.1599.66 Safari/537.36"
152.228.220.143 - - [25/Mar/2023:00:56:23 +0000] "GET /big-brother-15-live-finale-thread/feed/ HTTP/1.0" 200 12132 "-" "Mozilla/5.0 (X11; Linux i686) AppleWebKit/537.36 (KHTML, like Gecko) Chrome/30.0.1599.66 Safari/537.36"
66.249.66.86 - - [25/Mar/2023:00:56:30 +0000] "GET /feed/ HTTP/1.0" 304 291 "-" "Mozilla/5.0 (compatible; Googlebot/2.1; +http://www.google.com/bot.html)"
66.249.66.44 - - [25/Mar/2023:00:56:44 +0000] "GET /live-chat-hayden-moss-big-brother-16-feeds-today/ HTTP/1.1" 301 365 "-" "Mozilla/5.0 (compatible; Googlebot/2.1; +http://www.google.com/bot.html)"
136.243.220.213 - - [25/Mar/2023:00:56:44 +0000] "GET /comments/feed/ HTTP/1.0" 200 11345 "-" "Mozilla/5.0 (compatible; DataForSeoBot/1.0; +https://dataforseo.com/dataforseo-bot)"
66.249.66.86 - - [25/Mar/2023:00:56:45 +0000] "GET /live-chat-hayden-moss-big-brother-16-feeds-today/ HTTP/1.1" 200 26772 "-" "Mozilla/5.0 (compatible; Googlebot/2.1; +http://www.google.com/bot.html)"
70.39.246.37 - - [25/Mar/2023:00:56:46 +0000] "GET /feed/ HTTP/1.0" 301 340 "-" "Mozilla/5.0 Moreover/5.1 (+http://www.moreover.com)"
70.39.246.37 - - [25/Mar/2023:00:56:46 +0000] "GET /feed/ HTTP/1.0" 200 10209 "-" "Mozilla/5.0 Moreover/5.1 (+http://www.moreover.com)"
137.184.144.15 - - [25/Mar/2023:00:57:06 +0000] "POST /wp-cron.php?doing_wp_cron=1679705825.8925991058349609375000 HTTP/1.0" 200 345 "https://bigbrotherjunkies.com/wp-cron.php?doing_wp_cron=1679705825.8925991058349609375000" "WordPress/6.1.1; https://bigbrotherjunkies.com"
66.249.66.15 - - [25/Mar/2023:00:57:05 +0000] "POST /wp-admin/admin-ajax.php HTTP/1.0" 200 2082 "https://bigbrotherjunkies.com/live-chat-hayden-moss-big-brother-16-feeds-today/" "Mozilla/5.0 AppleWebKit/537.36 (KHTML, like Gecko; compatible; Googlebot/2.1; +http://www.google.com/bot.html) Safari/537.36"
66.249.66.67 - - [25/Mar/2023:00:57:11 +0000] "GET /big-brother-21-friday-night-feeds-plus-noms/ HTTP/1.1" 301 360 "-" "Mozilla/5.0 (compatible; Googlebot/2.1; +http://www.google.com/bot.html)"
66.249.66.13 - - [25/Mar/2023:00:57:11 +0000] "GET /big-brother-21-friday-night-feeds-plus-noms/ HTTP/1.1" 200 27806 "-" "Mozilla/5.0 (compatible; Googlebot/2.1; +http://www.google.com/bot.html)"
66.249.66.13 - - [25/Mar/2023:00:57:30 +0000] "POST /wp-admin/admin-ajax.php HTTP/1.0" 200 6141 "https://bigbrotherjunkies.com/big-brother-21-friday-night-feeds-plus-noms/" "Mozilla/5.0 AppleWebKit/537.36 (KHTML, like Gecko; compatible; Googlebot/2.1; +http://www.google.com/bot.html) Safari/537.36"
66.249.66.38 - - [25/Mar/2023:00:57:30 +0000] "POST /wp-admin/admin-ajax.php HTTP/1.0" 200 7828 "https://bigbrotherjunkies.com/big-brother-14-drunk-ian-tonights-cbs-episode/" "Mozilla/5.0 AppleWebKit/537.36 (KHTML, like Gecko; compatible; Googlebot/2.1; +http://www.google.com/bot.html) Safari/537.36"
34.91.102.94 - - [25/Mar/2023:00:57:38 +0000] "GET /wp-content/uploads/2013/07/bb15-bear-shirt-judd.png HTTP/1.1" 200 341291 "-" "Mozilla/5.0 (X11; Ubuntu; Linux x86_64; rv:72.0) Gecko/20100101 Firefox/72.0"
137.184.144.15 - - [25/Mar/2023:00:57:40 +0000] "POST /wp-cron.php?doing_wp_cron=1679705860.6260449886322021484375 HTTP/1.0" 200 345 "https://bigbrotherjunkies.com/wp-cron.php?doing_wp_cron=1679705860.6260449886322021484375" "WordPress/6.1.1; https://bigbrotherjunkies.com"
216.244.66.250 - - [25/Mar/2023:00:57:40 +0000] "GET /search/%EC%9D%B5%EC%82%B0%EC%B6%9C%EC%9E%A5%EC%83%B5%EC%BD%9C%EA%B1%B8%E3%80%90%EC%B9%B4%ED%86%A1-+Po+3+4%E3%80%91%E3%80%8APoo3+4.c%EF%BC%90M%E3%80%8B%EC%B6%9C%EC%9E%A5%EC%B5%9C%EA%B3%A0%EC%8B%9C%EC%B6%9C%EC%9E%A5%EC%99%B8%EA%B5%AD%EC%9D%B8Y%E2%97%A2%E2%9A%982019-03-07-01-48%EC%9D%B5%EC%82%B0%E2%9C%94AIJ%5D%EF%BB%BF%EC%B6%9C%EC%9E%A5%EC%97%85%EC%86%8C%ED%9D%A5%EC%B6%9C%EC%9E%A5%EC%95%88%EB%A7%88%EF%BB%BF%EC%B6%9C%EC%9E%A5%EC%97%85%EC%86%8C%E2%98%9F%EC%BD%9C%EA%B1%B8%E2%95%252/f HTTP/1.1" 200 10856 "-" "Mozilla/5.0 (compatible; DotBot/1.2; +https://opensiteexplorer.org/dotbot; help@moz.com)"
66.249.66.38 - - [25/Mar/2023:00:57:43 +0000] "POST /wp-admin/admin-ajax.php HTTP/1.0" 200 752 "https://bigbrotherjunkies.com/big-brother-14-kara-monaco/" "Mozilla/5.0 AppleWebKit/537.36 (KHTML, like Gecko; compatible; Googlebot/2.1; +http://www.google.com/bot.html) Safari/537.36"
216.244.66.250 - - [25/Mar/2023:00:57:44 +0000] "GET /search/%EF%BC%88%ED%8C%8C%EC%A3%BC%EC%BD%9C%EA%B1%B8%EF%BC%89%E2%9C%90%EC%98%88%EC%95%BD%E2%87%81%EB%B6%80%EC%82%B0+%EC%B6%9C%EC%9E%A5%E3%83%95%E3%80%88%EC%B9%B4%ED%86%A1wyk92%E3%80%89%5D%EF%B9%9D%D0%BCss798.%D1%81%D0%BE%D0%BC%EF%B9%9E%5B%5D%ED%8C%8C%EC%A3%BC%EC%B6%9C%EC%9E%A5%EC%B5%9C%EA%B3%A0%EC%8B%9C%5B%5D%5B%5D%ED%8C%8C%EC%A3%BCkAY%ED%8C%8C%EC%A3%BCE%EC%97%AC%EA%B4%80+%EB%85%80%EC%BD%9C%EA%B1%B8%EC%B6%94%EC%B2%9C%ED%8C%8C%EC%A3%BC%5B%5D5%ED%8C%8C%EC%A3%BCR%5B%5D%E2%95%252/f HTTP/1.1" 200 10860 "-" "Mozilla/5.0 (compatible; DotBot/1.2; +https://opensiteexplorer.org/dotbot; help@moz.com)"
66.249.66.15 - - [25/Mar/2023:00:57:46 +0000] "GET /big-brother-21-first-night-feed-updates/ HTTP/1.1" 301 356 "-" "Mozilla/5.0 (compatible; Googlebot/2.1; +http://www.google.com/bot.html)"
66.249.66.86 - - [25/Mar/2023:00:57:46 +0000] "GET /big-brother-14-ashley-ian-date-photos/comment-page-1/ HTTP/1.1" 301 354 "-" "Mozilla/5.0 (Linux; Android 6.0.1; Nexus 5X Build/MMB29P) AppleWebKit/537.36 (KHTML, like Gecko) Chrome/111.0.5563.64 Mobile Safari/537.36 (compatible; Googlebot/2.1; +http://www.google.com/bot.html)"
66.249.66.13 - - [25/Mar/2023:00:57:47 +0000] "GET /big-brother-14-ashley-ian-date-photos/ HTTP/1.1" 200 28228 "-" "Mozilla/5.0 (Linux; Android 6.0.1; Nexus 5X Build/MMB29P) AppleWebKit/537.36 (KHTML, like Gecko) Chrome/111.0.5563.64 Mobile Safari/537.36 (compatible; Googlebot/2.1; +http://www.google.com/bot.html)"
66.249.66.38 - - [25/Mar/2023:00:57:47 +0000] "GET /big-brother-21-first-night-feed-updates/ HTTP/1.1" 200 29510 "-" "Mozilla/5.0 (compatible; Googlebot/2.1; +http://www.google.com/bot.html)"
66.249.66.66 - - [25/Mar/2023:00:57:56 +0000] "GET /big-brother-13-cast-selected/ HTTP/1.1" 301 345 "-" "Mozilla/5.0 (compatible; Googlebot/2.1; +http://www.google.com/bot.html)"
137.184.144.15 - - [25/Mar/2023:00:57:57 +0000] "POST /wp-cron.php?doing_wp_cron=1679705877.5141019821166992187500 HTTP/1.0" 200 345 "https://bigbrotherjunkies.com/wp-cron.php?doing_wp_cron=1679705877.5141019821166992187500" "WordPress/6.1.1; https://bigbrotherjunkies.com"
66.249.66.13 - - [25/Mar/2023:00:57:57 +0000] "GET /big-brother-13-cast-selected/ HTTP/1.1" 200 26680 "-" "Mozilla/5.0 (compatible; Googlebot/2.1; +http://www.google.com/bot.html)"
66.249.66.14 - - [25/Mar/2023:00:58:04 +0000] "POST /wp-admin/admin-ajax.php HTTP/1.0" 200 9035 "https://bigbrotherjunkies.com/big-brother-21-first-night-feed-updates/" "Mozilla/5.0 AppleWebKit/537.36 (KHTML, like Gecko; compatible; Googlebot/2.1; +http://www.google.com/bot.html) Safari/537.36"
137.184.144.15 - - [25/Mar/2023:00:58:21 +0000] "POST /wp-cron.php?doing_wp_cron=1679705901.2853059768676757812500 HTTP/1.0" 200 345 "https://bigbrotherjunkies.com/wp-cron.php?doing_wp_cron=1679705901.2853059768676757812500" "WordPress/6.1.1; https://bigbrotherjunkies.com"
17.241.75.76 - - [25/Mar/2023:00:58:20 +0000] "GET /breaking-news-hell-is-breaking-out-in-the-big-brother-19-house/ HTTP/1.1" 200 28430 "-" "Mozilla/5.0 (Macintosh; Intel Mac OS X 10_15_5) AppleWebKit/605.1.15 (KHTML, like Gecko) Version/13.1.1 Safari/605.1.15 (Applebot/0.1; +http://www.apple.com/go/applebot)"
66.249.66.38 - - [25/Mar/2023:00:58:23 +0000] "POST /wp-admin/admin-ajax.php HTTP/1.0" 200 2075 "https://bigbrotherjunkies.com/big-brother-13-cast-selected/" "Mozilla/5.0 AppleWebKit/537.36 (KHTML, like Gecko; compatible; Googlebot/2.1; +http://www.google.com/bot.html) Safari/537.36"
66.249.66.44 - - [25/Mar/2023:00:58:25 +0000] "GET /bfgf-big-brother-break/ HTTP/1.1" 301 339 "-" "Mozilla/5.0 (compatible; Googlebot/2.1; +http://www.google.com/bot.html)"
66.249.66.38 - - [25/Mar/2023:00:58:26 +0000] "GET /bfgf-big-brother-break/ HTTP/1.1" 200 26878 "-" "Mozilla/5.0 (compatible; Googlebot/2.1; +http://www.google.com/bot.html)"
66.249.66.86 - - [25/Mar/2023:00:58:28 +0000] "POST /wp-admin/admin-ajax.php HTTP/1.0" 200 6279 "https://bigbrotherjunkies.com/big-brother-15-twas-night-finale/" "Mozilla/5.0 AppleWebKit/537.36 (KHTML, like Gecko; compatible; Googlebot/2.1; +http://www.google.com/bot.html) Safari/537.36"
140.205.11.12 - - [25/Mar/2023:00:58:34 +0000] "GET /wp-content/uploads/2012/07/jodi-rollins.jpg HTTP/1.1" 200 308492 "-" "Mozilla/5.0 (X11; Ubuntu; Linux x86_64; rv:72.0) Gecko/20100101 Firefox/72.0"
66.249.66.15 - - [25/Mar/2023:00:58:41 +0000] "GET /how-to-add-a-custom-avatar/ HTTP/1.1" 301 343 "-" "Mozilla/5.0 (compatible; Googlebot/2.1; +http://www.google.com/bot.html)"
137.184.144.15 - - [25/Mar/2023:00:58:42 +0000] "POST /wp-cron.php?doing_wp_cron=1679705922.7457559108734130859375 HTTP/1.0" 200 345 "https://bigbrotherjunkies.com/wp-cron.php?doing_wp_cron=1679705922.7457559108734130859375" "WordPress/6.1.1; https://bigbrotherjunkies.com"
66.249.66.86 - - [25/Mar/2023:00:58:42 +0000] "GET /how-to-add-a-custom-avatar/ HTTP/1.1" 200 26753 "-" "Mozilla/5.0 (compatible; Googlebot/2.1; +http://www.google.com/bot.html)"
66.249.66.86 - - [25/Mar/2023:00:58:45 +0000] "POST /wp-admin/admin-ajax.php HTTP/1.0" 200 4257 "https://bigbrotherjunkies.com/bfgf-big-brother-break/" "Mozilla/5.0 AppleWebKit/537.36 (KHTML, like Gecko; compatible; Googlebot/2.1; +http://www.google.com/bot.html) Safari/537.36"
137.184.144.15 - - [25/Mar/2023:00:58:54 +0000] "POST /wp-cron.php?doing_wp_cron=1679705934.2347719669342041015625 HTTP/1.0" 200 345 "https://bigbrotherjunkies.com/wp-cron.php?doing_wp_cron=1679705934.2347719669342041015625" "WordPress/6.1.1; https://bigbrotherjunkies.com"
66.249.66.86 - - [25/Mar/2023:00:58:53 +0000] "POST /wp-admin/admin-ajax.php HTTP/1.0" 200 3502 "https://bigbrotherjunkies.com/how-to-add-a-custom-avatar/" "Mozilla/5.0 AppleWebKit/537.36 (KHTML, like Gecko; compatible; Googlebot/2.1; +http://www.google.com/bot.html) Safari/537.36"
66.249.66.15 - - [25/Mar/2023:00:58:54 +0000] "GET /breaking-news-left-house-real-spoilers/ HTTP/1.1" 301 355 "-" "Mozilla/5.0 (compatible; Googlebot/2.1; +http://www.google.com/bot.html)"
66.249.66.13 - - [25/Mar/2023:00:58:55 +0000] "GET /breaking-news-left-house-real-spoilers/ HTTP/1.1" 200 26781 "-" "Mozilla/5.0 (compatible; Googlebot/2.1; +http://www.google.com/bot.html)"
66.249.66.68 - - [25/Mar/2023:00:59:02 +0000] "GET /big-brother-14-heard-bb-danielle-nurse/feed/ HTTP/1.0" 301 379 "-" "Mozilla/5.0 (Linux; Android 6.0.1; Nexus 5X Build/MMB29P) AppleWebKit/537.36 (KHTML, like Gecko) Chrome/111.0.5563.64 Mobile Safari/537.36 (compatible; Googlebot/2.1; +http://www.google.com/bot.html)"
137.184.144.15 - - [25/Mar/2023:00:59:03 +0000] "POST /wp-cron.php?doing_wp_cron=1679705943.3557159900665283203125 HTTP/1.0" 200 345 "https://bigbrotherjunkies.com/wp-cron.php?doing_wp_cron=1679705943.3557159900665283203125" "WordPress/6.1.1; https://bigbrotherjunkies.com"
66.249.66.40 - - [25/Mar/2023:00:59:03 +0000] "GET /big-brother-14-heard-bb-danielle-nurse/feed/ HTTP/1.0" 200 13619 "-" "Mozilla/5.0 (Linux; Android 6.0.1; Nexus 5X Build/MMB29P) AppleWebKit/537.36 (KHTML, like Gecko) Chrome/111.0.5563.64 Mobile Safari/537.36 (compatible; Googlebot/2.1; +http://www.google.com/bot.html)"
66.249.66.39 - - [25/Mar/2023:00:59:03 +0000] "POST /wp-admin/admin-ajax.php HTTP/1.0" 200 752 "https://bigbrotherjunkies.com/breaking-news-left-house-real-spoilers/" "Mozilla/5.0 AppleWebKit/537.36 (KHTML, like Gecko; compatible; Googlebot/2.1; +http://www.google.com/bot.html) Safari/537.36"
2a03:2880:25ff:77::face:b00c - - [25/Mar/2023:00:59:17 +0000] "GET /wp-content/uploads/2020/07/big-brother-allstar-logo.jpg HTTP/1.1" 200 39946 "-" "facebookexternalhit/1.1 (+http://www.facebook.com/externalhit_uatext.php)"
66.249.66.15 - - [25/Mar/2023:00:59:23 +0000] "GET /final-head-household-set/ HTTP/1.1" 301 341 "-" "Mozilla/5.0 (compatible; Googlebot/2.1; +http://www.google.com/bot.html)"
137.184.144.15 - - [25/Mar/2023:00:59:23 +0000] "POST /wp-cron.php?doing_wp_cron=1679705963.9034938812255859375000 HTTP/1.0" 200 345 "https://bigbrotherjunkies.com/wp-cron.php?doing_wp_cron=1679705963.9034938812255859375000" "WordPress/6.1.1; https://bigbrotherjunkies.com"
66.249.66.38 - - [25/Mar/2023:00:59:23 +0000] "GET /final-head-household-set/ HTTP/1.1" 200 26516 "-" "Mozilla/5.0 (compatible; Googlebot/2.1; +http://www.google.com/bot.html)"
66.249.66.13 - - [25/Mar/2023:00:59:35 +0000] "POST /wp-admin/admin-ajax.php HTTP/1.0" 200 5647 "https://bigbrotherjunkies.com/final-head-household-set/" "Mozilla/5.0 AppleWebKit/537.36 (KHTML, like Gecko; compatible; Googlebot/2.1; +http://www.google.com/bot.html) Safari/537.36"
66.249.66.86 - - [25/Mar/2023:00:59:36 +0000] "POST /wp-admin/admin-ajax.php HTTP/1.0" 200 5428 "https://bigbrotherjunkies.com/big-brother-21-tuesday-recap/" "Mozilla/5.0 AppleWebKit/537.36 (KHTML, like Gecko; compatible; Googlebot/2.1; +http://www.google.com/bot.html) Safari/537.36"
66.249.66.15 - - [25/Mar/2023:00:59:41 +0000] "GET /marissa-jaret-winokur-celebrity-big-brother-cast/ HTTP/1.1" 301 365 "-" "Mozilla/5.0 (compatible; Googlebot/2.1; +http://www.google.com/bot.html)"
66.249.66.86 - - [25/Mar/2023:00:59:42 +0000] "GET /marissa-jaret-winokur-celebrity-big-brother-cast/ HTTP/1.1" 200 26774 "-" "Mozilla/5.0 (compatible; Googlebot/2.1; +http://www.google.com/bot.html)"
137.184.144.15 - - [25/Mar/2023:01:00:05 +0000] "POST /wp-cron.php?doing_wp_cron=1679706005.4608309268951416015625 HTTP/1.0" 200 345 "https://bigbrotherjunkies.com/wp-cron.php?doing_wp_cron=1679706005.4608309268951416015625" "WordPress/6.1.1; https://bigbrotherjunkies.com"
66.249.66.87 - - [25/Mar/2023:01:00:05 +0000] "GET /?cat=-1page%2F68%2Fpage%2F337%2Fpage%2F337%2Fpage%2F3%2Fpage%2F2%2Fpage%2F337%2Fpage%2F2%2Fpage%2F3%2Fpage%2F2%2Fpage/337/ HTTP/1.1" 200 16590 "-" "Mozilla/5.0 (Linux; Android 6.0.1; Nexus 5X Build/MMB29P) AppleWebKit/537.36 (KHTML, like Gecko) Chrome/111.0.5563.64 Mobile Safari/537.36 (compatible; Googlebot/2.1; +http://www.google.com/bot.html)"
66.249.66.32 - - [25/Mar/2023:01:00:06 +0000] "GET /check-celebrity-big-brother-house/ HTTP/1.1" 301 350 "-" "Mozilla/5.0 (compatible; Googlebot/2.1; +http://www.google.com/bot.html)"
66.249.66.13 - - [25/Mar/2023:01:00:06 +0000] "GET /check-celebrity-big-brother-house/ HTTP/1.1" 200 28422 "-" "Mozilla/5.0 (compatible; Googlebot/2.1; +http://www.google.com/bot.html)"
66.249.66.86 - - [25/Mar/2023:01:00:07 +0000] "POST /wp-admin/admin-ajax.php HTTP/1.0" 200 2231 "https://bigbrotherjunkies.com/marissa-jaret-winokur-celebrity-big-brother-cast/" "Mozilla/5.0 AppleWebKit/537.36 (KHTML, like Gecko; compatible; Googlebot/2.1; +http://www.google.com/bot.html) Safari/537.36"
66.249.66.11 - - [25/Mar/2023:01:00:20 +0000] "GET /big-brother-15-candice-turning-pressure/ HTTP/1.1" 301 356 "-" "Mozilla/5.0 (compatible; Googlebot/2.1; +http://www.google.com/bot.html)"
137.184.144.15 - - [25/Mar/2023:01:00:21 +0000] "POST /wp-cron.php?doing_wp_cron=1679706021.6708109378814697265625 HTTP/1.0" 200 345 "https://bigbrotherjunkies.com/wp-cron.php?doing_wp_cron=1679706021.6708109378814697265625" "WordPress/6.1.1; https://bigbrotherjunkies.com"
66.249.66.87 - - [25/Mar/2023:01:00:21 +0000] "GET /big-brother-15-candice-turning-pressure/ HTTP/1.1" 200 27557 "-" "Mozilla/5.0 (compatible; Googlebot/2.1; +http://www.google.com/bot.html)"
66.249.66.86 - - [25/Mar/2023:01:00:27 +0000] "POST /wp-admin/admin-ajax.php HTTP/1.0" 200 2032 "https://bigbrotherjunkies.com/check-celebrity-big-brother-house/" "Mozilla/5.0 AppleWebKit/537.36 (KHTML, like Gecko; compatible; Googlebot/2.1; +http://www.google.com/bot.html) Safari/537.36"
137.184.144.15 - - [25/Mar/2023:01:00:47 +0000] "POST /wp-cron.php?doing_wp_cron=1679706047.3373339176177978515625 HTTP/1.0" 200 345 "https://bigbrotherjunkies.com/wp-cron.php?doing_wp_cron=1679706047.3373339176177978515625" "WordPress/6.1.1; https://bigbrotherjunkies.com"
66.249.66.38 - - [25/Mar/2023:01:00:46 +0000] "POST /wp-admin/admin-ajax.php HTTP/1.0" 200 6171 "https://bigbrotherjunkies.com/big-brother-15-candice-turning-pressure/" "Mozilla/5.0 AppleWebKit/537.36 (KHTML, like Gecko; compatible; Googlebot/2.1; +http://www.google.com/bot.html) Safari/537.36"
66.249.66.69 - - [25/Mar/2023:01:00:49 +0000] "GET /big-brother-20-house-reveal/ HTTP/1.1" 301 344 "-" "Mozilla/5.0 (compatible; Googlebot/2.1; +http://www.google.com/bot.html)"
66.249.66.38 - - [25/Mar/2023:01:00:50 +0000] "GET /big-brother-20-house-reveal/ HTTP/1.1" 200 29124 "-" "Mozilla/5.0 (compatible; Googlebot/2.1; +http://www.google.com/bot.html)"
66.249.66.71 - - [25/Mar/2023:01:01:03 +0000] "GET /final-hoh-competition-live-thread/ HTTP/1.1" 301 350 "-" "Mozilla/5.0 (compatible; Googlebot/2.1; +http://www.google.com/bot.html)"
137.184.144.15 - - [25/Mar/2023:01:01:04 +0000] "POST /wp-cron.php?doing_wp_cron=1679706064.8561699390411376953125 HTTP/1.0" 200 345 "https://bigbrotherjunkies.com/wp-cron.php?doing_wp_cron=1679706064.8561699390411376953125" "WordPress/6.1.1; https://bigbrotherjunkies.com"
66.249.66.39 - - [25/Mar/2023:01:01:04 +0000] "GET /final-hoh-competition-live-thread/ HTTP/1.1" 200 27642 "-" "Mozilla/5.0 (compatible; Googlebot/2.1; +http://www.google.com/bot.html)"
66.249.66.13 - - [25/Mar/2023:01:01:09 +0000] "POST /wp-admin/admin-ajax.php HTTP/1.0" 200 6171 "https://bigbrotherjunkies.com/big-brother-15-candice-turning-pressure/" "Mozilla/5.0 AppleWebKit/537.36 (KHTML, like Gecko; compatible; Googlebot/2.1; +http://www.google.com/bot.html) Safari/537.36"
137.184.144.15 - - [25/Mar/2023:01:01:21 +0000] "POST /wp-cron.php?doing_wp_cron=1679706081.0222430229187011718750 HTTP/1.0" 200 345 "https://bigbrotherjunkies.com/wp-cron.php?doing_wp_cron=1679706081.0222430229187011718750" "WordPress/6.1.1; https://bigbrotherjunkies.com"
66.249.66.86 - - [25/Mar/2023:01:01:20 +0000] "POST /wp-admin/admin-ajax.php HTTP/1.0" 200 4885 "https://bigbrotherjunkies.com/final-hoh-competition-live-thread/" "Mozilla/5.0 AppleWebKit/537.36 (KHTML, like Gecko; compatible; Googlebot/2.1; +http://www.google.com/bot.html) Safari/537.36"
66.249.66.86 - - [25/Mar/2023:01:01:23 +0000] "POST /wp-admin/admin-ajax.php HTTP/1.0" 200 4440 "https://bigbrotherjunkies.com/big-brother-20-house-reveal/" "Mozilla/5.0 AppleWebKit/537.36 (KHTML, like Gecko; compatible; Googlebot/2.1; +http://www.google.com/bot.html) Safari/537.36"
66.249.66.37 - - [25/Mar/2023:01:01:32 +0000] "GET /comments/feed/ HTTP/1.0" 301 349 "-" "Mozilla/5.0 (compatible; Googlebot/2.1; +http://www.google.com/bot.html)"
66.249.66.86 - - [25/Mar/2023:01:01:33 +0000] "GET /comments/feed/ HTTP/1.0" 304 291 "-" "Mozilla/5.0 (compatible; Googlebot/2.1; +http://www.google.com/bot.html)"
64.233.172.87 - - [25/Mar/2023:01:01:52 +0000] "HEAD /feed/ HTTP/1.0" 301 321 "-" "FeedBurner/1.0 (http://www.FeedBurner.com)"
137.184.144.15 - - [25/Mar/2023:01:01:53 +0000] "POST /wp-cron.php?doing_wp_cron=1679706113.3748550415039062500000 HTTP/1.0" 200 345 "https://bigbrotherjunkies.com/wp-cron.php?doing_wp_cron=1679706113.3748550415039062500000" "WordPress/6.1.1; https://bigbrotherjunkies.com"
64.233.172.182 - - [25/Mar/2023:01:01:53 +0000] "HEAD /feed/ HTTP/1.0" 200 405 "-" "FeedBurner/1.0 (http://www.FeedBurner.com)"
66.249.66.12 - - [25/Mar/2023:01:02:05 +0000] "GET /porsche-chance-blow/ HTTP/1.1" 301 336 "-" "Mozilla/5.0 (compatible; Googlebot/2.1; +http://www.google.com/bot.html)"
66.249.66.40 - - [25/Mar/2023:01:02:06 +0000] "GET /porsche-chance-blow/ HTTP/1.1" 200 26783 "-" "Mozilla/5.0 (compatible; Googlebot/2.1; +http://www.google.com/bot.html)"
66.249.66.88 - - [25/Mar/2023:01:02:08 +0000] "POST /wp-admin/admin-ajax.php HTTP/1.0" 200 6885 "https://bigbrotherjunkies.com/big-brother-20-kaitlyns-boyfriend-calls-it-quits/" "Mozilla/5.0 AppleWebKit/537.36 (KHTML, like Gecko; compatible; Googlebot/2.1; +http://www.google.com/bot.html) Safari/537.36"
137.184.144.15 - - [25/Mar/2023:01:02:30 +0000] "POST /wp-cron.php?doing_wp_cron=1679706150.3997149467468261718750 HTTP/1.0" 200 345 "https://bigbrotherjunkies.com/wp-cron.php?doing_wp_cron=1679706150.3997149467468261718750" "WordPress/6.1.1; https://bigbrotherjunkies.com"
66.249.66.86 - - [25/Mar/2023:01:02:29 +0000] "POST /wp-admin/admin-ajax.php HTTP/1.0" 200 4882 "https://bigbrotherjunkies.com/porsche-chance-blow/" "Mozilla/5.0 AppleWebKit/537.36 (KHTML, like Gecko; compatible; Googlebot/2.1; +http://www.google.com/bot.html) Safari/537.36"
66.249.66.11 - - [25/Mar/2023:01:02:30 +0000] "GET /big-brother-16-feeds-live/ HTTP/1.1" 301 342 "-" "Mozilla/5.0 (compatible; Googlebot/2.1; +http://www.google.com/bot.html)"
66.249.66.38 - - [25/Mar/2023:01:02:31 +0000] "GET /big-brother-16-feeds-live/ HTTP/1.1" 200 27620 "-" "Mozilla/5.0 (compatible; Googlebot/2.1; +http://www.google.com/bot.html)"
66.249.66.38 - - [25/Mar/2023:01:02:31 +0000] "POST /wp-admin/admin-ajax.php HTTP/1.0" 200 4327 "https://bigbrotherjunkies.com/big-brother-14-veto-competition-results/" "Mozilla/5.0 AppleWebKit/537.36 (KHTML, like Gecko; compatible; Googlebot/2.1; +http://www.google.com/bot.html) Safari/537.36"
137.184.144.15 - - [25/Mar/2023:01:02:58 +0000] "POST /wp-cron.php?doing_wp_cron=1679706178.2350349426269531250000 HTTP/1.0" 200 345 "https://bigbrotherjunkies.com/wp-cron.php?doing_wp_cron=1679706178.2350349426269531250000" "WordPress/6.1.1; https://bigbrotherjunkies.com"
66.249.66.38 - - [25/Mar/2023:01:02:57 +0000] "POST /wp-admin/admin-ajax.php HTTP/1.0" 200 2602 "https://bigbrotherjunkies.com/big-brother-16-feeds-live/" "Mozilla/5.0 AppleWebKit/537.36 (KHTML, like Gecko; compatible; Googlebot/2.1; +http://www.google.com/bot.html) Safari/537.36"
66.249.66.13 - - [25/Mar/2023:01:03:07 +0000] "POST /wp-admin/admin-ajax.php HTTP/1.0" 200 4534 "https://bigbrotherjunkies.com/big-brother-15-jeremy-wipes-butt-elissas-hat/" "Mozilla/5.0 AppleWebKit/537.36 (KHTML, like Gecko; compatible; Googlebot/2.1; +http://www.google.com/bot.html) Safari/537.36"
83.142.54.180 - - [25/Mar/2023:01:03:10 +0000] "GET /feed/ HTTP/1.0" 200 10207 "-" "Mozilla/5.0 (Linux; Android 5.1.1; SM-J320F Build/LMY47V) AppleWebKit/537.36 (KHTML, like Gecko) Chrome/67.0.3396.81 Mobile Safari/537.36"
66.249.66.38 - - [25/Mar/2023:01:03:21 +0000] "GET /big-brother-16-nicole-flirt-votes/ HTTP/1.1" 301 350 "-" "Mozilla/5.0 (compatible; Googlebot/2.1; +http://www.google.com/bot.html)"
